; AM32 G071 reference ISR: TIM16 -- commutation (A1)
; ELF D7256586.a1-adv18-cap725.elf  sha256 d72565863063a5c81c8f64e03b81e6fd2a0fda875df908c5579c5bc34b858288
; objdump -d -S -l, call tree walked to depth 6
;
; call tree (function: instructions, size bytes -> callees)
;   TIM16: 474 insns, 1020 B -> _ZN10firmware505roots13comp_exti_arm17hd3eb08a40ffd3698E
;     _ZN10firmware505roots13comp_exti_arm17hd3eb08a40ffd3698E: 84 insns, 192 B
;

; ===================== TIM16 =====================
<TIM16>:
TIM16():
E:\m\robot\esc\rm32-sagcheck\binz\firmware50/bin/shell-pwm.rs:115
use stm32g0xx_hal::stm32;
use stm32g0xx_hal::stm32::interrupt;

/// TIM16 one-shot commutation: `firmware50::roots::com_root`, recording
/// nothing (`NoChain`).
#[interrupt]
 80018ec:	push	{r4, r5, r6, r7, lr}
 80018ee:	add	r7, sp, #12
 80018f0:	sub	sp, #28
 80018f2:	ldr	r2, [pc, #928]	@ (8001c94 <TIM16+0x3a8>)
 80018f4:	movs	r3, #0
_ZN4core3ptr14write_volatile17h8e3052fd7bb2629fE():
C:\Users\kaido\.rustup\toolchains\stable-x86_64-pc-windows-msvc\lib/rustlib/src/rust\library/core/src/ptr/mod.rs:2182
            (
                addr: *mut () = dst as *mut (),
                align: usize = align_of::<T>(),
            ) => ub_checks::maybe_is_aligned(addr, align)
        );
        intrinsics::volatile_store(dst, src);
 80018f6:	str	r3, [r2, #16]
_ZN4core4sync6atomic11atomic_load17h17ab246ece6b300dE():
C:\Users\kaido\.rustup\toolchains\stable-x86_64-pc-windows-msvc\lib/rustlib/src/rust\library/core/src/sync/atomic.rs:3904
#[cfg_attr(miri, track_caller)] // even without panics, this helps for Miri backtraces
unsafe fn atomic_load<T: Copy>(dst: *const T, order: Ordering) -> T {
    // SAFETY: the caller must uphold the safety contract for `atomic_load`.
    unsafe {
        match order {
            Relaxed => intrinsics::atomic_load::<T, { AO::Relaxed }>(dst),
 80018f8:	ldr	r1, [pc, #924]	@ (8001c98 <TIM16+0x3ac>)
 80018fa:	ldrb	r0, [r1, #0]
_ZN10firmware505roots8com_root17he50bbd61549ff9d4E():
E:\m\robot\esc\rm32-sagcheck\binz\firmware50/src/roots.rs:1183
#[inline(always)]
pub unsafe fn com_root<C: ChainLog>() {
    // SAFETY: the caller is the TIM16 handler (this fn's contract).
    let mut at = unsafe { Root::<Motor>::enter() };
    hw::com_timer::ack();
    if !S.com().active.load(Ordering::Relaxed) {
 80018fc:	cmp	r0, #0
 80018fe:	beq.n	8001982 <TIM16+0x96>
 8001900:	ldr	r0, [pc, #920]	@ (8001c9c <TIM16+0x3b0>)
_ZN4core3ptr13read_volatile17h8e268e68817c80b8E():
C:\Users\kaido\.rustup\toolchains\stable-x86_64-pc-windows-msvc\lib/rustlib/src/rust\library/core/src/ptr/mod.rs:2095
        intrinsics::volatile_load(src)
 8001902:	ldr	r4, [r0, #0]
_ZN4core4sync6atomic11atomic_load17h94eed33ebba291bdE():
C:\Users\kaido\.rustup\toolchains\stable-x86_64-pc-windows-msvc\lib/rustlib/src/rust\library/core/src/sync/atomic.rs:3904
 8001904:	ldr	r0, [r1, #16]
_RNvMs5_NtCshtjvQpOZWNm_4core3numt12wrapping_sub():
C:\Users\kaido\.rustup\toolchains\stable-x86_64-pc-windows-msvc\lib/rustlib/src/rust\library/core/src/num/uint_macros.rs:2548
        #[rustc_const_stable(feature = "const_wrapping_math", since = "1.32.0")]
        #[must_use = "this returns the result of the operation, \
                      without modifying the original"]
        #[inline(always)]
        pub const fn wrapping_sub(self, rhs: Self) -> Self {
            intrinsics::wrapping_sub(self, rhs)
 8001906:	subs	r0, r4, r0
 8001908:	sxth	r2, r0
_ZN10firmware505roots8com_root17he50bbd61549ff9d4E():
E:\m\robot\esc\rm32-sagcheck\binz\firmware50/src/roots.rs:1190
        return;
    }
    let preempted = count_preempt::<C>();
    let now_raw = hw::clock::raw();
    let late = now_raw.wrapping_sub(S.com().sched_raw.load(Ordering::Relaxed) as u16) as u32;
    if late < 0x8000 && late > S.com().late_max.load(Ordering::Relaxed) {
 800190a:	cmp	r2, #0
 800190c:	bmi.n	8001918 <TIM16+0x2c>
 800190e:	uxth	r0, r0
_ZN4core4sync6atomic11atomic_load17h94eed33ebba291bdE():
C:\Users\kaido\.rustup\toolchains\stable-x86_64-pc-windows-msvc\lib/rustlib/src/rust\library/core/src/sync/atomic.rs:3904
 8001910:	ldr	r2, [r1, #20]
_ZN10firmware505roots8com_root17he50bbd61549ff9d4E():
E:\m\robot\esc\rm32-sagcheck\binz\firmware50/src/roots.rs:1190
 8001912:	cmp	r2, r0
 8001914:	bcs.n	8001918 <TIM16+0x2c>
_ZN4core4sync6atomic12atomic_store17hcc473a20273a503cE():
C:\Users\kaido\.rustup\toolchains\stable-x86_64-pc-windows-msvc\lib/rustlib/src/rust\library/core/src/sync/atomic.rs:3889
            Relaxed => intrinsics::atomic_store::<T, { AO::Relaxed }>(dst, val),
 8001916:	str	r0, [r1, #20]
_ZN4core4sync6atomic11atomic_load17h94eed33ebba291bdE():
C:\Users\kaido\.rustup\toolchains\stable-x86_64-pc-windows-msvc\lib/rustlib/src/rust\library/core/src/sync/atomic.rs:3904
            Relaxed => intrinsics::atomic_load::<T, { AO::Relaxed }>(dst),
 8001918:	ldr	r0, [r1, #4]
_ZN10firmware505roots8com_root17he50bbd61549ff9d4E():
E:\m\robot\esc\rm32-sagcheck\binz\firmware50/src/roots.rs:1196
        S.com().late_max.store(late, Ordering::Relaxed);
    }
    // The chain's service row (E154), pushed at the end; see `crate::chain`.
    let phase = S.com().phase.load(Ordering::Relaxed);
    let mut bridge = 0u16;
    match phase {
 800191a:	cmp	r0, #1
 800191c:	beq.n	80019a0 <TIM16+0xb4>
 800191e:	cmp	r0, #2
 8001920:	beq.n	8001988 <TIM16+0x9c>
 8001922:	cmp	r0, #3
 8001924:	beq.n	8001928 <TIM16+0x3c>
 8001926:	b.n	8001c8e <TIM16+0x3a2>
_ZN4core4sync6atomic12atomic_store17hcc473a20273a503cE():
C:\Users\kaido\.rustup\toolchains\stable-x86_64-pc-windows-msvc\lib/rustlib/src/rust\library/core/src/sync/atomic.rs:3889
            Relaxed => intrinsics::atomic_store::<T, { AO::Relaxed }>(dst, val),
 8001928:	str	r3, [r1, #4]
 800192a:	ldr	r0, [pc, #884]	@ (8001ca0 <TIM16+0x3b4>)
_ZN4core3ptr13read_volatile17h8e268e68817c80b8E():
C:\Users\kaido\.rustup\toolchains\stable-x86_64-pc-windows-msvc\lib/rustlib/src/rust\library/core/src/ptr/mod.rs:2095
 800192c:	ldr	r2, [r0, #12]
 800192e:	ldr	r0, [r0, #16]
_ZN10firmware502hw4comp7pending17hcdf85c006a40f8b9E():
E:\m\robot\esc\rm32-sagcheck\binz\firmware50/src\hw/comp.rs:127
    // Both registers read every time, as the pre-E113 code did (E128): the
    // short-circuit `||` this replaced changed the level revisit's
    // critical-section timing.
    let rising = e.rpr1().read().rpif18().bit_is_set();
    let falling = e.fpr1().read().fpif18().bit_is_set();
    rising | falling
 8001930:	orrs	r0, r2
_ZN10firmware505roots8com_root17he50bbd61549ff9d4E():
E:\m\robot\esc\rm32-sagcheck\binz\firmware50/src/roots.rs:1283
        // cleared at the commutation, so anything latched since is real: open
        // the line and keep it.
        3 => {
            S.com().phase.store(0, Ordering::Relaxed);
            // Count the edges the blank latched (see this fn's docs).
            if hw::comp::pending() {
 8001932:	lsls	r0, r0, #13
 8001934:	bpl.n	8001946 <TIM16+0x5a>
_ZN15portable_atomic3imp9interrupt4arch7disable17h3ec6a546f52c6294E():
E:\m\robot\esc\rm32-sagcheck\binz\firmware50\ref\vendor\portable-atomic/src\imp\interrupt\armv6m.rs:34
pub(crate) fn disable() -> State {
    let primask: State;
    // SAFETY: reading the priority mask register and disabling interrupts are safe.
    // (see module-level comments of interrupt/mod.rs on the safety of using privileged instructions)
    unsafe {
        asm!(
 8001936:	mrs	r0, PRIMASK
 800193a:	cpsid	i
_ZN4core3ptr4read17hba5936ac89bd43e0E():
C:\Users\kaido\.rustup\toolchains\stable-x86_64-pc-windows-msvc\lib/rustlib/src/rust\library/core/src/ptr/mod.rs:1721
        crate::intrinsics::read_via_copy(src)
 800193c:	ldr	r2, [r1, #28]
_RNvMs6_NtCshtjvQpOZWNm_4core3numm12wrapping_add():
C:\Users\kaido\.rustup\toolchains\stable-x86_64-pc-windows-msvc\lib/rustlib/src/rust\library/core/src/num/uint_macros.rs:2511
            intrinsics::wrapping_add(self, rhs)
 800193e:	adds	r2, r2, #1
_ZN4core3ptr5write17h56903f5125280645E():
C:\Users\kaido\.rustup\toolchains\stable-x86_64-pc-windows-msvc\lib/rustlib/src/rust\library/core/src/ptr/mod.rs:1921
        intrinsics::write_via_move(dst, src)
 8001940:	str	r2, [r1, #28]
_ZN15portable_atomic3imp9interrupt4arch7restore17hb2cf2f388bec0c55E():
E:\m\robot\esc\rm32-sagcheck\binz\firmware50\ref\vendor\portable-atomic/src\imp\interrupt\armv6m.rs:57
    // SAFETY: the caller must guarantee that the state was retrieved by the previous `disable`,
    // and we've checked that interrupts were enabled before disabling interrupts.
    //
    // This clobbers the entire PRIMASK register. See msp430.rs for safety on this.
    unsafe {
        asm!(
 8001942:	msr	PRIMASK, r0
_ZN8cortex_m8register7primask8read_raw17h333d3f63d1702481E():
E:\m\robot\esc\rm32-sagcheck\binz\firmware50\ref\vendor\cortex-m/src\register\primask.rs:48
/// Note that bits `[31:1]` are reserved and UNK (Unknown)
#[inline]
#[asm_cfg(cortex_m)]
pub fn read_raw() -> u32 {
    let r: u32;
    unsafe { asm!("mrs {}, PRIMASK", out(reg) r, options(nomem, nostack, preserves_flags)) };
 8001946:	mrs	r0, PRIMASK
_ZN8cortex_m9interrupt7disable17ha7fb2cbc4636a9e4E():
E:\m\robot\esc\rm32-sagcheck\binz\firmware50\ref\vendor\cortex-m/src\interrupt.rs:44

/// Disables all interrupts
#[inline]
#[asm_cfg(cortex_m)]
pub fn disable() {
    unsafe { asm!("cpsid i", options(nomem, nostack, preserves_flags)) };
 800194a:	cpsid	i
_ZN4core4sync6atomic11atomic_load17h94eed33ebba291bdE():
C:\Users\kaido\.rustup\toolchains\stable-x86_64-pc-windows-msvc\lib/rustlib/src/rust\library/core/src/sync/atomic.rs:3904
            Relaxed => intrinsics::atomic_load::<T, { AO::Relaxed }>(dst),
 800194c:	ldr	r2, [pc, #852]	@ (8001ca4 <TIM16+0x3b8>)
 800194e:	ldr	r2, [r2, #4]
_ZN4core4sync6atomic11atomic_load17h17ab246ece6b300dE():
C:\Users\kaido\.rustup\toolchains\stable-x86_64-pc-windows-msvc\lib/rustlib/src/rust\library/core/src/sync/atomic.rs:3904
 8001950:	ldr	r3, [pc, #852]	@ (8001ca8 <TIM16+0x3bc>)
 8001952:	ldrb	r5, [r3, #0]
 8001954:	ldr	r3, [pc, #852]	@ (8001cac <TIM16+0x3c0>)
 8001956:	ldrb	r3, [r3, #0]
 8001958:	movs	r4, #99	@ 0x63
 800195a:	lsls	r4, r4, #2
 800195c:	ldrb	r4, [r1, r4]
 800195e:	ldrb	r6, [r1, #0]
_ZN4core4sync6atomic11atomic_load17h94eed33ebba291bdE():
C:\Users\kaido\.rustup\toolchains\stable-x86_64-pc-windows-msvc\lib/rustlib/src/rust\library/core/src/sync/atomic.rs:3904
 8001960:	ldr	r1, [r1, #4]
_ZN10firmware507oneshot25comparator_resume_allowed17hd171db000154b599E():
E:\m\robot\esc\rm32-sagcheck\binz\firmware50/src/oneshot.rs:83
/// Closed-loop blanking takes precedence over the driven acquisition owner.
#[inline(always)]
pub const fn comparator_resume_allowed(
    guard: u32, detector: bool, driven: bool, stopped: bool, active: bool, phase: u32,
) -> bool {
    guard == 0 && if detector { arm_allowed(stopped, active) && phase == 0 } else { driven }
 8001962:	cmp	r2, #0
 8001964:	beq.n	8001968 <TIM16+0x7c>
 8001966:	b.n	8001ad0 <TIM16+0x1e4>
 8001968:	cmp	r5, #0
 800196a:	bne.n	800196e <TIM16+0x82>
 800196c:	b.n	8001ad0 <TIM16+0x1e4>
_ZN10firmware505roots19comp_resume_powered28_$u7b$$u7b$closure$u7d$$u7d$17hfe375f2648176572E():
E:\m\robot\esc\rm32-sagcheck\binz\firmware50/src/roots.rs:1480

/// Resume only the powered owner; stop and blanking checks share the write mask.
#[inline(always)]
pub fn comp_resume_powered() -> bool {
    cortex_m::interrupt::free(|_| {
        if crate::oneshot::comparator_resume_allowed(
 800196e:	cmp	r6, #0
 8001970:	bne.n	8001974 <TIM16+0x88>
 8001972:	b.n	8001aee <TIM16+0x202>
 8001974:	cmp	r4, #0
 8001976:	beq.n	800197a <TIM16+0x8e>
 8001978:	b.n	8001aee <TIM16+0x202>
 800197a:	cmp	r1, #0
 800197c:	bne.n	8001980 <TIM16+0x94>
 800197e:	b.n	8001ad8 <TIM16+0x1ec>
 8001980:	b.n	8001aee <TIM16+0x202>
_ZN10firmware505roots8com_root17he50bbd61549ff9d4E():
 8001982:	movs	r0, #0
_ZN4core3ptr14write_volatile17h8e3052fd7bb2629fE():
C:\Users\kaido\.rustup\toolchains\stable-x86_64-pc-windows-msvc\lib/rustlib/src/rust\library/core/src/ptr/mod.rs:2182
        intrinsics::volatile_store(dst, src);
 8001984:	str	r0, [r2, #12]
_ZN10firmware505roots8com_root17he50bbd61549ff9d4E():
E:\m\robot\esc\rm32-sagcheck\binz\firmware50/src/roots.rs:1291
}
 8001986:	b.n	8001c8e <TIM16+0x3a2>
_ZN4core4sync6atomic12atomic_store17hcc473a20273a503cE():
C:\Users\kaido\.rustup\toolchains\stable-x86_64-pc-windows-msvc\lib/rustlib/src/rust\library/core/src/sync/atomic.rs:3889
            Relaxed => intrinsics::atomic_store::<T, { AO::Relaxed }>(dst, val),
 8001988:	str	r3, [r1, #4]
_ZN4core4sync6atomic11atomic_load17h94eed33ebba291bdE():
C:\Users\kaido\.rustup\toolchains\stable-x86_64-pc-windows-msvc\lib/rustlib/src/rust\library/core/src/sync/atomic.rs:3904
            Relaxed => intrinsics::atomic_load::<T, { AO::Relaxed }>(dst),
 800198a:	ldr	r0, [r1, #8]
_ZN10firmware505roots8com_root17he50bbd61549ff9d4E():
E:\m\robot\esc\rm32-sagcheck\binz\firmware50/src/roots.rs:1275
            comp_exti_arm(Step::new_clamped(S.com().step.load(Ordering::Relaxed) as u8));
 800198c:	uxtb	r1, r0
_ZN10firmware5011commutation4Step11new_clamped17h83820b9c07f2ee92E():
E:\m\robot\esc\rm32-sagcheck\binz\firmware50/src/commutation.rs:52
    }

    /// Build a sector, saturating into range. Infallible, panic-free.
    #[inline]
    pub const fn new_clamped(raw: u8) -> Step {
        if raw < 1 {
 800198e:	cmp	r1, #6
 8001990:	mov	r0, r1
 8001992:	bcc.n	8001996 <TIM16+0xaa>
 8001994:	movs	r0, #6
 8001996:	cmp	r1, #0
 8001998:	beq.n	800199c <TIM16+0xb0>
 800199a:	b.n	8001c8a <TIM16+0x39e>
_ZN10firmware505roots8com_root17he50bbd61549ff9d4E():
 800199c:	movs	r0, #1
 800199e:	b.n	8001c8a <TIM16+0x39e>
_ZN4core4sync6atomic11atomic_load17h94eed33ebba291bdE():
C:\Users\kaido\.rustup\toolchains\stable-x86_64-pc-windows-msvc\lib/rustlib/src/rust\library/core/src/sync/atomic.rs:3904
 80019a0:	ldr	r0, [r1, #8]
_ZN10firmware505roots8com_root17he50bbd61549ff9d4E():
E:\m\robot\esc\rm32-sagcheck\binz\firmware50/src/roots.rs:1198
            let step = Step::new_clamped(S.com().step.load(Ordering::Relaxed) as u8).next();
 80019a2:	uxtb	r5, r0
_ZN10firmware5011commutation4Step11new_clamped17h83820b9c07f2ee92E():
E:\m\robot\esc\rm32-sagcheck\binz\firmware50/src/commutation.rs:52
 80019a4:	cmp	r5, #6
 80019a6:	mov	r2, r5
 80019a8:	bcc.n	80019ac <TIM16+0xc0>
 80019aa:	movs	r2, #6
 80019ac:	movs	r6, #1
 80019ae:	cmp	r5, #0
 80019b0:	mov	r5, r6
 80019b2:	beq.n	80019b6 <TIM16+0xca>
_ZN10firmware505roots8com_root17he50bbd61549ff9d4E():
 80019b4:	mov	r5, r2
 80019b6:	str	r4, [sp, #16]
_ZN10firmware5011commutation4Step4next17h5878f08e7542804fE():
E:\m\robot\esc\rm32-sagcheck\binz\firmware50/src/commutation.rs:69
    }

    /// Next sector, wrapping 6 -> 1.
    #[inline]
    pub const fn next(self) -> Step {
        if self.0 >= 6 { Step(1) } else { Step(self.0 + 1) }
 80019b8:	cmp	r5, #5
 80019ba:	bhi.n	80019be <TIM16+0xd2>
_ZN10firmware505roots8com_root17he50bbd61549ff9d4E():
 80019bc:	adds	r6, r5, #1
_ZN4core4sync6atomic12atomic_store17hcc473a20273a503cE():
C:\Users\kaido\.rustup\toolchains\stable-x86_64-pc-windows-msvc\lib/rustlib/src/rust\library/core/src/sync/atomic.rs:3889
            Relaxed => intrinsics::atomic_store::<T, { AO::Relaxed }>(dst, val),
 80019be:	str	r6, [r1, #8]
 80019c0:	ldr	r0, [pc, #740]	@ (8001ca8 <TIM16+0x3bc>)
 80019c2:	str	r6, [r0, #8]
_ZN10firmware505roots8com_root28_$u7b$$u7b$closure$u7d$$u7d$17h40c79bd1250765acE():
E:\m\robot\esc\rm32-sagcheck\binz\firmware50/src/roots.rs:1201
            let plan = S.com().plans.root(&mut at, |t| t[((step.get() - 1) & 7) as usize]);
 80019c4:	subs	r0, r6, #1
 80019c6:	movs	r5, #7
 80019c8:	str	r0, [sp, #20]
 80019ca:	ands	r5, r0
 80019cc:	movs	r2, #40	@ 0x28
 80019ce:	muls	r2, r5
 80019d0:	adds	r2, r1, r2
 80019d2:	ldr	r4, [r2, #68]	@ 0x44
_ZN10firmware505roots8com_root17he50bbd61549ff9d4E():
E:\m\robot\esc\rm32-sagcheck\binz\firmware50/src/roots.rs:1202
            if let Some(pl) = plan {
 80019d4:	lsls	r4, r4, #31
 80019d6:	str	r6, [sp, #24]
 80019d8:	beq.n	8001a08 <TIM16+0x11c>
 80019da:	adds	r2, #68	@ 0x44
_ZN10firmware505roots8com_root28_$u7b$$u7b$closure$u7d$$u7d$17h40c79bd1250765acE():
E:\m\robot\esc\rm32-sagcheck\binz\firmware50/src/roots.rs:1201
            let plan = S.com().plans.root(&mut at, |t| t[((step.get() - 1) & 7) as usize]);
 80019dc:	ldr	r0, [r2, #16]
 80019de:	str	r0, [sp, #4]
 80019e0:	ldr	r0, [r2, #20]
 80019e2:	str	r0, [sp, #0]
 80019e4:	ldr	r0, [r2, #24]
 80019e6:	str	r0, [sp, #12]
 80019e8:	ldrh	r0, [r2, #36]	@ 0x24
 80019ea:	str	r0, [sp, #8]
 80019ec:	ldrh	r4, [r2, #32]
 80019ee:	ldrh	r2, [r2, #28]
 80019f0:	ldr	r0, [pc, #712]	@ (8001cbc <TIM16+0x3d0>)
_ZN4core3ptr14write_volatile17h8e3052fd7bb2629fE():
C:\Users\kaido\.rustup\toolchains\stable-x86_64-pc-windows-msvc\lib/rustlib/src/rust\library/core/src/ptr/mod.rs:2182
 80019f2:	ldr	r6, [sp, #4]
 80019f4:	str	r6, [r0, #0]
 80019f6:	ldr	r6, [sp, #0]
 80019f8:	str	r6, [r0, #4]
 80019fa:	ldr	r6, [sp, #24]
 80019fc:	str	r2, [r0, #28]
 80019fe:	str	r4, [r0, #32]
 8001a00:	ldr	r2, [sp, #8]
 8001a02:	str	r2, [r0, #36]	@ 0x24
 8001a04:	ldr	r2, [sp, #12]
 8001a06:	str	r2, [r0, #8]
_ZN10firmware505roots8com_root17he50bbd61549ff9d4E():
 8001a08:	ldr	r2, [pc, #692]	@ (8001cc0 <TIM16+0x3d4>)
_ZN4core3ptr13read_volatile17h8e268e68817c80b8E():
C:\Users\kaido\.rustup\toolchains\stable-x86_64-pc-windows-msvc\lib/rustlib/src/rust\library/core/src/ptr/mod.rs:2095
        intrinsics::volatile_load(src)
 8001a0a:	ldr	r0, [r2, #0]
 8001a0c:	movs	r4, #240	@ 0xf0
_RNvXslz_NtNtCshtjvQpOZWNm_4core3ops3bitmNtB6_12BitAndAssign13bitand_assign():
C:\Users\kaido\.rustup\toolchains\stable-x86_64-pc-windows-msvc\lib/rustlib/src/rust\library/core/src/ops/bit.rs:748
    ($($t:ty)+) => ($(
        #[stable(feature = "op_assign_traits", since = "1.8.0")]
        #[rustc_const_unstable(feature = "const_ops", issue = "143802")]
        impl const BitAndAssign for $t {
            #[inline]
            fn bitand_assign(&mut self, other: $t) { *self &= other }
 8001a0e:	bics	r0, r4
 8001a10:	movs	r4, #3
 8001a12:	str	r4, [sp, #12]
_ZN10firmware5011commutation6sector17h6dd8ebee27aaccf6E():
E:\m\robot\esc\rm32-sagcheck\binz\firmware50/src/commutation.rs:152

/// Look up a sector. Total function — no panic path: the masked index is
/// provably inside the 8-entry table.
#[inline]
pub const fn sector(step: Step) -> Sector {
    SECTORS[step.idx() & 7]
 8001a14:	muls	r5, r4
 8001a16:	ldr	r4, [pc, #684]	@ (8001cc4 <TIM16+0x3d8>)
 8001a18:	adds	r4, r4, r5
 8001a1a:	ldrb	r4, [r4, #2]
_ZN87_$LT$firmware50..commutation..Reverse$u20$as$u20$firmware50..commutation..Direction$GT$5phase17h74ae23d1f864f63bE():
E:\m\robot\esc\rm32-sagcheck\binz\firmware50/src/commutation.rs:189
pub struct Reverse;

impl Direction for Reverse {
    #[inline]
    fn phase(logical: Phase) -> Phase {
        match logical {
 8001a1c:	lsls	r4, r4, #2
 8001a1e:	ldr	r5, [pc, #680]	@ (8001cc8 <TIM16+0x3dc>)
 8001a20:	ldr	r4, [r5, r4]
_RNvXslZ_NtNtCshtjvQpOZWNm_4core3ops3bitmNtB6_11BitOrAssign12bitor_assign():
C:\Users\kaido\.rustup\toolchains\stable-x86_64-pc-windows-msvc\lib/rustlib/src/rust\library/core/src/ops/bit.rs:823
    ($($t:ty)+) => ($(
        #[stable(feature = "op_assign_traits", since = "1.8.0")]
        #[rustc_const_unstable(feature = "const_ops", issue = "143802")]
        impl const BitOrAssign for $t {
            #[inline]
            fn bitor_assign(&mut self, other: $t) { *self |= other }
 8001a22:	orrs	r4, r0
_ZN4core3ptr14write_volatile17h8e3052fd7bb2629fE():
C:\Users\kaido\.rustup\toolchains\stable-x86_64-pc-windows-msvc\lib/rustlib/src/rust\library/core/src/ptr/mod.rs:2182
        intrinsics::volatile_store(dst, src);
 8001a24:	str	r4, [r2, #0]
_ZN15portable_atomic3imp9interrupt4arch7disable17h3ec6a546f52c6294E():
E:\m\robot\esc\rm32-sagcheck\binz\firmware50\ref\vendor\portable-atomic/src\imp\interrupt\armv6m.rs:34
        asm!(
 8001a26:	mrs	r0, PRIMASK
 8001a2a:	cpsid	i
_ZN4core3ptr4read17hba5936ac89bd43e0E():
C:\Users\kaido\.rustup\toolchains\stable-x86_64-pc-windows-msvc\lib/rustlib/src/rust\library/core/src/ptr/mod.rs:1721
        crate::intrinsics::read_via_copy(src)
 8001a2c:	ldr	r2, [r1, #12]
_RNvMs6_NtCshtjvQpOZWNm_4core3numm12wrapping_add():
C:\Users\kaido\.rustup\toolchains\stable-x86_64-pc-windows-msvc\lib/rustlib/src/rust\library/core/src/num/uint_macros.rs:2511
 8001a2e:	adds	r2, r2, #1
_ZN4core3ptr5write17h56903f5125280645E():
C:\Users\kaido\.rustup\toolchains\stable-x86_64-pc-windows-msvc\lib/rustlib/src/rust\library/core/src/ptr/mod.rs:1921
        intrinsics::write_via_move(dst, src)
 8001a30:	str	r2, [r1, #12]
_ZN15portable_atomic3imp9interrupt4arch7restore17hb2cf2f388bec0c55E():
E:\m\robot\esc\rm32-sagcheck\binz\firmware50\ref\vendor\portable-atomic/src\imp\interrupt\armv6m.rs:57
        asm!(
 8001a32:	msr	PRIMASK, r0
 8001a36:	ldr	r4, [pc, #624]	@ (8001ca8 <TIM16+0x3bc>)
_ZN4core4sync6atomic11atomic_load17h94eed33ebba291bdE():
C:\Users\kaido\.rustup\toolchains\stable-x86_64-pc-windows-msvc\lib/rustlib/src/rust\library/core/src/sync/atomic.rs:3904
            Relaxed => intrinsics::atomic_load::<T, { AO::Relaxed }>(dst),
 8001a38:	ldr	r2, [r4, #24]
 8001a3a:	movs	r0, #25
 8001a3c:	lsls	r5, r0, #4
 8001a3e:	ldr	r0, [r1, r5]
_ZN10firmware505roots8com_root17he50bbd61549ff9d4E():
E:\m\robot\esc\rm32-sagcheck\binz\firmware50/src/roots.rs:1216
            if seq != S.com().committed_seq.load(Ordering::Relaxed) {
 8001a40:	cmp	r2, r0
 8001a42:	beq.n	8001b2e <TIM16+0x242>
_ZN4core4sync6atomic12atomic_store17hcc473a20273a503cE():
C:\Users\kaido\.rustup\toolchains\stable-x86_64-pc-windows-msvc\lib/rustlib/src/rust\library/core/src/sync/atomic.rs:3889
            Relaxed => intrinsics::atomic_store::<T, { AO::Relaxed }>(dst, val),
 8001a44:	str	r2, [r1, r5]
 8001a46:	movs	r0, #208	@ 0xd0
_ZN4core4sync6atomic11atomic_load17h94eed33ebba291bdE():
C:\Users\kaido\.rustup\toolchains\stable-x86_64-pc-windows-msvc\lib/rustlib/src/rust\library/core/src/sync/atomic.rs:3904
            Relaxed => intrinsics::atomic_load::<T, { AO::Relaxed }>(dst),
 8001a48:	ldr	r2, [r4, r0]
 8001a4a:	ldr	r0, [r4, #12]
_ZN4core6option15Option$LT$T$GT$6as_mut17h0666e60c95fe41e8E():
C:\Users\kaido\.rustup\toolchains\stable-x86_64-pc-windows-msvc\lib/rustlib/src/rust\library/core/src/option.rs:767
    /// ```
    #[inline]
    #[stable(feature = "rust1", since = "1.0.0")]
    #[rustc_const_stable(feature = "const_option", since = "1.83.0")]
    pub const fn as_mut(&mut self) -> Option<&mut T> {
        match *self {
 8001a4c:	str	r0, [sp, #8]
 8001a4e:	ldr	r0, [r4, #72]	@ 0x48
_ZN10firmware505roots8com_root28_$u7b$$u7b$closure$u7d$$u7d$17h1d4a4b96b728da50E():
E:\m\robot\esc\rm32-sagcheck\binz\firmware50/src/roots.rs:1221
                    if let Some(zc) = zc.as_mut() {
 8001a50:	cmp	r0, #1
 8001a52:	bne.n	8001b2e <TIM16+0x242>
_ZN10firmware504bemf22ZeroCrossWith$LT$_$GT$6commit17he888a89fc553a172E():
E:\m\robot\esc\rm32-sagcheck\binz\firmware50/src/bemf.rs:507
    /// **The commutation root's half** (ENV-45, AM32's `PeriodElapsedCallback`):
    /// fold an accepted crossing's interval into the estimate, then compute the
    /// wait the *next* arm will use. Blend, clamp, advance, wait: the arithmetic
    /// AM32 keeps out of its comparator ISR.
    pub fn commit(&mut self, count: u32, advance_level: u32) -> Outcome {
        self.prev_zc = self.last_zc;
 8001a54:	ldr	r0, [r4, #80]	@ 0x50
E:\m\robot\esc\rm32-sagcheck\binz\firmware50/src/bemf.rs:508
        self.last_zc = count;
 8001a56:	str	r2, [r4, #80]	@ 0x50
E:\m\robot\esc\rm32-sagcheck\binz\firmware50/src/bemf.rs:507
        self.prev_zc = self.last_zc;
 8001a58:	str	r0, [r4, #84]	@ 0x54
 8001a5a:	mov	r5, r4
E:\m\robot\esc\rm32-sagcheck\binz\firmware50/src/bemf.rs:523
            }
        }
        self.average_interval = self.clamp_interval(blend_interval(self.average_interval, self.prev_zc, self.last_zc));
        let advance = advance_of(self.average_interval, advance_level);
        let wait = wait_time(self.average_interval, advance_level);
        self.accepted = self.accepted.wrapping_add(1);
 8001a5c:	ldr	r4, [r4, #96]	@ 0x60
_RNvMs6_NtCshtjvQpOZWNm_4core3numm12wrapping_add():
C:\Users\kaido\.rustup\toolchains\stable-x86_64-pc-windows-msvc\lib/rustlib/src/rust\library/core/src/num/uint_macros.rs:2511
 8001a5e:	adds	r4, r4, #1
_ZN10firmware504bemf22ZeroCrossWith$LT$_$GT$6commit17he888a89fc553a172E():
E:\m\robot\esc\rm32-sagcheck\binz\firmware50/src/bemf.rs:523
 8001a60:	str	r4, [r5, #96]	@ 0x60
_RNvMs6_NtCshtjvQpOZWNm_4core3numm14saturating_add():
C:\Users\kaido\.rustup\toolchains\stable-x86_64-pc-windows-msvc\lib/rustlib/src/rust\library/core/src/num/uint_macros.rs:2355
            intrinsics::saturating_add(self, rhs)
 8001a62:	adds	r2, r0, r2
 8001a64:	mvns	r5, r3
 8001a66:	cmp	r2, r0
 8001a68:	bcs.n	8001a6c <TIM16+0x180>
_ZN10firmware5011commutation14blend_interval17hbd9fc6285a125774E():
 8001a6a:	mov	r2, r5
E:\m\robot\esc\rm32-sagcheck\binz\firmware50/src/commutation.rs:298
/// the COM clamp and the tracking watchdog both catch. The saturation point is
/// far outside any physically reachable interval — at 10% the interval is
/// ~20000 half-microseconds — so this changes no real behavior.
#[inline]
pub const fn blend_interval(ci: u32, last_zc: u32, this_zc: u32) -> u32 {
    let pair = last_zc.saturating_add(this_zc) >> 1;
 8001a6c:	lsrs	r0, r2, #1
_ZN10firmware504bemf22ZeroCrossWith$LT$_$GT$6commit17he888a89fc553a172E():
E:\m\robot\esc\rm32-sagcheck\binz\firmware50/src/bemf.rs:520
        self.average_interval = self.clamp_interval(blend_interval(self.average_interval, self.prev_zc, self.last_zc));
 8001a6e:	ldr	r2, [pc, #568]	@ (8001ca8 <TIM16+0x3bc>)
 8001a70:	ldr	r2, [r2, #76]	@ 0x4c
_RNvMs6_NtCshtjvQpOZWNm_4core3numm14saturating_add():
C:\Users\kaido\.rustup\toolchains\stable-x86_64-pc-windows-msvc\lib/rustlib/src/rust\library/core/src/num/uint_macros.rs:2355
 8001a72:	adds	r2, r2, r0
 8001a74:	bcc.n	8001a78 <TIM16+0x18c>
_ZN10firmware5011commutation14blend_interval17hbd9fc6285a125774E():
 8001a76:	mov	r2, r5
 8001a78:	str	r5, [sp, #0]
E:\m\robot\esc\rm32-sagcheck\binz\firmware50/src/commutation.rs:299
    (ci.saturating_add(pair)) >> 1
 8001a7a:	lsrs	r2, r2, #1
_ZN10firmware504bemf22ZeroCrossWith$LT$_$GT$14clamp_interval17h3fdb265db1fb214cE():
E:\m\robot\esc\rm32-sagcheck\binz\firmware50/src/bemf.rs:418
        if v < self.min_interval {
 8001a7c:	ldr	r0, [pc, #552]	@ (8001ca8 <TIM16+0x3bc>)
 8001a7e:	ldr	r0, [r0, #104]	@ 0x68
 8001a80:	cmp	r0, r2
 8001a82:	mov	r6, r2
 8001a84:	bhi.n	8001a88 <TIM16+0x19c>
 8001a86:	mov	r6, r0
 8001a88:	str	r0, [sp, #4]
 8001a8a:	ldr	r0, [pc, #540]	@ (8001ca8 <TIM16+0x3bc>)
 8001a8c:	ldr	r5, [r0, #100]	@ 0x64
 8001a8e:	cmp	r5, r2
 8001a90:	bhi.n	8001a94 <TIM16+0x1a8>
_ZN10firmware504bemf22ZeroCrossWith$LT$_$GT$6commit17he888a89fc553a172E():
 8001a92:	mov	r5, r6
E:\m\robot\esc\rm32-sagcheck\binz\firmware50/src/bemf.rs:520
        self.average_interval = self.clamp_interval(blend_interval(self.average_interval, self.prev_zc, self.last_zc));
 8001a94:	str	r5, [r0, #76]	@ 0x4c
_ZN10firmware505roots11det_publish17he998edeb06e7baa8E():
C:\Users\kaido\.rustup\toolchains\stable-x86_64-pc-windows-msvc\lib/rustlib/src/rust\library/core/src/sync/atomic.rs:3889
            Relaxed => intrinsics::atomic_store::<T, { AO::Relaxed }>(dst, val),
 8001a96:	str	r5, [r0, #16]
_ZN10firmware5011commutation9wait_time17hdf73011830cdfa39E():
E:\m\robot\esc\rm32-sagcheck\binz\firmware50/src/commutation.rs:261
    (ci >> 1).saturating_sub(advance_of(ci, level))
 8001a98:	lsrs	r2, r5, #1
 8001a9a:	mov	r4, r2
_ZN10firmware505roots11det_publish17he998edeb06e7baa8E():
C:\Users\kaido\.rustup\toolchains\stable-x86_64-pc-windows-msvc\lib/rustlib/src/rust\library/core/src/sync/atomic.rs:3889
 8001a9c:	str	r2, [r0, #20]
_ZN10firmware5011commutation10advance_of17hc8dfc9c9fc58600bE():
E:\m\robot\esc\rm32-sagcheck\binz\firmware50/src/commutation.rs:255
    (ci >> 6) * level + (((ci & 63) * level) >> 6)
 8001a9e:	lsrs	r2, r5, #6
 8001aa0:	ldr	r6, [sp, #8]
E:\m\robot\esc\rm32-sagcheck\binz\firmware50/src/commutation.rs:254
    let level = if level > 64 { 64 } else { level };
 8001aa2:	cmp	r6, #64	@ 0x40
 8001aa4:	bcc.n	8001aa8 <TIM16+0x1bc>
 8001aa6:	movs	r6, #64	@ 0x40
E:\m\robot\esc\rm32-sagcheck\binz\firmware50/src/commutation.rs:255
    (ci >> 6) * level + (((ci & 63) * level) >> 6)
 8001aa8:	muls	r2, r6
 8001aaa:	movs	r0, #63	@ 0x3f
 8001aac:	ands	r0, r5
 8001aae:	muls	r0, r6
 8001ab0:	lsrs	r0, r0, #6
 8001ab2:	adds	r0, r0, r2
_RNvMs6_NtCshtjvQpOZWNm_4core3numm14saturating_sub():
C:\Users\kaido\.rustup\toolchains\stable-x86_64-pc-windows-msvc\lib/rustlib/src/rust\library/core/src/num/uint_macros.rs:2399
            intrinsics::saturating_sub(self, rhs)
 8001ab4:	subs	r2, r4, r0
 8001ab6:	ldr	r6, [sp, #24]
 8001ab8:	bcs.n	8001abc <TIM16+0x1d0>
_ZN10firmware505roots8com_root28_$u7b$$u7b$closure$u7d$$u7d$17h1d4a4b96b728da50E():
 8001aba:	mov	r2, r3
 8001abc:	movs	r0, #196	@ 0xc4
 8001abe:	ldr	r4, [pc, #488]	@ (8001ca8 <TIM16+0x3bc>)
_ZN4core4sync6atomic12atomic_store17hcc473a20273a503cE():
C:\Users\kaido\.rustup\toolchains\stable-x86_64-pc-windows-msvc\lib/rustlib/src/rust\library/core/src/sync/atomic.rs:3889
 8001ac0:	str	r2, [r4, r0]
 8001ac2:	movs	r0, #200	@ 0xc8
 8001ac4:	ldr	r2, [sp, #4]
 8001ac6:	str	r2, [r4, r0]
_RNvNtCshtjvQpOZWNm_4core10intrinsics8unlikely():
C:\Users\kaido\.rustup\toolchains\stable-x86_64-pc-windows-msvc\lib/rustlib/src/rust\library/core/src/intrinsics/mod.rs:457
/// This intrinsic does not have a stable counterpart.
#[unstable(feature = "core_intrinsics", issue = "none")]
#[rustc_nounwind]
#[inline(always)]
pub const fn unlikely(b: bool) -> bool {
    if b {
 8001ac8:	cmp	r5, #0
 8001aca:	bge.n	8001af4 <TIM16+0x208>
_ZN10firmware505roots8com_root17he50bbd61549ff9d4E():
 8001acc:	ldr	r2, [sp, #0]
 8001ace:	b.n	8001af6 <TIM16+0x20a>
_ZN10firmware505roots19comp_resume_powered28_$u7b$$u7b$closure$u7d$$u7d$17hfe375f2648176572E():
E:\m\robot\esc\rm32-sagcheck\binz\firmware50/src/roots.rs:1480
        if crate::oneshot::comparator_resume_allowed(
 8001ad0:	cmp	r2, #0
 8001ad2:	bne.n	8001aee <TIM16+0x202>
 8001ad4:	cmp	r3, #0
 8001ad6:	beq.n	8001aee <TIM16+0x202>
 8001ad8:	movs	r1, #1
 8001ada:	lsls	r2, r1, #18
 8001adc:	ldr	r3, [pc, #464]	@ (8001cb0 <TIM16+0x3c4>)
_ZN4core3ptr13read_volatile17h8e268e68817c80b8E():
C:\Users\kaido\.rustup\toolchains\stable-x86_64-pc-windows-msvc\lib/rustlib/src/rust\library/core/src/ptr/mod.rs:2095
        intrinsics::volatile_load(src)
 8001ade:	ldr	r4, [r3, #0]
_RNvXslZ_NtNtCshtjvQpOZWNm_4core3ops3bitmNtB6_11BitOrAssign12bitor_assign():
C:\Users\kaido\.rustup\toolchains\stable-x86_64-pc-windows-msvc\lib/rustlib/src/rust\library/core/src/ops/bit.rs:823
 8001ae0:	orrs	r4, r2
_ZN4core3ptr14write_volatile17h8e3052fd7bb2629fE():
C:\Users\kaido\.rustup\toolchains\stable-x86_64-pc-windows-msvc\lib/rustlib/src/rust\library/core/src/ptr/mod.rs:2182
        intrinsics::volatile_store(dst, src);
 8001ae2:	str	r4, [r3, #0]
 8001ae4:	lsls	r1, r1, #12
 8001ae6:	ldr	r2, [pc, #460]	@ (8001cb4 <TIM16+0x3c8>)
 8001ae8:	str	r1, [r2, #0]
 8001aea:	ldr	r2, [pc, #460]	@ (8001cb8 <TIM16+0x3cc>)
 8001aec:	str	r1, [r2, #0]
_ZN8cortex_m8register7primask9write_raw17h2d20d7724a20944bE():
E:\m\robot\esc\rm32-sagcheck\binz\firmware50\ref\vendor\cortex-m/src\register\primask.rs:67
#[inline]
#[asm_cfg(cortex_m)]
pub unsafe fn write_raw(r: u32) {
    // Ensure no preceeding memory accesses are reordered to after interrupts are possibly enabled.
    compiler_fence(Ordering::SeqCst);
    unsafe { asm!("msr PRIMASK, {}", in(reg) r, options(nomem, nostack, preserves_flags)) };
 8001aee:	msr	PRIMASK, r0
 8001af2:	b.n	8001c82 <TIM16+0x396>
_RNvNtCshtjvQpOZWNm_4core10intrinsics8unlikely():
C:\Users\kaido\.rustup\toolchains\stable-x86_64-pc-windows-msvc\lib/rustlib/src/rust\library/core/src/intrinsics/mod.rs:457
 8001af4:	lsls	r2, r5, #1
_ZN94_$LT$firmware50..bemf..WithShallowFloor$LT$P$GT$$u20$as$u20$firmware50..bemf..FilterPolicy$GT$5level17hfb4b5e08ee183570E():
E:\m\robot\esc\rm32-sagcheck\binz\firmware50/src/bemf.rs:168
        if average_interval < SHALLOW_INTERVAL {
 8001af6:	cmp	r2, #50	@ 0x32
 8001af8:	bcs.n	8001afe <TIM16+0x212>
 8001afa:	movs	r2, #2
 8001afc:	b.n	8001b2a <TIM16+0x23e>
_ZN10firmware504bemf19mapped_filter_level17h4285ea1b4a037614E():
E:\m\robot\esc\rm32-sagcheck\binz\firmware50/src/bemf.rs:115
    if average_interval <= MAP_IN_LOW {
 8001afe:	cmp	r2, #101	@ 0x65
 8001b00:	bcs.n	8001b06 <TIM16+0x21a>
 8001b02:	movs	r2, #5
 8001b04:	b.n	8001b2a <TIM16+0x23e>
 8001b06:	movs	r0, #255	@ 0xff
 8001b08:	adds	r0, #24
E:\m\robot\esc\rm32-sagcheck\binz\firmware50/src/bemf.rs:118
    if average_interval >= MAP_IN_HIGH {
 8001b0a:	adds	r0, #220	@ 0xdc
 8001b0c:	cmp	r2, r0
 8001b0e:	bls.n	8001b14 <TIM16+0x228>
 8001b10:	movs	r2, #12
 8001b12:	b.n	8001b2a <TIM16+0x23e>
 8001b14:	ldr	r0, [pc, #436]	@ (8001ccc <TIM16+0x3e0>)
E:\m\robot\esc\rm32-sagcheck\binz\firmware50/src/bemf.rs:122
    let add = (span * MAP_RECIP) >> MAP_SHIFT;
 8001b16:	muls	r0, r2
 8001b18:	ldr	r2, [pc, #436]	@ (8001cd0 <TIM16+0x3e4>)
 8001b1a:	adds	r0, r0, r2
 8001b1c:	lsrs	r0, r0, #16
E:\m\robot\esc\rm32-sagcheck\binz\firmware50/src/bemf.rs:124
    let mapped = MAP_OUT_LOW + add as u8;
 8001b1e:	uxtb	r2, r0
E:\m\robot\esc\rm32-sagcheck\binz\firmware50/src/bemf.rs:125
    if mapped < FILTER_FLOOR { FILTER_FLOOR } else { mapped }
 8001b20:	cmp	r2, #2
 8001b22:	bhi.n	8001b26 <TIM16+0x23a>
 8001b24:	movs	r2, #2
 8001b26:	adds	r0, r2, #3
_RNvXs11_NtNtCshtjvQpOZWNm_4core7convert3nummINtB8_4FromhE4from():
C:\Users\kaido\.rustup\toolchains\stable-x86_64-pc-windows-msvc\lib/rustlib/src/rust\library/core/src/convert/num.rs:82
            #[doc = concat!("Converts from [`", stringify!($small), "`] to [`", stringify!($large), "`] losslessly.")]
            #[inline(always)]
            fn from(small: $small) -> Self {
                debug_assert!(<$large>::MIN as i128 <= <$small>::MIN as i128);
                debug_assert!(<$small>::MAX as u128 <= <$large>::MAX as u128);
                small as Self
 8001b28:	uxtb	r2, r0
_ZN10firmware505roots11det_publish17he998edeb06e7baa8E():
 8001b2a:	movs	r0, #204	@ 0xcc
_ZN4core4sync6atomic12atomic_store17hcc473a20273a503cE():
C:\Users\kaido\.rustup\toolchains\stable-x86_64-pc-windows-msvc\lib/rustlib/src/rust\library/core/src/sync/atomic.rs:3889
 8001b2c:	str	r2, [r4, r0]
_ZN10firmware5011commutation7SixSlot4push17h4c5ebbdba9431510E():
E:\m\robot\esc\rm32-sagcheck\binz\firmware50/src/commutation.rs:374
            interval_us
        };
        // No `%`: this runs in the COM ISR root, where a modulo would be a
        // soft division on the M0. Out-of-range steps use slot 0.
        let k = match step {
            1..=6 => (step - 1) as usize,
 8001b2e:	uxtb	r0, r6
 8001b30:	cmp	r0, #7
 8001b32:	ldr	r0, [sp, #20]
 8001b34:	bcc.n	8001b38 <TIM16+0x24c>
 8001b36:	movs	r0, #0
 8001b38:	uxtb	r0, r0
E:\m\robot\esc\rm32-sagcheck\binz\firmware50/src/commutation.rs:377
            _ => 0,
        };
        self.sum = self.sum - self.slots[k] + i;
 8001b3a:	lsls	r0, r0, #2
 8001b3c:	adds	r2, r1, r0
_ZN4core4sync6atomic11atomic_load17h94eed33ebba291bdE():
C:\Users\kaido\.rustup\toolchains\stable-x86_64-pc-windows-msvc\lib/rustlib/src/rust\library/core/src/sync/atomic.rs:3904
            Relaxed => intrinsics::atomic_load::<T, { AO::Relaxed }>(dst),
 8001b3e:	ldr	r5, [r4, #16]
 8001b40:	ldr	r3, [r4, #20]
_ZN10firmware5011commutation7SixSlot4push17h4c5ebbdba9431510E():
E:\m\robot\esc\rm32-sagcheck\binz\firmware50/src/commutation.rs:377
 8001b42:	ldr	r6, [r2, #36]	@ 0x24
 8001b44:	ldr	r4, [pc, #396]	@ (8001cd4 <TIM16+0x3e8>)
E:\m\robot\esc\rm32-sagcheck\binz\firmware50/src/commutation.rs:366
        let i = if interval_us > 1_000_000 {
 8001b46:	cmp	r5, r4
 8001b48:	bcc.n	8001b4c <TIM16+0x260>
_ZN10firmware505roots8com_root28_$u7b$$u7b$closure$u7d$$u7d$17h9384cbd58e8884e0E():
 8001b4a:	mov	r5, r4
_ZN10firmware5011commutation7SixSlot17reverse_blank_due17h3d720a5f2aa86c07E():
E:\m\robot\esc\rm32-sagcheck\binz\firmware50/src/commutation.rs:390

    /// Does the reference's blank condition hold on this ring?
    #[inline]
    #[must_use]
    pub const fn reverse_blank_due(&self) -> bool {
        self.sum >= REVERSE_BLANK_SUM_US
 8001b4c:	ldr	r0, [r1, #60]	@ 0x3c
_ZN10firmware5011commutation7SixSlot4push17h4c5ebbdba9431510E():
E:\m\robot\esc\rm32-sagcheck\binz\firmware50/src/commutation.rs:377
        self.sum = self.sum - self.slots[k] + i;
 8001b4e:	adds	r4, r0, r5
 8001b50:	subs	r4, r4, r6
 8001b52:	str	r4, [r1, #60]	@ 0x3c
E:\m\robot\esc\rm32-sagcheck\binz\firmware50/src/commutation.rs:378
        self.slots[k] = i;
 8001b54:	str	r5, [r2, #36]	@ 0x24
 8001b56:	ldr	r2, [pc, #384]	@ (8001cd8 <TIM16+0x3ec>)
_ZN10firmware505roots8com_root17he50bbd61549ff9d4E():
E:\m\robot\esc\rm32-sagcheck\binz\firmware50/src/roots.rs:1253
            let hold = if blank {
 8001b58:	cmp	r0, r2
 8001b5a:	bls.n	8001bd0 <TIM16+0x2e4>
 8001b5c:	movs	r0, #1
 8001b5e:	lsls	r2, r0, #12
 8001b60:	ldr	r3, [pc, #376]	@ (8001cdc <TIM16+0x3f0>)
_ZN4core3ptr14write_volatile17ha7224db381d562acE():
C:\Users\kaido\.rustup\toolchains\stable-x86_64-pc-windows-msvc\lib/rustlib/src/rust\library/core/src/ptr/mod.rs:2182
 8001b62:	str	r2, [r3, #0]
 8001b64:	lsls	r3, r0, #18
 8001b66:	ldr	r4, [pc, #328]	@ (8001cb0 <TIM16+0x3c4>)
_ZN4core3ptr13read_volatile17hd7f800fbfed10bfcE():
C:\Users\kaido\.rustup\toolchains\stable-x86_64-pc-windows-msvc\lib/rustlib/src/rust\library/core/src/ptr/mod.rs:2095
        intrinsics::volatile_load(src)
 8001b68:	ldr	r5, [r4, #0]
_RNvXslz_NtNtCshtjvQpOZWNm_4core3ops3bitmNtB6_12BitAndAssign13bitand_assign():
C:\Users\kaido\.rustup\toolchains\stable-x86_64-pc-windows-msvc\lib/rustlib/src/rust\library/core/src/ops/bit.rs:748
            fn bitand_assign(&mut self, other: $t) { *self &= other }
 8001b6a:	bics	r5, r3
_ZN4core3ptr14write_volatile17ha7224db381d562acE():
C:\Users\kaido\.rustup\toolchains\stable-x86_64-pc-windows-msvc\lib/rustlib/src/rust\library/core/src/ptr/mod.rs:2182
        intrinsics::volatile_store(dst, src);
 8001b6c:	str	r5, [r4, #0]
 8001b6e:	ldr	r4, [pc, #304]	@ (8001ca0 <TIM16+0x3b4>)
 8001b70:	str	r3, [r4, #12]
 8001b72:	str	r3, [r4, #16]
 8001b74:	ldr	r3, [pc, #316]	@ (8001cb4 <TIM16+0x3c8>)
 8001b76:	str	r2, [r3, #0]
_ZN15portable_atomic3imp9interrupt4arch7disable17h3ec6a546f52c6294E():
E:\m\robot\esc\rm32-sagcheck\binz\firmware50\ref\vendor\portable-atomic/src\imp\interrupt\armv6m.rs:34
        asm!(
 8001b78:	mrs	r2, PRIMASK
 8001b7c:	cpsid	i
_ZN4core3ptr4read17hba5936ac89bd43e0E():
C:\Users\kaido\.rustup\toolchains\stable-x86_64-pc-windows-msvc\lib/rustlib/src/rust\library/core/src/ptr/mod.rs:1721
        crate::intrinsics::read_via_copy(src)
 8001b7e:	ldr	r3, [r1, #24]
_RNvMs6_NtCshtjvQpOZWNm_4core3numm12wrapping_add():
C:\Users\kaido\.rustup\toolchains\stable-x86_64-pc-windows-msvc\lib/rustlib/src/rust\library/core/src/num/uint_macros.rs:2511
            intrinsics::wrapping_add(self, rhs)
 8001b80:	adds	r3, r3, #1
_ZN4core3ptr5write17h56903f5125280645E():
C:\Users\kaido\.rustup\toolchains\stable-x86_64-pc-windows-msvc\lib/rustlib/src/rust\library/core/src/ptr/mod.rs:1921
        intrinsics::write_via_move(dst, src)
 8001b82:	str	r3, [r1, #24]
_ZN15portable_atomic3imp9interrupt4arch7restore17hb2cf2f388bec0c55E():
E:\m\robot\esc\rm32-sagcheck\binz\firmware50\ref\vendor\portable-atomic/src\imp\interrupt\armv6m.rs:57
        asm!(
 8001b84:	msr	PRIMASK, r2
_ZN8cortex_m8register7primask8read_raw17h333d3f63d1702481E():
E:\m\robot\esc\rm32-sagcheck\binz\firmware50\ref\vendor\cortex-m/src\register\primask.rs:48
    unsafe { asm!("mrs {}, PRIMASK", out(reg) r, options(nomem, nostack, preserves_flags)) };
 8001b88:	mrs	r3, PRIMASK
_ZN8cortex_m9interrupt7disable17ha7fb2cbc4636a9e4E():
E:\m\robot\esc\rm32-sagcheck\binz\firmware50\ref\vendor\cortex-m/src\interrupt.rs:44
 8001b8c:	cpsid	i
 8001b8e:	movs	r2, #99	@ 0x63
 8001b90:	lsls	r2, r2, #2
_ZN4core4sync6atomic11atomic_load17h17ab246ece6b300dE():
C:\Users\kaido\.rustup\toolchains\stable-x86_64-pc-windows-msvc\lib/rustlib/src/rust\library/core/src/sync/atomic.rs:3904
 8001b92:	ldrb	r2, [r1, r2]
 8001b94:	ldrb	r4, [r1, #0]
_ZN10firmware505roots7com_arm28_$u7b$$u7b$closure$u7d$$u7d$17h5a0213b166f5f9a2E():
E:\m\robot\esc\rm32-sagcheck\binz\firmware50/src/roots.rs:1077
        if !crate::oneshot::arm_allowed(
 8001b96:	cmp	r4, #0
 8001b98:	beq.n	8001bca <TIM16+0x2de>
 8001b9a:	cmp	r2, #0
 8001b9c:	bne.n	8001bca <TIM16+0x2de>
 8001b9e:	movs	r2, #0
 8001ba0:	ldr	r6, [pc, #240]	@ (8001c94 <TIM16+0x3a8>)
_ZN4core3ptr14write_volatile17h8e3052fd7bb2629fE():
C:\Users\kaido\.rustup\toolchains\stable-x86_64-pc-windows-msvc\lib/rustlib/src/rust\library/core/src/ptr/mod.rs:2182
        intrinsics::volatile_store(dst, src);
 8001ba2:	str	r2, [r6, #12]
 8001ba4:	movs	r4, #255	@ 0xff
 8001ba6:	adds	r4, #24
_ZN4core3ptr13read_volatile17h8e268e68817c80b8E():
C:\Users\kaido\.rustup\toolchains\stable-x86_64-pc-windows-msvc\lib/rustlib/src/rust\library/core/src/ptr/mod.rs:2095
        intrinsics::volatile_load(src)
 8001ba8:	ldr	r5, [pc, #240]	@ (8001c9c <TIM16+0x3b0>)
 8001baa:	ldr	r5, [r5, #0]
_RNvMs6_NtCshtjvQpOZWNm_4core3numm12wrapping_add():
C:\Users\kaido\.rustup\toolchains\stable-x86_64-pc-windows-msvc\lib/rustlib/src/rust\library/core/src/num/uint_macros.rs:2511
 8001bac:	adds	r5, r5, r4
 8001bae:	adds	r5, r5, #1
_ZN10firmware505roots7com_arm28_$u7b$$u7b$closure$u7d$$u7d$17h5a0213b166f5f9a2E():
E:\m\robot\esc\rm32-sagcheck\binz\firmware50/src/roots.rs:1087
            .store(now_raw.wrapping_add(us) & 0xFFFF, Ordering::Relaxed);
 8001bb0:	uxth	r5, r5
_ZN4core4sync6atomic12atomic_store17hcc473a20273a503cE():
C:\Users\kaido\.rustup\toolchains\stable-x86_64-pc-windows-msvc\lib/rustlib/src/rust\library/core/src/sync/atomic.rs:3889
            Relaxed => intrinsics::atomic_store::<T, { AO::Relaxed }>(dst, val),
 8001bb2:	str	r5, [r1, #16]
 8001bb4:	movs	r5, #2
 8001bb6:	str	r5, [r1, #4]
 8001bb8:	movs	r1, #12
_ZN4core3ptr14write_volatile17h8e3052fd7bb2629fE():
C:\Users\kaido\.rustup\toolchains\stable-x86_64-pc-windows-msvc\lib/rustlib/src/rust\library/core/src/ptr/mod.rs:2182
        intrinsics::volatile_store(dst, src);
 8001bba:	str	r1, [r6, #0]
 8001bbc:	str	r4, [r6, #44]	@ 0x2c
 8001bbe:	str	r2, [r6, #36]	@ 0x24
 8001bc0:	str	r0, [r6, #20]
 8001bc2:	str	r2, [r6, #16]
 8001bc4:	str	r0, [r6, #12]
 8001bc6:	movs	r0, #13
 8001bc8:	str	r0, [r6, #0]
_ZN8cortex_m8register7primask9write_raw17h2d20d7724a20944bE():
E:\m\robot\esc\rm32-sagcheck\binz\firmware50\ref\vendor\cortex-m/src\register\primask.rs:67
    unsafe { asm!("msr PRIMASK, {}", in(reg) r, options(nomem, nostack, preserves_flags)) };
 8001bca:	msr	PRIMASK, r3
_RNvNtNtCshtjvQpOZWNm_4core4sync6atomic14compiler_fence():
C:\Users\kaido\.rustup\toolchains\stable-x86_64-pc-windows-msvc\lib/rustlib/src/rust\library/core/src/sync/atomic.rs:4468
    unsafe {
        match order {
            Acquire => intrinsics::atomic_singlethreadfence::<{ AO::Acquire }>(),
            Release => intrinsics::atomic_singlethreadfence::<{ AO::Release }>(),
            AcqRel => intrinsics::atomic_singlethreadfence::<{ AO::AcqRel }>(),
            SeqCst => intrinsics::atomic_singlethreadfence::<{ AO::SeqCst }>(),
 8001bce:	b.n	8001c82 <TIM16+0x396>
_ZN4core4sync6atomic11atomic_load17h94eed33ebba291bdE():
C:\Users\kaido\.rustup\toolchains\stable-x86_64-pc-windows-msvc\lib/rustlib/src/rust\library/core/src/sync/atomic.rs:3904
            Relaxed => intrinsics::atomic_load::<T, { AO::Relaxed }>(dst),
 8001bd0:	ldr	r0, [pc, #212]	@ (8001ca8 <TIM16+0x3bc>)
 8001bd2:	ldr	r0, [r0, #28]
_RNvMs5_NtCshtjvQpOZWNm_4core3numt12wrapping_sub():
C:\Users\kaido\.rustup\toolchains\stable-x86_64-pc-windows-msvc\lib/rustlib/src/rust\library/core/src/num/uint_macros.rs:2548
            intrinsics::wrapping_sub(self, rhs)
 8001bd4:	ldr	r2, [sp, #16]
 8001bd6:	subs	r0, r2, r0
_ZN10firmware505roots8com_root17he50bbd61549ff9d4E():
E:\m\robot\esc\rm32-sagcheck\binz\firmware50/src/roots.rs:1256
                let since = now_raw.wrapping_sub(S.det().accept_raw.load(Ordering::Relaxed) as u16) as u32;
 8001bd8:	uxth	r0, r0
_ZN10firmware5011commutation15blank_remaining17hd7a134da01b255f5E():
C:\Users\kaido\.rustup\toolchains\stable-x86_64-pc-windows-msvc\lib/rustlib/src/rust\library/core/src/num/uint_macros.rs:2399
            intrinsics::saturating_sub(self, rhs)
 8001bda:	subs	r5, r3, r0
 8001bdc:	bcs.n	8001be0 <TIM16+0x2f4>
_ZN10firmware505roots8com_root17he50bbd61549ff9d4E():
 8001bde:	movs	r5, #0
E:\m\robot\esc\rm32-sagcheck\binz\firmware50/src/roots.rs:1263
            } else if hold >= crate::commutation::BLANK_ARM_MIN_US {
 8001be0:	cmp	r5, #15
 8001be2:	bls.n	8001c84 <TIM16+0x398>
 8001be4:	movs	r3, #1
 8001be6:	lsls	r2, r3, #12
 8001be8:	str	r2, [sp, #20]
 8001bea:	ldr	r0, [pc, #240]	@ (8001cdc <TIM16+0x3f0>)
_ZN4core3ptr14write_volatile17ha7224db381d562acE():
C:\Users\kaido\.rustup\toolchains\stable-x86_64-pc-windows-msvc\lib/rustlib/src/rust\library/core/src/ptr/mod.rs:2182
 8001bec:	str	r2, [r0, #0]
 8001bee:	ldr	r0, [pc, #192]	@ (8001cb0 <TIM16+0x3c4>)
_ZN4core3ptr13read_volatile17hd7f800fbfed10bfcE():
C:\Users\kaido\.rustup\toolchains\stable-x86_64-pc-windows-msvc\lib/rustlib/src/rust\library/core/src/ptr/mod.rs:2095
        intrinsics::volatile_load(src)
 8001bf0:	ldr	r6, [r0, #0]
 8001bf2:	ldr	r2, [pc, #236]	@ (8001ce0 <TIM16+0x3f4>)
_RNvXslz_NtNtCshtjvQpOZWNm_4core3ops3bitmNtB6_12BitAndAssign13bitand_assign():
C:\Users\kaido\.rustup\toolchains\stable-x86_64-pc-windows-msvc\lib/rustlib/src/rust\library/core/src/ops/bit.rs:748
 8001bf4:	ands	r6, r2
_ZN4core3ptr14write_volatile17ha7224db381d562acE():
C:\Users\kaido\.rustup\toolchains\stable-x86_64-pc-windows-msvc\lib/rustlib/src/rust\library/core/src/ptr/mod.rs:2182
        intrinsics::volatile_store(dst, src);
 8001bf6:	str	r6, [r0, #0]
 8001bf8:	ldr	r6, [pc, #164]	@ (8001ca0 <TIM16+0x3b4>)
_ZN4core3ptr13read_volatile17hd7f800fbfed10bfcE():
C:\Users\kaido\.rustup\toolchains\stable-x86_64-pc-windows-msvc\lib/rustlib/src/rust\library/core/src/ptr/mod.rs:2095
        intrinsics::volatile_load(src)
 8001bfa:	ldr	r0, [r6, #0]
_RNvXslz_NtNtCshtjvQpOZWNm_4core3ops3bitmNtB6_12BitAndAssign13bitand_assign():
C:\Users\kaido\.rustup\toolchains\stable-x86_64-pc-windows-msvc\lib/rustlib/src/rust\library/core/src/ops/bit.rs:748
 8001bfc:	ands	r0, r2
 8001bfe:	ldr	r2, [sp, #24]
_ZN10firmware5011commutation4Step6rising17h63cd58873185a74dE():
E:\m\robot\esc\rm32-sagcheck\binz\firmware50/src/commutation.rs:82
        self.0 & 1 == 1
 8001c00:	mvns	r4, r2
_RNvXs4t_NtNtCshtjvQpOZWNm_4core3ops3bitmINtB6_3ShlhE3shl():
C:\Users\kaido\.rustup\toolchains\stable-x86_64-pc-windows-msvc\lib/rustlib/src/rust\library/core/src/ops/bit.rs:490
                self << other
 8001c02:	lsls	r4, r4, #31
 8001c04:	lsrs	r4, r4, #13
_RNvXslZ_NtNtCshtjvQpOZWNm_4core3ops3bitmNtB6_11BitOrAssign12bitor_assign():
C:\Users\kaido\.rustup\toolchains\stable-x86_64-pc-windows-msvc\lib/rustlib/src/rust\library/core/src/ops/bit.rs:823
            fn bitor_assign(&mut self, other: $t) { *self |= other }
 8001c06:	adds	r0, r0, r4
_ZN4core3ptr14write_volatile17ha7224db381d562acE():
C:\Users\kaido\.rustup\toolchains\stable-x86_64-pc-windows-msvc\lib/rustlib/src/rust\library/core/src/ptr/mod.rs:2182
        intrinsics::volatile_store(dst, src);
 8001c08:	str	r0, [r6, #0]
_ZN4core3ptr13read_volatile17hd7f800fbfed10bfcE():
C:\Users\kaido\.rustup\toolchains\stable-x86_64-pc-windows-msvc\lib/rustlib/src/rust\library/core/src/ptr/mod.rs:2095
        intrinsics::volatile_load(src)
 8001c0a:	ldr	r0, [r6, #4]
_RNvXslz_NtNtCshtjvQpOZWNm_4core3ops3bitmNtB6_12BitAndAssign13bitand_assign():
C:\Users\kaido\.rustup\toolchains\stable-x86_64-pc-windows-msvc\lib/rustlib/src/rust\library/core/src/ops/bit.rs:748
            fn bitand_assign(&mut self, other: $t) { *self &= other }
 8001c0c:	ldr	r4, [pc, #208]	@ (8001ce0 <TIM16+0x3f4>)
 8001c0e:	ands	r0, r4
_RNvXs4t_NtNtCshtjvQpOZWNm_4core3ops3bitmINtB6_3ShlhE3shl():
C:\Users\kaido\.rustup\toolchains\stable-x86_64-pc-windows-msvc\lib/rustlib/src/rust\library/core/src/ops/bit.rs:490
                self << other
 8001c10:	lsls	r2, r2, #31
 8001c12:	lsrs	r2, r2, #13
_RNvXslZ_NtNtCshtjvQpOZWNm_4core3ops3bitmNtB6_11BitOrAssign12bitor_assign():
C:\Users\kaido\.rustup\toolchains\stable-x86_64-pc-windows-msvc\lib/rustlib/src/rust\library/core/src/ops/bit.rs:823
            fn bitor_assign(&mut self, other: $t) { *self |= other }
 8001c14:	adds	r0, r0, r2
_ZN4core3ptr14write_volatile17ha7224db381d562acE():
C:\Users\kaido\.rustup\toolchains\stable-x86_64-pc-windows-msvc\lib/rustlib/src/rust\library/core/src/ptr/mod.rs:2182
        intrinsics::volatile_store(dst, src);
 8001c16:	str	r0, [r6, #4]
 8001c18:	str	r3, [sp, #24]
 8001c1a:	lsls	r0, r3, #18
 8001c1c:	str	r0, [r6, #12]
 8001c1e:	str	r0, [r6, #16]
 8001c20:	ldr	r0, [pc, #144]	@ (8001cb4 <TIM16+0x3c8>)
 8001c22:	ldr	r2, [sp, #20]
 8001c24:	str	r2, [r0, #0]
_ZN15portable_atomic3imp9interrupt4arch7disable17h3ec6a546f52c6294E():
E:\m\robot\esc\rm32-sagcheck\binz\firmware50\ref\vendor\portable-atomic/src\imp\interrupt\armv6m.rs:34
        asm!(
 8001c26:	mrs	r0, PRIMASK
 8001c2a:	cpsid	i
_ZN4core3ptr4read17hba5936ac89bd43e0E():
C:\Users\kaido\.rustup\toolchains\stable-x86_64-pc-windows-msvc\lib/rustlib/src/rust\library/core/src/ptr/mod.rs:1721
        crate::intrinsics::read_via_copy(src)
 8001c2c:	ldr	r2, [r1, #24]
_RNvMs6_NtCshtjvQpOZWNm_4core3numm12wrapping_add():
C:\Users\kaido\.rustup\toolchains\stable-x86_64-pc-windows-msvc\lib/rustlib/src/rust\library/core/src/num/uint_macros.rs:2511
            intrinsics::wrapping_add(self, rhs)
 8001c2e:	adds	r2, r2, #1
_ZN4core3ptr5write17h56903f5125280645E():
C:\Users\kaido\.rustup\toolchains\stable-x86_64-pc-windows-msvc\lib/rustlib/src/rust\library/core/src/ptr/mod.rs:1921
        intrinsics::write_via_move(dst, src)
 8001c30:	str	r2, [r1, #24]
_ZN15portable_atomic3imp9interrupt4arch7restore17hb2cf2f388bec0c55E():
E:\m\robot\esc\rm32-sagcheck\binz\firmware50\ref\vendor\portable-atomic/src\imp\interrupt\armv6m.rs:57
        asm!(
 8001c32:	msr	PRIMASK, r0
_ZN8cortex_m8register7primask8read_raw17h333d3f63d1702481E():
E:\m\robot\esc\rm32-sagcheck\binz\firmware50\ref\vendor\cortex-m/src\register\primask.rs:48
    unsafe { asm!("mrs {}, PRIMASK", out(reg) r, options(nomem, nostack, preserves_flags)) };
 8001c36:	mrs	r0, PRIMASK
_ZN8cortex_m9interrupt7disable17ha7fb2cbc4636a9e4E():
E:\m\robot\esc\rm32-sagcheck\binz\firmware50\ref\vendor\cortex-m/src\interrupt.rs:44
 8001c3a:	cpsid	i
 8001c3c:	movs	r2, #99	@ 0x63
 8001c3e:	lsls	r2, r2, #2
_ZN4core4sync6atomic11atomic_load17h17ab246ece6b300dE():
C:\Users\kaido\.rustup\toolchains\stable-x86_64-pc-windows-msvc\lib/rustlib/src/rust\library/core/src/sync/atomic.rs:3904
 8001c40:	ldrb	r2, [r1, r2]
 8001c42:	ldrb	r4, [r1, #0]
_ZN10firmware505roots7com_arm28_$u7b$$u7b$closure$u7d$$u7d$17h5a0213b166f5f9a2E():
E:\m\robot\esc\rm32-sagcheck\binz\firmware50/src/roots.rs:1077
        if !crate::oneshot::arm_allowed(
 8001c44:	cmp	r4, #0
 8001c46:	beq.n	8001c7e <TIM16+0x392>
 8001c48:	cmp	r2, #0
 8001c4a:	bne.n	8001c7e <TIM16+0x392>
 8001c4c:	movs	r3, #0
 8001c4e:	ldr	r4, [pc, #68]	@ (8001c94 <TIM16+0x3a8>)
_ZN4core3ptr14write_volatile17h8e3052fd7bb2629fE():
C:\Users\kaido\.rustup\toolchains\stable-x86_64-pc-windows-msvc\lib/rustlib/src/rust\library/core/src/ptr/mod.rs:2182
        intrinsics::volatile_store(dst, src);
 8001c50:	str	r3, [r4, #12]
_ZN4core3ptr13read_volatile17h8e268e68817c80b8E():
C:\Users\kaido\.rustup\toolchains\stable-x86_64-pc-windows-msvc\lib/rustlib/src/rust\library/core/src/ptr/mod.rs:2095
        intrinsics::volatile_load(src)
 8001c52:	ldr	r2, [pc, #72]	@ (8001c9c <TIM16+0x3b0>)
 8001c54:	ldr	r2, [r2, #0]
_RNvMs6_NtCshtjvQpOZWNm_4core3numm12wrapping_add():
C:\Users\kaido\.rustup\toolchains\stable-x86_64-pc-windows-msvc\lib/rustlib/src/rust\library/core/src/num/uint_macros.rs:2511
 8001c56:	adds	r2, r2, r5
_ZN10firmware505roots7com_arm28_$u7b$$u7b$closure$u7d$$u7d$17h5a0213b166f5f9a2E():
E:\m\robot\esc\rm32-sagcheck\binz\firmware50/src/roots.rs:1087
            .store(now_raw.wrapping_add(us) & 0xFFFF, Ordering::Relaxed);
 8001c58:	uxth	r2, r2
_ZN4core4sync6atomic12atomic_store17hcc473a20273a503cE():
C:\Users\kaido\.rustup\toolchains\stable-x86_64-pc-windows-msvc\lib/rustlib/src/rust\library/core/src/sync/atomic.rs:3889
            Relaxed => intrinsics::atomic_store::<T, { AO::Relaxed }>(dst, val),
 8001c5a:	str	r2, [r1, #16]
 8001c5c:	ldr	r2, [sp, #12]
 8001c5e:	str	r2, [r1, #4]
 8001c60:	movs	r1, #12
_ZN4core3ptr14write_volatile17h8e3052fd7bb2629fE():
C:\Users\kaido\.rustup\toolchains\stable-x86_64-pc-windows-msvc\lib/rustlib/src/rust\library/core/src/ptr/mod.rs:2182
        intrinsics::volatile_store(dst, src);
 8001c62:	str	r1, [r4, #0]
 8001c64:	ldr	r1, [pc, #124]	@ (8001ce4 <TIM16+0x3f8>)
_ZN10firmware505roots7com_arm17h23d5033652b0582cE():
E:\m\robot\esc\rm32-sagcheck\binz\firmware50/src/roots.rs:1041
    } else if us > 0xFFFF {
 8001c66:	cmp	r5, r1
 8001c68:	bcc.n	8001c6c <TIM16+0x380>
 8001c6a:	mov	r5, r1
 8001c6c:	subs	r1, r5, #1
_ZN4core3ptr14write_volatile17h8e3052fd7bb2629fE():
C:\Users\kaido\.rustup\toolchains\stable-x86_64-pc-windows-msvc\lib/rustlib/src/rust\library/core/src/ptr/mod.rs:2182
 8001c6e:	str	r1, [r4, #44]	@ 0x2c
 8001c70:	str	r3, [r4, #36]	@ 0x24
 8001c72:	ldr	r1, [sp, #24]
 8001c74:	str	r1, [r4, #20]
 8001c76:	str	r3, [r4, #16]
 8001c78:	str	r1, [r4, #12]
 8001c7a:	movs	r1, #13
 8001c7c:	str	r1, [r4, #0]
_ZN8cortex_m8register7primask9write_raw17h2d20d7724a20944bE():
E:\m\robot\esc\rm32-sagcheck\binz\firmware50\ref\vendor\cortex-m/src\register\primask.rs:67
    unsafe { asm!("msr PRIMASK, {}", in(reg) r, options(nomem, nostack, preserves_flags)) };
 8001c7e:	msr	PRIMASK, r0
_ZN10firmware505roots8com_root17he50bbd61549ff9d4E():
 8001c82:	b.n	8001c8e <TIM16+0x3a2>
 8001c84:	movs	r0, #0
_ZN4core4sync6atomic12atomic_store17hcc473a20273a503cE():
C:\Users\kaido\.rustup\toolchains\stable-x86_64-pc-windows-msvc\lib/rustlib/src/rust\library/core/src/sync/atomic.rs:3889
 8001c86:	str	r0, [r1, #4]
_ZN10firmware505roots8com_root17he50bbd61549ff9d4E():
E:\m\robot\esc\rm32-sagcheck\binz\firmware50/src/roots.rs:1270
                comp_exti_arm(step);
 8001c88:	ldr	r0, [sp, #24]
 8001c8a:	bl	8000d34 <_ZN10firmware505roots13comp_exti_arm17hd3eb08a40ffd3698E>
TIM16():
E:\m\robot\esc\rm32-sagcheck\binz\firmware50/bin/shell-pwm.rs:115
 8001c8e:	add	sp, #28
 8001c90:	pop	{r4, r5, r6, r7, pc}
 8001c92:	nop			@ (mov r8, r8)
 8001c94:	.word	0x40014400
 8001c98:	.word	0x20000000
 8001c9c:	.word	0x40014824
 8001ca0:	.word	0x40021800
 8001ca4:	.word	0x200002bc
 8001ca8:	.word	0x20000194
 8001cac:	.word	0x20000270
 8001cb0:	.word	0x40021880
 8001cb4:	.word	0xe000e280
 8001cb8:	.word	0xe000e100
 8001cbc:	.word	0x40012c18
 8001cc0:	.word	0x40010204
 8001cc4:	.word	0x08009ef4
 8001cc8:	.word	0x0800acec
 8001ccc:	.word	0x000005c3
 8001cd0:	.word	0x00fdbfd4
 8001cd4:	.word	0x000f4240
 8001cd8:	.word	0x00001191
 8001cdc:	.word	0xe000e180
 8001ce0:	.word	0xfffbffff
 8001ce4:	.word	0x0000ffff

; ===================== _ZN10firmware505roots13comp_exti_arm17hd3eb08a40ffd3698E =====================
<_ZN10firmware505roots13comp_exti_arm17hd3eb08a40ffd3698E>:
_ZN10firmware505roots13comp_exti_arm17hd3eb08a40ffd3698E():
E:\m\robot\esc\rm32-sagcheck\binz\firmware50/src/roots.rs:1469
/// pending flags, then unmask. Clearing *after* selecting is what discards the
/// transition the mux change itself produced --
/// `binz/examples/support/comp_input.rs` calls `clear_pending()` right after
/// the mux write for exactly this reason, noting that a newly selected phase
/// already past its crossing would otherwise latch a stale event.
pub fn comp_exti_arm(step: Step) {
 8000d34:	push	{r4, r5, r6, r7, lr}
 8000d36:	add	r7, sp, #12
 8000d38:	sub	sp, #8
 8000d3a:	movs	r3, #1
 8000d3c:	lsls	r2, r3, #12
 8000d3e:	ldr	r1, [pc, #140]	@ (8000dcc <_ZN10firmware505roots13comp_exti_arm17hd3eb08a40ffd3698E+0x98>)
 8000d40:	str	r2, [sp, #0]
_ZN4core3ptr14write_volatile17ha7224db381d562acE():
C:\Users\kaido\.rustup\toolchains\stable-x86_64-pc-windows-msvc\lib/rustlib/src/rust\library/core/src/ptr/mod.rs:2182
            (
                addr: *mut () = dst as *mut (),
                align: usize = align_of::<T>(),
            ) => ub_checks::maybe_is_aligned(addr, align)
        );
        intrinsics::volatile_store(dst, src);
 8000d42:	str	r2, [r1, #0]
 8000d44:	ldr	r4, [pc, #136]	@ (8000dd0 <_ZN10firmware505roots13comp_exti_arm17hd3eb08a40ffd3698E+0x9c>)
_ZN4core3ptr13read_volatile17hd7f800fbfed10bfcE():
C:\Users\kaido\.rustup\toolchains\stable-x86_64-pc-windows-msvc\lib/rustlib/src/rust\library/core/src/ptr/mod.rs:2095
        intrinsics::volatile_load(src)
 8000d46:	ldr	r1, [r4, #0]
 8000d48:	ldr	r2, [pc, #136]	@ (8000dd4 <_ZN10firmware505roots13comp_exti_arm17hd3eb08a40ffd3698E+0xa0>)
_RNvXslz_NtNtCshtjvQpOZWNm_4core3ops3bitmNtB6_12BitAndAssign13bitand_assign():
C:\Users\kaido\.rustup\toolchains\stable-x86_64-pc-windows-msvc\lib/rustlib/src/rust\library/core/src/ops/bit.rs:748
    ($($t:ty)+) => ($(
        #[stable(feature = "op_assign_traits", since = "1.8.0")]
        #[rustc_const_unstable(feature = "const_ops", issue = "143802")]
        impl const BitAndAssign for $t {
            #[inline]
            fn bitand_assign(&mut self, other: $t) { *self &= other }
 8000d4a:	ands	r1, r2
_ZN4core3ptr14write_volatile17ha7224db381d562acE():
C:\Users\kaido\.rustup\toolchains\stable-x86_64-pc-windows-msvc\lib/rustlib/src/rust\library/core/src/ptr/mod.rs:2182
        intrinsics::volatile_store(dst, src);
 8000d4c:	str	r1, [r4, #0]
 8000d4e:	ldr	r4, [pc, #136]	@ (8000dd8 <_ZN10firmware505roots13comp_exti_arm17hd3eb08a40ffd3698E+0xa4>)
_ZN4core3ptr13read_volatile17hd7f800fbfed10bfcE():
C:\Users\kaido\.rustup\toolchains\stable-x86_64-pc-windows-msvc\lib/rustlib/src/rust\library/core/src/ptr/mod.rs:2095
        intrinsics::volatile_load(src)
 8000d50:	ldr	r1, [r4, #0]
_RNvXslz_NtNtCshtjvQpOZWNm_4core3ops3bitmNtB6_12BitAndAssign13bitand_assign():
C:\Users\kaido\.rustup\toolchains\stable-x86_64-pc-windows-msvc\lib/rustlib/src/rust\library/core/src/ops/bit.rs:748
 8000d52:	ands	r1, r2
 8000d54:	mvns	r5, r0
_RNvXs4t_NtNtCshtjvQpOZWNm_4core3ops3bitmINtB6_3ShlhE3shl():
C:\Users\kaido\.rustup\toolchains\stable-x86_64-pc-windows-msvc\lib/rustlib/src/rust\library/core/src/ops/bit.rs:490
                self << other
 8000d56:	lsls	r5, r5, #31
 8000d58:	lsrs	r5, r5, #13
_RNvXslZ_NtNtCshtjvQpOZWNm_4core3ops3bitmNtB6_11BitOrAssign12bitor_assign():
C:\Users\kaido\.rustup\toolchains\stable-x86_64-pc-windows-msvc\lib/rustlib/src/rust\library/core/src/ops/bit.rs:823
    ($($t:ty)+) => ($(
        #[stable(feature = "op_assign_traits", since = "1.8.0")]
        #[rustc_const_unstable(feature = "const_ops", issue = "143802")]
        impl const BitOrAssign for $t {
            #[inline]
            fn bitor_assign(&mut self, other: $t) { *self |= other }
 8000d5a:	adds	r1, r1, r5
_ZN4core3ptr14write_volatile17ha7224db381d562acE():
C:\Users\kaido\.rustup\toolchains\stable-x86_64-pc-windows-msvc\lib/rustlib/src/rust\library/core/src/ptr/mod.rs:2182
        intrinsics::volatile_store(dst, src);
 8000d5c:	str	r1, [r4, #0]
_ZN4core3ptr13read_volatile17hd7f800fbfed10bfcE():
C:\Users\kaido\.rustup\toolchains\stable-x86_64-pc-windows-msvc\lib/rustlib/src/rust\library/core/src/ptr/mod.rs:2095
        intrinsics::volatile_load(src)
 8000d5e:	ldr	r1, [r4, #4]
_RNvXslz_NtNtCshtjvQpOZWNm_4core3ops3bitmNtB6_12BitAndAssign13bitand_assign():
C:\Users\kaido\.rustup\toolchains\stable-x86_64-pc-windows-msvc\lib/rustlib/src/rust\library/core/src/ops/bit.rs:748
            fn bitand_assign(&mut self, other: $t) { *self &= other }
 8000d60:	ands	r1, r2
_RNvXs4t_NtNtCshtjvQpOZWNm_4core3ops3bitmINtB6_3ShlhE3shl():
C:\Users\kaido\.rustup\toolchains\stable-x86_64-pc-windows-msvc\lib/rustlib/src/rust\library/core/src/ops/bit.rs:490
                self << other
 8000d62:	lsls	r0, r0, #31
 8000d64:	lsrs	r0, r0, #13
_RNvXslZ_NtNtCshtjvQpOZWNm_4core3ops3bitmNtB6_11BitOrAssign12bitor_assign():
C:\Users\kaido\.rustup\toolchains\stable-x86_64-pc-windows-msvc\lib/rustlib/src/rust\library/core/src/ops/bit.rs:823
            fn bitor_assign(&mut self, other: $t) { *self |= other }
 8000d66:	adds	r0, r1, r0
_ZN4core3ptr14write_volatile17ha7224db381d562acE():
C:\Users\kaido\.rustup\toolchains\stable-x86_64-pc-windows-msvc\lib/rustlib/src/rust\library/core/src/ptr/mod.rs:2182
        intrinsics::volatile_store(dst, src);
 8000d68:	str	r0, [r4, #4]
 8000d6a:	lsls	r3, r3, #18
 8000d6c:	str	r3, [r4, #12]
 8000d6e:	str	r3, [r4, #16]
_ZN8cortex_m8register7primask8read_raw17h333d3f63d1702481E():
E:\m\robot\esc\rm32-sagcheck\binz\firmware50\ref\vendor\cortex-m/src\register\primask.rs:48
/// Note that bits `[31:1]` are reserved and UNK (Unknown)
#[inline]
#[asm_cfg(cortex_m)]
pub fn read_raw() -> u32 {
    let r: u32;
    unsafe { asm!("mrs {}, PRIMASK", out(reg) r, options(nomem, nostack, preserves_flags)) };
 8000d70:	mrs	r0, PRIMASK
_ZN8cortex_m9interrupt7disable17ha7fb2cbc4636a9e4E():
E:\m\robot\esc\rm32-sagcheck\binz\firmware50\ref\vendor\cortex-m/src\interrupt.rs:44

/// Disables all interrupts
#[inline]
#[asm_cfg(cortex_m)]
pub fn disable() {
    unsafe { asm!("cpsid i", options(nomem, nostack, preserves_flags)) };
 8000d74:	str	r0, [sp, #4]
 8000d76:	cpsid	i
_ZN4core4sync6atomic11atomic_load17he14eda82193241b5E():
C:\Users\kaido\.rustup\toolchains\stable-x86_64-pc-windows-msvc\lib/rustlib/src/rust\library/core/src/sync/atomic.rs:3904
#[cfg_attr(miri, track_caller)] // even without panics, this helps for Miri backtraces
unsafe fn atomic_load<T: Copy>(dst: *const T, order: Ordering) -> T {
    // SAFETY: the caller must uphold the safety contract for `atomic_load`.
    unsafe {
        match order {
            Relaxed => intrinsics::atomic_load::<T, { AO::Relaxed }>(dst),
 8000d78:	ldr	r0, [pc, #96]	@ (8000ddc <_ZN10firmware505roots13comp_exti_arm17hd3eb08a40ffd3698E+0xa8>)
 8000d7a:	ldr	r4, [r0, #4]
_ZN4core4sync6atomic11atomic_load17h3bc5d1ff390eadb3E():
C:\Users\kaido\.rustup\toolchains\stable-x86_64-pc-windows-msvc\lib/rustlib/src/rust\library/core/src/sync/atomic.rs:3904
 8000d7c:	ldr	r0, [pc, #96]	@ (8000de0 <_ZN10firmware505roots13comp_exti_arm17hd3eb08a40ffd3698E+0xac>)
 8000d7e:	ldrb	r0, [r0, #0]
 8000d80:	ldr	r1, [pc, #96]	@ (8000de4 <_ZN10firmware505roots13comp_exti_arm17hd3eb08a40ffd3698E+0xb0>)
 8000d82:	ldrb	r5, [r1, #0]
 8000d84:	movs	r1, #99	@ 0x63
 8000d86:	lsls	r1, r1, #2
 8000d88:	ldr	r6, [pc, #92]	@ (8000de8 <_ZN10firmware505roots13comp_exti_arm17hd3eb08a40ffd3698E+0xb4>)
 8000d8a:	ldrb	r2, [r6, r1]
 8000d8c:	ldrb	r1, [r6, #0]
_ZN4core4sync6atomic11atomic_load17he14eda82193241b5E():
C:\Users\kaido\.rustup\toolchains\stable-x86_64-pc-windows-msvc\lib/rustlib/src/rust\library/core/src/sync/atomic.rs:3904
 8000d8e:	ldr	r6, [r6, #4]
_ZN10firmware507oneshot25comparator_resume_allowed17hd171db000154b599E():
E:\m\robot\esc\rm32-sagcheck\binz\firmware50/src/oneshot.rs:83
/// Closed-loop blanking takes precedence over the driven acquisition owner.
#[inline(always)]
pub const fn comparator_resume_allowed(
    guard: u32, detector: bool, driven: bool, stopped: bool, active: bool, phase: u32,
) -> bool {
    guard == 0 && if detector { arm_allowed(stopped, active) && phase == 0 } else { driven }
 8000d90:	cmp	r4, #0
 8000d92:	bne.n	8000da6 <_ZN10firmware505roots13comp_exti_arm17hd3eb08a40ffd3698E+0x72>
 8000d94:	cmp	r0, #0
 8000d96:	beq.n	8000da6 <_ZN10firmware505roots13comp_exti_arm17hd3eb08a40ffd3698E+0x72>
_ZN10firmware505roots19comp_resume_powered28_$u7b$$u7b$closure$u7d$$u7d$17hc30488e8679da144E():
E:\m\robot\esc\rm32-sagcheck\binz\firmware50/src/roots.rs:1480

/// Resume only the powered owner; stop and blanking checks share the write mask.
#[inline(always)]
pub fn comp_resume_powered() -> bool {
    cortex_m::interrupt::free(|_| {
        if crate::oneshot::comparator_resume_allowed(
 8000d98:	cmp	r1, #0
 8000d9a:	beq.n	8000dc0 <_ZN10firmware505roots13comp_exti_arm17hd3eb08a40ffd3698E+0x8c>
 8000d9c:	cmp	r2, #0
 8000d9e:	bne.n	8000dc0 <_ZN10firmware505roots13comp_exti_arm17hd3eb08a40ffd3698E+0x8c>
 8000da0:	cmp	r6, #0
 8000da2:	beq.n	8000dae <_ZN10firmware505roots13comp_exti_arm17hd3eb08a40ffd3698E+0x7a>
 8000da4:	b.n	8000dc0 <_ZN10firmware505roots13comp_exti_arm17hd3eb08a40ffd3698E+0x8c>
 8000da6:	cmp	r4, #0
 8000da8:	bne.n	8000dc0 <_ZN10firmware505roots13comp_exti_arm17hd3eb08a40ffd3698E+0x8c>
 8000daa:	cmp	r5, #0
 8000dac:	beq.n	8000dc0 <_ZN10firmware505roots13comp_exti_arm17hd3eb08a40ffd3698E+0x8c>
 8000dae:	ldr	r1, [pc, #32]	@ (8000dd0 <_ZN10firmware505roots13comp_exti_arm17hd3eb08a40ffd3698E+0x9c>)
_ZN4core3ptr13read_volatile17hd7f800fbfed10bfcE():
C:\Users\kaido\.rustup\toolchains\stable-x86_64-pc-windows-msvc\lib/rustlib/src/rust\library/core/src/ptr/mod.rs:2095
        intrinsics::volatile_load(src)
 8000db0:	ldr	r0, [r1, #0]
_RNvXslZ_NtNtCshtjvQpOZWNm_4core3ops3bitmNtB6_11BitOrAssign12bitor_assign():
C:\Users\kaido\.rustup\toolchains\stable-x86_64-pc-windows-msvc\lib/rustlib/src/rust\library/core/src/ops/bit.rs:823
 8000db2:	orrs	r0, r3
_ZN4core3ptr14write_volatile17ha7224db381d562acE():
C:\Users\kaido\.rustup\toolchains\stable-x86_64-pc-windows-msvc\lib/rustlib/src/rust\library/core/src/ptr/mod.rs:2182
        intrinsics::volatile_store(dst, src);
 8000db4:	str	r0, [r1, #0]
 8000db6:	ldr	r0, [pc, #52]	@ (8000dec <_ZN10firmware505roots13comp_exti_arm17hd3eb08a40ffd3698E+0xb8>)
 8000db8:	ldr	r1, [sp, #0]
 8000dba:	str	r1, [r0, #0]
 8000dbc:	ldr	r0, [pc, #48]	@ (8000df0 <_ZN10firmware505roots13comp_exti_arm17hd3eb08a40ffd3698E+0xbc>)
 8000dbe:	str	r1, [r0, #0]
_ZN8cortex_m8register7primask9write_raw17h2d20d7724a20944bE():
E:\m\robot\esc\rm32-sagcheck\binz\firmware50\ref\vendor\cortex-m/src\register\primask.rs:67
#[inline]
#[asm_cfg(cortex_m)]
pub unsafe fn write_raw(r: u32) {
    // Ensure no preceeding memory accesses are reordered to after interrupts are possibly enabled.
    compiler_fence(Ordering::SeqCst);
    unsafe { asm!("msr PRIMASK, {}", in(reg) r, options(nomem, nostack, preserves_flags)) };
 8000dc0:	ldr	r0, [sp, #4]
 8000dc2:	msr	PRIMASK, r0
_ZN10firmware505roots13comp_exti_arm17hd3eb08a40ffd3698E():
E:\m\robot\esc\rm32-sagcheck\binz\firmware50/src/roots.rs:1474
}
 8000dc6:	add	sp, #8
 8000dc8:	pop	{r4, r5, r6, r7, pc}
 8000dca:	nop			@ (mov r8, r8)
 8000dcc:	.word	0xe000e180
 8000dd0:	.word	0x40021880
 8000dd4:	.word	0xfffbffff
 8000dd8:	.word	0x40021800
 8000ddc:	.word	0x200002bc
 8000de0:	.word	0x20000194
 8000de4:	.word	0x20000270
 8000de8:	.word	0x20000000
 8000dec:	.word	0xe000e280
 8000df0:	.word	0xe000e100
