; AM32 G071 reference ISR: TIM16 -- commutation one-shot
; ELF 7450FE24.env37-adv18-cap725-qual.elf  sha256 7450fe2404c7f074595681d76a7b18d4a9fb3c3db3adb6d93efa532c2dbc19c1
; objdump -d -S -l, call tree walked to depth 6
;
; call tree (function: instructions, size bytes -> callees)
;   TIM16: 368 insns, 804 B -> _ZN10firmware505roots13comp_exti_arm17hd3eb08a40ffd3698E
;     _ZN10firmware505roots13comp_exti_arm17hd3eb08a40ffd3698E: 84 insns, 192 B
;

; ===================== TIM16 =====================
<TIM16>:
TIM16():
E:\m\robot\esc\rm32-sagcheck\binz\firmware50/bin/shell-pwm.rs:115
use stm32g0xx_hal::stm32;
use stm32g0xx_hal::stm32::interrupt;

/// TIM16 one-shot commutation: `firmware50::roots::com_root`, recording
/// nothing (`NoChain`).
#[interrupt]
 80019ac:	push	{r4, r5, r6, r7, lr}
 80019ae:	add	r7, sp, #12
 80019b0:	sub	sp, #28
 80019b2:	ldr	r2, [pc, #720]	@ (8001c84 <TIM16+0x2d8>)
 80019b4:	movs	r5, #0
_ZN4core3ptr14write_volatile17h8e3052fd7bb2629fE():
C:\Users\kaido\.rustup\toolchains\stable-x86_64-pc-windows-msvc\lib/rustlib/src/rust\library/core/src/ptr/mod.rs:2182
            (
                addr: *mut () = dst as *mut (),
                align: usize = align_of::<T>(),
            ) => ub_checks::maybe_is_aligned(addr, align)
        );
        intrinsics::volatile_store(dst, src);
 80019b6:	str	r5, [r2, #16]
_ZN4core4sync6atomic11atomic_load17h17ab246ece6b300dE():
C:\Users\kaido\.rustup\toolchains\stable-x86_64-pc-windows-msvc\lib/rustlib/src/rust\library/core/src/sync/atomic.rs:3904
#[cfg_attr(miri, track_caller)] // even without panics, this helps for Miri backtraces
unsafe fn atomic_load<T: Copy>(dst: *const T, order: Ordering) -> T {
    // SAFETY: the caller must uphold the safety contract for `atomic_load`.
    unsafe {
        match order {
            Relaxed => intrinsics::atomic_load::<T, { AO::Relaxed }>(dst),
 80019b8:	ldr	r1, [pc, #716]	@ (8001c88 <TIM16+0x2dc>)
 80019ba:	ldrb	r0, [r1, #0]
_ZN10firmware505roots8com_root17he50bbd61549ff9d4E():
E:\m\robot\esc\rm32-sagcheck\binz\firmware50/src/roots.rs:1194
#[inline(always)]
pub unsafe fn com_root<C: ChainLog>() {
    // SAFETY: the caller is the TIM16 handler (this fn's contract).
    let mut at = unsafe { Root::<Motor>::enter() };
    hw::com_timer::ack();
    if !S.com().active.load(Ordering::Relaxed) {
 80019bc:	cmp	r0, #0
 80019be:	beq.n	8001a42 <TIM16+0x96>
 80019c0:	ldr	r0, [pc, #712]	@ (8001c8c <TIM16+0x2e0>)
_ZN4core3ptr13read_volatile17h8e268e68817c80b8E():
C:\Users\kaido\.rustup\toolchains\stable-x86_64-pc-windows-msvc\lib/rustlib/src/rust\library/core/src/ptr/mod.rs:2095
        intrinsics::volatile_load(src)
 80019c2:	ldr	r3, [r0, #0]
_ZN4core4sync6atomic11atomic_load17h94eed33ebba291bdE():
C:\Users\kaido\.rustup\toolchains\stable-x86_64-pc-windows-msvc\lib/rustlib/src/rust\library/core/src/sync/atomic.rs:3904
 80019c4:	ldr	r0, [r1, #16]
_RNvMs5_NtCshtjvQpOZWNm_4core3numt12wrapping_sub():
C:\Users\kaido\.rustup\toolchains\stable-x86_64-pc-windows-msvc\lib/rustlib/src/rust\library/core/src/num/uint_macros.rs:2548
        #[rustc_const_stable(feature = "const_wrapping_math", since = "1.32.0")]
        #[must_use = "this returns the result of the operation, \
                      without modifying the original"]
        #[inline(always)]
        pub const fn wrapping_sub(self, rhs: Self) -> Self {
            intrinsics::wrapping_sub(self, rhs)
 80019c6:	subs	r0, r3, r0
 80019c8:	sxth	r2, r0
_ZN10firmware505roots8com_root17he50bbd61549ff9d4E():
E:\m\robot\esc\rm32-sagcheck\binz\firmware50/src/roots.rs:1201
        return;
    }
    let preempted = count_preempt::<C>();
    let now_raw = hw::clock::raw();
    let late = now_raw.wrapping_sub(S.com().sched_raw.load(Ordering::Relaxed) as u16) as u32;
    if late < 0x8000 && late > S.com().late_max.load(Ordering::Relaxed) {
 80019ca:	cmp	r2, #0
 80019cc:	bmi.n	80019d8 <TIM16+0x2c>
 80019ce:	uxth	r0, r0
_ZN4core4sync6atomic11atomic_load17h94eed33ebba291bdE():
C:\Users\kaido\.rustup\toolchains\stable-x86_64-pc-windows-msvc\lib/rustlib/src/rust\library/core/src/sync/atomic.rs:3904
 80019d0:	ldr	r2, [r1, #20]
_ZN10firmware505roots8com_root17he50bbd61549ff9d4E():
E:\m\robot\esc\rm32-sagcheck\binz\firmware50/src/roots.rs:1201
 80019d2:	cmp	r2, r0
 80019d4:	bcs.n	80019d8 <TIM16+0x2c>
_ZN4core4sync6atomic12atomic_store17hcc473a20273a503cE():
C:\Users\kaido\.rustup\toolchains\stable-x86_64-pc-windows-msvc\lib/rustlib/src/rust\library/core/src/sync/atomic.rs:3889
            Relaxed => intrinsics::atomic_store::<T, { AO::Relaxed }>(dst, val),
 80019d6:	str	r0, [r1, #20]
_ZN4core4sync6atomic11atomic_load17h94eed33ebba291bdE():
C:\Users\kaido\.rustup\toolchains\stable-x86_64-pc-windows-msvc\lib/rustlib/src/rust\library/core/src/sync/atomic.rs:3904
            Relaxed => intrinsics::atomic_load::<T, { AO::Relaxed }>(dst),
 80019d8:	ldr	r0, [r1, #4]
_ZN10firmware505roots8com_root17he50bbd61549ff9d4E():
E:\m\robot\esc\rm32-sagcheck\binz\firmware50/src/roots.rs:1207
        S.com().late_max.store(late, Ordering::Relaxed);
    }
    // The chain's service row (E154), pushed at the end; see `crate::chain`.
    let phase = S.com().phase.load(Ordering::Relaxed);
    let mut bridge = 0u16;
    match phase {
 80019da:	cmp	r0, #1
 80019dc:	beq.n	8001a60 <TIM16+0xb4>
 80019de:	cmp	r0, #2
 80019e0:	beq.n	8001a48 <TIM16+0x9c>
 80019e2:	cmp	r0, #3
 80019e4:	beq.n	80019e8 <TIM16+0x3c>
 80019e6:	b.n	8001c7e <TIM16+0x2d2>
_ZN4core4sync6atomic12atomic_store17hcc473a20273a503cE():
C:\Users\kaido\.rustup\toolchains\stable-x86_64-pc-windows-msvc\lib/rustlib/src/rust\library/core/src/sync/atomic.rs:3889
            Relaxed => intrinsics::atomic_store::<T, { AO::Relaxed }>(dst, val),
 80019e8:	str	r5, [r1, #4]
 80019ea:	ldr	r0, [pc, #676]	@ (8001c90 <TIM16+0x2e4>)
_ZN4core3ptr13read_volatile17h8e268e68817c80b8E():
C:\Users\kaido\.rustup\toolchains\stable-x86_64-pc-windows-msvc\lib/rustlib/src/rust\library/core/src/ptr/mod.rs:2095
 80019ec:	ldr	r2, [r0, #12]
 80019ee:	ldr	r0, [r0, #16]
_ZN10firmware502hw4comp7pending17hcdf85c006a40f8b9E():
E:\m\robot\esc\rm32-sagcheck\binz\firmware50/src\hw/comp.rs:127
    // Both registers read every time, as the pre-E113 code did (E128): the
    // short-circuit `||` this replaced changed the level revisit's
    // critical-section timing.
    let rising = e.rpr1().read().rpif18().bit_is_set();
    let falling = e.fpr1().read().fpif18().bit_is_set();
    rising | falling
 80019f0:	orrs	r0, r2
_ZN10firmware505roots8com_root17he50bbd61549ff9d4E():
E:\m\robot\esc\rm32-sagcheck\binz\firmware50/src/roots.rs:1276
        // cleared at the commutation, so anything latched since is real: open
        // the line and keep it.
        3 => {
            S.com().phase.store(0, Ordering::Relaxed);
            // Count the edges the blank latched (see this fn's docs).
            if hw::comp::pending() {
 80019f2:	lsls	r0, r0, #13
 80019f4:	bpl.n	8001a06 <TIM16+0x5a>
_ZN15portable_atomic3imp9interrupt4arch7disable17h3ec6a546f52c6294E():
E:\m\robot\esc\rm32-sagcheck\binz\firmware50\ref\vendor\portable-atomic/src\imp\interrupt\armv6m.rs:34
pub(crate) fn disable() -> State {
    let primask: State;
    // SAFETY: reading the priority mask register and disabling interrupts are safe.
    // (see module-level comments of interrupt/mod.rs on the safety of using privileged instructions)
    unsafe {
        asm!(
 80019f6:	mrs	r0, PRIMASK
 80019fa:	cpsid	i
_ZN4core3ptr4read17hba5936ac89bd43e0E():
C:\Users\kaido\.rustup\toolchains\stable-x86_64-pc-windows-msvc\lib/rustlib/src/rust\library/core/src/ptr/mod.rs:1721
        crate::intrinsics::read_via_copy(src)
 80019fc:	ldr	r2, [r1, #28]
_RNvMs6_NtCshtjvQpOZWNm_4core3numm12wrapping_add():
C:\Users\kaido\.rustup\toolchains\stable-x86_64-pc-windows-msvc\lib/rustlib/src/rust\library/core/src/num/uint_macros.rs:2511
            intrinsics::wrapping_add(self, rhs)
 80019fe:	adds	r2, r2, #1
_ZN4core3ptr5write17h56903f5125280645E():
C:\Users\kaido\.rustup\toolchains\stable-x86_64-pc-windows-msvc\lib/rustlib/src/rust\library/core/src/ptr/mod.rs:1921
        intrinsics::write_via_move(dst, src)
 8001a00:	str	r2, [r1, #28]
_ZN15portable_atomic3imp9interrupt4arch7restore17hb2cf2f388bec0c55E():
E:\m\robot\esc\rm32-sagcheck\binz\firmware50\ref\vendor\portable-atomic/src\imp\interrupt\armv6m.rs:57
    // SAFETY: the caller must guarantee that the state was retrieved by the previous `disable`,
    // and we've checked that interrupts were enabled before disabling interrupts.
    //
    // This clobbers the entire PRIMASK register. See msp430.rs for safety on this.
    unsafe {
        asm!(
 8001a02:	msr	PRIMASK, r0
_ZN8cortex_m8register7primask8read_raw17h333d3f63d1702481E():
E:\m\robot\esc\rm32-sagcheck\binz\firmware50\ref\vendor\cortex-m/src\register\primask.rs:48
/// Note that bits `[31:1]` are reserved and UNK (Unknown)
#[inline]
#[asm_cfg(cortex_m)]
pub fn read_raw() -> u32 {
    let r: u32;
    unsafe { asm!("mrs {}, PRIMASK", out(reg) r, options(nomem, nostack, preserves_flags)) };
 8001a06:	mrs	r0, PRIMASK
_ZN8cortex_m9interrupt7disable17ha7fb2cbc4636a9e4E():
E:\m\robot\esc\rm32-sagcheck\binz\firmware50\ref\vendor\cortex-m/src\interrupt.rs:44

/// Disables all interrupts
#[inline]
#[asm_cfg(cortex_m)]
pub fn disable() {
    unsafe { asm!("cpsid i", options(nomem, nostack, preserves_flags)) };
 8001a0a:	cpsid	i
_ZN4core4sync6atomic11atomic_load17h94eed33ebba291bdE():
C:\Users\kaido\.rustup\toolchains\stable-x86_64-pc-windows-msvc\lib/rustlib/src/rust\library/core/src/sync/atomic.rs:3904
            Relaxed => intrinsics::atomic_load::<T, { AO::Relaxed }>(dst),
 8001a0c:	ldr	r2, [pc, #644]	@ (8001c94 <TIM16+0x2e8>)
 8001a0e:	ldr	r2, [r2, #4]
_ZN4core4sync6atomic11atomic_load17h17ab246ece6b300dE():
C:\Users\kaido\.rustup\toolchains\stable-x86_64-pc-windows-msvc\lib/rustlib/src/rust\library/core/src/sync/atomic.rs:3904
 8001a10:	ldr	r3, [pc, #644]	@ (8001c98 <TIM16+0x2ec>)
 8001a12:	ldrb	r5, [r3, #0]
 8001a14:	ldr	r3, [pc, #644]	@ (8001c9c <TIM16+0x2f0>)
 8001a16:	ldrb	r3, [r3, #0]
 8001a18:	movs	r4, #99	@ 0x63
 8001a1a:	lsls	r4, r4, #2
 8001a1c:	ldrb	r4, [r1, r4]
 8001a1e:	ldrb	r6, [r1, #0]
_ZN4core4sync6atomic11atomic_load17h94eed33ebba291bdE():
C:\Users\kaido\.rustup\toolchains\stable-x86_64-pc-windows-msvc\lib/rustlib/src/rust\library/core/src/sync/atomic.rs:3904
 8001a20:	ldr	r1, [r1, #4]
_ZN10firmware507oneshot25comparator_resume_allowed17hd171db000154b599E():
E:\m\robot\esc\rm32-sagcheck\binz\firmware50/src/oneshot.rs:83
/// Closed-loop blanking takes precedence over the driven acquisition owner.
#[inline(always)]
pub const fn comparator_resume_allowed(
    guard: u32, detector: bool, driven: bool, stopped: bool, active: bool, phase: u32,
) -> bool {
    guard == 0 && if detector { arm_allowed(stopped, active) && phase == 0 } else { driven }
 8001a22:	cmp	r2, #0
 8001a24:	beq.n	8001a28 <TIM16+0x7c>
 8001a26:	b.n	8001b9c <TIM16+0x1f0>
 8001a28:	cmp	r5, #0
 8001a2a:	bne.n	8001a2e <TIM16+0x82>
 8001a2c:	b.n	8001b9c <TIM16+0x1f0>
_ZN10firmware505roots19comp_resume_powered28_$u7b$$u7b$closure$u7d$$u7d$17hfe375f2648176572E():
E:\m\robot\esc\rm32-sagcheck\binz\firmware50/src/roots.rs:1473

/// Resume only the powered owner; stop and blanking checks share the write mask.
#[inline(always)]
pub fn comp_resume_powered() -> bool {
    cortex_m::interrupt::free(|_| {
        if crate::oneshot::comparator_resume_allowed(
 8001a2e:	cmp	r6, #0
 8001a30:	bne.n	8001a34 <TIM16+0x88>
 8001a32:	b.n	8001bba <TIM16+0x20e>
 8001a34:	cmp	r4, #0
 8001a36:	beq.n	8001a3a <TIM16+0x8e>
 8001a38:	b.n	8001bba <TIM16+0x20e>
 8001a3a:	cmp	r1, #0
 8001a3c:	bne.n	8001a40 <TIM16+0x94>
 8001a3e:	b.n	8001ba4 <TIM16+0x1f8>
 8001a40:	b.n	8001bba <TIM16+0x20e>
_ZN10firmware505roots8com_root17he50bbd61549ff9d4E():
 8001a42:	movs	r0, #0
_ZN4core3ptr14write_volatile17h8e3052fd7bb2629fE():
C:\Users\kaido\.rustup\toolchains\stable-x86_64-pc-windows-msvc\lib/rustlib/src/rust\library/core/src/ptr/mod.rs:2182
        intrinsics::volatile_store(dst, src);
 8001a44:	str	r0, [r2, #12]
_ZN10firmware505roots8com_root17he50bbd61549ff9d4E():
E:\m\robot\esc\rm32-sagcheck\binz\firmware50/src/roots.rs:1284
}
 8001a46:	b.n	8001c7e <TIM16+0x2d2>
_ZN4core4sync6atomic12atomic_store17hcc473a20273a503cE():
C:\Users\kaido\.rustup\toolchains\stable-x86_64-pc-windows-msvc\lib/rustlib/src/rust\library/core/src/sync/atomic.rs:3889
            Relaxed => intrinsics::atomic_store::<T, { AO::Relaxed }>(dst, val),
 8001a48:	str	r5, [r1, #4]
_ZN4core4sync6atomic11atomic_load17h94eed33ebba291bdE():
C:\Users\kaido\.rustup\toolchains\stable-x86_64-pc-windows-msvc\lib/rustlib/src/rust\library/core/src/sync/atomic.rs:3904
            Relaxed => intrinsics::atomic_load::<T, { AO::Relaxed }>(dst),
 8001a4a:	ldr	r0, [r1, #8]
_ZN10firmware505roots8com_root17he50bbd61549ff9d4E():
E:\m\robot\esc\rm32-sagcheck\binz\firmware50/src/roots.rs:1268
            comp_exti_arm(Step::new_clamped(S.com().step.load(Ordering::Relaxed) as u8));
 8001a4c:	uxtb	r1, r0
_ZN10firmware5011commutation4Step11new_clamped17h83820b9c07f2ee92E():
E:\m\robot\esc\rm32-sagcheck\binz\firmware50/src/commutation.rs:52
    }

    /// Build a sector, saturating into range. Infallible, panic-free.
    #[inline]
    pub const fn new_clamped(raw: u8) -> Step {
        if raw < 1 {
 8001a4e:	cmp	r1, #6
 8001a50:	mov	r0, r1
 8001a52:	bcc.n	8001a56 <TIM16+0xaa>
 8001a54:	movs	r0, #6
 8001a56:	cmp	r1, #0
 8001a58:	beq.n	8001a5c <TIM16+0xb0>
 8001a5a:	b.n	8001c7a <TIM16+0x2ce>
_ZN10firmware505roots8com_root17he50bbd61549ff9d4E():
 8001a5c:	movs	r0, #1
 8001a5e:	b.n	8001c7a <TIM16+0x2ce>
 8001a60:	str	r3, [sp, #20]
_ZN4core4sync6atomic11atomic_load17h94eed33ebba291bdE():
C:\Users\kaido\.rustup\toolchains\stable-x86_64-pc-windows-msvc\lib/rustlib/src/rust\library/core/src/sync/atomic.rs:3904
 8001a62:	ldr	r0, [r1, #8]
_ZN10firmware505roots8com_root17he50bbd61549ff9d4E():
E:\m\robot\esc\rm32-sagcheck\binz\firmware50/src/roots.rs:1209
            let step = Step::new_clamped(S.com().step.load(Ordering::Relaxed) as u8).next();
 8001a64:	uxtb	r3, r0
_ZN10firmware5011commutation4Step11new_clamped17h83820b9c07f2ee92E():
E:\m\robot\esc\rm32-sagcheck\binz\firmware50/src/commutation.rs:52
 8001a66:	cmp	r3, #6
 8001a68:	mov	r2, r3
 8001a6a:	bcc.n	8001a6e <TIM16+0xc2>
 8001a6c:	movs	r2, #6
 8001a6e:	movs	r0, #1
 8001a70:	cmp	r3, #0
 8001a72:	mov	r3, r0
 8001a74:	beq.n	8001a78 <TIM16+0xcc>
_ZN10firmware505roots8com_root17he50bbd61549ff9d4E():
 8001a76:	mov	r3, r2
_ZN10firmware5011commutation4Step4next17h5878f08e7542804fE():
E:\m\robot\esc\rm32-sagcheck\binz\firmware50/src/commutation.rs:69
    }

    /// Next sector, wrapping 6 -> 1.
    #[inline]
    pub const fn next(self) -> Step {
        if self.0 >= 6 { Step(1) } else { Step(self.0 + 1) }
 8001a78:	cmp	r3, #5
 8001a7a:	bhi.n	8001a7e <TIM16+0xd2>
_ZN10firmware505roots8com_root17he50bbd61549ff9d4E():
 8001a7c:	adds	r0, r3, #1
_ZN4core4sync6atomic12atomic_store17hcc473a20273a503cE():
C:\Users\kaido\.rustup\toolchains\stable-x86_64-pc-windows-msvc\lib/rustlib/src/rust\library/core/src/sync/atomic.rs:3889
            Relaxed => intrinsics::atomic_store::<T, { AO::Relaxed }>(dst, val),
 8001a7e:	str	r0, [r1, #8]
 8001a80:	ldr	r2, [pc, #532]	@ (8001c98 <TIM16+0x2ec>)
 8001a82:	str	r0, [r2, #8]
_ZN10firmware505roots8com_root28_$u7b$$u7b$closure$u7d$$u7d$17h40c79bd1250765acE():
E:\m\robot\esc\rm32-sagcheck\binz\firmware50/src/roots.rs:1212
            let plan = S.com().plans.root(&mut at, |t| t[((step.get() - 1) & 7) as usize]);
 8001a84:	subs	r2, r0, #1
 8001a86:	movs	r6, #7
 8001a88:	str	r2, [sp, #24]
 8001a8a:	ands	r6, r2
 8001a8c:	movs	r2, #40	@ 0x28
 8001a8e:	muls	r2, r6
 8001a90:	adds	r2, r1, r2
 8001a92:	ldr	r3, [r2, #68]	@ 0x44
_ZN10firmware505roots8com_root17he50bbd61549ff9d4E():
E:\m\robot\esc\rm32-sagcheck\binz\firmware50/src/roots.rs:1213
            if let Some(pl) = plan {
 8001a94:	lsls	r3, r3, #31
 8001a96:	beq.n	8001ac8 <TIM16+0x11c>
 8001a98:	adds	r2, #68	@ 0x44
_ZN10firmware505roots8com_root28_$u7b$$u7b$closure$u7d$$u7d$17h40c79bd1250765acE():
E:\m\robot\esc\rm32-sagcheck\binz\firmware50/src/roots.rs:1212
            let plan = S.com().plans.root(&mut at, |t| t[((step.get() - 1) & 7) as usize]);
 8001a9a:	ldr	r3, [r2, #16]
 8001a9c:	str	r3, [sp, #4]
 8001a9e:	ldr	r3, [r2, #20]
 8001aa0:	str	r3, [sp, #8]
 8001aa2:	ldr	r3, [r2, #24]
 8001aa4:	str	r3, [sp, #16]
 8001aa6:	ldrh	r3, [r2, #36]	@ 0x24
 8001aa8:	str	r3, [sp, #12]
 8001aaa:	ldrh	r3, [r2, #32]
 8001aac:	str	r3, [sp, #0]
 8001aae:	ldrh	r2, [r2, #28]
 8001ab0:	ldr	r4, [pc, #504]	@ (8001cac <TIM16+0x300>)
_ZN4core3ptr14write_volatile17h8e3052fd7bb2629fE():
C:\Users\kaido\.rustup\toolchains\stable-x86_64-pc-windows-msvc\lib/rustlib/src/rust\library/core/src/ptr/mod.rs:2182
 8001ab2:	ldr	r3, [sp, #4]
 8001ab4:	str	r3, [r4, #0]
 8001ab6:	ldr	r3, [sp, #8]
 8001ab8:	str	r3, [r4, #4]
 8001aba:	str	r2, [r4, #28]
 8001abc:	ldr	r2, [sp, #0]
 8001abe:	str	r2, [r4, #32]
 8001ac0:	ldr	r2, [sp, #12]
 8001ac2:	str	r2, [r4, #36]	@ 0x24
 8001ac4:	ldr	r2, [sp, #16]
 8001ac6:	str	r2, [r4, #8]
_ZN10firmware505roots8com_root17he50bbd61549ff9d4E():
 8001ac8:	ldr	r2, [pc, #484]	@ (8001cb0 <TIM16+0x304>)
_ZN4core3ptr13read_volatile17h8e268e68817c80b8E():
C:\Users\kaido\.rustup\toolchains\stable-x86_64-pc-windows-msvc\lib/rustlib/src/rust\library/core/src/ptr/mod.rs:2095
        intrinsics::volatile_load(src)
 8001aca:	ldr	r3, [r2, #0]
 8001acc:	movs	r4, #240	@ 0xf0
_RNvXslz_NtNtCshtjvQpOZWNm_4core3ops3bitmNtB6_12BitAndAssign13bitand_assign():
C:\Users\kaido\.rustup\toolchains\stable-x86_64-pc-windows-msvc\lib/rustlib/src/rust\library/core/src/ops/bit.rs:748
    ($($t:ty)+) => ($(
        #[stable(feature = "op_assign_traits", since = "1.8.0")]
        #[rustc_const_unstable(feature = "const_ops", issue = "143802")]
        impl const BitAndAssign for $t {
            #[inline]
            fn bitand_assign(&mut self, other: $t) { *self &= other }
 8001ace:	bics	r3, r4
 8001ad0:	movs	r4, #3
 8001ad2:	str	r4, [sp, #16]
_ZN10firmware5011commutation6sector17h6dd8ebee27aaccf6E():
E:\m\robot\esc\rm32-sagcheck\binz\firmware50/src/commutation.rs:152

/// Look up a sector. Total function — no panic path: the masked index is
/// provably inside the 8-entry table.
#[inline]
pub const fn sector(step: Step) -> Sector {
    SECTORS[step.idx() & 7]
 8001ad4:	muls	r6, r4
 8001ad6:	ldr	r4, [pc, #476]	@ (8001cb4 <TIM16+0x308>)
 8001ad8:	adds	r4, r4, r6
 8001ada:	ldrb	r4, [r4, #2]
_ZN87_$LT$firmware50..commutation..Reverse$u20$as$u20$firmware50..commutation..Direction$GT$5phase17h74ae23d1f864f63bE():
E:\m\robot\esc\rm32-sagcheck\binz\firmware50/src/commutation.rs:189
pub struct Reverse;

impl Direction for Reverse {
    #[inline]
    fn phase(logical: Phase) -> Phase {
        match logical {
 8001adc:	lsls	r4, r4, #2
 8001ade:	ldr	r6, [pc, #472]	@ (8001cb8 <TIM16+0x30c>)
 8001ae0:	ldr	r4, [r6, r4]
_RNvXslZ_NtNtCshtjvQpOZWNm_4core3ops3bitmNtB6_11BitOrAssign12bitor_assign():
C:\Users\kaido\.rustup\toolchains\stable-x86_64-pc-windows-msvc\lib/rustlib/src/rust\library/core/src/ops/bit.rs:823
    ($($t:ty)+) => ($(
        #[stable(feature = "op_assign_traits", since = "1.8.0")]
        #[rustc_const_unstable(feature = "const_ops", issue = "143802")]
        impl const BitOrAssign for $t {
            #[inline]
            fn bitor_assign(&mut self, other: $t) { *self |= other }
 8001ae2:	orrs	r4, r3
_ZN4core3ptr14write_volatile17h8e3052fd7bb2629fE():
C:\Users\kaido\.rustup\toolchains\stable-x86_64-pc-windows-msvc\lib/rustlib/src/rust\library/core/src/ptr/mod.rs:2182
        intrinsics::volatile_store(dst, src);
 8001ae4:	str	r4, [r2, #0]
_ZN15portable_atomic3imp9interrupt4arch7disable17h3ec6a546f52c6294E():
E:\m\robot\esc\rm32-sagcheck\binz\firmware50\ref\vendor\portable-atomic/src\imp\interrupt\armv6m.rs:34
        asm!(
 8001ae6:	mrs	r2, PRIMASK
 8001aea:	cpsid	i
_ZN4core3ptr4read17hba5936ac89bd43e0E():
C:\Users\kaido\.rustup\toolchains\stable-x86_64-pc-windows-msvc\lib/rustlib/src/rust\library/core/src/ptr/mod.rs:1721
        crate::intrinsics::read_via_copy(src)
 8001aec:	ldr	r3, [r1, #12]
_RNvMs6_NtCshtjvQpOZWNm_4core3numm12wrapping_add():
C:\Users\kaido\.rustup\toolchains\stable-x86_64-pc-windows-msvc\lib/rustlib/src/rust\library/core/src/num/uint_macros.rs:2511
 8001aee:	adds	r3, r3, #1
_ZN4core3ptr5write17h56903f5125280645E():
C:\Users\kaido\.rustup\toolchains\stable-x86_64-pc-windows-msvc\lib/rustlib/src/rust\library/core/src/ptr/mod.rs:1921
        intrinsics::write_via_move(dst, src)
 8001af0:	str	r3, [r1, #12]
_ZN15portable_atomic3imp9interrupt4arch7restore17hb2cf2f388bec0c55E():
E:\m\robot\esc\rm32-sagcheck\binz\firmware50\ref\vendor\portable-atomic/src\imp\interrupt\armv6m.rs:57
        asm!(
 8001af2:	msr	PRIMASK, r2
_ZN10firmware5011commutation7SixSlot4push17h4c5ebbdba9431510E():
E:\m\robot\esc\rm32-sagcheck\binz\firmware50/src/commutation.rs:369
    #[inline]
    pub fn push(&mut self, step: u8, interval_us: u32) {
        let i = if interval_us > 1_000_000 {
            1_000_000
        } else {
            interval_us
 8001af6:	uxtb	r2, r0
 8001af8:	cmp	r2, #7
 8001afa:	ldr	r2, [sp, #24]
 8001afc:	bcc.n	8001b00 <TIM16+0x154>
 8001afe:	mov	r2, r5
 8001b00:	uxtb	r2, r2
E:\m\robot\esc\rm32-sagcheck\binz\firmware50/src/commutation.rs:372
        };
        // No `%`: this runs in the COM ISR root, where a modulo would be a
        // soft division on the M0. Out-of-range steps use slot 0.
 8001b02:	lsls	r2, r2, #2
 8001b04:	adds	r2, r1, r2
 8001b06:	ldr	r3, [pc, #400]	@ (8001c98 <TIM16+0x2ec>)
_ZN4core4sync6atomic11atomic_load17h94eed33ebba291bdE():
C:\Users\kaido\.rustup\toolchains\stable-x86_64-pc-windows-msvc\lib/rustlib/src/rust\library/core/src/sync/atomic.rs:3904
            Relaxed => intrinsics::atomic_load::<T, { AO::Relaxed }>(dst),
 8001b08:	ldr	r5, [r3, #16]
 8001b0a:	ldr	r3, [r3, #20]
_ZN10firmware5011commutation7SixSlot4push17h4c5ebbdba9431510E():
E:\m\robot\esc\rm32-sagcheck\binz\firmware50/src/commutation.rs:372
 8001b0c:	str	r3, [sp, #24]
 8001b0e:	ldr	r6, [r2, #36]	@ 0x24
 8001b10:	ldr	r3, [pc, #424]	@ (8001cbc <TIM16+0x310>)
E:\m\robot\esc\rm32-sagcheck\binz\firmware50/src/commutation.rs:361

 8001b12:	cmp	r5, r3
 8001b14:	bcc.n	8001b18 <TIM16+0x16c>
_ZN10firmware505roots8com_root28_$u7b$$u7b$closure$u7d$$u7d$17h45acc64e0f30499aE():
 8001b16:	mov	r5, r3
_ZN10firmware5011commutation7SixSlot17reverse_blank_due17h3d720a5f2aa86c07E():
E:\m\robot\esc\rm32-sagcheck\binz\firmware50/src/commutation.rs:385

    #[must_use]
    pub const fn sum(&self) -> u32 {
        self.sum
    }

 8001b18:	ldr	r3, [r1, #60]	@ 0x3c
_ZN10firmware5011commutation7SixSlot4push17h4c5ebbdba9431510E():
E:\m\robot\esc\rm32-sagcheck\binz\firmware50/src/commutation.rs:372
        // soft division on the M0. Out-of-range steps use slot 0.
 8001b1a:	adds	r4, r3, r5
 8001b1c:	subs	r4, r4, r6
 8001b1e:	str	r4, [r1, #60]	@ 0x3c
E:\m\robot\esc\rm32-sagcheck\binz\firmware50/src/commutation.rs:373
        let k = match step {
 8001b20:	str	r5, [r2, #36]	@ 0x24
 8001b22:	ldr	r2, [pc, #412]	@ (8001cc0 <TIM16+0x314>)
_ZN10firmware505roots8com_root17he50bbd61549ff9d4E():
E:\m\robot\esc\rm32-sagcheck\binz\firmware50/src/roots.rs:1246
            let hold = if blank {
 8001b24:	cmp	r3, r2
 8001b26:	bls.n	8001bc0 <TIM16+0x214>
 8001b28:	movs	r0, #1
 8001b2a:	lsls	r2, r0, #12
 8001b2c:	ldr	r3, [pc, #404]	@ (8001cc4 <TIM16+0x318>)
_ZN4core3ptr14write_volatile17ha7224db381d562acE():
C:\Users\kaido\.rustup\toolchains\stable-x86_64-pc-windows-msvc\lib/rustlib/src/rust\library/core/src/ptr/mod.rs:2182
        intrinsics::volatile_store(dst, src);
 8001b2e:	str	r2, [r3, #0]
 8001b30:	lsls	r3, r0, #18
 8001b32:	ldr	r4, [pc, #364]	@ (8001ca0 <TIM16+0x2f4>)
_ZN4core3ptr13read_volatile17hd7f800fbfed10bfcE():
C:\Users\kaido\.rustup\toolchains\stable-x86_64-pc-windows-msvc\lib/rustlib/src/rust\library/core/src/ptr/mod.rs:2095
        intrinsics::volatile_load(src)
 8001b34:	ldr	r5, [r4, #0]
_RNvXslz_NtNtCshtjvQpOZWNm_4core3ops3bitmNtB6_12BitAndAssign13bitand_assign():
C:\Users\kaido\.rustup\toolchains\stable-x86_64-pc-windows-msvc\lib/rustlib/src/rust\library/core/src/ops/bit.rs:748
            fn bitand_assign(&mut self, other: $t) { *self &= other }
 8001b36:	bics	r5, r3
_ZN4core3ptr14write_volatile17ha7224db381d562acE():
C:\Users\kaido\.rustup\toolchains\stable-x86_64-pc-windows-msvc\lib/rustlib/src/rust\library/core/src/ptr/mod.rs:2182
        intrinsics::volatile_store(dst, src);
 8001b38:	str	r5, [r4, #0]
 8001b3a:	ldr	r4, [pc, #340]	@ (8001c90 <TIM16+0x2e4>)
 8001b3c:	str	r3, [r4, #12]
 8001b3e:	str	r3, [r4, #16]
 8001b40:	ldr	r3, [pc, #352]	@ (8001ca4 <TIM16+0x2f8>)
_ZN17volatile_register11RW$LT$T$GT$5write17hed3ba37581264949E():
C:\Users\kaido\.rustup\toolchains\stable-x86_64-pc-windows-msvc\lib/rustlib/src/rust\library/core/src/ptr/mod.rs:2182
 8001b42:	str	r2, [r3, #0]
_ZN15portable_atomic3imp9interrupt4arch7disable17h3ec6a546f52c6294E():
E:\m\robot\esc\rm32-sagcheck\binz\firmware50\ref\vendor\portable-atomic/src\imp\interrupt\armv6m.rs:34
        asm!(
 8001b44:	mrs	r2, PRIMASK
 8001b48:	cpsid	i
_ZN4core3ptr4read17hba5936ac89bd43e0E():
C:\Users\kaido\.rustup\toolchains\stable-x86_64-pc-windows-msvc\lib/rustlib/src/rust\library/core/src/ptr/mod.rs:1721
        crate::intrinsics::read_via_copy(src)
 8001b4a:	ldr	r3, [r1, #24]
_RNvMs6_NtCshtjvQpOZWNm_4core3numm12wrapping_add():
C:\Users\kaido\.rustup\toolchains\stable-x86_64-pc-windows-msvc\lib/rustlib/src/rust\library/core/src/num/uint_macros.rs:2511
 8001b4c:	adds	r3, r3, #1
_ZN4core3ptr5write17h56903f5125280645E():
C:\Users\kaido\.rustup\toolchains\stable-x86_64-pc-windows-msvc\lib/rustlib/src/rust\library/core/src/ptr/mod.rs:1921
        intrinsics::write_via_move(dst, src)
 8001b4e:	str	r3, [r1, #24]
_ZN15portable_atomic3imp9interrupt4arch7restore17hb2cf2f388bec0c55E():
E:\m\robot\esc\rm32-sagcheck\binz\firmware50\ref\vendor\portable-atomic/src\imp\interrupt\armv6m.rs:57
        asm!(
 8001b50:	msr	PRIMASK, r2
_ZN8cortex_m8register7primask8read_raw17h333d3f63d1702481E():
E:\m\robot\esc\rm32-sagcheck\binz\firmware50\ref\vendor\cortex-m/src\register\primask.rs:48
 8001b54:	mrs	r3, PRIMASK
_ZN8cortex_m9interrupt7disable17ha7fb2cbc4636a9e4E():
E:\m\robot\esc\rm32-sagcheck\binz\firmware50\ref\vendor\cortex-m/src\interrupt.rs:44
 8001b58:	cpsid	i
 8001b5a:	movs	r2, #99	@ 0x63
 8001b5c:	lsls	r2, r2, #2
_ZN4core4sync6atomic11atomic_load17h17ab246ece6b300dE():
C:\Users\kaido\.rustup\toolchains\stable-x86_64-pc-windows-msvc\lib/rustlib/src/rust\library/core/src/sync/atomic.rs:3904
 8001b5e:	ldrb	r2, [r1, r2]
 8001b60:	ldrb	r4, [r1, #0]
_ZN10firmware505roots7com_arm28_$u7b$$u7b$closure$u7d$$u7d$17h5a0213b166f5f9a2E():
E:\m\robot\esc\rm32-sagcheck\binz\firmware50/src/roots.rs:1088
        if !crate::oneshot::arm_allowed(
 8001b62:	cmp	r4, #0
 8001b64:	beq.n	8001b96 <TIM16+0x1ea>
 8001b66:	cmp	r2, #0
 8001b68:	bne.n	8001b96 <TIM16+0x1ea>
 8001b6a:	movs	r4, #0
 8001b6c:	ldr	r6, [pc, #276]	@ (8001c84 <TIM16+0x2d8>)
_ZN4core3ptr14write_volatile17h8e3052fd7bb2629fE():
C:\Users\kaido\.rustup\toolchains\stable-x86_64-pc-windows-msvc\lib/rustlib/src/rust\library/core/src/ptr/mod.rs:2182
        intrinsics::volatile_store(dst, src);
 8001b6e:	str	r4, [r6, #12]
 8001b70:	movs	r2, #255	@ 0xff
 8001b72:	adds	r2, #24
_ZN4core3ptr13read_volatile17h8e268e68817c80b8E():
C:\Users\kaido\.rustup\toolchains\stable-x86_64-pc-windows-msvc\lib/rustlib/src/rust\library/core/src/ptr/mod.rs:2095
        intrinsics::volatile_load(src)
 8001b74:	ldr	r5, [pc, #276]	@ (8001c8c <TIM16+0x2e0>)
 8001b76:	ldr	r5, [r5, #0]
_RNvMs6_NtCshtjvQpOZWNm_4core3numm12wrapping_add():
C:\Users\kaido\.rustup\toolchains\stable-x86_64-pc-windows-msvc\lib/rustlib/src/rust\library/core/src/num/uint_macros.rs:2511
 8001b78:	adds	r5, r5, r2
 8001b7a:	adds	r5, r5, #1
_ZN10firmware505roots7com_arm28_$u7b$$u7b$closure$u7d$$u7d$17h5a0213b166f5f9a2E():
E:\m\robot\esc\rm32-sagcheck\binz\firmware50/src/roots.rs:1098
            .store(now_raw.wrapping_add(us) & 0xFFFF, Ordering::Relaxed);
 8001b7c:	uxth	r5, r5
_ZN4core4sync6atomic12atomic_store17hcc473a20273a503cE():
C:\Users\kaido\.rustup\toolchains\stable-x86_64-pc-windows-msvc\lib/rustlib/src/rust\library/core/src/sync/atomic.rs:3889
            Relaxed => intrinsics::atomic_store::<T, { AO::Relaxed }>(dst, val),
 8001b7e:	str	r5, [r1, #16]
 8001b80:	movs	r5, #2
 8001b82:	str	r5, [r1, #4]
 8001b84:	movs	r1, #12
_ZN4core3ptr14write_volatile17h8e3052fd7bb2629fE():
C:\Users\kaido\.rustup\toolchains\stable-x86_64-pc-windows-msvc\lib/rustlib/src/rust\library/core/src/ptr/mod.rs:2182
        intrinsics::volatile_store(dst, src);
 8001b86:	str	r1, [r6, #0]
 8001b88:	str	r2, [r6, #44]	@ 0x2c
 8001b8a:	str	r4, [r6, #36]	@ 0x24
 8001b8c:	str	r0, [r6, #20]
 8001b8e:	str	r4, [r6, #16]
 8001b90:	str	r0, [r6, #12]
 8001b92:	movs	r0, #13
 8001b94:	str	r0, [r6, #0]
_ZN8cortex_m8register7primask9write_raw17h2d20d7724a20944bE():
E:\m\robot\esc\rm32-sagcheck\binz\firmware50\ref\vendor\cortex-m/src\register\primask.rs:67
#[inline]
#[asm_cfg(cortex_m)]
pub unsafe fn write_raw(r: u32) {
    // Ensure no preceeding memory accesses are reordered to after interrupts are possibly enabled.
    compiler_fence(Ordering::SeqCst);
    unsafe { asm!("msr PRIMASK, {}", in(reg) r, options(nomem, nostack, preserves_flags)) };
 8001b96:	msr	PRIMASK, r3
_RNvNtNtCshtjvQpOZWNm_4core4sync6atomic14compiler_fence():
C:\Users\kaido\.rustup\toolchains\stable-x86_64-pc-windows-msvc\lib/rustlib/src/rust\library/core/src/sync/atomic.rs:4468
    unsafe {
        match order {
            Acquire => intrinsics::atomic_singlethreadfence::<{ AO::Acquire }>(),
            Release => intrinsics::atomic_singlethreadfence::<{ AO::Release }>(),
            AcqRel => intrinsics::atomic_singlethreadfence::<{ AO::AcqRel }>(),
            SeqCst => intrinsics::atomic_singlethreadfence::<{ AO::SeqCst }>(),
 8001b9a:	b.n	8001bbe <TIM16+0x212>
_ZN10firmware505roots19comp_resume_powered28_$u7b$$u7b$closure$u7d$$u7d$17hfe375f2648176572E():
E:\m\robot\esc\rm32-sagcheck\binz\firmware50/src/roots.rs:1473
        if crate::oneshot::comparator_resume_allowed(
 8001b9c:	cmp	r2, #0
 8001b9e:	bne.n	8001bba <TIM16+0x20e>
 8001ba0:	cmp	r3, #0
 8001ba2:	beq.n	8001bba <TIM16+0x20e>
 8001ba4:	movs	r1, #1
 8001ba6:	lsls	r2, r1, #18
 8001ba8:	ldr	r3, [pc, #244]	@ (8001ca0 <TIM16+0x2f4>)
_ZN4core3ptr13read_volatile17h8e268e68817c80b8E():
C:\Users\kaido\.rustup\toolchains\stable-x86_64-pc-windows-msvc\lib/rustlib/src/rust\library/core/src/ptr/mod.rs:2095
        intrinsics::volatile_load(src)
 8001baa:	ldr	r4, [r3, #0]
_RNvXslZ_NtNtCshtjvQpOZWNm_4core3ops3bitmNtB6_11BitOrAssign12bitor_assign():
C:\Users\kaido\.rustup\toolchains\stable-x86_64-pc-windows-msvc\lib/rustlib/src/rust\library/core/src/ops/bit.rs:823
            fn bitor_assign(&mut self, other: $t) { *self |= other }
 8001bac:	orrs	r4, r2
_ZN4core3ptr14write_volatile17h8e3052fd7bb2629fE():
C:\Users\kaido\.rustup\toolchains\stable-x86_64-pc-windows-msvc\lib/rustlib/src/rust\library/core/src/ptr/mod.rs:2182
        intrinsics::volatile_store(dst, src);
 8001bae:	str	r4, [r3, #0]
 8001bb0:	lsls	r1, r1, #12
 8001bb2:	ldr	r2, [pc, #240]	@ (8001ca4 <TIM16+0x2f8>)
 8001bb4:	str	r1, [r2, #0]
 8001bb6:	ldr	r2, [pc, #240]	@ (8001ca8 <TIM16+0x2fc>)
 8001bb8:	str	r1, [r2, #0]
_ZN8cortex_m8register7primask9write_raw17h2d20d7724a20944bE():
E:\m\robot\esc\rm32-sagcheck\binz\firmware50\ref\vendor\cortex-m/src\register\primask.rs:67
 8001bba:	msr	PRIMASK, r0
_ZN10firmware505roots8com_root17he50bbd61549ff9d4E():
 8001bbe:	b.n	8001c7e <TIM16+0x2d2>
_ZN4core4sync6atomic11atomic_load17h94eed33ebba291bdE():
C:\Users\kaido\.rustup\toolchains\stable-x86_64-pc-windows-msvc\lib/rustlib/src/rust\library/core/src/sync/atomic.rs:3904
            Relaxed => intrinsics::atomic_load::<T, { AO::Relaxed }>(dst),
 8001bc0:	ldr	r2, [pc, #212]	@ (8001c98 <TIM16+0x2ec>)
 8001bc2:	ldr	r2, [r2, #28]
_RNvMs5_NtCshtjvQpOZWNm_4core3numt12wrapping_sub():
C:\Users\kaido\.rustup\toolchains\stable-x86_64-pc-windows-msvc\lib/rustlib/src/rust\library/core/src/num/uint_macros.rs:2548
            intrinsics::wrapping_sub(self, rhs)
 8001bc4:	ldr	r3, [sp, #20]
 8001bc6:	subs	r2, r3, r2
_ZN10firmware505roots8com_root17he50bbd61549ff9d4E():
E:\m\robot\esc\rm32-sagcheck\binz\firmware50/src/roots.rs:1249
                let since = now_raw.wrapping_sub(S.det().accept_raw.load(Ordering::Relaxed) as u16) as u32;
 8001bc8:	uxth	r2, r2
_RNvMs6_NtCshtjvQpOZWNm_4core3numm14saturating_sub():
C:\Users\kaido\.rustup\toolchains\stable-x86_64-pc-windows-msvc\lib/rustlib/src/rust\library/core/src/num/uint_macros.rs:2399
            intrinsics::saturating_sub(self, rhs)
 8001bca:	ldr	r3, [sp, #24]
 8001bcc:	subs	r4, r3, r2
 8001bce:	bcs.n	8001bd2 <TIM16+0x226>
_ZN10firmware505roots8com_root17he50bbd61549ff9d4E():
 8001bd0:	movs	r4, #0
E:\m\robot\esc\rm32-sagcheck\binz\firmware50/src/roots.rs:1256
            } else if hold >= crate::commutation::BLANK_ARM_MIN_US {
 8001bd2:	cmp	r4, #15
 8001bd4:	bls.n	8001c76 <TIM16+0x2ca>
 8001bd6:	movs	r3, #1
 8001bd8:	lsls	r5, r3, #12
 8001bda:	str	r5, [sp, #24]
 8001bdc:	ldr	r2, [pc, #228]	@ (8001cc4 <TIM16+0x318>)
_ZN4core3ptr14write_volatile17ha7224db381d562acE():
C:\Users\kaido\.rustup\toolchains\stable-x86_64-pc-windows-msvc\lib/rustlib/src/rust\library/core/src/ptr/mod.rs:2182
 8001bde:	str	r5, [r2, #0]
 8001be0:	ldr	r6, [pc, #188]	@ (8001ca0 <TIM16+0x2f4>)
_ZN4core3ptr13read_volatile17hd7f800fbfed10bfcE():
C:\Users\kaido\.rustup\toolchains\stable-x86_64-pc-windows-msvc\lib/rustlib/src/rust\library/core/src/ptr/mod.rs:2095
        intrinsics::volatile_load(src)
 8001be2:	ldr	r5, [r6, #0]
 8001be4:	ldr	r2, [pc, #224]	@ (8001cc8 <TIM16+0x31c>)
_RNvXslz_NtNtCshtjvQpOZWNm_4core3ops3bitmNtB6_12BitAndAssign13bitand_assign():
C:\Users\kaido\.rustup\toolchains\stable-x86_64-pc-windows-msvc\lib/rustlib/src/rust\library/core/src/ops/bit.rs:748
            fn bitand_assign(&mut self, other: $t) { *self &= other }
 8001be6:	ands	r5, r2
_ZN4core3ptr14write_volatile17ha7224db381d562acE():
C:\Users\kaido\.rustup\toolchains\stable-x86_64-pc-windows-msvc\lib/rustlib/src/rust\library/core/src/ptr/mod.rs:2182
        intrinsics::volatile_store(dst, src);
 8001be8:	str	r5, [r6, #0]
 8001bea:	ldr	r6, [pc, #164]	@ (8001c90 <TIM16+0x2e4>)
_ZN4core3ptr13read_volatile17hd7f800fbfed10bfcE():
C:\Users\kaido\.rustup\toolchains\stable-x86_64-pc-windows-msvc\lib/rustlib/src/rust\library/core/src/ptr/mod.rs:2095
        intrinsics::volatile_load(src)
 8001bec:	ldr	r5, [r6, #0]
_RNvXslz_NtNtCshtjvQpOZWNm_4core3ops3bitmNtB6_12BitAndAssign13bitand_assign():
C:\Users\kaido\.rustup\toolchains\stable-x86_64-pc-windows-msvc\lib/rustlib/src/rust\library/core/src/ops/bit.rs:748
 8001bee:	ands	r5, r2
_ZN10firmware5011commutation4Step6rising17h63cd58873185a74dE():
E:\m\robot\esc\rm32-sagcheck\binz\firmware50/src/commutation.rs:82
        self.0 & 1 == 1
 8001bf0:	mvns	r2, r0
_RNvXs4t_NtNtCshtjvQpOZWNm_4core3ops3bitmINtB6_3ShlhE3shl():
C:\Users\kaido\.rustup\toolchains\stable-x86_64-pc-windows-msvc\lib/rustlib/src/rust\library/core/src/ops/bit.rs:490
                self << other
 8001bf2:	lsls	r2, r2, #31
 8001bf4:	lsrs	r2, r2, #13
_RNvXslZ_NtNtCshtjvQpOZWNm_4core3ops3bitmNtB6_11BitOrAssign12bitor_assign():
C:\Users\kaido\.rustup\toolchains\stable-x86_64-pc-windows-msvc\lib/rustlib/src/rust\library/core/src/ops/bit.rs:823
            fn bitor_assign(&mut self, other: $t) { *self |= other }
 8001bf6:	adds	r2, r5, r2
_ZN4core3ptr14write_volatile17ha7224db381d562acE():
C:\Users\kaido\.rustup\toolchains\stable-x86_64-pc-windows-msvc\lib/rustlib/src/rust\library/core/src/ptr/mod.rs:2182
        intrinsics::volatile_store(dst, src);
 8001bf8:	str	r2, [r6, #0]
_ZN4core3ptr13read_volatile17hd7f800fbfed10bfcE():
C:\Users\kaido\.rustup\toolchains\stable-x86_64-pc-windows-msvc\lib/rustlib/src/rust\library/core/src/ptr/mod.rs:2095
        intrinsics::volatile_load(src)
 8001bfa:	ldr	r2, [r6, #4]
_RNvXslz_NtNtCshtjvQpOZWNm_4core3ops3bitmNtB6_12BitAndAssign13bitand_assign():
C:\Users\kaido\.rustup\toolchains\stable-x86_64-pc-windows-msvc\lib/rustlib/src/rust\library/core/src/ops/bit.rs:748
            fn bitand_assign(&mut self, other: $t) { *self &= other }
 8001bfc:	ldr	r5, [pc, #200]	@ (8001cc8 <TIM16+0x31c>)
 8001bfe:	ands	r2, r5
_RNvXs4t_NtNtCshtjvQpOZWNm_4core3ops3bitmINtB6_3ShlhE3shl():
C:\Users\kaido\.rustup\toolchains\stable-x86_64-pc-windows-msvc\lib/rustlib/src/rust\library/core/src/ops/bit.rs:490
                self << other
 8001c00:	lsls	r0, r0, #31
 8001c02:	lsrs	r0, r0, #13
_RNvXslZ_NtNtCshtjvQpOZWNm_4core3ops3bitmNtB6_11BitOrAssign12bitor_assign():
C:\Users\kaido\.rustup\toolchains\stable-x86_64-pc-windows-msvc\lib/rustlib/src/rust\library/core/src/ops/bit.rs:823
            fn bitor_assign(&mut self, other: $t) { *self |= other }
 8001c04:	adds	r0, r2, r0
_ZN4core3ptr14write_volatile17ha7224db381d562acE():
C:\Users\kaido\.rustup\toolchains\stable-x86_64-pc-windows-msvc\lib/rustlib/src/rust\library/core/src/ptr/mod.rs:2182
        intrinsics::volatile_store(dst, src);
 8001c06:	str	r0, [r6, #4]
 8001c08:	str	r3, [sp, #20]
 8001c0a:	lsls	r0, r3, #18
 8001c0c:	str	r0, [r6, #12]
 8001c0e:	str	r0, [r6, #16]
 8001c10:	ldr	r0, [pc, #144]	@ (8001ca4 <TIM16+0x2f8>)
 8001c12:	ldr	r2, [sp, #24]
 8001c14:	str	r2, [r0, #0]
_ZN15portable_atomic3imp9interrupt4arch7disable17h3ec6a546f52c6294E():
E:\m\robot\esc\rm32-sagcheck\binz\firmware50\ref\vendor\portable-atomic/src\imp\interrupt\armv6m.rs:34
        asm!(
 8001c16:	mrs	r0, PRIMASK
 8001c1a:	cpsid	i
_ZN4core3ptr4read17hba5936ac89bd43e0E():
C:\Users\kaido\.rustup\toolchains\stable-x86_64-pc-windows-msvc\lib/rustlib/src/rust\library/core/src/ptr/mod.rs:1721
        crate::intrinsics::read_via_copy(src)
 8001c1c:	ldr	r2, [r1, #24]
_RNvMs6_NtCshtjvQpOZWNm_4core3numm12wrapping_add():
C:\Users\kaido\.rustup\toolchains\stable-x86_64-pc-windows-msvc\lib/rustlib/src/rust\library/core/src/num/uint_macros.rs:2511
            intrinsics::wrapping_add(self, rhs)
 8001c1e:	adds	r2, r2, #1
_ZN4core3ptr5write17h56903f5125280645E():
C:\Users\kaido\.rustup\toolchains\stable-x86_64-pc-windows-msvc\lib/rustlib/src/rust\library/core/src/ptr/mod.rs:1921
        intrinsics::write_via_move(dst, src)
 8001c20:	str	r2, [r1, #24]
_ZN15portable_atomic3imp9interrupt4arch7restore17hb2cf2f388bec0c55E():
E:\m\robot\esc\rm32-sagcheck\binz\firmware50\ref\vendor\portable-atomic/src\imp\interrupt\armv6m.rs:57
        asm!(
 8001c22:	msr	PRIMASK, r0
_ZN8cortex_m8register7primask8read_raw17h333d3f63d1702481E():
E:\m\robot\esc\rm32-sagcheck\binz\firmware50\ref\vendor\cortex-m/src\register\primask.rs:48
    unsafe { asm!("mrs {}, PRIMASK", out(reg) r, options(nomem, nostack, preserves_flags)) };
 8001c26:	mrs	r0, PRIMASK
_ZN8cortex_m9interrupt7disable17ha7fb2cbc4636a9e4E():
E:\m\robot\esc\rm32-sagcheck\binz\firmware50\ref\vendor\cortex-m/src\interrupt.rs:44
 8001c2a:	cpsid	i
 8001c2c:	movs	r2, #99	@ 0x63
 8001c2e:	lsls	r2, r2, #2
_ZN4core4sync6atomic11atomic_load17h17ab246ece6b300dE():
C:\Users\kaido\.rustup\toolchains\stable-x86_64-pc-windows-msvc\lib/rustlib/src/rust\library/core/src/sync/atomic.rs:3904
 8001c30:	ldrb	r2, [r1, r2]
 8001c32:	ldrb	r3, [r1, #0]
_ZN10firmware505roots7com_arm28_$u7b$$u7b$closure$u7d$$u7d$17h5a0213b166f5f9a2E():
E:\m\robot\esc\rm32-sagcheck\binz\firmware50/src/roots.rs:1088
        if !crate::oneshot::arm_allowed(
 8001c34:	cmp	r3, #0
 8001c36:	beq.n	8001c70 <TIM16+0x2c4>
 8001c38:	cmp	r2, #0
 8001c3a:	bne.n	8001c70 <TIM16+0x2c4>
 8001c3c:	movs	r3, #0
 8001c3e:	ldr	r5, [pc, #68]	@ (8001c84 <TIM16+0x2d8>)
_ZN4core3ptr14write_volatile17h8e3052fd7bb2629fE():
C:\Users\kaido\.rustup\toolchains\stable-x86_64-pc-windows-msvc\lib/rustlib/src/rust\library/core/src/ptr/mod.rs:2182
        intrinsics::volatile_store(dst, src);
 8001c40:	str	r3, [r5, #12]
_ZN4core3ptr13read_volatile17h8e268e68817c80b8E():
C:\Users\kaido\.rustup\toolchains\stable-x86_64-pc-windows-msvc\lib/rustlib/src/rust\library/core/src/ptr/mod.rs:2095
        intrinsics::volatile_load(src)
 8001c42:	ldr	r2, [pc, #72]	@ (8001c8c <TIM16+0x2e0>)
 8001c44:	ldr	r2, [r2, #0]
_RNvMs6_NtCshtjvQpOZWNm_4core3numm12wrapping_add():
C:\Users\kaido\.rustup\toolchains\stable-x86_64-pc-windows-msvc\lib/rustlib/src/rust\library/core/src/num/uint_macros.rs:2511
 8001c46:	adds	r2, r2, r4
_ZN10firmware505roots7com_arm28_$u7b$$u7b$closure$u7d$$u7d$17h5a0213b166f5f9a2E():
E:\m\robot\esc\rm32-sagcheck\binz\firmware50/src/roots.rs:1098
            .store(now_raw.wrapping_add(us) & 0xFFFF, Ordering::Relaxed);
 8001c48:	uxth	r2, r2
_ZN4core4sync6atomic12atomic_store17hcc473a20273a503cE():
C:\Users\kaido\.rustup\toolchains\stable-x86_64-pc-windows-msvc\lib/rustlib/src/rust\library/core/src/sync/atomic.rs:3889
            Relaxed => intrinsics::atomic_store::<T, { AO::Relaxed }>(dst, val),
 8001c4a:	str	r2, [r1, #16]
 8001c4c:	ldr	r2, [sp, #16]
 8001c4e:	str	r2, [r1, #4]
 8001c50:	movs	r1, #12
_ZN4core3ptr14write_volatile17h8e3052fd7bb2629fE():
C:\Users\kaido\.rustup\toolchains\stable-x86_64-pc-windows-msvc\lib/rustlib/src/rust\library/core/src/ptr/mod.rs:2182
        intrinsics::volatile_store(dst, src);
 8001c52:	str	r1, [r5, #0]
 8001c54:	ldr	r1, [pc, #116]	@ (8001ccc <TIM16+0x320>)
_ZN10firmware505roots7com_arm17h23d5033652b0582cE():
E:\m\robot\esc\rm32-sagcheck\binz\firmware50/src/roots.rs:1052
    } else if us > 0xFFFF {
 8001c56:	cmp	r4, r1
 8001c58:	bcc.n	8001c5c <TIM16+0x2b0>
 8001c5a:	mov	r4, r1
 8001c5c:	subs	r1, r4, #1
 8001c5e:	ldr	r2, [pc, #36]	@ (8001c84 <TIM16+0x2d8>)
_ZN4core3ptr14write_volatile17h8e3052fd7bb2629fE():
C:\Users\kaido\.rustup\toolchains\stable-x86_64-pc-windows-msvc\lib/rustlib/src/rust\library/core/src/ptr/mod.rs:2182
 8001c60:	str	r1, [r2, #44]	@ 0x2c
 8001c62:	str	r3, [r2, #36]	@ 0x24
 8001c64:	ldr	r1, [sp, #20]
 8001c66:	str	r1, [r2, #20]
 8001c68:	str	r3, [r2, #16]
 8001c6a:	str	r1, [r2, #12]
 8001c6c:	movs	r1, #13
 8001c6e:	str	r1, [r2, #0]
_ZN8cortex_m8register7primask9write_raw17h2d20d7724a20944bE():
E:\m\robot\esc\rm32-sagcheck\binz\firmware50\ref\vendor\cortex-m/src\register\primask.rs:67
    unsafe { asm!("msr PRIMASK, {}", in(reg) r, options(nomem, nostack, preserves_flags)) };
 8001c70:	msr	PRIMASK, r0
 8001c74:	b.n	8001bbe <TIM16+0x212>
_ZN10firmware505roots8com_root17he50bbd61549ff9d4E():
 8001c76:	movs	r2, #0
_ZN4core4sync6atomic12atomic_store17hcc473a20273a503cE():
C:\Users\kaido\.rustup\toolchains\stable-x86_64-pc-windows-msvc\lib/rustlib/src/rust\library/core/src/sync/atomic.rs:3889
 8001c78:	str	r2, [r1, #4]
_ZN10firmware505roots8com_root17he50bbd61549ff9d4E():
 8001c7a:	bl	8000d34 <_ZN10firmware505roots13comp_exti_arm17hd3eb08a40ffd3698E>
TIM16():
E:\m\robot\esc\rm32-sagcheck\binz\firmware50/bin/shell-pwm.rs:115
 8001c7e:	add	sp, #28
 8001c80:	pop	{r4, r5, r6, r7, pc}
 8001c82:	nop			@ (mov r8, r8)
 8001c84:	.word	0x40014400
 8001c88:	.word	0x20000000
 8001c8c:	.word	0x40014824
 8001c90:	.word	0x40021800
 8001c94:	.word	0x200002a0
 8001c98:	.word	0x20000190
 8001c9c:	.word	0x20000254
 8001ca0:	.word	0x40021880
 8001ca4:	.word	0xe000e280
 8001ca8:	.word	0xe000e100
 8001cac:	.word	0x40012c18
 8001cb0:	.word	0x40010204
 8001cb4:	.word	0x08009e8c
 8001cb8:	.word	0x0800ac84
 8001cbc:	.word	0x000f4240
 8001cc0:	.word	0x00001191
 8001cc4:	.word	0xe000e180
 8001cc8:	.word	0xfffbffff
 8001ccc:	.word	0x0000ffff

; ===================== _ZN10firmware505roots13comp_exti_arm17hd3eb08a40ffd3698E =====================
<_ZN10firmware505roots13comp_exti_arm17hd3eb08a40ffd3698E>:
_ZN10firmware505roots13comp_exti_arm17hd3eb08a40ffd3698E():
E:\m\robot\esc\rm32-sagcheck\binz\firmware50/src/roots.rs:1462
/// pending flags, then unmask. Clearing *after* selecting is what discards the
/// transition the mux change itself produced --
/// `binz/examples/support/comp_input.rs` calls `clear_pending()` right after
/// the mux write for exactly this reason, noting that a newly selected phase
/// already past its crossing would otherwise latch a stale event.
pub fn comp_exti_arm(step: Step) {
 8000d34:	push	{r4, r5, r6, r7, lr}
 8000d36:	add	r7, sp, #12
 8000d38:	sub	sp, #8
 8000d3a:	movs	r3, #1
 8000d3c:	lsls	r2, r3, #12
 8000d3e:	ldr	r1, [pc, #140]	@ (8000dcc <_ZN10firmware505roots13comp_exti_arm17hd3eb08a40ffd3698E+0x98>)
 8000d40:	str	r2, [sp, #0]
_ZN4core3ptr14write_volatile17ha7224db381d562acE():
C:\Users\kaido\.rustup\toolchains\stable-x86_64-pc-windows-msvc\lib/rustlib/src/rust\library/core/src/ptr/mod.rs:2182
            (
                addr: *mut () = dst as *mut (),
                align: usize = align_of::<T>(),
            ) => ub_checks::maybe_is_aligned(addr, align)
        );
        intrinsics::volatile_store(dst, src);
 8000d42:	str	r2, [r1, #0]
 8000d44:	ldr	r4, [pc, #136]	@ (8000dd0 <_ZN10firmware505roots13comp_exti_arm17hd3eb08a40ffd3698E+0x9c>)
_ZN4core3ptr13read_volatile17hd7f800fbfed10bfcE():
C:\Users\kaido\.rustup\toolchains\stable-x86_64-pc-windows-msvc\lib/rustlib/src/rust\library/core/src/ptr/mod.rs:2095
        intrinsics::volatile_load(src)
 8000d46:	ldr	r1, [r4, #0]
 8000d48:	ldr	r2, [pc, #136]	@ (8000dd4 <_ZN10firmware505roots13comp_exti_arm17hd3eb08a40ffd3698E+0xa0>)
_RNvXslz_NtNtCshtjvQpOZWNm_4core3ops3bitmNtB6_12BitAndAssign13bitand_assign():
C:\Users\kaido\.rustup\toolchains\stable-x86_64-pc-windows-msvc\lib/rustlib/src/rust\library/core/src/ops/bit.rs:748
    ($($t:ty)+) => ($(
        #[stable(feature = "op_assign_traits", since = "1.8.0")]
        #[rustc_const_unstable(feature = "const_ops", issue = "143802")]
        impl const BitAndAssign for $t {
            #[inline]
            fn bitand_assign(&mut self, other: $t) { *self &= other }
 8000d4a:	ands	r1, r2
_ZN4core3ptr14write_volatile17ha7224db381d562acE():
C:\Users\kaido\.rustup\toolchains\stable-x86_64-pc-windows-msvc\lib/rustlib/src/rust\library/core/src/ptr/mod.rs:2182
        intrinsics::volatile_store(dst, src);
 8000d4c:	str	r1, [r4, #0]
 8000d4e:	ldr	r4, [pc, #136]	@ (8000dd8 <_ZN10firmware505roots13comp_exti_arm17hd3eb08a40ffd3698E+0xa4>)
_ZN4core3ptr13read_volatile17hd7f800fbfed10bfcE():
C:\Users\kaido\.rustup\toolchains\stable-x86_64-pc-windows-msvc\lib/rustlib/src/rust\library/core/src/ptr/mod.rs:2095
        intrinsics::volatile_load(src)
 8000d50:	ldr	r1, [r4, #0]
_RNvXslz_NtNtCshtjvQpOZWNm_4core3ops3bitmNtB6_12BitAndAssign13bitand_assign():
C:\Users\kaido\.rustup\toolchains\stable-x86_64-pc-windows-msvc\lib/rustlib/src/rust\library/core/src/ops/bit.rs:748
 8000d52:	ands	r1, r2
 8000d54:	mvns	r5, r0
_RNvXs4t_NtNtCshtjvQpOZWNm_4core3ops3bitmINtB6_3ShlhE3shl():
C:\Users\kaido\.rustup\toolchains\stable-x86_64-pc-windows-msvc\lib/rustlib/src/rust\library/core/src/ops/bit.rs:490
                self << other
 8000d56:	lsls	r5, r5, #31
 8000d58:	lsrs	r5, r5, #13
_RNvXslZ_NtNtCshtjvQpOZWNm_4core3ops3bitmNtB6_11BitOrAssign12bitor_assign():
C:\Users\kaido\.rustup\toolchains\stable-x86_64-pc-windows-msvc\lib/rustlib/src/rust\library/core/src/ops/bit.rs:823
    ($($t:ty)+) => ($(
        #[stable(feature = "op_assign_traits", since = "1.8.0")]
        #[rustc_const_unstable(feature = "const_ops", issue = "143802")]
        impl const BitOrAssign for $t {
            #[inline]
            fn bitor_assign(&mut self, other: $t) { *self |= other }
 8000d5a:	adds	r1, r1, r5
_ZN4core3ptr14write_volatile17ha7224db381d562acE():
C:\Users\kaido\.rustup\toolchains\stable-x86_64-pc-windows-msvc\lib/rustlib/src/rust\library/core/src/ptr/mod.rs:2182
        intrinsics::volatile_store(dst, src);
 8000d5c:	str	r1, [r4, #0]
_ZN4core3ptr13read_volatile17hd7f800fbfed10bfcE():
C:\Users\kaido\.rustup\toolchains\stable-x86_64-pc-windows-msvc\lib/rustlib/src/rust\library/core/src/ptr/mod.rs:2095
        intrinsics::volatile_load(src)
 8000d5e:	ldr	r1, [r4, #4]
_RNvXslz_NtNtCshtjvQpOZWNm_4core3ops3bitmNtB6_12BitAndAssign13bitand_assign():
C:\Users\kaido\.rustup\toolchains\stable-x86_64-pc-windows-msvc\lib/rustlib/src/rust\library/core/src/ops/bit.rs:748
            fn bitand_assign(&mut self, other: $t) { *self &= other }
 8000d60:	ands	r1, r2
_RNvXs4t_NtNtCshtjvQpOZWNm_4core3ops3bitmINtB6_3ShlhE3shl():
C:\Users\kaido\.rustup\toolchains\stable-x86_64-pc-windows-msvc\lib/rustlib/src/rust\library/core/src/ops/bit.rs:490
                self << other
 8000d62:	lsls	r0, r0, #31
 8000d64:	lsrs	r0, r0, #13
_RNvXslZ_NtNtCshtjvQpOZWNm_4core3ops3bitmNtB6_11BitOrAssign12bitor_assign():
C:\Users\kaido\.rustup\toolchains\stable-x86_64-pc-windows-msvc\lib/rustlib/src/rust\library/core/src/ops/bit.rs:823
            fn bitor_assign(&mut self, other: $t) { *self |= other }
 8000d66:	adds	r0, r1, r0
_ZN4core3ptr14write_volatile17ha7224db381d562acE():
C:\Users\kaido\.rustup\toolchains\stable-x86_64-pc-windows-msvc\lib/rustlib/src/rust\library/core/src/ptr/mod.rs:2182
        intrinsics::volatile_store(dst, src);
 8000d68:	str	r0, [r4, #4]
 8000d6a:	lsls	r3, r3, #18
 8000d6c:	str	r3, [r4, #12]
 8000d6e:	str	r3, [r4, #16]
_ZN8cortex_m8register7primask8read_raw17h333d3f63d1702481E():
E:\m\robot\esc\rm32-sagcheck\binz\firmware50\ref\vendor\cortex-m/src\register\primask.rs:48
/// Note that bits `[31:1]` are reserved and UNK (Unknown)
#[inline]
#[asm_cfg(cortex_m)]
pub fn read_raw() -> u32 {
    let r: u32;
    unsafe { asm!("mrs {}, PRIMASK", out(reg) r, options(nomem, nostack, preserves_flags)) };
 8000d70:	mrs	r0, PRIMASK
_ZN8cortex_m9interrupt7disable17ha7fb2cbc4636a9e4E():
E:\m\robot\esc\rm32-sagcheck\binz\firmware50\ref\vendor\cortex-m/src\interrupt.rs:44

/// Disables all interrupts
#[inline]
#[asm_cfg(cortex_m)]
pub fn disable() {
    unsafe { asm!("cpsid i", options(nomem, nostack, preserves_flags)) };
 8000d74:	str	r0, [sp, #4]
 8000d76:	cpsid	i
_ZN4core4sync6atomic11atomic_load17he14eda82193241b5E():
C:\Users\kaido\.rustup\toolchains\stable-x86_64-pc-windows-msvc\lib/rustlib/src/rust\library/core/src/sync/atomic.rs:3904
#[cfg_attr(miri, track_caller)] // even without panics, this helps for Miri backtraces
unsafe fn atomic_load<T: Copy>(dst: *const T, order: Ordering) -> T {
    // SAFETY: the caller must uphold the safety contract for `atomic_load`.
    unsafe {
        match order {
            Relaxed => intrinsics::atomic_load::<T, { AO::Relaxed }>(dst),
 8000d78:	ldr	r0, [pc, #96]	@ (8000ddc <_ZN10firmware505roots13comp_exti_arm17hd3eb08a40ffd3698E+0xa8>)
 8000d7a:	ldr	r4, [r0, #4]
_ZN4core4sync6atomic11atomic_load17h3bc5d1ff390eadb3E():
C:\Users\kaido\.rustup\toolchains\stable-x86_64-pc-windows-msvc\lib/rustlib/src/rust\library/core/src/sync/atomic.rs:3904
 8000d7c:	ldr	r0, [pc, #96]	@ (8000de0 <_ZN10firmware505roots13comp_exti_arm17hd3eb08a40ffd3698E+0xac>)
 8000d7e:	ldrb	r0, [r0, #0]
 8000d80:	ldr	r1, [pc, #96]	@ (8000de4 <_ZN10firmware505roots13comp_exti_arm17hd3eb08a40ffd3698E+0xb0>)
 8000d82:	ldrb	r5, [r1, #0]
 8000d84:	movs	r1, #99	@ 0x63
 8000d86:	lsls	r1, r1, #2
 8000d88:	ldr	r6, [pc, #92]	@ (8000de8 <_ZN10firmware505roots13comp_exti_arm17hd3eb08a40ffd3698E+0xb4>)
 8000d8a:	ldrb	r2, [r6, r1]
 8000d8c:	ldrb	r1, [r6, #0]
_ZN4core4sync6atomic11atomic_load17he14eda82193241b5E():
C:\Users\kaido\.rustup\toolchains\stable-x86_64-pc-windows-msvc\lib/rustlib/src/rust\library/core/src/sync/atomic.rs:3904
 8000d8e:	ldr	r6, [r6, #4]
_ZN10firmware507oneshot25comparator_resume_allowed17hd171db000154b599E():
E:\m\robot\esc\rm32-sagcheck\binz\firmware50/src/oneshot.rs:83
/// Closed-loop blanking takes precedence over the driven acquisition owner.
#[inline(always)]
pub const fn comparator_resume_allowed(
    guard: u32, detector: bool, driven: bool, stopped: bool, active: bool, phase: u32,
) -> bool {
    guard == 0 && if detector { arm_allowed(stopped, active) && phase == 0 } else { driven }
 8000d90:	cmp	r4, #0
 8000d92:	bne.n	8000da6 <_ZN10firmware505roots13comp_exti_arm17hd3eb08a40ffd3698E+0x72>
 8000d94:	cmp	r0, #0
 8000d96:	beq.n	8000da6 <_ZN10firmware505roots13comp_exti_arm17hd3eb08a40ffd3698E+0x72>
_ZN10firmware505roots19comp_resume_powered28_$u7b$$u7b$closure$u7d$$u7d$17hc30488e8679da144E():
E:\m\robot\esc\rm32-sagcheck\binz\firmware50/src/roots.rs:1473

/// Resume only the powered owner; stop and blanking checks share the write mask.
#[inline(always)]
pub fn comp_resume_powered() -> bool {
    cortex_m::interrupt::free(|_| {
        if crate::oneshot::comparator_resume_allowed(
 8000d98:	cmp	r1, #0
 8000d9a:	beq.n	8000dc0 <_ZN10firmware505roots13comp_exti_arm17hd3eb08a40ffd3698E+0x8c>
 8000d9c:	cmp	r2, #0
 8000d9e:	bne.n	8000dc0 <_ZN10firmware505roots13comp_exti_arm17hd3eb08a40ffd3698E+0x8c>
 8000da0:	cmp	r6, #0
 8000da2:	beq.n	8000dae <_ZN10firmware505roots13comp_exti_arm17hd3eb08a40ffd3698E+0x7a>
 8000da4:	b.n	8000dc0 <_ZN10firmware505roots13comp_exti_arm17hd3eb08a40ffd3698E+0x8c>
 8000da6:	cmp	r4, #0
 8000da8:	bne.n	8000dc0 <_ZN10firmware505roots13comp_exti_arm17hd3eb08a40ffd3698E+0x8c>
 8000daa:	cmp	r5, #0
 8000dac:	beq.n	8000dc0 <_ZN10firmware505roots13comp_exti_arm17hd3eb08a40ffd3698E+0x8c>
 8000dae:	ldr	r1, [pc, #32]	@ (8000dd0 <_ZN10firmware505roots13comp_exti_arm17hd3eb08a40ffd3698E+0x9c>)
_ZN4core3ptr13read_volatile17hd7f800fbfed10bfcE():
C:\Users\kaido\.rustup\toolchains\stable-x86_64-pc-windows-msvc\lib/rustlib/src/rust\library/core/src/ptr/mod.rs:2095
        intrinsics::volatile_load(src)
 8000db0:	ldr	r0, [r1, #0]
_RNvXslZ_NtNtCshtjvQpOZWNm_4core3ops3bitmNtB6_11BitOrAssign12bitor_assign():
C:\Users\kaido\.rustup\toolchains\stable-x86_64-pc-windows-msvc\lib/rustlib/src/rust\library/core/src/ops/bit.rs:823
 8000db2:	orrs	r0, r3
_ZN4core3ptr14write_volatile17ha7224db381d562acE():
C:\Users\kaido\.rustup\toolchains\stable-x86_64-pc-windows-msvc\lib/rustlib/src/rust\library/core/src/ptr/mod.rs:2182
        intrinsics::volatile_store(dst, src);
 8000db4:	str	r0, [r1, #0]
 8000db6:	ldr	r0, [pc, #52]	@ (8000dec <_ZN10firmware505roots13comp_exti_arm17hd3eb08a40ffd3698E+0xb8>)
 8000db8:	ldr	r1, [sp, #0]
 8000dba:	str	r1, [r0, #0]
 8000dbc:	ldr	r0, [pc, #48]	@ (8000df0 <_ZN10firmware505roots13comp_exti_arm17hd3eb08a40ffd3698E+0xbc>)
 8000dbe:	str	r1, [r0, #0]
_ZN8cortex_m8register7primask9write_raw17h2d20d7724a20944bE():
E:\m\robot\esc\rm32-sagcheck\binz\firmware50\ref\vendor\cortex-m/src\register\primask.rs:67
#[inline]
#[asm_cfg(cortex_m)]
pub unsafe fn write_raw(r: u32) {
    // Ensure no preceeding memory accesses are reordered to after interrupts are possibly enabled.
    compiler_fence(Ordering::SeqCst);
    unsafe { asm!("msr PRIMASK, {}", in(reg) r, options(nomem, nostack, preserves_flags)) };
 8000dc0:	ldr	r0, [sp, #4]
 8000dc2:	msr	PRIMASK, r0
_ZN10firmware505roots13comp_exti_arm17hd3eb08a40ffd3698E():
E:\m\robot\esc\rm32-sagcheck\binz\firmware50/src/roots.rs:1467
}
 8000dc6:	add	sp, #8
 8000dc8:	pop	{r4, r5, r6, r7, pc}
 8000dca:	nop			@ (mov r8, r8)
 8000dcc:	.word	0xe000e180
 8000dd0:	.word	0x40021880
 8000dd4:	.word	0xfffbffff
 8000dd8:	.word	0x40021800
 8000ddc:	.word	0x200002a0
 8000de0:	.word	0x20000190
 8000de4:	.word	0x20000254
 8000de8:	.word	0x20000000
 8000dec:	.word	0xe000e280
 8000df0:	.word	0xe000e100
