; AM32 G071 reference ISR: ADC_COMP -- COMP2 edge (A4)
; ELF 372F207B.a4-sixgate-shell-pwm.elf  sha256 372f207b2138fb3f2d0e15998ff0e0fd9f69737fa0776803b6b4c08c0f38ac1c
; objdump -d -S -l, call tree walked to depth 6
;
; call tree (function: instructions, size bytes -> callees)
;   ADC_COMP: 729 insns, 1556 B
;

; ===================== ADC_COMP =====================
<ADC_COMP>:
ADC_COMP():
E:\m\robot\esc\rm32-sagcheck\binz\firmware50/bin/shell-pwm.rs:123
    unsafe { roots::com_root::<NoChain>() }
}

/// COMP2 zero-crossing edge: `firmware50::roots::comp_root`, recording
/// nothing (`NoLog`, `NoChain`).
#[interrupt]
 80012ec:	push	{r4, r5, r6, r7, lr}
 80012ee:	add	r7, sp, #12
 80012f0:	sub	sp, #44	@ 0x2c
 80012f2:	movs	r5, #1
 80012f4:	lsls	r6, r5, #12
 80012f6:	ldr	r0, [pc, #936]	@ (80016a0 <ADC_COMP+0x3b4>)
_ZN4core3ptr14write_volatile17h8e3052fd7bb2629fE():
C:\Users\kaido\.rustup\toolchains\stable-x86_64-pc-windows-msvc\lib/rustlib/src/rust\library/core/src/ptr/mod.rs:2182
            (
                addr: *mut () = dst as *mut (),
                align: usize = align_of::<T>(),
            ) => ub_checks::maybe_is_aligned(addr, align)
        );
        intrinsics::volatile_store(dst, src);
 80012f8:	str	r6, [r0, #0]
 80012fa:	ldr	r1, [pc, #936]	@ (80016a4 <ADC_COMP+0x3b8>)
_ZN4core3ptr13read_volatile17h8e268e68817c80b8E():
C:\Users\kaido\.rustup\toolchains\stable-x86_64-pc-windows-msvc\lib/rustlib/src/rust\library/core/src/ptr/mod.rs:2095
        intrinsics::volatile_load(src)
 80012fc:	ldr	r0, [r1, #116]	@ 0x74
 80012fe:	ldr	r2, [pc, #936]	@ (80016a8 <ADC_COMP+0x3bc>)
_RNvXslz_NtNtCshtjvQpOZWNm_4core3ops3bitmNtB6_12BitAndAssign13bitand_assign():
C:\Users\kaido\.rustup\toolchains\stable-x86_64-pc-windows-msvc\lib/rustlib/src/rust\library/core/src/ops/bit.rs:748
    ($($t:ty)+) => ($(
        #[stable(feature = "op_assign_traits", since = "1.8.0")]
        #[rustc_const_unstable(feature = "const_ops", issue = "143802")]
        impl const BitAndAssign for $t {
            #[inline]
            fn bitand_assign(&mut self, other: $t) { *self &= other }
 8001300:	ands	r0, r2
_ZN4core3ptr14write_volatile17h8e3052fd7bb2629fE():
C:\Users\kaido\.rustup\toolchains\stable-x86_64-pc-windows-msvc\lib/rustlib/src/rust\library/core/src/ptr/mod.rs:2182
        intrinsics::volatile_store(dst, src);
 8001302:	str	r0, [r1, #116]	@ 0x74
 8001304:	lsls	r2, r5, #18
 8001306:	str	r2, [r1, #0]
 8001308:	str	r2, [r1, #4]
 800130a:	ldr	r0, [pc, #928]	@ (80016ac <ADC_COMP+0x3c0>)
_ZN4core3ptr13read_volatile17h8e268e68817c80b8E():
C:\Users\kaido\.rustup\toolchains\stable-x86_64-pc-windows-msvc\lib/rustlib/src/rust\library/core/src/ptr/mod.rs:2095
        intrinsics::volatile_load(src)
 800130c:	ldr	r3, [r0, #0]
_ZN4core4sync6atomic11atomic_load17h17ab246ece6b300dE():
C:\Users\kaido\.rustup\toolchains\stable-x86_64-pc-windows-msvc\lib/rustlib/src/rust\library/core/src/sync/atomic.rs:3904
#[cfg_attr(miri, track_caller)] // even without panics, this helps for Miri backtraces
unsafe fn atomic_load<T: Copy>(dst: *const T, order: Ordering) -> T {
    // SAFETY: the caller must uphold the safety contract for `atomic_load`.
    unsafe {
        match order {
            Relaxed => intrinsics::atomic_load::<T, { AO::Relaxed }>(dst),
 800130e:	ldr	r4, [pc, #928]	@ (80016b0 <ADC_COMP+0x3c4>)
 8001310:	ldrb	r0, [r4, #0]
_ZN10firmware505roots9comp_root17h994890824db4ee2cE():
E:\m\robot\esc\rm32-sagcheck\binz\firmware50/src/roots.rs:1368
        crate::chain::latch_origin();
    }
    // SAFETY: the caller is the ADC_COMP handler (this fn's contract).
    let mut at = unsafe { Root::<CompPrio>::enter() };

    if S.det().active.load(Ordering::Relaxed) {
 8001312:	cmp	r0, #0
 8001314:	str	r6, [sp, #36]	@ 0x24
 8001316:	beq.n	8001346 <ADC_COMP+0x5a>
 8001318:	movs	r6, #64	@ 0x40
_ZN4core4sync6atomic11atomic_load17h17ab246ece6b300dE():
C:\Users\kaido\.rustup\toolchains\stable-x86_64-pc-windows-msvc\lib/rustlib/src/rust\library/core/src/sync/atomic.rs:3904
 800131a:	ldrb	r0, [r4, r6]
_ZN10firmware505roots9comp_root28_$u7b$$u7b$closure$u7d$$u7d$17hf791f1ca9f8b82b8E():
E:\m\robot\esc\rm32-sagcheck\binz\firmware50/src/roots.rs:1375
        // line stays masked -- it was masked at entry -- and the foreground
        // removes the bridge.
        // binz's startup policy (E107): during the handover window the count
        // is telemetry; after it, the unchanged 64/ms cutoff.
        let within = S.det().rate.root(&mut at, |rate| {
            if S.det().cap_armed.load(Ordering::Relaxed) {
 800131c:	cmp	r0, #0
 800131e:	str	r2, [sp, #32]
 8001320:	beq.n	8001366 <ADC_COMP+0x7a>
 8001322:	movs	r0, #124	@ 0x7c
_ZN10firmware504rate13Rate$LT$_$GT$3hit17he45187e6028a8877E():
E:\m\robot\esc\rm32-sagcheck\binz\firmware50/src/rate.rs:129
    }

    /// Count one call and judge it. False once the limit has been exceeded,
    /// and false forever after.
    pub fn hit(&mut self, now: u16) -> bool {
        if self.failed {
 8001324:	ldrb	r1, [r4, r0]
 8001326:	cmp	r1, #0
 8001328:	beq.n	800132c <ADC_COMP+0x40>
 800132a:	b.n	80014aa <ADC_COMP+0x1be>
 800132c:	movs	r1, #112	@ 0x70
_ZN10firmware504rate13Rate$LT$_$GT$7observe17h46b40f05fc63e328E():
E:\m\robot\esc\rm32-sagcheck\binz\firmware50/src/rate.rs:107
        if now.wrapping_sub(self.start) >= BUCKET_US || (LOCATE && self.buckets == 0) {
 800132e:	ldrh	r2, [r4, r1]
_RNvMs5_NtCshtjvQpOZWNm_4core3numt12wrapping_sub():
C:\Users\kaido\.rustup\toolchains\stable-x86_64-pc-windows-msvc\lib/rustlib/src/rust\library/core/src/num/uint_macros.rs:2548
        #[rustc_const_stable(feature = "const_wrapping_math", since = "1.32.0")]
        #[must_use = "this returns the result of the operation, \
                      without modifying the original"]
        #[inline(always)]
        pub const fn wrapping_sub(self, rhs: Self) -> Self {
            intrinsics::wrapping_sub(self, rhs)
 8001330:	subs	r2, r3, r2
 8001332:	uxth	r2, r2
_ZN10firmware504rate13Rate$LT$_$GT$7observe17h46b40f05fc63e328E():
E:\m\robot\esc\rm32-sagcheck\binz\firmware50/src/rate.rs:107
 8001334:	lsrs	r2, r2, #3
 8001336:	cmp	r2, #124	@ 0x7c
 8001338:	str	r3, [sp, #40]	@ 0x28
 800133a:	str	r6, [sp, #28]
 800133c:	bhi.n	8001340 <ADC_COMP+0x54>
 800133e:	b.n	8001478 <ADC_COMP+0x18c>
E:\m\robot\esc\rm32-sagcheck\binz\firmware50/src/rate.rs:108
            self.start = now;
 8001340:	strh	r3, [r4, r1]
 8001342:	movs	r1, #1
E:\m\robot\esc\rm32-sagcheck\binz\firmware50/src/rate.rs:110
            if LOCATE {
 8001344:	b.n	8001486 <ADC_COMP+0x19a>
_ZN4core4sync6atomic11atomic_load17h17ab246ece6b300dE():
C:\Users\kaido\.rustup\toolchains\stable-x86_64-pc-windows-msvc\lib/rustlib/src/rust\library/core/src/sync/atomic.rs:3904
 8001346:	ldr	r5, [pc, #900]	@ (80016cc <ADC_COMP+0x3e0>)
 8001348:	ldrb	r0, [r5, #0]
 800134a:	ldr	r6, [pc, #900]	@ (80016d0 <ADC_COMP+0x3e4>)
_ZN10firmware505roots9comp_root17h994890824db4ee2cE():
E:\m\robot\esc\rm32-sagcheck\binz\firmware50/src/roots.rs:1430
        }
        // Accepted: stay masked until the foreground commutates and re-arms for
        // the next sector -- one crossing per sector, as the reference serves.
        return;
    }
    if S.drv().active.load(Ordering::Relaxed) {
 800134c:	cmp	r0, #0
 800134e:	beq.n	800137c <ADC_COMP+0x90>
_ZN10firmware504rate13Rate$LT$_$GT$7observe17h46b40f05fc63e328E():
E:\m\robot\esc\rm32-sagcheck\binz\firmware50/src/rate.rs:107
        if now.wrapping_sub(self.start) >= BUCKET_US || (LOCATE && self.buckets == 0) {
 8001350:	ldrh	r0, [r5, #60]	@ 0x3c
_RNvMs5_NtCshtjvQpOZWNm_4core3numt12wrapping_sub():
C:\Users\kaido\.rustup\toolchains\stable-x86_64-pc-windows-msvc\lib/rustlib/src/rust\library/core/src/num/uint_macros.rs:2548
 8001352:	subs	r0, r3, r0
 8001354:	uxth	r0, r0
_ZN10firmware504rate13Rate$LT$_$GT$7observe17h46b40f05fc63e328E():
E:\m\robot\esc\rm32-sagcheck\binz\firmware50/src/rate.rs:107
 8001356:	lsrs	r0, r0, #3
 8001358:	cmp	r0, #124	@ 0x7c
 800135a:	str	r2, [sp, #32]
 800135c:	str	r3, [sp, #40]	@ 0x28
 800135e:	bls.n	800139c <ADC_COMP+0xb0>
E:\m\robot\esc\rm32-sagcheck\binz\firmware50/src/rate.rs:108
            self.start = now;
 8001360:	strh	r3, [r5, #60]	@ 0x3c
 8001362:	movs	r0, #1
E:\m\robot\esc\rm32-sagcheck\binz\firmware50/src/rate.rs:110
            if LOCATE {
 8001364:	b.n	80013a8 <ADC_COMP+0xbc>
_ZN10firmware505roots9comp_root17h994890824db4ee2cE():
 8001366:	movs	r0, #112	@ 0x70
_ZN10firmware504rate13Rate$LT$_$GT$7observe17h46b40f05fc63e328E():
E:\m\robot\esc\rm32-sagcheck\binz\firmware50/src/rate.rs:107
        if now.wrapping_sub(self.start) >= BUCKET_US || (LOCATE && self.buckets == 0) {
 8001368:	ldrh	r1, [r4, r0]
_RNvMs5_NtCshtjvQpOZWNm_4core3numt12wrapping_sub():
C:\Users\kaido\.rustup\toolchains\stable-x86_64-pc-windows-msvc\lib/rustlib/src/rust\library/core/src/num/uint_macros.rs:2548
 800136a:	subs	r1, r3, r1
 800136c:	uxth	r1, r1
_ZN10firmware504rate13Rate$LT$_$GT$7observe17h46b40f05fc63e328E():
E:\m\robot\esc\rm32-sagcheck\binz\firmware50/src/rate.rs:107
 800136e:	lsrs	r1, r1, #3
 8001370:	cmp	r1, #124	@ 0x7c
 8001372:	bls.n	8001408 <ADC_COMP+0x11c>
 8001374:	mov	r5, r3
E:\m\robot\esc\rm32-sagcheck\binz\firmware50/src/rate.rs:108
            self.start = now;
 8001376:	strh	r3, [r4, r0]
 8001378:	movs	r0, #1
E:\m\robot\esc\rm32-sagcheck\binz\firmware50/src/rate.rs:110
            if LOCATE {
 800137a:	b.n	8001418 <ADC_COMP+0x12c>
_ZN4core3ptr13read_volatile17h8e268e68817c80b8E():
C:\Users\kaido\.rustup\toolchains\stable-x86_64-pc-windows-msvc\lib/rustlib/src/rust\library/core/src/ptr/mod.rs:2095
 800137c:	ldr	r0, [r6, #0]
_ZN10firmware505roots9comp_root17h994890824db4ee2cE():
E:\m\robot\esc\rm32-sagcheck\binz\firmware50/src/roots.rs:1440
        return;
    }

    // Open loop / acquisition: record the edge for the foreground, as before.
    let level = hw::comp::level();
    S.edge().raw.store(raw as u32, Ordering::Relaxed);
 800137e:	uxth	r1, r3
_ZN4core4sync6atomic12atomic_store17hcc473a20273a503cE():
C:\Users\kaido\.rustup\toolchains\stable-x86_64-pc-windows-msvc\lib/rustlib/src/rust\library/core/src/sync/atomic.rs:3889
            Relaxed => intrinsics::atomic_store::<T, { AO::Relaxed }>(dst, val),
 8001380:	ldr	r2, [pc, #848]	@ (80016d4 <ADC_COMP+0x3e8>)
 8001382:	str	r1, [r2, #0]
_ZN10firmware505roots9comp_root17h994890824db4ee2cE():
E:\m\robot\esc\rm32-sagcheck\binz\firmware50/src/roots.rs:1441
    S.edge().level.store(level as u32, Ordering::Relaxed);
 8001384:	lsls	r0, r0, #1
 8001386:	lsrs	r0, r0, #31
_ZN4core4sync6atomic12atomic_store17hcc473a20273a503cE():
C:\Users\kaido\.rustup\toolchains\stable-x86_64-pc-windows-msvc\lib/rustlib/src/rust\library/core/src/sync/atomic.rs:3889
 8001388:	str	r0, [r2, #8]
_ZN15portable_atomic3imp9interrupt4arch7disable17h3ec6a546f52c6294E():
E:\m\robot\esc\rm32-sagcheck\binz\firmware50\ref\vendor\portable-atomic/src\imp\interrupt\armv6m.rs:34
pub(crate) fn disable() -> State {
    let primask: State;
    // SAFETY: reading the priority mask register and disabling interrupts are safe.
    // (see module-level comments of interrupt/mod.rs on the safety of using privileged instructions)
    unsafe {
        asm!(
 800138a:	mrs	r0, PRIMASK
 800138e:	cpsid	i
_ZN4core3ptr4read17hba5936ac89bd43e0E():
C:\Users\kaido\.rustup\toolchains\stable-x86_64-pc-windows-msvc\lib/rustlib/src/rust\library/core/src/ptr/mod.rs:1721
        crate::intrinsics::read_via_copy(src)
 8001390:	ldr	r1, [r2, #4]
_RNvMs6_NtCshtjvQpOZWNm_4core3numm12wrapping_add():
C:\Users\kaido\.rustup\toolchains\stable-x86_64-pc-windows-msvc\lib/rustlib/src/rust\library/core/src/num/uint_macros.rs:2511
            intrinsics::wrapping_add(self, rhs)
 8001392:	adds	r1, r1, #1
_ZN4core3ptr5write17h56903f5125280645E():
C:\Users\kaido\.rustup\toolchains\stable-x86_64-pc-windows-msvc\lib/rustlib/src/rust\library/core/src/ptr/mod.rs:1921
        intrinsics::write_via_move(dst, src)
 8001394:	str	r1, [r2, #4]
_ZN15portable_atomic3imp9interrupt4arch7restore17hb2cf2f388bec0c55E():
E:\m\robot\esc\rm32-sagcheck\binz\firmware50\ref\vendor\portable-atomic/src\imp\interrupt\armv6m.rs:57
    // SAFETY: the caller must guarantee that the state was retrieved by the previous `disable`,
    // and we've checked that interrupts were enabled before disabling interrupts.
    //
    // This clobbers the entire PRIMASK register. See msp430.rs for safety on this.
    unsafe {
        asm!(
 8001396:	msr	PRIMASK, r0
_ZN10firmware505roots10drv_decide17h2d40b460b6fd6d60E():
 800139a:	b.n	8001770 <ADC_COMP+0x484>
_ZN10firmware504rate13Rate$LT$_$GT$7observe17h46b40f05fc63e328E():
E:\m\robot\esc\rm32-sagcheck\binz\firmware50/src/rate.rs:114
        self.count = self.count.saturating_add(1);
 800139c:	ldrh	r0, [r5, #62]	@ 0x3e
_RNvMs5_NtCshtjvQpOZWNm_4core3numt14saturating_add():
C:\Users\kaido\.rustup\toolchains\stable-x86_64-pc-windows-msvc\lib/rustlib/src/rust\library/core/src/num/uint_macros.rs:2355
            intrinsics::saturating_add(self, rhs)
 800139e:	adds	r0, r0, #1
 80013a0:	ldr	r1, [pc, #820]	@ (80016d8 <ADC_COMP+0x3ec>)
 80013a2:	cmp	r0, r1
 80013a4:	bcc.n	80013a8 <ADC_COMP+0xbc>
_ZN10firmware504rate13Rate$LT$_$GT$7observe17h46b40f05fc63e328E():
 80013a6:	mov	r0, r1
E:\m\robot\esc\rm32-sagcheck\binz\firmware50/src/rate.rs:114
 80013a8:	strh	r0, [r5, #62]	@ 0x3e
 80013aa:	movs	r1, #64	@ 0x40
E:\m\robot\esc\rm32-sagcheck\binz\firmware50/src/rate.rs:115
        if self.count > self.peak {
 80013ac:	ldrh	r2, [r5, r1]
E:\m\robot\esc\rm32-sagcheck\binz\firmware50/src/rate.rs:114
        self.count = self.count.saturating_add(1);
 80013ae:	uxth	r3, r0
E:\m\robot\esc\rm32-sagcheck\binz\firmware50/src/rate.rs:115
        if self.count > self.peak {
 80013b0:	cmp	r3, r2
 80013b2:	bls.n	80013b6 <ADC_COMP+0xca>
E:\m\robot\esc\rm32-sagcheck\binz\firmware50/src/rate.rs:116
            self.peak = self.count;
 80013b4:	strh	r0, [r5, r1]
_ZN4core4sync6atomic11atomic_load17h94eed33ebba291bdE():
C:\Users\kaido\.rustup\toolchains\stable-x86_64-pc-windows-msvc\lib/rustlib/src/rust\library/core/src/sync/atomic.rs:3904
            Relaxed => intrinsics::atomic_load::<T, { AO::Relaxed }>(dst),
 80013b6:	ldr	r2, [r5, #4]
 80013b8:	ldr	r0, [r5, #8]
_ZN10firmware505roots10drv_decide17h2d40b460b6fd6d60E():
E:\m\robot\esc\rm32-sagcheck\binz\firmware50/src/roots.rs:736
    let step = Step::new_clamped(S.drv().step.load(Ordering::Relaxed) as u8);
 80013ba:	uxtb	r1, r0
_ZN10firmware5011commutation4Step11new_clamped17h83820b9c07f2ee92E():
E:\m\robot\esc\rm32-sagcheck\binz\firmware50/src/commutation.rs:52
    }

    /// Build a sector, saturating into range. Infallible, panic-free.
    #[inline]
    pub const fn new_clamped(raw: u8) -> Step {
        if raw < 1 {
 80013bc:	cmp	r1, #6
 80013be:	mov	r0, r1
 80013c0:	bcc.n	80013c4 <ADC_COMP+0xd8>
 80013c2:	movs	r0, #6
 80013c4:	movs	r3, #1
 80013c6:	cmp	r1, #0
 80013c8:	mov	r1, r3
 80013ca:	beq.n	80013ce <ADC_COMP+0xe2>
_ZN10firmware505roots10drv_decide17h2d40b460b6fd6d60E():
 80013cc:	mov	r1, r0
 80013ce:	str	r1, [sp, #28]
_ZN10firmware5011commutation4Step6rising17h63cd58873185a74dE():
E:\m\robot\esc\rm32-sagcheck\binz\firmware50/src/commutation.rs:82

    /// BEMF edge polarity for this sector: odd sectors look for a rising
    /// crossing, even sectors a falling one (reference `rising = step & 1`).
    #[inline]
    pub const fn rising(self) -> bool {
        self.0 & 1 == 1
 80013d0:	mov	r0, r1
 80013d2:	ands	r0, r3
_RNvMs5_NtCshtjvQpOZWNm_4core3numt12wrapping_sub():
C:\Users\kaido\.rustup\toolchains\stable-x86_64-pc-windows-msvc\lib/rustlib/src/rust\library/core/src/num/uint_macros.rs:2548
            intrinsics::wrapping_sub(self, rhs)
 80013d4:	ldr	r1, [sp, #40]	@ 0x28
 80013d6:	subs	r2, r1, r2
 80013d8:	uxth	r1, r2
 80013da:	lsls	r2, r3, #30
 80013dc:	movs	r3, #255	@ 0xff
 80013de:	adds	r3, #162	@ 0xa2
_ZN10firmware505roots10drv_decide17h2d40b460b6fd6d60E():
E:\m\robot\esc\rm32-sagcheck\binz\firmware50/src/roots.rs:738
    if count <= DRV_GATE_US {
 80013e0:	cmp	r1, r3
 80013e2:	bcs.n	800142c <ADC_COMP+0x140>
_ZN4core3ptr13read_volatile17h8e268e68817c80b8E():
C:\Users\kaido\.rustup\toolchains\stable-x86_64-pc-windows-msvc\lib/rustlib/src/rust\library/core/src/ptr/mod.rs:2095
        intrinsics::volatile_load(src)
 80013e4:	ldr	r1, [r6, #0]
_ZN15stm32g0_staging9stm32g0714comp9comp2_csr114_$LT$impl$u20$stm32g0_staging..generic..raw..R$LT$stm32g0_staging..stm32g071..comp..comp2_csr..COMP2_CSRrs$GT$$GT$5value17hbce51fc09ff1f788E():
E:\m\robot\esc\rm32-sagcheck\binz\firmware50\ref\vendor\stm32g0-staging/src\stm32g071\comp\comp2_csr.rs:98
        BLANKSEL_R::new(((self.bits >> 20) & 0x1f) as u8)
    }
    ///Bit 30 - Comparator 2 output status
    #[inline(always)]
    pub fn value(&self) -> VALUE_R {
        VALUE_R::new(((self.bits >> 30) & 1) != 0)
 80013e6:	ands	r1, r2
 80013e8:	subs	r2, r1, #1
 80013ea:	sbcs	r1, r2
_ZN10firmware5011commutation4Step6rising17h63cd58873185a74dE():
E:\m\robot\esc\rm32-sagcheck\binz\firmware50/src/commutation.rs:82
 80013ec:	negs	r2, r0
 80013ee:	adcs	r2, r0
_ZN10firmware505roots10drv_decide17h2d40b460b6fd6d60E():
E:\m\robot\esc\rm32-sagcheck\binz\firmware50/src/roots.rs:739
        if hw::comp::level() == rising {
 80013f0:	eors	r2, r1
 80013f2:	bne.n	80013f6 <ADC_COMP+0x10a>
 80013f4:	b.n	80016b4 <ADC_COMP+0x3c8>
_ZN15portable_atomic3imp9interrupt4arch7disable17h3ec6a546f52c6294E():
E:\m\robot\esc\rm32-sagcheck\binz\firmware50\ref\vendor\portable-atomic/src\imp\interrupt\armv6m.rs:34
        asm!(
 80013f6:	mrs	r0, PRIMASK
 80013fa:	cpsid	i
_ZN4core3ptr4read17hba5936ac89bd43e0E():
C:\Users\kaido\.rustup\toolchains\stable-x86_64-pc-windows-msvc\lib/rustlib/src/rust\library/core/src/ptr/mod.rs:1721
        crate::intrinsics::read_via_copy(src)
 80013fc:	ldr	r1, [r5, #44]	@ 0x2c
_RNvMs6_NtCshtjvQpOZWNm_4core3numm12wrapping_add():
C:\Users\kaido\.rustup\toolchains\stable-x86_64-pc-windows-msvc\lib/rustlib/src/rust\library/core/src/num/uint_macros.rs:2511
            intrinsics::wrapping_add(self, rhs)
 80013fe:	adds	r1, r1, #1
_ZN4core3ptr5write17h56903f5125280645E():
C:\Users\kaido\.rustup\toolchains\stable-x86_64-pc-windows-msvc\lib/rustlib/src/rust\library/core/src/ptr/mod.rs:1921
        intrinsics::write_via_move(dst, src)
 8001400:	str	r1, [r5, #44]	@ 0x2c
_ZN15portable_atomic3imp9interrupt4arch7restore17hb2cf2f388bec0c55E():
E:\m\robot\esc\rm32-sagcheck\binz\firmware50\ref\vendor\portable-atomic/src\imp\interrupt\armv6m.rs:57
        asm!(
 8001402:	msr	PRIMASK, r0
 8001406:	b.n	8001642 <ADC_COMP+0x356>
_ZN10firmware505roots9comp_root17h994890824db4ee2cE():
 8001408:	movs	r0, #114	@ 0x72
_ZN10firmware504rate13Rate$LT$_$GT$7observe17h46b40f05fc63e328E():
E:\m\robot\esc\rm32-sagcheck\binz\firmware50/src/rate.rs:114
        self.count = self.count.saturating_add(1);
 800140a:	ldrh	r0, [r4, r0]
_RNvMs5_NtCshtjvQpOZWNm_4core3numt14saturating_add():
C:\Users\kaido\.rustup\toolchains\stable-x86_64-pc-windows-msvc\lib/rustlib/src/rust\library/core/src/num/uint_macros.rs:2355
            intrinsics::saturating_add(self, rhs)
 800140c:	adds	r0, r0, #1
 800140e:	ldr	r1, [pc, #712]	@ (80016d8 <ADC_COMP+0x3ec>)
 8001410:	cmp	r0, r1
 8001412:	bcc.n	8001416 <ADC_COMP+0x12a>
_ZN10firmware504rate13Rate$LT$_$GT$7observe17h46b40f05fc63e328E():
 8001414:	mov	r0, r1
 8001416:	mov	r5, r3
 8001418:	movs	r1, #114	@ 0x72
E:\m\robot\esc\rm32-sagcheck\binz\firmware50/src/rate.rs:114
 800141a:	strh	r0, [r4, r1]
 800141c:	movs	r1, #116	@ 0x74
E:\m\robot\esc\rm32-sagcheck\binz\firmware50/src/rate.rs:115
        if self.count > self.peak {
 800141e:	ldrh	r2, [r4, r1]
E:\m\robot\esc\rm32-sagcheck\binz\firmware50/src/rate.rs:114
        self.count = self.count.saturating_add(1);
 8001420:	uxth	r3, r0
E:\m\robot\esc\rm32-sagcheck\binz\firmware50/src/rate.rs:115
        if self.count > self.peak {
 8001422:	cmp	r3, r2
 8001424:	mov	r3, r5
 8001426:	bls.n	80014b6 <ADC_COMP+0x1ca>
E:\m\robot\esc\rm32-sagcheck\binz\firmware50/src/rate.rs:116
            self.peak = self.count;
 8001428:	strh	r0, [r4, r1]
 800142a:	b.n	80014b6 <ADC_COMP+0x1ca>
_ZN10firmware505roots9comp_root17h994890824db4ee2cE():
 800142c:	str	r1, [sp, #24]
 800142e:	movs	r3, #0
_ZN4core3ptr13read_volatile17h8e268e68817c80b8E():
C:\Users\kaido\.rustup\toolchains\stable-x86_64-pc-windows-msvc\lib/rustlib/src/rust\library/core/src/ptr/mod.rs:2095
        intrinsics::volatile_load(src)
 8001430:	ldr	r1, [r6, #0]
_ZN15stm32g0_staging9stm32g0714comp9comp2_csr114_$LT$impl$u20$stm32g0_staging..generic..raw..R$LT$stm32g0_staging..stm32g071..comp..comp2_csr..COMP2_CSRrs$GT$$GT$5value17hbce51fc09ff1f788E():
E:\m\robot\esc\rm32-sagcheck\binz\firmware50\ref\vendor\stm32g0-staging/src\stm32g071\comp\comp2_csr.rs:98
 8001432:	ands	r1, r2
 8001434:	subs	r4, r1, #1
 8001436:	sbcs	r1, r4
_ZN10firmware5011commutation4Step6rising17h63cd58873185a74dE():
E:\m\robot\esc\rm32-sagcheck\binz\firmware50/src/commutation.rs:82
 8001438:	negs	r4, r0
 800143a:	adcs	r4, r0
_ZN10firmware505roots10drv_decide17h2d40b460b6fd6d60E():
E:\m\robot\esc\rm32-sagcheck\binz\firmware50/src/roots.rs:749
        if hw::comp::level() != rising {
 800143c:	cmp	r4, r1
 800143e:	beq.n	8001442 <ADC_COMP+0x156>
 8001440:	b.n	8001630 <ADC_COMP+0x344>
E:\m\robot\esc\rm32-sagcheck\binz\firmware50/src/roots.rs:753
        i += 1;
 8001442:	adds	r1, r3, #1
E:\m\robot\esc\rm32-sagcheck\binz\firmware50/src/roots.rs:748
    while i < 12 {
 8001444:	cmp	r3, #11
 8001446:	mov	r3, r1
 8001448:	bcc.n	8001430 <ADC_COMP+0x144>
_ZN4core4sync6atomic12atomic_store17hcc473a20273a503cE():
C:\Users\kaido\.rustup\toolchains\stable-x86_64-pc-windows-msvc\lib/rustlib/src/rust\library/core/src/sync/atomic.rs:3889
            Relaxed => intrinsics::atomic_store::<T, { AO::Relaxed }>(dst, val),
 800144a:	ldr	r0, [sp, #24]
 800144c:	str	r0, [r5, #32]
_ZN4core4sync6atomic11atomic_load17h94eed33ebba291bdE():
C:\Users\kaido\.rustup\toolchains\stable-x86_64-pc-windows-msvc\lib/rustlib/src/rust\library/core/src/sync/atomic.rs:3904
            Relaxed => intrinsics::atomic_load::<T, { AO::Relaxed }>(dst),
 800144e:	ldr	r0, [r5, #36]	@ 0x24
 8001450:	ldr	r1, [sp, #40]	@ 0x28
_RNvMs5_NtCshtjvQpOZWNm_4core3numt12wrapping_sub():
C:\Users\kaido\.rustup\toolchains\stable-x86_64-pc-windows-msvc\lib/rustlib/src/rust\library/core/src/num/uint_macros.rs:2548
            intrinsics::wrapping_sub(self, rhs)
 8001452:	subs	r0, r1, r0
_ZN10firmware505roots10drv_decide17h2d40b460b6fd6d60E():
E:\m\robot\esc\rm32-sagcheck\binz\firmware50/src/roots.rs:757
        raw.wrapping_sub(S.drv().sector_raw.load(Ordering::Relaxed) as u16) as u32,
 8001454:	uxth	r0, r0
_ZN4core4sync6atomic12atomic_store17hcc473a20273a503cE():
C:\Users\kaido\.rustup\toolchains\stable-x86_64-pc-windows-msvc\lib/rustlib/src/rust\library/core/src/sync/atomic.rs:3889
            Relaxed => intrinsics::atomic_store::<T, { AO::Relaxed }>(dst, val),
 8001456:	str	r0, [r5, #40]	@ 0x28
_ZN10firmware505roots10drv_decide17h2d40b460b6fd6d60E():
E:\m\robot\esc\rm32-sagcheck\binz\firmware50/src/roots.rs:760
    S.drv().acc_raw.store(raw as u32, Ordering::Relaxed);
 8001458:	uxth	r0, r1
_ZN4core4sync6atomic12atomic_store17hcc473a20273a503cE():
C:\Users\kaido\.rustup\toolchains\stable-x86_64-pc-windows-msvc\lib/rustlib/src/rust\library/core/src/sync/atomic.rs:3889
 800145a:	str	r0, [r5, #20]
_ZN4core4sync6atomic11atomic_load17h94eed33ebba291bdE():
C:\Users\kaido\.rustup\toolchains\stable-x86_64-pc-windows-msvc\lib/rustlib/src/rust\library/core/src/sync/atomic.rs:3904
            Relaxed => intrinsics::atomic_load::<T, { AO::Relaxed }>(dst),
 800145c:	ldr	r1, [r5, #12]
_ZN4core4sync6atomic12atomic_store17hcc473a20273a503cE():
C:\Users\kaido\.rustup\toolchains\stable-x86_64-pc-windows-msvc\lib/rustlib/src/rust\library/core/src/sync/atomic.rs:3889
            Relaxed => intrinsics::atomic_store::<T, { AO::Relaxed }>(dst, val),
 800145e:	str	r1, [r5, #24]
 8001460:	ldr	r1, [sp, #28]
 8001462:	str	r1, [r5, #28]
 8001464:	str	r0, [r5, #4]
_ZN15portable_atomic3imp9interrupt4arch7disable17h3ec6a546f52c6294E():
E:\m\robot\esc\rm32-sagcheck\binz\firmware50\ref\vendor\portable-atomic/src\imp\interrupt\armv6m.rs:34
        asm!(
 8001466:	mrs	r0, PRIMASK
 800146a:	cpsid	i
_ZN4core3ptr4read17hba5936ac89bd43e0E():
C:\Users\kaido\.rustup\toolchains\stable-x86_64-pc-windows-msvc\lib/rustlib/src/rust\library/core/src/ptr/mod.rs:1721
        crate::intrinsics::read_via_copy(src)
 800146c:	ldr	r1, [r5, #16]
_RNvMs6_NtCshtjvQpOZWNm_4core3numm12wrapping_add():
C:\Users\kaido\.rustup\toolchains\stable-x86_64-pc-windows-msvc\lib/rustlib/src/rust\library/core/src/num/uint_macros.rs:2511
            intrinsics::wrapping_add(self, rhs)
 800146e:	adds	r1, r1, #1
_ZN4core3ptr5write17h56903f5125280645E():
C:\Users\kaido\.rustup\toolchains\stable-x86_64-pc-windows-msvc\lib/rustlib/src/rust\library/core/src/ptr/mod.rs:1921
        intrinsics::write_via_move(dst, src)
 8001470:	str	r1, [r5, #16]
_ZN15portable_atomic3imp9interrupt4arch7restore17hb2cf2f388bec0c55E():
E:\m\robot\esc\rm32-sagcheck\binz\firmware50\ref\vendor\portable-atomic/src\imp\interrupt\armv6m.rs:57
        asm!(
 8001472:	msr	PRIMASK, r0
_ZN10firmware505roots10drv_decide17h2d40b460b6fd6d60E():
 8001476:	b.n	8001770 <ADC_COMP+0x484>
_ZN10firmware505roots9comp_root17h994890824db4ee2cE():
 8001478:	movs	r1, #114	@ 0x72
_ZN10firmware504rate13Rate$LT$_$GT$7observe17h46b40f05fc63e328E():
E:\m\robot\esc\rm32-sagcheck\binz\firmware50/src/rate.rs:114
        self.count = self.count.saturating_add(1);
 800147a:	ldrh	r1, [r4, r1]
_RNvMs5_NtCshtjvQpOZWNm_4core3numt14saturating_add():
C:\Users\kaido\.rustup\toolchains\stable-x86_64-pc-windows-msvc\lib/rustlib/src/rust\library/core/src/num/uint_macros.rs:2355
            intrinsics::saturating_add(self, rhs)
 800147c:	adds	r1, r1, #1
 800147e:	ldr	r2, [pc, #600]	@ (80016d8 <ADC_COMP+0x3ec>)
 8001480:	cmp	r1, r2
 8001482:	bcc.n	8001486 <ADC_COMP+0x19a>
_ZN10firmware504rate13Rate$LT$_$GT$7observe17h46b40f05fc63e328E():
 8001484:	mov	r1, r2
 8001486:	movs	r2, #114	@ 0x72
E:\m\robot\esc\rm32-sagcheck\binz\firmware50/src/rate.rs:114
 8001488:	strh	r1, [r4, r2]
 800148a:	movs	r3, #116	@ 0x74
 800148c:	mov	r6, r4
E:\m\robot\esc\rm32-sagcheck\binz\firmware50/src/rate.rs:115
        if self.count > self.peak {
 800148e:	ldrh	r4, [r4, r3]
E:\m\robot\esc\rm32-sagcheck\binz\firmware50/src/rate.rs:114
        self.count = self.count.saturating_add(1);
 8001490:	uxth	r2, r1
E:\m\robot\esc\rm32-sagcheck\binz\firmware50/src/rate.rs:115
        if self.count > self.peak {
 8001492:	cmp	r2, r4
 8001494:	mov	r4, r6
 8001496:	bls.n	800149a <ADC_COMP+0x1ae>
E:\m\robot\esc\rm32-sagcheck\binz\firmware50/src/rate.rs:116
            self.peak = self.count;
 8001498:	strh	r1, [r4, r3]
_ZN10firmware504rate13Rate$LT$_$GT$3hit17he45187e6028a8877E():
 800149a:	movs	r1, #0
E:\m\robot\esc\rm32-sagcheck\binz\firmware50/src/rate.rs:133
            return false;
        }
        self.observe(now);
        self.failed = self.count > LIMIT;
 800149c:	cmp	r2, #64	@ 0x40
 800149e:	bhi.n	80014a2 <ADC_COMP+0x1b6>
 80014a0:	mov	r5, r1
 80014a2:	strb	r5, [r4, r0]
 80014a4:	ldr	r3, [sp, #40]	@ 0x28
 80014a6:	ldr	r6, [sp, #28]
_ZN10firmware505roots9comp_root17h994890824db4ee2cE():
E:\m\robot\esc\rm32-sagcheck\binz\firmware50/src/roots.rs:1382
        if !within {
 80014a8:	bls.n	80014b6 <ADC_COMP+0x1ca>
_ZN4core4sync6atomic12atomic_store17hb5a3855436143d83E():
C:\Users\kaido\.rustup\toolchains\stable-x86_64-pc-windows-msvc\lib/rustlib/src/rust\library/core/src/sync/atomic.rs:3889
 80014aa:	ldr	r0, [pc, #560]	@ (80016dc <ADC_COMP+0x3f0>)
 80014ac:	movs	r1, #1
 80014ae:	strb	r1, [r0, #0]
_ZN4core4sync6atomic11atomic_load17h94eed33ebba291bdE():
C:\Users\kaido\.rustup\toolchains\stable-x86_64-pc-windows-msvc\lib/rustlib/src/rust\library/core/src/sync/atomic.rs:3904
            Relaxed => intrinsics::atomic_load::<T, { AO::Relaxed }>(dst),
 80014b0:	ldr	r1, [r4, #8]
_ZN4core4sync6atomic12atomic_store17hcc473a20273a503cE():
C:\Users\kaido\.rustup\toolchains\stable-x86_64-pc-windows-msvc\lib/rustlib/src/rust\library/core/src/sync/atomic.rs:3889
            Relaxed => intrinsics::atomic_store::<T, { AO::Relaxed }>(dst, val),
 80014b2:	str	r1, [r0, #4]
_ZN10firmware505roots9comp_root17h994890824db4ee2cE():
 80014b4:	b.n	8001770 <ADC_COMP+0x484>
_ZN4core4sync6atomic11atomic_load17h94eed33ebba291bdE():
C:\Users\kaido\.rustup\toolchains\stable-x86_64-pc-windows-msvc\lib/rustlib/src/rust\library/core/src/sync/atomic.rs:3904
            Relaxed => intrinsics::atomic_load::<T, { AO::Relaxed }>(dst),
 80014b6:	ldr	r0, [r4, #4]
 80014b8:	movs	r2, #200	@ 0xc8
 80014ba:	ldr	r1, [r4, r2]
_RNvMs5_NtCshtjvQpOZWNm_4core3numt12wrapping_sub():
C:\Users\kaido\.rustup\toolchains\stable-x86_64-pc-windows-msvc\lib/rustlib/src/rust\library/core/src/num/uint_macros.rs:2548
            intrinsics::wrapping_sub(self, rhs)
 80014bc:	subs	r0, r3, r0
_ZN10firmware505roots16det_decide_plain17h6084d6aa399f453aE():
E:\m\robot\esc\rm32-sagcheck\binz\firmware50/src/roots.rs:493
    let count = raw.wrapping_sub(start) as u32;
 80014be:	uxth	r5, r0
E:\m\robot\esc\rm32-sagcheck\binz\firmware50/src/roots.rs:496
    if count > S.det().ci_max.load(Ordering::Relaxed) {
 80014c0:	cmp	r1, r5
 80014c2:	bcs.n	80014dc <ADC_COMP+0x1f0>
E:\m\robot\esc\rm32-sagcheck\binz\firmware50/src/roots.rs:497
        S.det().sector_start_raw.store(raw as u32, Ordering::Relaxed);
 80014c4:	uxth	r0, r3
_ZN4core4sync6atomic12atomic_store17hcc473a20273a503cE():
C:\Users\kaido\.rustup\toolchains\stable-x86_64-pc-windows-msvc\lib/rustlib/src/rust\library/core/src/sync/atomic.rs:3889
            Relaxed => intrinsics::atomic_store::<T, { AO::Relaxed }>(dst, val),
 80014c6:	str	r0, [r4, #4]
_ZN15portable_atomic3imp9interrupt4arch7disable17h3ec6a546f52c6294E():
E:\m\robot\esc\rm32-sagcheck\binz\firmware50\ref\vendor\portable-atomic/src\imp\interrupt\armv6m.rs:34
        asm!(
 80014c8:	mrs	r0, PRIMASK
 80014cc:	cpsid	i
_ZN4core3ptr4read17hba5936ac89bd43e0E():
C:\Users\kaido\.rustup\toolchains\stable-x86_64-pc-windows-msvc\lib/rustlib/src/rust\library/core/src/ptr/mod.rs:1721
        crate::intrinsics::read_via_copy(src)
 80014ce:	ldr	r1, [r4, #52]	@ 0x34
_RNvMs6_NtCshtjvQpOZWNm_4core3numm12wrapping_add():
C:\Users\kaido\.rustup\toolchains\stable-x86_64-pc-windows-msvc\lib/rustlib/src/rust\library/core/src/num/uint_macros.rs:2511
            intrinsics::wrapping_add(self, rhs)
 80014d0:	adds	r1, r1, #1
_ZN4core3ptr5write17h56903f5125280645E():
C:\Users\kaido\.rustup\toolchains\stable-x86_64-pc-windows-msvc\lib/rustlib/src/rust\library/core/src/ptr/mod.rs:1921
        intrinsics::write_via_move(dst, src)
 80014d2:	str	r1, [r4, #52]	@ 0x34
_ZN15portable_atomic3imp9interrupt4arch7restore17hb2cf2f388bec0c55E():
E:\m\robot\esc\rm32-sagcheck\binz\firmware50\ref\vendor\portable-atomic/src\imp\interrupt\armv6m.rs:57
        asm!(
 80014d4:	msr	PRIMASK, r0
 80014d8:	movs	r5, #0
 80014da:	b.n	80016f0 <ADC_COMP+0x404>
_ZN10firmware505roots16det_decide_plain17h6084d6aa399f453aE():
 80014dc:	str	r2, [sp, #24]
_ZN4core4sync6atomic11atomic_load17h94eed33ebba291bdE():
C:\Users\kaido\.rustup\toolchains\stable-x86_64-pc-windows-msvc\lib/rustlib/src/rust\library/core/src/sync/atomic.rs:3904
            Relaxed => intrinsics::atomic_load::<T, { AO::Relaxed }>(dst),
 80014de:	ldr	r0, [r4, #8]
_ZN10firmware505roots16det_decide_plain17h6084d6aa399f453aE():
E:\m\robot\esc\rm32-sagcheck\binz\firmware50/src/roots.rs:501
    let step = Step::new_clamped(S.det().step.load(Ordering::Relaxed) as u8);
 80014e0:	uxtb	r2, r0
_ZN10firmware5011commutation4Step11new_clamped17h83820b9c07f2ee92E():
E:\m\robot\esc\rm32-sagcheck\binz\firmware50/src/commutation.rs:52
        if raw < 1 {
 80014e2:	cmp	r2, #6
 80014e4:	mov	r1, r2
 80014e6:	bcc.n	80014ea <ADC_COMP+0x1fe>
 80014e8:	movs	r1, #6
 80014ea:	str	r3, [sp, #40]	@ 0x28
 80014ec:	movs	r0, #1
 80014ee:	cmp	r2, #0
 80014f0:	mov	r3, r0
 80014f2:	beq.n	80014f6 <ADC_COMP+0x20a>
_ZN10firmware505roots16det_decide_plain17h6084d6aa399f453aE():
 80014f4:	mov	r3, r1
 80014f6:	movs	r1, #220	@ 0xdc
_ZN4core4sync6atomic11atomic_load17h94eed33ebba291bdE():
C:\Users\kaido\.rustup\toolchains\stable-x86_64-pc-windows-msvc\lib/rustlib/src/rust\library/core/src/sync/atomic.rs:3904
 80014f8:	ldr	r2, [r4, r1]
 80014fa:	movs	r1, #204	@ 0xcc
 80014fc:	ldr	r1, [r4, r1]
_ZN10firmware504bemf5judge17h3c99ce9066f04074E():
E:\m\robot\esc\rm32-sagcheck\binz\firmware50/src/bemf.rs:560
/// * `gate` — the published half-cycle window (strictly greater passes, as the
///   reference).
/// * `depth` — the published filter depth; at most `depth` live reads.
#[inline]
pub fn judge<R: FnMut() -> bool>(count: u32, gate: u32, rising: bool, depth: u8, mut read_level: R) -> Judgement {
    if count <= gate {
 80014fe:	cmp	r5, r2
 8001500:	bhi.n	8001504 <ADC_COMP+0x218>
 8001502:	b.n	800162a <ADC_COMP+0x33e>
_ZN10firmware505roots16det_decide_plain17h6084d6aa399f453aE():
 8001504:	str	r3, [sp, #20]
 8001506:	str	r6, [sp, #28]
 8001508:	uxtb	r1, r1
_ZN10firmware504bemf5judge17h3c99ce9066f04074E():
E:\m\robot\esc\rm32-sagcheck\binz\firmware50/src/bemf.rs:564
        return Judgement::TooEarly;
    }
    let mut i = 0u8;
    while i < depth {
 800150a:	cmp	r1, #0
 800150c:	beq.n	8001532 <ADC_COMP+0x246>
 800150e:	ldr	r2, [sp, #20]
 8001510:	ands	r0, r2
 8001512:	movs	r2, #1
 8001514:	lsls	r2, r2, #30
 8001516:	movs	r4, #0
_ZN4core3ptr13read_volatile17h8e268e68817c80b8E():
C:\Users\kaido\.rustup\toolchains\stable-x86_64-pc-windows-msvc\lib/rustlib/src/rust\library/core/src/ptr/mod.rs:2095
        intrinsics::volatile_load(src)
 8001518:	ldr	r3, [pc, #952]	@ (80018d4 <ADC_COMP+0x5e8>)
 800151a:	ldr	r3, [r3, #0]
_ZN15stm32g0_staging9stm32g0714comp9comp2_csr114_$LT$impl$u20$stm32g0_staging..generic..raw..R$LT$stm32g0_staging..stm32g071..comp..comp2_csr..COMP2_CSRrs$GT$$GT$5value17hbce51fc09ff1f788E():
E:\m\robot\esc\rm32-sagcheck\binz\firmware50\ref\vendor\stm32g0-staging/src\stm32g071\comp\comp2_csr.rs:98
 800151c:	ands	r3, r2
 800151e:	subs	r6, r3, #1
 8001520:	sbcs	r3, r6
_ZN10firmware5011commutation4Step6rising17h63cd58873185a74dE():
E:\m\robot\esc\rm32-sagcheck\binz\firmware50/src/commutation.rs:82
        self.0 & 1 == 1
 8001522:	negs	r6, r0
 8001524:	adcs	r6, r0
_ZN10firmware504bemf5judge17h3c99ce9066f04074E():
E:\m\robot\esc\rm32-sagcheck\binz\firmware50/src/bemf.rs:565
        if read_level() != rising {
 8001526:	eors	r6, r3
 8001528:	beq.n	800152c <ADC_COMP+0x240>
 800152a:	b.n	80016e0 <ADC_COMP+0x3f4>
E:\m\robot\esc\rm32-sagcheck\binz\firmware50/src/bemf.rs:568
            return Judgement::Unstable;
        }
        i += 1;
 800152c:	adds	r4, r4, #1
E:\m\robot\esc\rm32-sagcheck\binz\firmware50/src/bemf.rs:564
    while i < depth {
 800152e:	cmp	r4, r1
 8001530:	bcc.n	8001518 <ADC_COMP+0x22c>
_ZN10firmware505roots16det_decide_plain17h6084d6aa399f453aE():
 8001532:	ldr	r3, [sp, #40]	@ 0x28
E:\m\robot\esc\rm32-sagcheck\binz\firmware50/src/roots.rs:538
    S.det().sector_start_raw.store(raw as u32, Ordering::Relaxed);
 8001534:	uxth	r0, r3
 8001536:	ldr	r4, [pc, #916]	@ (80018cc <ADC_COMP+0x5e0>)
_ZN4core4sync6atomic12atomic_store17hcc473a20273a503cE():
C:\Users\kaido\.rustup\toolchains\stable-x86_64-pc-windows-msvc\lib/rustlib/src/rust\library/core/src/sync/atomic.rs:3889
            Relaxed => intrinsics::atomic_store::<T, { AO::Relaxed }>(dst, val),
 8001538:	str	r0, [r4, #4]
 800153a:	str	r0, [r4, #28]
 800153c:	movs	r0, #208	@ 0xd0
 800153e:	str	r5, [r4, r0]
_ZN15portable_atomic3imp9interrupt4arch7disable17h3ec6a546f52c6294E():
E:\m\robot\esc\rm32-sagcheck\binz\firmware50\ref\vendor\portable-atomic/src\imp\interrupt\armv6m.rs:34
        asm!(
 8001540:	mrs	r0, PRIMASK
 8001544:	cpsid	i
_ZN4core3ptr4read17hba5936ac89bd43e0E():
C:\Users\kaido\.rustup\toolchains\stable-x86_64-pc-windows-msvc\lib/rustlib/src/rust\library/core/src/ptr/mod.rs:1721
        crate::intrinsics::read_via_copy(src)
 8001546:	ldr	r1, [r4, #24]
_RNvMs6_NtCshtjvQpOZWNm_4core3numm12wrapping_add():
C:\Users\kaido\.rustup\toolchains\stable-x86_64-pc-windows-msvc\lib/rustlib/src/rust\library/core/src/num/uint_macros.rs:2511
 8001548:	adds	r1, r1, #1
_ZN4core3ptr5write17h56903f5125280645E():
C:\Users\kaido\.rustup\toolchains\stable-x86_64-pc-windows-msvc\lib/rustlib/src/rust\library/core/src/ptr/mod.rs:1921
        intrinsics::write_via_move(dst, src)
 800154a:	str	r1, [r4, #24]
_ZN15portable_atomic3imp9interrupt4arch7restore17hb2cf2f388bec0c55E():
E:\m\robot\esc\rm32-sagcheck\binz\firmware50\ref\vendor\portable-atomic/src\imp\interrupt\armv6m.rs:57
        asm!(
 800154c:	msr	PRIMASK, r0
_ZN4core4sync6atomic11atomic_load17h17ab246ece6b300dE():
C:\Users\kaido\.rustup\toolchains\stable-x86_64-pc-windows-msvc\lib/rustlib/src/rust\library/core/src/sync/atomic.rs:3904
            Relaxed => intrinsics::atomic_load::<T, { AO::Relaxed }>(dst),
 8001550:	ldr	r6, [pc, #900]	@ (80018d8 <ADC_COMP+0x5ec>)
 8001552:	ldrb	r0, [r6, #0]
_ZN10firmware505roots16det_decide_plain17h6084d6aa399f453aE():
E:\m\robot\esc\rm32-sagcheck\binz\firmware50/src/roots.rs:548
    if S.com().active.load(Ordering::Relaxed) {
 8001554:	cmp	r0, #0
 8001556:	beq.n	8001612 <ADC_COMP+0x326>
 8001558:	movs	r0, #196	@ 0xc4
_ZN4core4sync6atomic11atomic_load17h94eed33ebba291bdE():
C:\Users\kaido\.rustup\toolchains\stable-x86_64-pc-windows-msvc\lib/rustlib/src/rust\library/core/src/sync/atomic.rs:3904
 800155a:	ldr	r1, [r4, r0]
_ZN4core3ptr13read_volatile17h8e268e68817c80b8E():
C:\Users\kaido\.rustup\toolchains\stable-x86_64-pc-windows-msvc\lib/rustlib/src/rust\library/core/src/ptr/mod.rs:2095
        intrinsics::volatile_load(src)
 800155c:	ldr	r0, [pc, #872]	@ (80018c8 <ADC_COMP+0x5dc>)
 800155e:	ldr	r0, [r0, #0]
_RNvMs5_NtCshtjvQpOZWNm_4core3numt12wrapping_sub():
C:\Users\kaido\.rustup\toolchains\stable-x86_64-pc-windows-msvc\lib/rustlib/src/rust\library/core/src/num/uint_macros.rs:2548
            intrinsics::wrapping_sub(self, rhs)
 8001560:	subs	r0, r0, r3
_ZN10firmware505roots16det_decide_plain17h6084d6aa399f453aE():
E:\m\robot\esc\rm32-sagcheck\binz\firmware50/src/roots.rs:550
        let spent = (hw::clock::raw()).wrapping_sub(raw) as u32;
 8001562:	uxth	r0, r0
 8001564:	str	r0, [sp, #12]
 8001566:	str	r1, [sp, #8]
_RNvMs6_NtCshtjvQpOZWNm_4core3numm14saturating_sub():
C:\Users\kaido\.rustup\toolchains\stable-x86_64-pc-windows-msvc\lib/rustlib/src/rust\library/core/src/num/uint_macros.rs:2399
            intrinsics::saturating_sub(self, rhs)
 8001568:	subs	r0, r1, r0
 800156a:	str	r0, [sp, #16]
 800156c:	bcs.n	8001572 <ADC_COMP+0x286>
_ZN10firmware505roots16det_decide_plain17h6084d6aa399f453aE():
 800156e:	movs	r0, #0
 8001570:	str	r0, [sp, #16]
_ZN8cortex_m8register7primask8read_raw17h333d3f63d1702481E():
E:\m\robot\esc\rm32-sagcheck\binz\firmware50\ref\vendor\cortex-m/src\register\primask.rs:48
/// Note that bits `[31:1]` are reserved and UNK (Unknown)
#[inline]
#[asm_cfg(cortex_m)]
pub fn read_raw() -> u32 {
    let r: u32;
    unsafe { asm!("mrs {}, PRIMASK", out(reg) r, options(nomem, nostack, preserves_flags)) };
 8001572:	mrs	r5, PRIMASK
_ZN8cortex_m9interrupt7disable17ha7fb2cbc4636a9e4E():
E:\m\robot\esc\rm32-sagcheck\binz\firmware50\ref\vendor\cortex-m/src\interrupt.rs:44

/// Disables all interrupts
#[inline]
#[asm_cfg(cortex_m)]
pub fn disable() {
    unsafe { asm!("cpsid i", options(nomem, nostack, preserves_flags)) };
 8001576:	cpsid	i
 8001578:	movs	r0, #99	@ 0x63
 800157a:	lsls	r0, r0, #2
_ZN4core4sync6atomic11atomic_load17h17ab246ece6b300dE():
C:\Users\kaido\.rustup\toolchains\stable-x86_64-pc-windows-msvc\lib/rustlib/src/rust\library/core/src/sync/atomic.rs:3904
 800157c:	ldrb	r0, [r6, r0]
 800157e:	ldrb	r1, [r6, #0]
_ZN10firmware505roots7com_arm28_$u7b$$u7b$closure$u7d$$u7d$17h5a0213b166f5f9a2E():
E:\m\robot\esc\rm32-sagcheck\binz\firmware50/src/roots.rs:1086
        if !crate::oneshot::arm_allowed(
 8001580:	cmp	r1, #0
 8001582:	beq.n	80015ce <ADC_COMP+0x2e2>
 8001584:	cmp	r0, #0
 8001586:	bne.n	80015ce <ADC_COMP+0x2e2>
_ZN10firmware505roots16det_decide_plain17h6084d6aa399f453aE():
 8001588:	movs	r0, #1
 800158a:	ldr	r4, [sp, #16]
_ZN4core3cmp3Ord3max17h66d32e578adeb1e6E():
C:\Users\kaido\.rustup\toolchains\stable-x86_64-pc-windows-msvc\lib/rustlib/src/rust\library/core/src/cmp.rs:1038
    fn max(self, other: Self) -> Self
    where
        Self: Sized + [const] Destruct,
    {
        if other < self { self } else { other }
    }
 800158c:	cmp	r4, #1
 800158e:	mov	r1, r4
 8001590:	bhi.n	8001594 <ADC_COMP+0x2a8>
_ZN10firmware505roots16det_decide_plain17h6084d6aa399f453aE():
 8001592:	mov	r1, r0
 8001594:	ldr	r2, [pc, #836]	@ (80018dc <ADC_COMP+0x5f0>)
_ZN10firmware505roots7com_arm17h23d5033652b0582cE():
E:\m\robot\esc\rm32-sagcheck\binz\firmware50/src/roots.rs:1048
    let arr = if us < 2 {
 8001596:	adds	r3, r2, #1
 8001598:	cmp	r4, r3
 800159a:	bhi.n	800159e <ADC_COMP+0x2b2>
_ZN10firmware505roots16det_decide_plain17h6084d6aa399f453aE():
 800159c:	subs	r2, r1, #1
_ZN4core3cmp3Ord3max17h66d32e578adeb1e6E():
C:\Users\kaido\.rustup\toolchains\stable-x86_64-pc-windows-msvc\lib/rustlib/src/rust\library/core/src/cmp.rs:1038
 800159e:	cmp	r4, #1
_ZN10firmware505roots7com_arm17h23d5033652b0582cE():
E:\m\robot\esc\rm32-sagcheck\binz\firmware50/src/roots.rs:1048
 80015a0:	bhi.n	80015a4 <ADC_COMP+0x2b8>
 80015a2:	mov	r2, r0
 80015a4:	ldr	r3, [pc, #824]	@ (80018e0 <ADC_COMP+0x5f4>)
 80015a6:	movs	r4, #0
_ZN4core3ptr14write_volatile17h8e3052fd7bb2629fE():
C:\Users\kaido\.rustup\toolchains\stable-x86_64-pc-windows-msvc\lib/rustlib/src/rust\library/core/src/ptr/mod.rs:2182
        intrinsics::volatile_store(dst, src);
 80015a8:	str	r4, [r3, #12]
_ZN4core3ptr13read_volatile17h8e268e68817c80b8E():
C:\Users\kaido\.rustup\toolchains\stable-x86_64-pc-windows-msvc\lib/rustlib/src/rust\library/core/src/ptr/mod.rs:2095
        intrinsics::volatile_load(src)
 80015aa:	ldr	r6, [pc, #796]	@ (80018c8 <ADC_COMP+0x5dc>)
 80015ac:	ldr	r6, [r6, #0]
_RNvMs6_NtCshtjvQpOZWNm_4core3numm12wrapping_add():
C:\Users\kaido\.rustup\toolchains\stable-x86_64-pc-windows-msvc\lib/rustlib/src/rust\library/core/src/num/uint_macros.rs:2511
            intrinsics::wrapping_add(self, rhs)
 80015ae:	adds	r1, r6, r1
_ZN10firmware505roots7com_arm28_$u7b$$u7b$closure$u7d$$u7d$17h5a0213b166f5f9a2E():
E:\m\robot\esc\rm32-sagcheck\binz\firmware50/src/roots.rs:1096
            .store(now_raw.wrapping_add(us) & 0xFFFF, Ordering::Relaxed);
 80015b0:	uxth	r1, r1
 80015b2:	ldr	r6, [pc, #804]	@ (80018d8 <ADC_COMP+0x5ec>)
_ZN4core4sync6atomic12atomic_store17hcc473a20273a503cE():
C:\Users\kaido\.rustup\toolchains\stable-x86_64-pc-windows-msvc\lib/rustlib/src/rust\library/core/src/sync/atomic.rs:3889
            Relaxed => intrinsics::atomic_store::<T, { AO::Relaxed }>(dst, val),
 80015b4:	str	r1, [r6, #16]
 80015b6:	str	r0, [r6, #4]
 80015b8:	movs	r1, #12
_ZN4core3ptr14write_volatile17h8e3052fd7bb2629fE():
C:\Users\kaido\.rustup\toolchains\stable-x86_64-pc-windows-msvc\lib/rustlib/src/rust\library/core/src/ptr/mod.rs:2182
        intrinsics::volatile_store(dst, src);
 80015ba:	str	r1, [r3, #0]
 80015bc:	str	r2, [r3, #44]	@ 0x2c
 80015be:	str	r4, [r3, #36]	@ 0x24
 80015c0:	str	r0, [r3, #20]
 80015c2:	str	r4, [r3, #16]
 80015c4:	str	r0, [r3, #12]
 80015c6:	movs	r0, #13
 80015c8:	str	r0, [r3, #0]
 80015ca:	ldr	r4, [pc, #768]	@ (80018cc <ADC_COMP+0x5e0>)
 80015cc:	ldr	r3, [sp, #40]	@ 0x28
_ZN8cortex_m8register7primask9write_raw17h2d20d7724a20944bE():
E:\m\robot\esc\rm32-sagcheck\binz\firmware50\ref\vendor\cortex-m/src\register\primask.rs:67
#[inline]
#[asm_cfg(cortex_m)]
pub unsafe fn write_raw(r: u32) {
    // Ensure no preceeding memory accesses are reordered to after interrupts are possibly enabled.
    compiler_fence(Ordering::SeqCst);
    unsafe { asm!("msr PRIMASK, {}", in(reg) r, options(nomem, nostack, preserves_flags)) };
 80015ce:	msr	PRIMASK, r5
_ZN4core4sync6atomic11atomic_load17h94eed33ebba291bdE():
C:\Users\kaido\.rustup\toolchains\stable-x86_64-pc-windows-msvc\lib/rustlib/src/rust\library/core/src/sync/atomic.rs:3904
            Relaxed => intrinsics::atomic_load::<T, { AO::Relaxed }>(dst),
 80015d2:	ldr	r0, [r4, #16]
_RNvMs6_NtCshtjvQpOZWNm_4core3numm14saturating_add():
C:\Users\kaido\.rustup\toolchains\stable-x86_64-pc-windows-msvc\lib/rustlib/src/rust\library/core/src/num/uint_macros.rs:2355
            intrinsics::saturating_add(self, rhs)
 80015d4:	adds	r0, r0, #1
 80015d6:	bcc.n	80015dc <ADC_COMP+0x2f0>
_ZN10firmware505roots11note_margin17h61fc7a73a489b6f5E():
 80015d8:	movs	r0, #0
 80015da:	mvns	r0, r0
_ZN4core4sync6atomic11atomic_load17h94eed33ebba291bdE():
C:\Users\kaido\.rustup\toolchains\stable-x86_64-pc-windows-msvc\lib/rustlib/src/rust\library/core/src/sync/atomic.rs:3904
 80015dc:	ldr	r1, [r4, #56]	@ 0x38
_ZN10firmware505roots11note_margin17h61fc7a73a489b6f5E():
E:\m\robot\esc\rm32-sagcheck\binz\firmware50/src/roots.rs:456
    if prevc == 0 || ci_p1 < prevc {
 80015de:	subs	r1, r1, #1
 80015e0:	cmp	r1, r0
 80015e2:	ldr	r5, [sp, #12]
 80015e4:	bcc.n	80015e8 <ADC_COMP+0x2fc>
_ZN4core4sync6atomic12atomic_store17hcc473a20273a503cE():
C:\Users\kaido\.rustup\toolchains\stable-x86_64-pc-windows-msvc\lib/rustlib/src/rust\library/core/src/sync/atomic.rs:3889
            Relaxed => intrinsics::atomic_store::<T, { AO::Relaxed }>(dst, val),
 80015e6:	str	r0, [r4, #56]	@ 0x38
_ZN10firmware505roots11note_margin17h61fc7a73a489b6f5E():
E:\m\robot\esc\rm32-sagcheck\binz\firmware50/src/roots.rs:459
    if left <= 2 {
 80015e8:	ldr	r0, [sp, #16]
 80015ea:	cmp	r0, #2
 80015ec:	bhi.n	800160a <ADC_COMP+0x31e>
_ZN4core4sync6atomic11atomic_load17h94eed33ebba291bdE():
C:\Users\kaido\.rustup\toolchains\stable-x86_64-pc-windows-msvc\lib/rustlib/src/rust\library/core/src/sync/atomic.rs:3904
            Relaxed => intrinsics::atomic_load::<T, { AO::Relaxed }>(dst),
 80015ee:	ldr	r0, [r4, #60]	@ 0x3c
_RNvMs6_NtCshtjvQpOZWNm_4core3numm12wrapping_add():
C:\Users\kaido\.rustup\toolchains\stable-x86_64-pc-windows-msvc\lib/rustlib/src/rust\library/core/src/num/uint_macros.rs:2511
            intrinsics::wrapping_add(self, rhs)
 80015f0:	adds	r0, r0, #1
_ZN4core4sync6atomic12atomic_store17hcc473a20273a503cE():
C:\Users\kaido\.rustup\toolchains\stable-x86_64-pc-windows-msvc\lib/rustlib/src/rust\library/core/src/sync/atomic.rs:3889
            Relaxed => intrinsics::atomic_store::<T, { AO::Relaxed }>(dst, val),
 80015f2:	str	r0, [r4, #60]	@ 0x3c
_ZN10firmware505roots16det_decide_plain17h6084d6aa399f453aE():
E:\m\robot\esc\rm32-sagcheck\binz\firmware50/src/roots.rs:555
        if left == 0 {
 80015f4:	ldr	r0, [sp, #8]
 80015f6:	cmp	r0, r5
 80015f8:	bhi.n	800160a <ADC_COMP+0x31e>
_ZN4core4sync6atomic11atomic_load17h94eed33ebba291bdE():
C:\Users\kaido\.rustup\toolchains\stable-x86_64-pc-windows-msvc\lib/rustlib/src/rust\library/core/src/sync/atomic.rs:3904
            Relaxed => intrinsics::atomic_load::<T, { AO::Relaxed }>(dst),
 80015fa:	ldr	r0, [r4, #40]	@ 0x28
_RNvMs6_NtCshtjvQpOZWNm_4core3numm12wrapping_add():
C:\Users\kaido\.rustup\toolchains\stable-x86_64-pc-windows-msvc\lib/rustlib/src/rust\library/core/src/num/uint_macros.rs:2511
 80015fc:	adds	r1, r0, #1
_ZN4core4sync6atomic12atomic_store17hcc473a20273a503cE():
C:\Users\kaido\.rustup\toolchains\stable-x86_64-pc-windows-msvc\lib/rustlib/src/rust\library/core/src/sync/atomic.rs:3889
            Relaxed => intrinsics::atomic_store::<T, { AO::Relaxed }>(dst, val),
 80015fe:	str	r1, [r4, #40]	@ 0x28
_ZN10firmware505roots16det_decide_plain17h6084d6aa399f453aE():
E:\m\robot\esc\rm32-sagcheck\binz\firmware50/src/roots.rs:559
            if n == 0 {
 8001600:	cmp	r0, #0
 8001602:	bne.n	800160a <ADC_COMP+0x31e>
_ZN4core4sync6atomic11atomic_load17h94eed33ebba291bdE():
C:\Users\kaido\.rustup\toolchains\stable-x86_64-pc-windows-msvc\lib/rustlib/src/rust\library/core/src/sync/atomic.rs:3904
            Relaxed => intrinsics::atomic_load::<T, { AO::Relaxed }>(dst),
 8001604:	ldr	r0, [r4, #16]
_ZN4core4sync6atomic12atomic_store17hcc473a20273a503cE():
C:\Users\kaido\.rustup\toolchains\stable-x86_64-pc-windows-msvc\lib/rustlib/src/rust\library/core/src/sync/atomic.rs:3889
            Relaxed => intrinsics::atomic_store::<T, { AO::Relaxed }>(dst, val),
 8001606:	str	r0, [r4, #44]	@ 0x2c
 8001608:	str	r5, [r4, #48]	@ 0x30
_ZN4core4sync6atomic11atomic_load17h94eed33ebba291bdE():
C:\Users\kaido\.rustup\toolchains\stable-x86_64-pc-windows-msvc\lib/rustlib/src/rust\library/core/src/sync/atomic.rs:3904
            Relaxed => intrinsics::atomic_load::<T, { AO::Relaxed }>(dst),
 800160a:	ldr	r0, [r4, #36]	@ 0x24
_ZN10firmware505roots16det_decide_plain17h6084d6aa399f453aE():
E:\m\robot\esc\rm32-sagcheck\binz\firmware50/src/roots.rs:566
        if spent > S.det().spent_max.load(Ordering::Relaxed) {
 800160c:	cmp	r0, r5
 800160e:	bcs.n	8001612 <ADC_COMP+0x326>
_ZN4core4sync6atomic12atomic_store17hcc473a20273a503cE():
C:\Users\kaido\.rustup\toolchains\stable-x86_64-pc-windows-msvc\lib/rustlib/src/rust\library/core/src/sync/atomic.rs:3889
            Relaxed => intrinsics::atomic_store::<T, { AO::Relaxed }>(dst, val),
 8001610:	str	r5, [r4, #36]	@ 0x24
_ZN4core4sync6atomic11atomic_load17h94eed33ebba291bdE():
C:\Users\kaido\.rustup\toolchains\stable-x86_64-pc-windows-msvc\lib/rustlib/src/rust\library/core/src/sync/atomic.rs:3904
            Relaxed => intrinsics::atomic_load::<T, { AO::Relaxed }>(dst),
 8001612:	ldr	r0, [r4, #16]
_ZN4core4sync6atomic11atomic_load17h17ab246ece6b300dE():
C:\Users\kaido\.rustup\toolchains\stable-x86_64-pc-windows-msvc\lib/rustlib/src/rust\library/core/src/sync/atomic.rs:3904
 8001614:	ldr	r2, [pc, #716]	@ (80018e4 <ADC_COMP+0x5f8>)
 8001616:	ldrb	r1, [r2, #1]
 8001618:	movs	r5, #1
_ZN10firmware505roots11guard_event17h9f763c3d64a76cbdE():
E:\m\robot\esc\rm32-sagcheck\binz\firmware50/src/roots.rs:919
    if !S.guard().tracking.load(Ordering::Relaxed) {
 800161a:	cmp	r1, #0
 800161c:	beq.n	80016f0 <ADC_COMP+0x404>
 800161e:	movs	r6, #0
_RNvNtCshtjvQpOZWNm_4core10intrinsics8unlikely():
C:\Users\kaido\.rustup\toolchains\stable-x86_64-pc-windows-msvc\lib/rustlib/src/rust\library/core/src/intrinsics/mod.rs:457
/// This intrinsic does not have a stable counterpart.
#[unstable(feature = "core_intrinsics", issue = "none")]
#[rustc_nounwind]
#[inline(always)]
pub const fn unlikely(b: bool) -> bool {
    if b {
 8001620:	cmp	r0, #0
 8001622:	blt.n	8001626 <ADC_COMP+0x33a>
 8001624:	b.n	8001774 <ADC_COMP+0x488>
_ZN10firmware505roots9comp_root17h994890824db4ee2cE():
 8001626:	mvns	r1, r6
 8001628:	b.n	8001776 <ADC_COMP+0x48a>
 800162a:	mov	r0, r4
 800162c:	adds	r0, #212	@ 0xd4
 800162e:	b.n	80016e6 <ADC_COMP+0x3fa>
_ZN15portable_atomic3imp9interrupt4arch7disable17h3ec6a546f52c6294E():
E:\m\robot\esc\rm32-sagcheck\binz\firmware50\ref\vendor\portable-atomic/src\imp\interrupt\armv6m.rs:34
        asm!(
 8001630:	mrs	r0, PRIMASK
 8001634:	cpsid	i
_ZN4core3ptr4read17hba5936ac89bd43e0E():
C:\Users\kaido\.rustup\toolchains\stable-x86_64-pc-windows-msvc\lib/rustlib/src/rust\library/core/src/ptr/mod.rs:1721
        crate::intrinsics::read_via_copy(src)
 8001636:	ldr	r1, [r5, #48]	@ 0x30
_RNvMs6_NtCshtjvQpOZWNm_4core3numm12wrapping_add():
C:\Users\kaido\.rustup\toolchains\stable-x86_64-pc-windows-msvc\lib/rustlib/src/rust\library/core/src/num/uint_macros.rs:2511
 8001638:	adds	r1, r1, #1
_ZN4core3ptr5write17h56903f5125280645E():
C:\Users\kaido\.rustup\toolchains\stable-x86_64-pc-windows-msvc\lib/rustlib/src/rust\library/core/src/ptr/mod.rs:1921
        intrinsics::write_via_move(dst, src)
 800163a:	str	r1, [r5, #48]	@ 0x30
_ZN15portable_atomic3imp9interrupt4arch7restore17hb2cf2f388bec0c55E():
E:\m\robot\esc\rm32-sagcheck\binz\firmware50\ref\vendor\portable-atomic/src\imp\interrupt\armv6m.rs:57
        asm!(
 800163c:	msr	PRIMASK, r0
 8001640:	ldr	r4, [pc, #648]	@ (80018cc <ADC_COMP+0x5e0>)
_ZN8cortex_m8register7primask8read_raw17h333d3f63d1702481E():
E:\m\robot\esc\rm32-sagcheck\binz\firmware50\ref\vendor\cortex-m/src\register\primask.rs:48
    unsafe { asm!("mrs {}, PRIMASK", out(reg) r, options(nomem, nostack, preserves_flags)) };
 8001642:	mrs	r0, PRIMASK
_ZN8cortex_m9interrupt7disable17ha7fb2cbc4636a9e4E():
E:\m\robot\esc\rm32-sagcheck\binz\firmware50\ref\vendor\cortex-m/src\interrupt.rs:44
 8001646:	str	r0, [sp, #40]	@ 0x28
 8001648:	cpsid	i
_ZN4core4sync6atomic11atomic_load17h94eed33ebba291bdE():
C:\Users\kaido\.rustup\toolchains\stable-x86_64-pc-windows-msvc\lib/rustlib/src/rust\library/core/src/sync/atomic.rs:3904
 800164a:	ldr	r0, [pc, #664]	@ (80018e4 <ADC_COMP+0x5f8>)
 800164c:	ldr	r0, [r0, #4]
_ZN4core4sync6atomic11atomic_load17h17ab246ece6b300dE():
C:\Users\kaido\.rustup\toolchains\stable-x86_64-pc-windows-msvc\lib/rustlib/src/rust\library/core/src/sync/atomic.rs:3904
 800164e:	ldrb	r6, [r4, #0]
 8001650:	ldrb	r1, [r5, #0]
 8001652:	movs	r2, #99	@ 0x63
 8001654:	lsls	r2, r2, #2
 8001656:	ldr	r4, [pc, #640]	@ (80018d8 <ADC_COMP+0x5ec>)
 8001658:	ldrb	r3, [r4, r2]
 800165a:	ldrb	r5, [r4, #0]
_ZN4core4sync6atomic11atomic_load17h94eed33ebba291bdE():
C:\Users\kaido\.rustup\toolchains\stable-x86_64-pc-windows-msvc\lib/rustlib/src/rust\library/core/src/sync/atomic.rs:3904
 800165c:	ldr	r2, [r4, #4]
_ZN10firmware507oneshot25comparator_resume_allowed17hd171db000154b599E():
E:\m\robot\esc\rm32-sagcheck\binz\firmware50/src/oneshot.rs:83
/// Closed-loop blanking takes precedence over the driven acquisition owner.
#[inline(always)]
pub const fn comparator_resume_allowed(
    guard: u32, detector: bool, driven: bool, stopped: bool, active: bool, phase: u32,
) -> bool {
    guard == 0 && if detector { arm_allowed(stopped, active) && phase == 0 } else { driven }
 800165e:	cmp	r0, #0
 8001660:	bne.n	8001674 <ADC_COMP+0x388>
 8001662:	cmp	r6, #0
 8001664:	beq.n	8001674 <ADC_COMP+0x388>
_ZN10firmware505roots19comp_resume_powered28_$u7b$$u7b$closure$u7d$$u7d$17hfe375f2648176572E():
E:\m\robot\esc\rm32-sagcheck\binz\firmware50/src/roots.rs:1490

/// Resume only the powered owner; stop and blanking checks share the write mask.
#[inline(always)]
pub fn comp_resume_powered() -> bool {
    cortex_m::interrupt::free(|_| {
        if crate::oneshot::comparator_resume_allowed(
 8001666:	cmp	r5, #0
 8001668:	beq.n	8001696 <ADC_COMP+0x3aa>
 800166a:	cmp	r3, #0
 800166c:	bne.n	8001696 <ADC_COMP+0x3aa>
 800166e:	cmp	r2, #0
 8001670:	beq.n	8001682 <ADC_COMP+0x396>
 8001672:	b.n	8001696 <ADC_COMP+0x3aa>
_ZN10firmware507oneshot25comparator_resume_allowed17hd171db000154b599E():
E:\m\robot\esc\rm32-sagcheck\binz\firmware50/src/oneshot.rs:83
 8001674:	subs	r2, r0, #1
 8001676:	sbcs	r0, r2
_ZN15portable_atomic10AtomicBool4load17hf509f6ab836c1738E():
E:\m\robot\esc\rm32-sagcheck\binz\firmware50\ref\vendor\portable-atomic/src\lib.rs:942
    #[cfg_attr(
        any(all(debug_assertions, not(portable_atomic_no_track_caller)), miri),
        track_caller
    )]
    pub fn load(&self, order: Ordering) -> bool {
        self.as_atomic_u8().load(order) != 0
 8001678:	uxtb	r1, r1
 800167a:	negs	r2, r1
 800167c:	adcs	r2, r1
_ZN10firmware505roots19comp_resume_powered28_$u7b$$u7b$closure$u7d$$u7d$17hfe375f2648176572E():
E:\m\robot\esc\rm32-sagcheck\binz\firmware50/src/roots.rs:1490
 800167e:	orrs	r2, r0
 8001680:	bne.n	8001696 <ADC_COMP+0x3aa>
 8001682:	ldr	r1, [pc, #572]	@ (80018c0 <ADC_COMP+0x5d4>)
_ZN4core3ptr13read_volatile17h8e268e68817c80b8E():
C:\Users\kaido\.rustup\toolchains\stable-x86_64-pc-windows-msvc\lib/rustlib/src/rust\library/core/src/ptr/mod.rs:2095
        intrinsics::volatile_load(src)
 8001684:	ldr	r0, [r1, #116]	@ 0x74
_RNvXslZ_NtNtCshtjvQpOZWNm_4core3ops3bitmNtB6_11BitOrAssign12bitor_assign():
C:\Users\kaido\.rustup\toolchains\stable-x86_64-pc-windows-msvc\lib/rustlib/src/rust\library/core/src/ops/bit.rs:823
    ($($t:ty)+) => ($(
        #[stable(feature = "op_assign_traits", since = "1.8.0")]
        #[rustc_const_unstable(feature = "const_ops", issue = "143802")]
        impl const BitOrAssign for $t {
            #[inline]
            fn bitor_assign(&mut self, other: $t) { *self |= other }
 8001686:	ldr	r2, [sp, #32]
 8001688:	orrs	r0, r2
_ZN4core3ptr14write_volatile17h8e3052fd7bb2629fE():
C:\Users\kaido\.rustup\toolchains\stable-x86_64-pc-windows-msvc\lib/rustlib/src/rust\library/core/src/ptr/mod.rs:2182
        intrinsics::volatile_store(dst, src);
 800168a:	str	r0, [r1, #116]	@ 0x74
 800168c:	ldr	r0, [pc, #608]	@ (80018f0 <ADC_COMP+0x604>)
 800168e:	ldr	r1, [sp, #36]	@ 0x24
 8001690:	str	r1, [r0, #0]
 8001692:	ldr	r0, [pc, #616]	@ (80018fc <ADC_COMP+0x610>)
 8001694:	str	r1, [r0, #0]
_ZN8cortex_m8register7primask9write_raw17h2d20d7724a20944bE():
E:\m\robot\esc\rm32-sagcheck\binz\firmware50\ref\vendor\cortex-m/src\register\primask.rs:67
    unsafe { asm!("msr PRIMASK, {}", in(reg) r, options(nomem, nostack, preserves_flags)) };
 8001696:	ldr	r0, [sp, #40]	@ 0x28
 8001698:	msr	PRIMASK, r0
 800169c:	b.n	8001770 <ADC_COMP+0x484>
_ZN10firmware505roots9comp_root17h994890824db4ee2cE():
 800169e:	nop			@ (mov r8, r8)
 80016a0:	.word	0xe000e180
 80016a4:	.word	0x4002180c
 80016a8:	.word	0xfffbffff
 80016ac:	.word	0x40014824
 80016b0:	.word	0x20000194
 80016b4:	movs	r0, #1
_ZN4core4sync6atomic12atomic_store17hb5a3855436143d83E():
C:\Users\kaido\.rustup\toolchains\stable-x86_64-pc-windows-msvc\lib/rustlib/src/rust\library/core/src/sync/atomic.rs:3889
            Relaxed => intrinsics::atomic_store::<T, { AO::Relaxed }>(dst, val),
 80016b6:	strb	r0, [r5, #1]
_ZN15portable_atomic3imp9interrupt4arch7disable17h3ec6a546f52c6294E():
E:\m\robot\esc\rm32-sagcheck\binz\firmware50\ref\vendor\portable-atomic/src\imp\interrupt\armv6m.rs:34
        asm!(
 80016b8:	mrs	r0, PRIMASK
 80016bc:	cpsid	i
_ZN4core3ptr4read17hba5936ac89bd43e0E():
C:\Users\kaido\.rustup\toolchains\stable-x86_64-pc-windows-msvc\lib/rustlib/src/rust\library/core/src/ptr/mod.rs:1721
        crate::intrinsics::read_via_copy(src)
 80016be:	ldr	r1, [r5, #52]	@ 0x34
_RNvMs6_NtCshtjvQpOZWNm_4core3numm12wrapping_add():
C:\Users\kaido\.rustup\toolchains\stable-x86_64-pc-windows-msvc\lib/rustlib/src/rust\library/core/src/num/uint_macros.rs:2511
 80016c0:	adds	r1, r1, #1
_ZN4core3ptr5write17h56903f5125280645E():
C:\Users\kaido\.rustup\toolchains\stable-x86_64-pc-windows-msvc\lib/rustlib/src/rust\library/core/src/ptr/mod.rs:1921
        intrinsics::write_via_move(dst, src)
 80016c2:	str	r1, [r5, #52]	@ 0x34
_ZN15portable_atomic3imp9interrupt4arch7restore17hb2cf2f388bec0c55E():
E:\m\robot\esc\rm32-sagcheck\binz\firmware50\ref\vendor\portable-atomic/src\imp\interrupt\armv6m.rs:57
        asm!(
 80016c4:	msr	PRIMASK, r0
_ZN10firmware505roots10drv_decide17h2d40b460b6fd6d60E():
 80016c8:	b.n	8001770 <ADC_COMP+0x484>
_ZN10firmware505roots9comp_root17h994890824db4ee2cE():
 80016ca:	nop			@ (mov r8, r8)
 80016cc:	.word	0x20000274
 80016d0:	.word	0x40010204
 80016d4:	.word	0x20000328
 80016d8:	.word	0x0000ffff
 80016dc:	.word	0x20000314
 80016e0:	ldr	r4, [pc, #488]	@ (80018cc <ADC_COMP+0x5e0>)
 80016e2:	mov	r0, r4
 80016e4:	adds	r0, #216	@ 0xd8
_ZN4core4sync6atomic11atomic_load17h94eed33ebba291bdE():
C:\Users\kaido\.rustup\toolchains\stable-x86_64-pc-windows-msvc\lib/rustlib/src/rust\library/core/src/sync/atomic.rs:3904
            Relaxed => intrinsics::atomic_load::<T, { AO::Relaxed }>(dst),
 80016e6:	ldr	r1, [r0, #0]
_RNvMs6_NtCshtjvQpOZWNm_4core3numm12wrapping_add():
C:\Users\kaido\.rustup\toolchains\stable-x86_64-pc-windows-msvc\lib/rustlib/src/rust\library/core/src/num/uint_macros.rs:2511
 80016e8:	adds	r1, r1, #1
_ZN4core4sync6atomic12atomic_store17hcc473a20273a503cE():
C:\Users\kaido\.rustup\toolchains\stable-x86_64-pc-windows-msvc\lib/rustlib/src/rust\library/core/src/sync/atomic.rs:3889
            Relaxed => intrinsics::atomic_store::<T, { AO::Relaxed }>(dst, val),
 80016ea:	str	r1, [r0, #0]
 80016ec:	movs	r5, #0
 80016ee:	ldr	r3, [sp, #40]	@ 0x28
_ZN10firmware505roots9comp_root17h994890824db4ee2cE():
 80016f0:	ldr	r1, [pc, #468]	@ (80018c8 <ADC_COMP+0x5dc>)
_ZN4core3ptr13read_volatile17h8e268e68817c80b8E():
C:\Users\kaido\.rustup\toolchains\stable-x86_64-pc-windows-msvc\lib/rustlib/src/rust\library/core/src/ptr/mod.rs:2095
        intrinsics::volatile_load(src)
 80016f2:	ldr	r0, [r1, #0]
_RNvMs5_NtCshtjvQpOZWNm_4core3numt12wrapping_sub():
C:\Users\kaido\.rustup\toolchains\stable-x86_64-pc-windows-msvc\lib/rustlib/src/rust\library/core/src/num/uint_macros.rs:2548
            intrinsics::wrapping_sub(self, rhs)
 80016f4:	subs	r0, r0, r3
_ZN10firmware505roots9comp_root17h994890824db4ee2cE():
E:\m\robot\esc\rm32-sagcheck\binz\firmware50/src/roots.rs:1406
        let elapsed = ((hw::clock::raw()).wrapping_sub(raw) as u32)
 80016f6:	uxth	r1, r0
_ZN4core4sync6atomic11atomic_load17h94eed33ebba291bdE():
C:\Users\kaido\.rustup\toolchains\stable-x86_64-pc-windows-msvc\lib/rustlib/src/rust\library/core/src/sync/atomic.rs:3904
            Relaxed => intrinsics::atomic_load::<T, { AO::Relaxed }>(dst),
 80016f8:	ldr	r0, [pc, #468]	@ (80018d0 <ADC_COMP+0x5e4>)
 80016fa:	ldr	r2, [r0, #16]
_RNvMs6_NtCshtjvQpOZWNm_4core3numm12wrapping_add():
C:\Users\kaido\.rustup\toolchains\stable-x86_64-pc-windows-msvc\lib/rustlib/src/rust\library/core/src/num/uint_macros.rs:2511
            intrinsics::wrapping_add(self, rhs)
 80016fc:	adds	r1, r1, r2
_ZN4core4sync6atomic11atomic_load17h94eed33ebba291bdE():
C:\Users\kaido\.rustup\toolchains\stable-x86_64-pc-windows-msvc\lib/rustlib/src/rust\library/core/src/sync/atomic.rs:3904
 80016fe:	ldr	r2, [r0, #12]
_ZN10firmware505roots9comp_root17h994890824db4ee2cE():
E:\m\robot\esc\rm32-sagcheck\binz\firmware50/src/roots.rs:1408
        if elapsed > S.comp().call_max_us.load(Ordering::Relaxed) {
 8001700:	cmp	r1, r2
 8001702:	bls.n	8001706 <ADC_COMP+0x41a>
_ZN4core4sync6atomic12atomic_store17hcc473a20273a503cE():
C:\Users\kaido\.rustup\toolchains\stable-x86_64-pc-windows-msvc\lib/rustlib/src/rust\library/core/src/sync/atomic.rs:3889
            Relaxed => intrinsics::atomic_store::<T, { AO::Relaxed }>(dst, val),
 8001704:	str	r1, [r0, #12]
_ZN10firmware505roots9comp_root17h994890824db4ee2cE():
E:\m\robot\esc\rm32-sagcheck\binz\firmware50/src/roots.rs:1411
        if crate::rate::handler_overrun(elapsed) {
 8001706:	cmp	r1, #50	@ 0x32
 8001708:	bls.n	8001710 <ADC_COMP+0x424>
 800170a:	movs	r1, #1
_ZN4core4sync6atomic12atomic_store17hb5a3855436143d83E():
C:\Users\kaido\.rustup\toolchains\stable-x86_64-pc-windows-msvc\lib/rustlib/src/rust\library/core/src/sync/atomic.rs:3889
 800170c:	strb	r1, [r0, #8]
_ZN10firmware505roots9comp_root17h994890824db4ee2cE():
 800170e:	b.n	8001770 <ADC_COMP+0x484>
E:\m\robot\esc\rm32-sagcheck\binz\firmware50/src/roots.rs:1415
        if !accepted {
 8001710:	cmp	r5, #0
 8001712:	bne.n	8001770 <ADC_COMP+0x484>
_ZN8cortex_m8register7primask8read_raw17h333d3f63d1702481E():
E:\m\robot\esc\rm32-sagcheck\binz\firmware50\ref\vendor\cortex-m/src\register\primask.rs:48
    unsafe { asm!("mrs {}, PRIMASK", out(reg) r, options(nomem, nostack, preserves_flags)) };
 8001714:	mrs	r0, PRIMASK
_ZN8cortex_m9interrupt7disable17ha7fb2cbc4636a9e4E():
E:\m\robot\esc\rm32-sagcheck\binz\firmware50\ref\vendor\cortex-m/src\interrupt.rs:44
 8001718:	str	r0, [sp, #40]	@ 0x28
 800171a:	cpsid	i
_ZN4core4sync6atomic11atomic_load17h94eed33ebba291bdE():
C:\Users\kaido\.rustup\toolchains\stable-x86_64-pc-windows-msvc\lib/rustlib/src/rust\library/core/src/sync/atomic.rs:3904
            Relaxed => intrinsics::atomic_load::<T, { AO::Relaxed }>(dst),
 800171c:	ldr	r0, [pc, #452]	@ (80018e4 <ADC_COMP+0x5f8>)
 800171e:	ldr	r0, [r0, #4]
_ZN4core4sync6atomic11atomic_load17h17ab246ece6b300dE():
C:\Users\kaido\.rustup\toolchains\stable-x86_64-pc-windows-msvc\lib/rustlib/src/rust\library/core/src/sync/atomic.rs:3904
 8001720:	ldrb	r5, [r4, #0]
 8001722:	ldr	r1, [pc, #456]	@ (80018ec <ADC_COMP+0x600>)
 8001724:	ldrb	r1, [r1, #0]
 8001726:	movs	r2, #99	@ 0x63
 8001728:	lsls	r2, r2, #2
 800172a:	ldr	r4, [pc, #428]	@ (80018d8 <ADC_COMP+0x5ec>)
 800172c:	ldrb	r3, [r4, r2]
 800172e:	ldrb	r6, [r4, #0]
_RNvMs12_NtNtCshtjvQpOZWNm_4core4sync6atomicINtB6_6AtomicmE4load():
C:\Users\kaido\.rustup\toolchains\stable-x86_64-pc-windows-msvc\lib/rustlib/src/rust\library/core/src/sync/atomic.rs:3904
 8001730:	ldr	r2, [r4, #4]
_ZN10firmware507oneshot25comparator_resume_allowed17hd171db000154b599E():
E:\m\robot\esc\rm32-sagcheck\binz\firmware50/src/oneshot.rs:83
 8001732:	cmp	r0, #0
 8001734:	bne.n	8001748 <ADC_COMP+0x45c>
 8001736:	cmp	r5, #0
 8001738:	beq.n	8001748 <ADC_COMP+0x45c>
_ZN10firmware505roots19comp_resume_powered28_$u7b$$u7b$closure$u7d$$u7d$17hfe375f2648176572E():
E:\m\robot\esc\rm32-sagcheck\binz\firmware50/src/roots.rs:1490
        if crate::oneshot::comparator_resume_allowed(
 800173a:	cmp	r6, #0
 800173c:	beq.n	800176a <ADC_COMP+0x47e>
 800173e:	cmp	r3, #0
 8001740:	bne.n	800176a <ADC_COMP+0x47e>
 8001742:	cmp	r2, #0
 8001744:	beq.n	8001756 <ADC_COMP+0x46a>
 8001746:	b.n	800176a <ADC_COMP+0x47e>
_ZN10firmware507oneshot25comparator_resume_allowed17hd171db000154b599E():
E:\m\robot\esc\rm32-sagcheck\binz\firmware50/src/oneshot.rs:83
 8001748:	subs	r2, r0, #1
 800174a:	sbcs	r0, r2
_ZN15portable_atomic10AtomicBool4load17hf509f6ab836c1738E():
E:\m\robot\esc\rm32-sagcheck\binz\firmware50\ref\vendor\portable-atomic/src\lib.rs:942
 800174c:	uxtb	r1, r1
 800174e:	negs	r2, r1
 8001750:	adcs	r2, r1
_ZN10firmware505roots19comp_resume_powered28_$u7b$$u7b$closure$u7d$$u7d$17hfe375f2648176572E():
E:\m\robot\esc\rm32-sagcheck\binz\firmware50/src/roots.rs:1490
 8001752:	orrs	r2, r0
 8001754:	bne.n	800176a <ADC_COMP+0x47e>
 8001756:	ldr	r1, [pc, #360]	@ (80018c0 <ADC_COMP+0x5d4>)
_ZN4core3ptr13read_volatile17h8e268e68817c80b8E():
C:\Users\kaido\.rustup\toolchains\stable-x86_64-pc-windows-msvc\lib/rustlib/src/rust\library/core/src/ptr/mod.rs:2095
 8001758:	ldr	r0, [r1, #116]	@ 0x74
_RNvXslZ_NtNtCshtjvQpOZWNm_4core3ops3bitmNtB6_11BitOrAssign12bitor_assign():
C:\Users\kaido\.rustup\toolchains\stable-x86_64-pc-windows-msvc\lib/rustlib/src/rust\library/core/src/ops/bit.rs:823
 800175a:	ldr	r2, [sp, #32]
 800175c:	orrs	r0, r2
_ZN4core3ptr14write_volatile17h8e3052fd7bb2629fE():
C:\Users\kaido\.rustup\toolchains\stable-x86_64-pc-windows-msvc\lib/rustlib/src/rust\library/core/src/ptr/mod.rs:2182
        intrinsics::volatile_store(dst, src);
 800175e:	str	r0, [r1, #116]	@ 0x74
 8001760:	ldr	r0, [pc, #396]	@ (80018f0 <ADC_COMP+0x604>)
 8001762:	ldr	r1, [sp, #36]	@ 0x24
 8001764:	str	r1, [r0, #0]
 8001766:	ldr	r0, [pc, #404]	@ (80018fc <ADC_COMP+0x610>)
 8001768:	str	r1, [r0, #0]
_ZN8cortex_m8register7primask9write_raw17h2d20d7724a20944bE():
E:\m\robot\esc\rm32-sagcheck\binz\firmware50\ref\vendor\cortex-m/src\register\primask.rs:67
    unsafe { asm!("msr PRIMASK, {}", in(reg) r, options(nomem, nostack, preserves_flags)) };
 800176a:	ldr	r0, [sp, #40]	@ 0x28
 800176c:	msr	PRIMASK, r0
ADC_COMP():
E:\m\robot\esc\rm32-sagcheck\binz\firmware50/bin/shell-pwm.rs:123
 8001770:	add	sp, #44	@ 0x2c
 8001772:	pop	{r4, r5, r6, r7, pc}
_RNvNtCshtjvQpOZWNm_4core10intrinsics8unlikely():
C:\Users\kaido\.rustup\toolchains\stable-x86_64-pc-windows-msvc\lib/rustlib/src/rust\library/core/src/intrinsics/mod.rs:457
 8001774:	lsls	r1, r0, #1
_ZN8cortex_m8register7primask8read_raw17h333d3f63d1702481E():
E:\m\robot\esc\rm32-sagcheck\binz\firmware50\ref\vendor\cortex-m/src\register\primask.rs:48
    unsafe { asm!("mrs {}, PRIMASK", out(reg) r, options(nomem, nostack, preserves_flags)) };
 8001776:	mrs	r0, PRIMASK
_ZN8cortex_m9interrupt7disable17ha7fb2cbc4636a9e4E():
E:\m\robot\esc\rm32-sagcheck\binz\firmware50\ref\vendor\cortex-m/src\interrupt.rs:44
 800177a:	str	r0, [sp, #8]
 800177c:	cpsid	i
_ZN4core3ptr13read_volatile17h8e268e68817c80b8E():
C:\Users\kaido\.rustup\toolchains\stable-x86_64-pc-windows-msvc\lib/rustlib/src/rust\library/core/src/ptr/mod.rs:2095
        intrinsics::volatile_load(src)
 800177e:	ldr	r0, [pc, #328]	@ (80018c8 <ADC_COMP+0x5dc>)
 8001780:	ldr	r0, [r0, #0]
_ZN4core4sync6atomic11atomic_load17h94eed33ebba291bdE():
C:\Users\kaido\.rustup\toolchains\stable-x86_64-pc-windows-msvc\lib/rustlib/src/rust\library/core/src/sync/atomic.rs:3904
 8001782:	str	r0, [sp, #4]
 8001784:	ldr	r0, [r2, #12]
 8001786:	ldr	r2, [r2, #8]
 8001788:	str	r2, [sp, #0]
 800178a:	ldr	r2, [pc, #348]	@ (80018e8 <ADC_COMP+0x5fc>)
_ZN10firmware508tracking20speed_event_limit_us17hbcd6aecb58d81168E():
E:\m\robot\esc\rm32-sagcheck\binz\firmware50/src/tracking.rs:38
/// Three controller periods in µs, from a period in half-µs, floored at 200
/// and capped at 1000 (reference `speed_event_limit_us`, with its own
/// compile-time table). Split at 667 so the only multiply stays small.
#[must_use]
pub const fn speed_event_limit_us(reference_half_us: u32) -> u32 {
    if reference_half_us >= 667 {
 800178c:	cmp	r1, r2
 800178e:	str	r5, [sp, #12]
 8001790:	bls.n	8001798 <ADC_COMP+0x4ac>
 8001792:	movs	r1, #125	@ 0x7d
 8001794:	lsls	r2, r1, #3
 8001796:	b.n	80017a6 <ADC_COMP+0x4ba>
 8001798:	movs	r2, #3
E:\m\robot\esc\rm32-sagcheck\binz\firmware50/src/tracking.rs:41
        1_000
    } else {
        let us = (reference_half_us * 3 + 1) >> 1;
 800179a:	muls	r2, r1
 800179c:	adds	r1, r2, #1
 800179e:	lsrs	r2, r1, #1
E:\m\robot\esc\rm32-sagcheck\binz\firmware50/src/tracking.rs:42
        if us < 200 { 200 } else { us }
 80017a0:	cmp	r2, #200	@ 0xc8
 80017a2:	bhi.n	80017a6 <ADC_COMP+0x4ba>
_ZN10firmware505roots11guard_event28_$u7b$$u7b$closure$u7d$$u7d$17h141a77d58969a449E():
 80017a4:	ldr	r2, [sp, #24]
 80017a6:	ldr	r1, [pc, #316]	@ (80018e4 <ADC_COMP+0x5f8>)
_ZN10firmware508tracking19EventWatch$LT$_$GT$20tighten_max_interval17h7891ce38c05930c5E():
E:\m\robot\esc\rm32-sagcheck\binz\firmware50/src/tracking.rs:110
    }

    /// Tighten the missing-event deadline; refuses to loosen it or to go
    /// below the minimum interval.
    pub fn tighten_max_interval(&mut self, max_interval: u32) -> bool {
        if max_interval < self.min_interval || max_interval >= 0x8000_0000 {
 80017a8:	ldr	r5, [r1, #48]	@ 0x30
 80017aa:	ldr	r1, [r1, #52]	@ 0x34
 80017ac:	cmp	r2, r5
 80017ae:	str	r6, [sp, #16]
 80017b0:	bcc.n	80017bc <ADC_COMP+0x4d0>
 80017b2:	cmp	r2, r1
 80017b4:	bcs.n	80017bc <ADC_COMP+0x4d0>
E:\m\robot\esc\rm32-sagcheck\binz\firmware50/src/tracking.rs:114
            return false;
        }
        if max_interval < self.max_interval {
            self.max_interval = max_interval;
 80017b6:	ldr	r1, [pc, #300]	@ (80018e4 <ADC_COMP+0x5f8>)
 80017b8:	str	r2, [r1, #52]	@ 0x34
 80017ba:	mov	r1, r2
_ZN10firmware505roots11guard_event28_$u7b$$u7b$closure$u7d$$u7d$17h141a77d58969a449E():
 80017bc:	ldr	r6, [pc, #292]	@ (80018e4 <ADC_COMP+0x5f8>)
_ZN4core6option15Option$LT$T$GT$7is_some17h454e05b45019e635E():
C:\Users\kaido\.rustup\toolchains\stable-x86_64-pc-windows-msvc\lib/rustlib/src/rust\library/core/src/option.rs:636
    #[must_use = "if you intended to assert that this has a value, consider `.unwrap()` instead"]
    #[inline]
    #[stable(feature = "rust1", since = "1.0.0")]
    #[rustc_const_stable(feature = "const_option_basics", since = "1.48.0")]
    pub const fn is_some(&self) -> bool {
        matches!(*self, Some(_))
 80017be:	ldr	r2, [sp, #28]
 80017c0:	ldrb	r2, [r6, r2]
_ZN10firmware508tracking19EventWatch$LT$_$GT$4poll17he5b8feaf64411bc0E():
E:\m\robot\esc\rm32-sagcheck\binz\firmware50/src/tracking.rs:101
        if self.fault.is_none() && now.wrapping_sub(self.last) > self.max_interval {
 80017c2:	cmp	r2, #3
 80017c4:	bne.n	800184e <ADC_COMP+0x562>
_ZN10firmware505roots11guard_event28_$u7b$$u7b$closure$u7d$$u7d$17h141a77d58969a449E():
 80017c6:	ldr	r2, [sp, #4]
 80017c8:	subs	r0, r2, r0
 80017ca:	uxth	r0, r0
 80017cc:	ldr	r2, [sp, #0]
 80017ce:	adds	r2, r0, r2
_ZN10firmware508tracking19EventWatch$LT$_$GT$4poll17he5b8feaf64411bc0E():
E:\m\robot\esc\rm32-sagcheck\binz\firmware50/src/tracking.rs:101
 80017d0:	ldr	r0, [r6, #44]	@ 0x2c
 80017d2:	str	r2, [sp, #24]
_RNvMs6_NtCshtjvQpOZWNm_4core3numm12wrapping_sub():
C:\Users\kaido\.rustup\toolchains\stable-x86_64-pc-windows-msvc\lib/rustlib/src/rust\library/core/src/num/uint_macros.rs:2548
            intrinsics::wrapping_sub(self, rhs)
 80017d4:	subs	r0, r2, r0
 80017d6:	str	r0, [sp, #4]
_ZN10firmware508tracking19EventWatch$LT$_$GT$4poll17he5b8feaf64411bc0E():
E:\m\robot\esc\rm32-sagcheck\binz\firmware50/src/tracking.rs:101
 80017d8:	cmp	r0, r1
 80017da:	ldr	r0, [sp, #16]
 80017dc:	bhi.n	800184a <ADC_COMP+0x55e>
_ZN10firmware508tracking19EventWatch$LT$_$GT$5event17hf6c973d39f8fb5afE():
 80017de:	movs	r2, #65	@ 0x41
E:\m\robot\esc\rm32-sagcheck\binz\firmware50/src/tracking.rs:125
    /// establishes phase only.
    pub fn event(&mut self, now: u32, sector: u8) -> Option<Fault> {
        if self.poll(now).is_some() {
            return self.fault;
        }
        let in_order = match self.sector {
 80017e0:	ldrb	r0, [r6, r2]
 80017e2:	cmp	r0, #1
 80017e4:	bne.n	80017f2 <ADC_COMP+0x506>
 80017e6:	movs	r0, #66	@ 0x42
E:\m\robot\esc\rm32-sagcheck\binz\firmware50/src/tracking.rs:127
            None => true,
            Some(prev) => sector == if prev == 6 { 1 } else { prev + 1 },
 80017e8:	ldrb	r0, [r6, r0]
 80017ea:	cmp	r0, #6
 80017ec:	beq.n	8001800 <ADC_COMP+0x514>
 80017ee:	adds	r1, r0, #1
 80017f0:	b.n	8001802 <ADC_COMP+0x516>
 80017f2:	mov	r6, r2
E:\m\robot\esc\rm32-sagcheck\binz\firmware50/src/tracking.rs:129
        };
        if !(1..=6).contains(&sector) || !in_order {
 80017f4:	ldr	r0, [sp, #20]
 80017f6:	cmp	r0, #0
 80017f8:	ldr	r1, [pc, #204]	@ (80018c8 <ADC_COMP+0x5dc>)
 80017fa:	bne.n	8001836 <ADC_COMP+0x54a>
 80017fc:	movs	r0, #2
 80017fe:	b.n	8001848 <ADC_COMP+0x55c>
 8001800:	movs	r1, #1
 8001802:	movs	r0, #2
 8001804:	ldr	r6, [sp, #20]
 8001806:	cmp	r6, #0
 8001808:	beq.n	8001848 <ADC_COMP+0x55c>
 800180a:	uxtb	r1, r1
 800180c:	cmp	r6, r1
 800180e:	ldr	r6, [pc, #212]	@ (80018e4 <ADC_COMP+0x5f8>)
 8001810:	bne.n	800184a <ADC_COMP+0x55e>
 8001812:	mov	r6, r2
 8001814:	ldr	r0, [sp, #4]
E:\m\robot\esc\rm32-sagcheck\binz\firmware50/src/tracking.rs:133
            self.fault = Some(Fault::SectorOrder);
        } else {
            let gap = now.wrapping_sub(self.last);
            if self.sector.is_some() && gap < self.min_interval {
 8001816:	cmp	r0, r5
 8001818:	ldr	r1, [pc, #172]	@ (80018c8 <ADC_COMP+0x5dc>)
 800181a:	bcs.n	8001836 <ADC_COMP+0x54a>
 800181c:	mov	r5, r0
 800181e:	ldr	r2, [pc, #196]	@ (80018e4 <ADC_COMP+0x5f8>)
E:\m\robot\esc\rm32-sagcheck\binz\firmware50/src/tracking.rs:135
                if REPORT_FAST {
                    self.fast_count = self.fast_count.saturating_add(1);
 8001820:	ldr	r0, [r2, #56]	@ 0x38
_RNvMs6_NtCshtjvQpOZWNm_4core3numm14saturating_add():
C:\Users\kaido\.rustup\toolchains\stable-x86_64-pc-windows-msvc\lib/rustlib/src/rust\library/core/src/num/uint_macros.rs:2355
            intrinsics::saturating_add(self, rhs)
 8001822:	adds	r0, r0, #1
 8001824:	bcc.n	800182a <ADC_COMP+0x53e>
_ZN10firmware508tracking19EventWatch$LT$_$GT$5event17hf6c973d39f8fb5afE():
 8001826:	movs	r0, #0
 8001828:	mvns	r0, r0
E:\m\robot\esc\rm32-sagcheck\binz\firmware50/src/tracking.rs:135
 800182a:	str	r0, [r2, #56]	@ 0x38
E:\m\robot\esc\rm32-sagcheck\binz\firmware50/src/tracking.rs:136
                    if gap < self.fast_min {
 800182c:	ldr	r0, [r2, #60]	@ 0x3c
 800182e:	cmp	r5, r0
 8001830:	bcs.n	8001836 <ADC_COMP+0x54a>
E:\m\robot\esc\rm32-sagcheck\binz\firmware50/src/tracking.rs:137
                        self.fast_min = gap;
 8001832:	ldr	r0, [pc, #176]	@ (80018e4 <ADC_COMP+0x5f8>)
 8001834:	str	r5, [r0, #60]	@ 0x3c
 8001836:	movs	r0, #66	@ 0x42
E:\m\robot\esc\rm32-sagcheck\binz\firmware50/src/tracking.rs:145
                    self.fault = Some(Fault::TooFast);
                    return self.fault;
                }
            }
            self.last = now;
            self.sector = Some(sector);
 8001838:	ldr	r2, [sp, #20]
 800183a:	ldr	r5, [pc, #168]	@ (80018e4 <ADC_COMP+0x5f8>)
 800183c:	strb	r2, [r5, r0]
 800183e:	movs	r0, #1
 8001840:	strb	r0, [r5, r6]
E:\m\robot\esc\rm32-sagcheck\binz\firmware50/src/tracking.rs:144
            self.last = now;
 8001842:	ldr	r0, [sp, #24]
 8001844:	str	r0, [r5, #44]	@ 0x2c
_ZN10firmware505roots11guard_event28_$u7b$$u7b$closure$u7d$$u7d$17h141a77d58969a449E():
E:\m\robot\esc\rm32-sagcheck\binz\firmware50/src/roots.rs:925
        if w.event(now, step).is_some() {
 8001846:	b.n	80018b2 <ADC_COMP+0x5c6>
 8001848:	ldr	r6, [pc, #152]	@ (80018e4 <ADC_COMP+0x5f8>)
_ZN10firmware508tracking19EventWatch$LT$_$GT$5event17hf6c973d39f8fb5afE():
 800184a:	ldr	r1, [sp, #28]
 800184c:	strb	r0, [r6, r1]
_ZN4core4sync6atomic11atomic_load17h94eed33ebba291bdE():
C:\Users\kaido\.rustup\toolchains\stable-x86_64-pc-windows-msvc\lib/rustlib/src/rust\library/core/src/sync/atomic.rs:3904
 800184e:	ldr	r0, [r6, #4]
_ZN10firmware505roots10guard_trip17h7b85fb3b077d3706E():
E:\m\robot\esc\rm32-sagcheck\binz\firmware50/src/roots.rs:838
    if S.guard().reason.load(Ordering::Relaxed) == 0 {
 8001850:	cmp	r0, #0
 8001852:	bne.n	8001858 <ADC_COMP+0x56c>
 8001854:	movs	r0, #8
_ZN4core4sync6atomic12atomic_store17hcc473a20273a503cE():
C:\Users\kaido\.rustup\toolchains\stable-x86_64-pc-windows-msvc\lib/rustlib/src/rust\library/core/src/sync/atomic.rs:3889
            Relaxed => intrinsics::atomic_store::<T, { AO::Relaxed }>(dst, val),
 8001856:	str	r0, [r6, #4]
_ZN10firmware505roots10guard_trip17h7b85fb3b077d3706E():
 8001858:	ldr	r1, [sp, #16]
_ZN4core4sync6atomic12atomic_store17hb5a3855436143d83E():
C:\Users\kaido\.rustup\toolchains\stable-x86_64-pc-windows-msvc\lib/rustlib/src/rust\library/core/src/sync/atomic.rs:3889
 800185a:	strb	r1, [r6, #0]
 800185c:	strb	r1, [r6, #1]
 800185e:	ldr	r6, [pc, #120]	@ (80018d8 <ADC_COMP+0x5ec>)
 8001860:	strb	r1, [r6, #0]
 8001862:	strb	r1, [r4, #0]
 8001864:	ldr	r0, [pc, #132]	@ (80018ec <ADC_COMP+0x600>)
 8001866:	strb	r1, [r0, #0]
 8001868:	ldr	r3, [sp, #36]	@ 0x24
_ZN4core3ptr14write_volatile17ha7224db381d562acE():
C:\Users\kaido\.rustup\toolchains\stable-x86_64-pc-windows-msvc\lib/rustlib/src/rust\library/core/src/ptr/mod.rs:2182
        intrinsics::volatile_store(dst, src);
 800186a:	ldr	r0, [pc, #80]	@ (80018bc <ADC_COMP+0x5d0>)
 800186c:	str	r3, [r0, #0]
 800186e:	ldr	r2, [pc, #80]	@ (80018c0 <ADC_COMP+0x5d4>)
_ZN4core3ptr13read_volatile17hd7f800fbfed10bfcE():
C:\Users\kaido\.rustup\toolchains\stable-x86_64-pc-windows-msvc\lib/rustlib/src/rust\library/core/src/ptr/mod.rs:2095
        intrinsics::volatile_load(src)
 8001870:	ldr	r0, [r2, #116]	@ 0x74
_RNvXslz_NtNtCshtjvQpOZWNm_4core3ops3bitmNtB6_12BitAndAssign13bitand_assign():
C:\Users\kaido\.rustup\toolchains\stable-x86_64-pc-windows-msvc\lib/rustlib/src/rust\library/core/src/ops/bit.rs:748
            fn bitand_assign(&mut self, other: $t) { *self &= other }
 8001872:	ldr	r5, [pc, #80]	@ (80018c4 <ADC_COMP+0x5d8>)
 8001874:	ands	r0, r5
_ZN4core3ptr14write_volatile17ha7224db381d562acE():
C:\Users\kaido\.rustup\toolchains\stable-x86_64-pc-windows-msvc\lib/rustlib/src/rust\library/core/src/ptr/mod.rs:2182
        intrinsics::volatile_store(dst, src);
 8001876:	str	r0, [r2, #116]	@ 0x74
 8001878:	ldr	r0, [sp, #32]
 800187a:	str	r0, [r2, #0]
 800187c:	str	r0, [r2, #4]
 800187e:	ldr	r5, [pc, #112]	@ (80018f0 <ADC_COMP+0x604>)
 8001880:	str	r3, [r5, #0]
 8001882:	movs	r0, #99	@ 0x63
 8001884:	lsls	r2, r0, #2
 8001886:	movs	r0, #1
_ZN4core4sync6atomic12atomic_store17hc6782a93514f6169E():
C:\Users\kaido\.rustup\toolchains\stable-x86_64-pc-windows-msvc\lib/rustlib/src/rust\library/core/src/sync/atomic.rs:3889
 8001888:	strb	r0, [r6, r2]
 800188a:	ldr	r2, [pc, #84]	@ (80018e0 <ADC_COMP+0x5f4>)
_ZN4core3ptr14write_volatile17ha7224db381d562acE():
C:\Users\kaido\.rustup\toolchains\stable-x86_64-pc-windows-msvc\lib/rustlib/src/rust\library/core/src/ptr/mod.rs:2182
 800188c:	str	r1, [r2, #0]
 800188e:	str	r1, [r2, #12]
 8001890:	str	r1, [r2, #16]
_ZN4core4sync6atomic12atomic_store17h3be59174b42ae24cE():
C:\Users\kaido\.rustup\toolchains\stable-x86_64-pc-windows-msvc\lib/rustlib/src/rust\library/core/src/sync/atomic.rs:3889
 8001892:	str	r1, [r6, #4]
 8001894:	lsls	r2, r0, #21
_ZN4core3ptr14write_volatile17ha7224db381d562acE():
C:\Users\kaido\.rustup\toolchains\stable-x86_64-pc-windows-msvc\lib/rustlib/src/rust\library/core/src/ptr/mod.rs:2182
 8001896:	str	r2, [r5, #0]
 8001898:	lsls	r5, r0, #15
 800189a:	ldr	r2, [pc, #88]	@ (80018f4 <ADC_COMP+0x608>)
_ZN4core3ptr13read_volatile17h8e268e68817c80b8E():
C:\Users\kaido\.rustup\toolchains\stable-x86_64-pc-windows-msvc\lib/rustlib/src/rust\library/core/src/ptr/mod.rs:2095
        intrinsics::volatile_load(src)
 800189c:	ldr	r3, [r2, #16]
_RNvXslz_NtNtCshtjvQpOZWNm_4core3ops3bitmNtB6_12BitAndAssign13bitand_assign():
C:\Users\kaido\.rustup\toolchains\stable-x86_64-pc-windows-msvc\lib/rustlib/src/rust\library/core/src/ops/bit.rs:748
 800189e:	bics	r3, r5
_ZN4core3ptr14write_volatile17h8e3052fd7bb2629fE():
C:\Users\kaido\.rustup\toolchains\stable-x86_64-pc-windows-msvc\lib/rustlib/src/rust\library/core/src/ptr/mod.rs:2182
        intrinsics::volatile_store(dst, src);
 80018a0:	str	r3, [r2, #16]
 80018a2:	str	r1, [r2, #8]
 80018a4:	str	r1, [r2, #4]
 80018a6:	str	r1, [r2, #0]
 80018a8:	lsls	r0, r0, #17
 80018aa:	ldr	r1, [pc, #76]	@ (80018f8 <ADC_COMP+0x60c>)
 80018ac:	str	r0, [r1, #0]
 80018ae:	ldr	r3, [sp, #40]	@ 0x28
 80018b0:	ldr	r1, [pc, #20]	@ (80018c8 <ADC_COMP+0x5dc>)
_ZN8cortex_m8register7primask9write_raw17h2d20d7724a20944bE():
E:\m\robot\esc\rm32-sagcheck\binz\firmware50\ref\vendor\cortex-m/src\register\primask.rs:67
    unsafe { asm!("msr PRIMASK, {}", in(reg) r, options(nomem, nostack, preserves_flags)) };
 80018b2:	ldr	r0, [sp, #8]
 80018b4:	msr	PRIMASK, r0
 80018b8:	ldr	r5, [sp, #12]
 80018ba:	b.n	80016f2 <ADC_COMP+0x406>
ADC_COMP():
 80018bc:	.word	0xe000e180
 80018c0:	.word	0x4002180c
 80018c4:	.word	0xfffbffff
 80018c8:	.word	0x40014824
 80018cc:	.word	0x20000194
 80018d0:	.word	0x20000314
 80018d4:	.word	0x40010204
 80018d8:	.word	0x20000000
 80018dc:	.word	0x0000fffe
 80018e0:	.word	0x40014400
 80018e4:	.word	0x200002c0
 80018e8:	.word	0x0000029a
 80018ec:	.word	0x20000274
 80018f0:	.word	0xe000e280
 80018f4:	.word	0x40012c34
 80018f8:	.word	0x50000c18
 80018fc:	.word	0xe000e100
