; AM32 G071 reference ISR: TIM6_DAC_LPTIM1 -- guard tick (B4v)
; ELF D824CD28.b4v-prod.elf  sha256 d824cd28566a51cf99998b26f2855a9549537a58c25e4df75d776a3f50fe919d
; objdump -d -S -l, call tree walked to depth 6
;
; call tree (function: instructions, size bytes -> callees)
;   TIM6_DAC_LPTIM1: 370 insns, 776 B
;

; ===================== TIM6_DAC_LPTIM1 =====================
<TIM6_DAC_LPTIM1>:
TIM6_DAC_LPTIM1():
E:\m\robot\esc\rm32-sagcheck\binz\firmware50/bin/board.rs:64
// The TIM16 shim lives in each binary, as `ADC_COMP`'s already did: both roots
// are now generic over the chain recorder (`firmware50::chain`), and the
// diagnostic image is the only one that installs it (E154).

/// The guard tick: `firmware50::roots::guard_root`.
#[interrupt]
 80018c4:	push	{r4, r5, r6, r7, lr}
 80018c6:	add	r7, sp, #12
 80018c8:	sub	sp, #36	@ 0x24
 80018ca:	ldr	r0, [pc, #704]	@ (8001b8c <TIM6_DAC_LPTIM1+0x2c8>)
 80018cc:	movs	r1, #0
_ZN4core3ptr14write_volatile17h08dc9f3eb05ae389E():
C:\Users\kaido\.rustup\toolchains\stable-x86_64-pc-windows-msvc\lib/rustlib/src/rust\library/core/src/ptr/mod.rs:2182
            (
                addr: *mut () = dst as *mut (),
                align: usize = align_of::<T>(),
            ) => ub_checks::maybe_is_aligned(addr, align)
        );
        intrinsics::volatile_store(dst, src);
 80018ce:	str	r1, [r0, #0]
 80018d0:	ldr	r0, [pc, #700]	@ (8001b90 <TIM6_DAC_LPTIM1+0x2cc>)
_ZN4core3ptr13read_volatile17h519f18b3757fde83E():
C:\Users\kaido\.rustup\toolchains\stable-x86_64-pc-windows-msvc\lib/rustlib/src/rust\library/core/src/ptr/mod.rs:2095
        intrinsics::volatile_load(src)
 80018d2:	ldr	r3, [r0, #0]
_ZN4core4sync6atomic11atomic_load17hd5c03da187aa4dd8E():
C:\Users\kaido\.rustup\toolchains\stable-x86_64-pc-windows-msvc\lib/rustlib/src/rust\library/core/src/sync/atomic.rs:3904
#[cfg_attr(miri, track_caller)] // even without panics, this helps for Miri backtraces
unsafe fn atomic_load<T: Copy>(dst: *const T, order: Ordering) -> T {
    // SAFETY: the caller must uphold the safety contract for `atomic_load`.
    unsafe {
        match order {
            Relaxed => intrinsics::atomic_load::<T, { AO::Relaxed }>(dst),
 80018d4:	ldr	r0, [pc, #700]	@ (8001b94 <TIM6_DAC_LPTIM1+0x2d0>)
 80018d6:	ldr	r2, [r0, #12]
_RNvMs5_NtCshtjvQpOZWNm_4core3numt12wrapping_sub():
C:\Users\kaido\.rustup\toolchains\stable-x86_64-pc-windows-msvc\lib/rustlib/src/rust\library/core/src/num/uint_macros.rs:2548
        #[rustc_const_stable(feature = "const_wrapping_math", since = "1.32.0")]
        #[must_use = "this returns the result of the operation, \
                      without modifying the original"]
        #[inline(always)]
        pub const fn wrapping_sub(self, rhs: Self) -> Self {
            intrinsics::wrapping_sub(self, rhs)
 80018d8:	subs	r2, r3, r2
_ZN10firmware505roots10guard_root17h7ea11d411f07a7c7E():
E:\m\robot\esc\rm32-sagcheck\binz\firmware50/src/roots.rs:768
    let base = S.guard().raw.load(Ordering::Relaxed) as u16;
    let now = S
        .guard()
        .ext
        .load(Ordering::Relaxed)
        .wrapping_add(raw.wrapping_sub(base) as u32);
 80018da:	uxth	r2, r2
_ZN4core4sync6atomic11atomic_load17hd5c03da187aa4dd8E():
C:\Users\kaido\.rustup\toolchains\stable-x86_64-pc-windows-msvc\lib/rustlib/src/rust\library/core/src/sync/atomic.rs:3904
 80018dc:	ldr	r4, [r0, #8]
_RNvMs6_NtCshtjvQpOZWNm_4core3numm12wrapping_add():
C:\Users\kaido\.rustup\toolchains\stable-x86_64-pc-windows-msvc\lib/rustlib/src/rust\library/core/src/num/uint_macros.rs:2511
            intrinsics::wrapping_add(self, rhs)
 80018de:	adds	r2, r2, r4
_ZN4core4sync6atomic12atomic_store17h448b5d3b2dd8e993E():
C:\Users\kaido\.rustup\toolchains\stable-x86_64-pc-windows-msvc\lib/rustlib/src/rust\library/core/src/sync/atomic.rs:3889
            Relaxed => intrinsics::atomic_store::<T, { AO::Relaxed }>(dst, val),
 80018e0:	str	r2, [r0, #8]
_ZN10firmware505roots10guard_root17h7ea11d411f07a7c7E():
E:\m\robot\esc\rm32-sagcheck\binz\firmware50/src/roots.rs:770
    S.guard().ext.store(now, Ordering::Relaxed);
    S.guard().raw.store(raw as u32, Ordering::Relaxed);
 80018e2:	uxth	r4, r3
_ZN4core4sync6atomic12atomic_store17h448b5d3b2dd8e993E():
C:\Users\kaido\.rustup\toolchains\stable-x86_64-pc-windows-msvc\lib/rustlib/src/rust\library/core/src/sync/atomic.rs:3889
 80018e4:	str	r4, [r0, #12]
_ZN4core4sync6atomic11atomic_load17hd85f812e6365abb7E():
C:\Users\kaido\.rustup\toolchains\stable-x86_64-pc-windows-msvc\lib/rustlib/src/rust\library/core/src/sync/atomic.rs:3904
            Relaxed => intrinsics::atomic_load::<T, { AO::Relaxed }>(dst),
 80018e6:	ldrb	r4, [r0, #0]
_ZN10firmware505roots10guard_root17h7ea11d411f07a7c7E():
E:\m\robot\esc\rm32-sagcheck\binz\firmware50/src/roots.rs:771
    if !S.guard().active.load(Ordering::Relaxed) {
 80018e8:	cmp	r4, #0
 80018ea:	bne.n	80018ee <TIM6_DAC_LPTIM1+0x2a>
 80018ec:	b.n	8001aa0 <TIM6_DAC_LPTIM1+0x1dc>
_ZN15portable_atomic3imp9interrupt4arch7disable17h3ec6a546f52c6294E():
E:\m\robot\esc\rm32-sagcheck\binz\firmware50\ref\vendor\portable-atomic/src\imp\interrupt\armv6m.rs:34
pub(crate) fn disable() -> State {
    let primask: State;
    // SAFETY: reading the priority mask register and disabling interrupts are safe.
    // (see module-level comments of interrupt/mod.rs on the safety of using privileged instructions)
    unsafe {
        asm!(
 80018ee:	mrs	r4, PRIMASK
 80018f2:	cpsid	i
_ZN4core3ptr4read17h4d89d6f220cd86d3E():
C:\Users\kaido\.rustup\toolchains\stable-x86_64-pc-windows-msvc\lib/rustlib/src/rust\library/core/src/ptr/mod.rs:1721
        crate::intrinsics::read_via_copy(src)
 80018f4:	ldr	r5, [r0, #24]
_RNvMs6_NtCshtjvQpOZWNm_4core3numm12wrapping_add():
C:\Users\kaido\.rustup\toolchains\stable-x86_64-pc-windows-msvc\lib/rustlib/src/rust\library/core/src/num/uint_macros.rs:2511
 80018f6:	adds	r5, r5, #1
_ZN4core3ptr5write17h803c99a5be2fbc4eE():
C:\Users\kaido\.rustup\toolchains\stable-x86_64-pc-windows-msvc\lib/rustlib/src/rust\library/core/src/ptr/mod.rs:1921
        intrinsics::write_via_move(dst, src)
 80018f8:	str	r5, [r0, #24]
_ZN15portable_atomic3imp9interrupt4arch7restore17hb2cf2f388bec0c55E():
E:\m\robot\esc\rm32-sagcheck\binz\firmware50\ref\vendor\portable-atomic/src\imp\interrupt\armv6m.rs:57
    // SAFETY: the caller must guarantee that the state was retrieved by the previous `disable`,
    // and we've checked that interrupts were enabled before disabling interrupts.
    //
    // This clobbers the entire PRIMASK register. See msp430.rs for safety on this.
    unsafe {
        asm!(
 80018fa:	msr	PRIMASK, r4
_ZN4core4sync6atomic11atomic_load17hd5c03da187aa4dd8E():
C:\Users\kaido\.rustup\toolchains\stable-x86_64-pc-windows-msvc\lib/rustlib/src/rust\library/core/src/sync/atomic.rs:3904
 80018fe:	ldr	r4, [r0, #16]
_ZN4core4sync6atomic12atomic_store17h448b5d3b2dd8e993E():
C:\Users\kaido\.rustup\toolchains\stable-x86_64-pc-windows-msvc\lib/rustlib/src/rust\library/core/src/sync/atomic.rs:3889
            Relaxed => intrinsics::atomic_store::<T, { AO::Relaxed }>(dst, val),
 8001900:	str	r2, [r0, #16]
_RNvMs6_NtCshtjvQpOZWNm_4core3numm12wrapping_sub():
C:\Users\kaido\.rustup\toolchains\stable-x86_64-pc-windows-msvc\lib/rustlib/src/rust\library/core/src/num/uint_macros.rs:2548
            intrinsics::wrapping_sub(self, rhs)
 8001902:	subs	r4, r2, r4
_ZN4core4sync6atomic11atomic_load17hd5c03da187aa4dd8E():
C:\Users\kaido\.rustup\toolchains\stable-x86_64-pc-windows-msvc\lib/rustlib/src/rust\library/core/src/sync/atomic.rs:3904
            Relaxed => intrinsics::atomic_load::<T, { AO::Relaxed }>(dst),
 8001904:	ldr	r5, [r0, #28]
_ZN10firmware505roots10guard_root17h7ea11d411f07a7c7E():
E:\m\robot\esc\rm32-sagcheck\binz\firmware50/src/roots.rs:777
        return;
    }
    S.guard().ticks.fetch_add(1, Ordering::Relaxed);
    let gap = now.wrapping_sub(S.guard().last_tick.load(Ordering::Relaxed));
    S.guard().last_tick.store(now, Ordering::Relaxed);
    if gap > S.guard().gap_max.load(Ordering::Relaxed) {
 8001906:	cmp	r4, r5
 8001908:	bls.n	800190c <TIM6_DAC_LPTIM1+0x48>
_ZN4core4sync6atomic12atomic_store17h448b5d3b2dd8e993E():
C:\Users\kaido\.rustup\toolchains\stable-x86_64-pc-windows-msvc\lib/rustlib/src/rust\library/core/src/sync/atomic.rs:3889
            Relaxed => intrinsics::atomic_store::<T, { AO::Relaxed }>(dst, val),
 800190a:	str	r4, [r0, #28]
_ZN10firmware505roots10guard_root17h7ea11d411f07a7c7E():
 800190c:	ldr	r5, [pc, #648]	@ (8001b98 <TIM6_DAC_LPTIM1+0x2d4>)
_ZN4core3ptr13read_volatile17h519f18b3757fde83E():
C:\Users\kaido\.rustup\toolchains\stable-x86_64-pc-windows-msvc\lib/rustlib/src/rust\library/core/src/ptr/mod.rs:2095
        intrinsics::volatile_load(src)
 800190e:	ldr	r5, [r5, #0]
_ZN10firmware505roots10guard_root17h7ea11d411f07a7c7E():
E:\m\robot\esc\rm32-sagcheck\binz\firmware50/src/roots.rs:780
        S.guard().gap_max.store(gap, Ordering::Relaxed);
    }
    if !nfault_high() {
 8001910:	lsls	r5, r5, #17
 8001912:	bmi.n	8001920 <TIM6_DAC_LPTIM1+0x5c>
_ZN4core4sync6atomic11atomic_load17hd5c03da187aa4dd8E():
C:\Users\kaido\.rustup\toolchains\stable-x86_64-pc-windows-msvc\lib/rustlib/src/rust\library/core/src/sync/atomic.rs:3904
            Relaxed => intrinsics::atomic_load::<T, { AO::Relaxed }>(dst),
 8001914:	ldr	r1, [r0, #4]
_ZN10firmware505roots10guard_trip17h68d8dd14161c200dE():
E:\m\robot\esc\rm32-sagcheck\binz\firmware50/src/roots.rs:668
    if S.guard().reason.load(Ordering::Relaxed) == 0 {
 8001916:	cmp	r1, #0
 8001918:	beq.n	800191c <TIM6_DAC_LPTIM1+0x58>
 800191a:	b.n	8001a4a <TIM6_DAC_LPTIM1+0x186>
_ZN10firmware505roots10guard_root17h7ea11d411f07a7c7E():
 800191c:	movs	r1, #7
 800191e:	b.n	8001a48 <TIM6_DAC_LPTIM1+0x184>
_ZN4core4sync6atomic11atomic_load17hd5c03da187aa4dd8E():
C:\Users\kaido\.rustup\toolchains\stable-x86_64-pc-windows-msvc\lib/rustlib/src/rust\library/core/src/sync/atomic.rs:3904
 8001920:	ldr	r5, [r0, #24]
_ZN10firmware505roots10guard_root17h7ea11d411f07a7c7E():
E:\m\robot\esc\rm32-sagcheck\binz\firmware50/src/roots.rs:784
        guard_trip(Reason::Driver);
        return;
    }
    if S.guard().ticks.load(Ordering::Relaxed) > 1 && gap > crate::protection::TICK_GAP_MAX_US {
 8001922:	cmp	r4, #201	@ 0xc9
 8001924:	bcc.n	8001936 <TIM6_DAC_LPTIM1+0x72>
 8001926:	cmp	r5, #1
 8001928:	bls.n	8001936 <TIM6_DAC_LPTIM1+0x72>
_ZN4core4sync6atomic11atomic_load17hd5c03da187aa4dd8E():
C:\Users\kaido\.rustup\toolchains\stable-x86_64-pc-windows-msvc\lib/rustlib/src/rust\library/core/src/sync/atomic.rs:3904
 800192a:	ldr	r1, [r0, #4]
_ZN10firmware505roots10guard_trip17h68d8dd14161c200dE():
E:\m\robot\esc\rm32-sagcheck\binz\firmware50/src/roots.rs:668
    if S.guard().reason.load(Ordering::Relaxed) == 0 {
 800192c:	cmp	r1, #0
 800192e:	beq.n	8001932 <TIM6_DAC_LPTIM1+0x6e>
 8001930:	b.n	8001a4a <TIM6_DAC_LPTIM1+0x186>
 8001932:	movs	r1, #3
 8001934:	b.n	8001a48 <TIM6_DAC_LPTIM1+0x184>
_ZN4core4sync6atomic11atomic_load17hd5c03da187aa4dd8E():
C:\Users\kaido\.rustup\toolchains\stable-x86_64-pc-windows-msvc\lib/rustlib/src/rust\library/core/src/sync/atomic.rs:3904
 8001936:	ldr	r4, [pc, #612]	@ (8001b9c <TIM6_DAC_LPTIM1+0x2d8>)
 8001938:	ldr	r4, [r4, #0]
 800193a:	ldr	r5, [r0, #32]
_ZN10firmware505roots10guard_root17h7ea11d411f07a7c7E():
E:\m\robot\esc\rm32-sagcheck\binz\firmware50/src/roots.rs:789
        guard_trip(Reason::TickGap);
        return;
    }
    let seq = S.scan().sequence(Ordering::Relaxed);
    if seq != S.guard().adc_seen.load(Ordering::Relaxed) {
 800193c:	cmp	r4, r5
 800193e:	bne.n	8001956 <TIM6_DAC_LPTIM1+0x92>
_ZN4core4sync6atomic11atomic_load17hd5c03da187aa4dd8E():
C:\Users\kaido\.rustup\toolchains\stable-x86_64-pc-windows-msvc\lib/rustlib/src/rust\library/core/src/sync/atomic.rs:3904
 8001940:	ldr	r4, [r0, #36]	@ 0x24
_RNvMs6_NtCshtjvQpOZWNm_4core3numm12wrapping_sub():
C:\Users\kaido\.rustup\toolchains\stable-x86_64-pc-windows-msvc\lib/rustlib/src/rust\library/core/src/num/uint_macros.rs:2548
 8001942:	subs	r4, r2, r4
 8001944:	movs	r5, #125	@ 0x7d
 8001946:	lsls	r5, r5, #3
_ZN10firmware505roots10guard_root17h7ea11d411f07a7c7E():
E:\m\robot\esc\rm32-sagcheck\binz\firmware50/src/roots.rs:792
        S.guard().adc_seen.store(seq, Ordering::Relaxed);
        S.guard().adc_at.store(now, Ordering::Relaxed);
    } else if now.wrapping_sub(S.guard().adc_at.load(Ordering::Relaxed)) > crate::protection::FEEDBACK_MAX_AGE_US {
 8001948:	cmp	r4, r5
 800194a:	bls.n	800195a <TIM6_DAC_LPTIM1+0x96>
_ZN4core4sync6atomic11atomic_load17hd5c03da187aa4dd8E():
C:\Users\kaido\.rustup\toolchains\stable-x86_64-pc-windows-msvc\lib/rustlib/src/rust\library/core/src/sync/atomic.rs:3904
 800194c:	ldr	r1, [r0, #4]
_ZN10firmware505roots10guard_trip17h68d8dd14161c200dE():
E:\m\robot\esc\rm32-sagcheck\binz\firmware50/src/roots.rs:668
    if S.guard().reason.load(Ordering::Relaxed) == 0 {
 800194e:	cmp	r1, #0
 8001950:	bne.n	8001a4a <TIM6_DAC_LPTIM1+0x186>
 8001952:	movs	r1, #4
 8001954:	b.n	8001a48 <TIM6_DAC_LPTIM1+0x184>
_ZN4core4sync6atomic12atomic_store17h448b5d3b2dd8e993E():
C:\Users\kaido\.rustup\toolchains\stable-x86_64-pc-windows-msvc\lib/rustlib/src/rust\library/core/src/sync/atomic.rs:3889
            Relaxed => intrinsics::atomic_store::<T, { AO::Relaxed }>(dst, val),
 8001956:	str	r4, [r0, #32]
 8001958:	str	r2, [r0, #36]	@ 0x24
_ZN4core4sync6atomic11atomic_load17hd5c03da187aa4dd8E():
C:\Users\kaido\.rustup\toolchains\stable-x86_64-pc-windows-msvc\lib/rustlib/src/rust\library/core/src/sync/atomic.rs:3904
            Relaxed => intrinsics::atomic_load::<T, { AO::Relaxed }>(dst),
 800195a:	ldr	r4, [r0, #20]
_RNvMs6_NtCshtjvQpOZWNm_4core3numm12wrapping_sub():
C:\Users\kaido\.rustup\toolchains\stable-x86_64-pc-windows-msvc\lib/rustlib/src/rust\library/core/src/num/uint_macros.rs:2548
 800195c:	subs	r4, r2, r4
 800195e:	ldr	r5, [pc, #576]	@ (8001ba0 <TIM6_DAC_LPTIM1+0x2dc>)
_ZN10firmware505roots10guard_root17h7ea11d411f07a7c7E():
E:\m\robot\esc\rm32-sagcheck\binz\firmware50/src/roots.rs:796
        guard_trip(Reason::FeedbackStale);
        return;
    }
    if now.wrapping_sub(S.guard().start.load(Ordering::Relaxed)) > GUARD_CAMPAIGN_US {
 8001960:	cmp	r4, r5
 8001962:	bls.n	800196e <TIM6_DAC_LPTIM1+0xaa>
_ZN4core4sync6atomic11atomic_load17hd5c03da187aa4dd8E():
C:\Users\kaido\.rustup\toolchains\stable-x86_64-pc-windows-msvc\lib/rustlib/src/rust\library/core/src/sync/atomic.rs:3904
 8001964:	ldr	r1, [r0, #4]
_ZN10firmware505roots10guard_trip17h68d8dd14161c200dE():
E:\m\robot\esc\rm32-sagcheck\binz\firmware50/src/roots.rs:668
    if S.guard().reason.load(Ordering::Relaxed) == 0 {
 8001966:	cmp	r1, #0
 8001968:	bne.n	8001a4a <TIM6_DAC_LPTIM1+0x186>
 800196a:	movs	r1, #1
 800196c:	b.n	8001a48 <TIM6_DAC_LPTIM1+0x184>
_ZN4core4sync6atomic11atomic_load17hd85f812e6365abb7E():
C:\Users\kaido\.rustup\toolchains\stable-x86_64-pc-windows-msvc\lib/rustlib/src/rust\library/core/src/sync/atomic.rs:3904
 800196e:	ldrb	r4, [r0, #1]
_ZN10firmware505roots10guard_root17h7ea11d411f07a7c7E():
E:\m\robot\esc\rm32-sagcheck\binz\firmware50/src/roots.rs:800
        guard_trip(Reason::CampaignDeadline);
        return;
    }
    if S.guard().tracking.load(Ordering::Relaxed) {
 8001970:	cmp	r4, #0
 8001972:	bne.n	8001976 <TIM6_DAC_LPTIM1+0xb2>
 8001974:	b.n	8001aa0 <TIM6_DAC_LPTIM1+0x1dc>
_ZN4core4sync6atomic11atomic_load17hd5c03da187aa4dd8E():
C:\Users\kaido\.rustup\toolchains\stable-x86_64-pc-windows-msvc\lib/rustlib/src/rust\library/core/src/sync/atomic.rs:3904
 8001976:	ldr	r4, [pc, #556]	@ (8001ba4 <TIM6_DAC_LPTIM1+0x2e0>)
 8001978:	ldr	r4, [r4, #24]
 800197a:	ldr	r5, [r0, #68]	@ 0x44
_ZN10firmware505roots10guard_root17h7ea11d411f07a7c7E():
E:\m\robot\esc\rm32-sagcheck\binz\firmware50/src/roots.rs:811
        // the second read of `accept_seq` is kept as a cheap consistency check.
        let s1 = S.det().accept_seq.load(Ordering::Relaxed);
        let n = s1.wrapping_sub(S.guard().seq_seen.load(Ordering::Relaxed));
        let mut poll_at = now;
        let mut batch = None;
        if n != 0 {
 800197c:	cmp	r4, r5
 800197e:	beq.n	80019c2 <TIM6_DAC_LPTIM1+0xfe>
_ZN4core4sync6atomic11atomic_load17hd5c03da187aa4dd8E():
C:\Users\kaido\.rustup\toolchains\stable-x86_64-pc-windows-msvc\lib/rustlib/src/rust\library/core/src/sync/atomic.rs:3904
 8001980:	ldr	r6, [pc, #544]	@ (8001ba4 <TIM6_DAC_LPTIM1+0x2e0>)
 8001982:	ldr	r6, [r6, #28]
 8001984:	str	r6, [sp, #24]
 8001986:	str	r4, [sp, #32]
 8001988:	str	r5, [sp, #28]
 800198a:	ldr	r6, [pc, #536]	@ (8001ba4 <TIM6_DAC_LPTIM1+0x2e0>)
 800198c:	ldr	r5, [r6, #32]
 800198e:	str	r5, [sp, #20]
 8001990:	ldr	r4, [sp, #32]
 8001992:	ldr	r5, [r6, #16]
 8001994:	ldr	r6, [r6, #24]
_ZN10firmware505roots10guard_root17h7ea11d411f07a7c7E():
E:\m\robot\esc\rm32-sagcheck\binz\firmware50/src/roots.rs:815
            let raw_a = S.det().accept_raw.load(Ordering::Relaxed) as u16;
            let sector = S.det().accept_step.load(Ordering::Relaxed) as u8;
            let average = S.det().accept_avg.load(Ordering::Relaxed);
            if S.det().accept_seq.load(Ordering::Relaxed) == s1 {
 8001996:	cmp	r6, r4
 8001998:	bne.n	80019c2 <TIM6_DAC_LPTIM1+0xfe>
_ZN4core4sync6atomic12atomic_store17h448b5d3b2dd8e993E():
C:\Users\kaido\.rustup\toolchains\stable-x86_64-pc-windows-msvc\lib/rustlib/src/rust\library/core/src/sync/atomic.rs:3889
            Relaxed => intrinsics::atomic_store::<T, { AO::Relaxed }>(dst, val),
 800199a:	str	r4, [r0, #68]	@ 0x44
_RNvMs5_NtCshtjvQpOZWNm_4core3numt12wrapping_sub():
C:\Users\kaido\.rustup\toolchains\stable-x86_64-pc-windows-msvc\lib/rustlib/src/rust\library/core/src/num/uint_macros.rs:2548
 800199c:	ldr	r6, [sp, #24]
 800199e:	subs	r3, r6, r3
_RNvXs1g_NtNtCshtjvQpOZWNm_4core7convert3numlINtB8_4FromsE4from():
C:\Users\kaido\.rustup\toolchains\stable-x86_64-pc-windows-msvc\lib/rustlib/src/rust\library/core/src/convert/num.rs:82
            #[doc = concat!("Converts from [`", stringify!($small), "`] to [`", stringify!($large), "`] losslessly.")]
            #[inline(always)]
            fn from(small: $small) -> Self {
                debug_assert!(<$large>::MIN as i128 <= <$small>::MIN as i128);
                debug_assert!(<$small>::MAX as u128 <= <$large>::MAX as u128);
                small as Self
 80019a0:	sxth	r3, r3
_RNvMs6_NtCshtjvQpOZWNm_4core3numm12wrapping_add():
C:\Users\kaido\.rustup\toolchains\stable-x86_64-pc-windows-msvc\lib/rustlib/src/rust\library/core/src/num/uint_macros.rs:2511
            intrinsics::wrapping_add(self, rhs)
 80019a2:	adds	r6, r3, r2
_ZN10firmware505roots10guard_root17h7ea11d411f07a7c7E():
E:\m\robot\esc\rm32-sagcheck\binz\firmware50/src/roots.rs:821
                S.guard().seq_seen.store(s1, Ordering::Relaxed);
                // Signed: the newest crossing may postdate this tick's clock
                // read, and then it must not age the watch backwards
                // (the cross-ISR timestamp race).
                let at_event = now.wrapping_add(i32::from(raw_a.wrapping_sub(raw) as i16) as u32);
                if at_event.wrapping_sub(now) < 0x8000_0000 {
 80019a4:	cmp	r3, #0
 80019a6:	bmi.n	80019aa <TIM6_DAC_LPTIM1+0xe6>
 80019a8:	mov	r2, r6
 80019aa:	str	r6, [sp, #24]
 80019ac:	mvns	r6, r1
_RNvNtCshtjvQpOZWNm_4core10intrinsics8unlikely():
C:\Users\kaido\.rustup\toolchains\stable-x86_64-pc-windows-msvc\lib/rustlib/src/rust\library/core/src/intrinsics/mod.rs:457
/// This intrinsic does not have a stable counterpart.
#[unstable(feature = "core_intrinsics", issue = "none")]
#[rustc_nounwind]
#[inline(always)]
pub const fn unlikely(b: bool) -> bool {
    if b {
 80019ae:	cmp	r5, #0
 80019b0:	str	r6, [sp, #16]
 80019b2:	blt.n	80019b6 <TIM6_DAC_LPTIM1+0xf2>
 80019b4:	lsls	r6, r5, #1
_ZN10firmware505roots10guard_root28_$u7b$$u7b$closure$u7d$$u7d$17h3006b9df9645c84eE():
 80019b6:	ldr	r3, [pc, #496]	@ (8001ba8 <TIM6_DAC_LPTIM1+0x2e4>)
_ZN10firmware508tracking20speed_event_limit_us17h4338b24cdd116cadE():
E:\m\robot\esc\rm32-sagcheck\binz\firmware50/src/tracking.rs:38
/// Three controller periods in µs, from a period in half-µs, floored at 200
/// and capped at 1000 (reference `speed_event_limit_us`, with its own
/// compile-time table). Split at 667 so the only multiply stays small.
#[must_use]
pub const fn speed_event_limit_us(reference_half_us: u32) -> u32 {
    if reference_half_us >= 667 {
 80019b8:	cmp	r6, r3
 80019ba:	bls.n	80019d8 <TIM6_DAC_LPTIM1+0x114>
 80019bc:	movs	r3, #125	@ 0x7d
 80019be:	lsls	r6, r3, #3
 80019c0:	b.n	80019e6 <TIM6_DAC_LPTIM1+0x122>
_ZN10firmware505roots10guard_root28_$u7b$$u7b$closure$u7d$$u7d$17h3006b9df9645c84eE():
 80019c2:	movs	r3, #64	@ 0x40
_ZN4core6option15Option$LT$T$GT$7is_some17h6a4b46b38e64a171E():
C:\Users\kaido\.rustup\toolchains\stable-x86_64-pc-windows-msvc\lib/rustlib/src/rust\library/core/src/option.rs:636
    #[must_use = "if you intended to assert that this has a value, consider `.unwrap()` instead"]
    #[inline]
    #[stable(feature = "rust1", since = "1.0.0")]
    #[rustc_const_stable(feature = "const_option_basics", since = "1.48.0")]
    pub const fn is_some(&self) -> bool {
        matches!(*self, Some(_))
 80019c4:	ldrb	r3, [r0, r3]
_ZN10firmware508tracking19EventWatch$LT$_$GT$4poll17hd7f3edc7250c3a69E():
E:\m\robot\esc\rm32-sagcheck\binz\firmware50/src/tracking.rs:101
        (self.fast_count, if self.fast_count == 0 { 0 } else { self.fast_min })
    }

    /// Check for a stale event, with or without a new one.
    pub fn poll(&mut self, now: u32) -> Option<Fault> {
        if self.fault.is_none() && now.wrapping_sub(self.last) > self.max_interval {
 80019c6:	cmp	r3, #3
 80019c8:	bne.n	8001a40 <TIM6_DAC_LPTIM1+0x17c>
 80019ca:	ldr	r5, [r0, #52]	@ 0x34
 80019cc:	ldr	r6, [r0, #44]	@ 0x2c
_RNvMs6_NtCshtjvQpOZWNm_4core3numm12wrapping_sub():
C:\Users\kaido\.rustup\toolchains\stable-x86_64-pc-windows-msvc\lib/rustlib/src/rust\library/core/src/num/uint_macros.rs:2548
            intrinsics::wrapping_sub(self, rhs)
 80019ce:	subs	r2, r2, r6
_ZN10firmware508tracking19EventWatch$LT$_$GT$4poll17hd7f3edc7250c3a69E():
E:\m\robot\esc\rm32-sagcheck\binz\firmware50/src/tracking.rs:101
 80019d0:	cmp	r2, r5
 80019d2:	mov	r6, r1
 80019d4:	bhi.n	8001a3c <TIM6_DAC_LPTIM1+0x178>
 80019d6:	b.n	8001aa0 <TIM6_DAC_LPTIM1+0x1dc>
_ZN10firmware505roots10guard_root28_$u7b$$u7b$closure$u7d$$u7d$17h3006b9df9645c84eE():
 80019d8:	movs	r3, #3
_ZN10firmware508tracking20speed_event_limit_us17h4338b24cdd116cadE():
E:\m\robot\esc\rm32-sagcheck\binz\firmware50/src/tracking.rs:41
        let us = (reference_half_us * 3 + 1) >> 1;
 80019da:	muls	r3, r6
 80019dc:	adds	r3, r3, #1
 80019de:	lsrs	r6, r3, #1
E:\m\robot\esc\rm32-sagcheck\binz\firmware50/src/tracking.rs:42
        if us < 200 { 200 } else { us }
 80019e0:	cmp	r6, #200	@ 0xc8
 80019e2:	bhi.n	80019e6 <TIM6_DAC_LPTIM1+0x122>
_ZN10firmware505roots10guard_root17h7ea11d411f07a7c7E():
 80019e4:	movs	r6, #200	@ 0xc8
 80019e6:	ldr	r3, [sp, #28]
 80019e8:	subs	r4, r4, r3
_ZN10firmware508tracking19EventWatch$LT$_$GT$20tighten_max_interval17h2d302fc2f392fdbdE():
E:\m\robot\esc\rm32-sagcheck\binz\firmware50/src/tracking.rs:110
    }

    /// Tighten the missing-event deadline; refuses to loosen it or to go
    /// below the minimum interval.
    pub fn tighten_max_interval(&mut self, max_interval: u32) -> bool {
        if max_interval < self.min_interval || max_interval >= 0x8000_0000 {
 80019ea:	ldr	r3, [r0, #48]	@ 0x30
 80019ec:	ldr	r5, [r0, #52]	@ 0x34
 80019ee:	str	r3, [sp, #32]
 80019f0:	cmp	r6, r3
 80019f2:	bcc.n	80019fc <TIM6_DAC_LPTIM1+0x138>
 80019f4:	cmp	r6, r5
 80019f6:	bcs.n	80019fc <TIM6_DAC_LPTIM1+0x138>
E:\m\robot\esc\rm32-sagcheck\binz\firmware50/src/tracking.rs:114
            return false;
        }
        if max_interval < self.max_interval {
            self.max_interval = max_interval;
 80019f8:	str	r6, [r0, #52]	@ 0x34
 80019fa:	mov	r5, r6
_ZN10firmware505roots10guard_root28_$u7b$$u7b$closure$u7d$$u7d$17h3006b9df9645c84eE():
 80019fc:	movs	r3, #64	@ 0x40
_ZN10firmware508tracking19EventWatch$LT$_$GT$6events17h47a8f9845f8e8475E():
 80019fe:	ldrb	r6, [r0, r3]
E:\m\robot\esc\rm32-sagcheck\binz\firmware50/src/tracking.rs:129
    /// `n == 1`. `n == 1` is exactly [`Self::event`]. No division: `n` is reduced
    /// modulo 6 by bounded subtraction, and a batch of 18 or more crossings
    /// between two ticks (impossible while the tick-gap stop holds)
    /// re-establishes phase instead of judging order.
    pub fn events(&mut self, now: u32, sector: u8, n: u32) -> Option<Fault> {
        if n == 0 {
 8001a00:	cmp	r4, #1
 8001a02:	bne.n	8001a2c <TIM6_DAC_LPTIM1+0x168>
_ZN10firmware508tracking19EventWatch$LT$_$GT$4poll17hd7f3edc7250c3a69E():
E:\m\robot\esc\rm32-sagcheck\binz\firmware50/src/tracking.rs:101
        if self.fault.is_none() && now.wrapping_sub(self.last) > self.max_interval {
 8001a04:	cmp	r6, #3
 8001a06:	bne.n	8001a40 <TIM6_DAC_LPTIM1+0x17c>
 8001a08:	ldr	r3, [r0, #44]	@ 0x2c
 8001a0a:	ldr	r6, [sp, #24]
_RNvMs6_NtCshtjvQpOZWNm_4core3numm12wrapping_sub():
C:\Users\kaido\.rustup\toolchains\stable-x86_64-pc-windows-msvc\lib/rustlib/src/rust\library/core/src/num/uint_macros.rs:2548
 8001a0c:	subs	r4, r6, r3
_ZN10firmware508tracking19EventWatch$LT$_$GT$4poll17hd7f3edc7250c3a69E():
E:\m\robot\esc\rm32-sagcheck\binz\firmware50/src/tracking.rs:101
 8001a0e:	cmp	r4, r5
 8001a10:	bhi.n	8001a3a <TIM6_DAC_LPTIM1+0x176>
_ZN10firmware508tracking19EventWatch$LT$_$GT$5event17hb0bde0862273e2bdE():
 8001a12:	movs	r3, #65	@ 0x41
 8001a14:	str	r3, [sp, #28]
E:\m\robot\esc\rm32-sagcheck\binz\firmware50/src/tracking.rs:187
    /// establishes phase only.
    pub fn event(&mut self, now: u32, sector: u8) -> Option<Fault> {
        if self.poll(now).is_some() {
            return self.fault;
        }
        let in_order = match self.sector {
 8001a16:	ldrb	r3, [r0, r3]
 8001a18:	cmp	r3, #1
 8001a1a:	beq.n	8001a1e <TIM6_DAC_LPTIM1+0x15a>
 8001a1c:	b.n	8001b28 <TIM6_DAC_LPTIM1+0x264>
 8001a1e:	movs	r3, #66	@ 0x42
E:\m\robot\esc\rm32-sagcheck\binz\firmware50/src/tracking.rs:189
            None => true,
            Some(prev) => sector == if prev == 6 { 1 } else { prev + 1 },
 8001a20:	ldrb	r6, [r0, r3]
 8001a22:	cmp	r6, #6
 8001a24:	bne.n	8001a28 <TIM6_DAC_LPTIM1+0x164>
 8001a26:	b.n	8001b36 <TIM6_DAC_LPTIM1+0x272>
_ZN10firmware508tracking19EventWatch$LT$_$GT$6events17h47a8f9845f8e8475E():
 8001a28:	adds	r3, r6, #1
 8001a2a:	b.n	8001b38 <TIM6_DAC_LPTIM1+0x274>
_ZN10firmware508tracking19EventWatch$LT$_$GT$4poll17hd7f3edc7250c3a69E():
E:\m\robot\esc\rm32-sagcheck\binz\firmware50/src/tracking.rs:101
        if self.fault.is_none() && now.wrapping_sub(self.last) > self.max_interval {
 8001a2c:	cmp	r6, #3
 8001a2e:	bne.n	8001a40 <TIM6_DAC_LPTIM1+0x17c>
 8001a30:	ldr	r3, [r0, #44]	@ 0x2c
_RNvMs6_NtCshtjvQpOZWNm_4core3numm12wrapping_sub():
C:\Users\kaido\.rustup\toolchains\stable-x86_64-pc-windows-msvc\lib/rustlib/src/rust\library/core/src/num/uint_macros.rs:2548
 8001a32:	ldr	r6, [sp, #24]
 8001a34:	subs	r3, r6, r3
_ZN10firmware508tracking19EventWatch$LT$_$GT$4poll17hd7f3edc7250c3a69E():
E:\m\robot\esc\rm32-sagcheck\binz\firmware50/src/tracking.rs:101
 8001a36:	cmp	r3, r5
 8001a38:	bls.n	8001aa4 <TIM6_DAC_LPTIM1+0x1e0>
_ZN10firmware505roots10guard_root28_$u7b$$u7b$closure$u7d$$u7d$17h3006b9df9645c84eE():
 8001a3a:	mov	r6, r1
 8001a3c:	movs	r1, #64	@ 0x40
 8001a3e:	strb	r6, [r0, r1]
_ZN4core4sync6atomic11atomic_load17hd5c03da187aa4dd8E():
C:\Users\kaido\.rustup\toolchains\stable-x86_64-pc-windows-msvc\lib/rustlib/src/rust\library/core/src/sync/atomic.rs:3904
            Relaxed => intrinsics::atomic_load::<T, { AO::Relaxed }>(dst),
 8001a40:	ldr	r1, [r0, #4]
_ZN10firmware505roots10guard_trip17h68d8dd14161c200dE():
E:\m\robot\esc\rm32-sagcheck\binz\firmware50/src/roots.rs:668
    if S.guard().reason.load(Ordering::Relaxed) == 0 {
 8001a42:	cmp	r1, #0
 8001a44:	bne.n	8001a4a <TIM6_DAC_LPTIM1+0x186>
_ZN10firmware505roots10guard_root17h7ea11d411f07a7c7E():
 8001a46:	movs	r1, #8
_ZN4core4sync6atomic12atomic_store17h448b5d3b2dd8e993E():
C:\Users\kaido\.rustup\toolchains\stable-x86_64-pc-windows-msvc\lib/rustlib/src/rust\library/core/src/sync/atomic.rs:3889
            Relaxed => intrinsics::atomic_store::<T, { AO::Relaxed }>(dst, val),
 8001a48:	str	r1, [r0, #4]
_ZN10firmware505roots10guard_trip17h68d8dd14161c200dE():
 8001a4a:	movs	r1, #0
_ZN4core4sync6atomic12atomic_store17h040c4738dc0cdfd3E():
C:\Users\kaido\.rustup\toolchains\stable-x86_64-pc-windows-msvc\lib/rustlib/src/rust\library/core/src/sync/atomic.rs:3889
 8001a4c:	strb	r1, [r0, #0]
 8001a4e:	strb	r1, [r0, #1]
 8001a50:	ldr	r2, [pc, #344]	@ (8001bac <TIM6_DAC_LPTIM1+0x2e8>)
 8001a52:	strb	r1, [r2, #0]
 8001a54:	ldr	r0, [pc, #332]	@ (8001ba4 <TIM6_DAC_LPTIM1+0x2e0>)
 8001a56:	strb	r1, [r0, #0]
 8001a58:	ldr	r0, [pc, #340]	@ (8001bb0 <TIM6_DAC_LPTIM1+0x2ec>)
 8001a5a:	strb	r1, [r0, #0]
 8001a5c:	movs	r0, #1
 8001a5e:	lsls	r3, r0, #12
 8001a60:	ldr	r4, [pc, #336]	@ (8001bb4 <TIM6_DAC_LPTIM1+0x2f0>)
_ZN4core3ptr14write_volatile17h0b391daee4f1be9aE():
C:\Users\kaido\.rustup\toolchains\stable-x86_64-pc-windows-msvc\lib/rustlib/src/rust\library/core/src/ptr/mod.rs:2182
        intrinsics::volatile_store(dst, src);
 8001a62:	str	r3, [r4, #0]
 8001a64:	lsls	r4, r0, #18
 8001a66:	ldr	r5, [pc, #336]	@ (8001bb8 <TIM6_DAC_LPTIM1+0x2f4>)
_ZN4core3ptr13read_volatile17h69501578ed2e4567E():
C:\Users\kaido\.rustup\toolchains\stable-x86_64-pc-windows-msvc\lib/rustlib/src/rust\library/core/src/ptr/mod.rs:2095
        intrinsics::volatile_load(src)
 8001a68:	ldr	r6, [r5, #116]	@ 0x74
_RNvXslz_NtNtCshtjvQpOZWNm_4core3ops3bitmNtB6_12BitAndAssign13bitand_assign():
C:\Users\kaido\.rustup\toolchains\stable-x86_64-pc-windows-msvc\lib/rustlib/src/rust\library/core/src/ops/bit.rs:748
    ($($t:ty)+) => ($(
        #[stable(feature = "op_assign_traits", since = "1.8.0")]
        #[rustc_const_unstable(feature = "const_ops", issue = "143802")]
        impl const BitAndAssign for $t {
            #[inline]
            fn bitand_assign(&mut self, other: $t) { *self &= other }
 8001a6a:	bics	r6, r4
_ZN4core3ptr14write_volatile17h0b391daee4f1be9aE():
C:\Users\kaido\.rustup\toolchains\stable-x86_64-pc-windows-msvc\lib/rustlib/src/rust\library/core/src/ptr/mod.rs:2182
        intrinsics::volatile_store(dst, src);
 8001a6c:	str	r6, [r5, #116]	@ 0x74
 8001a6e:	str	r4, [r5, #0]
 8001a70:	str	r4, [r5, #4]
 8001a72:	ldr	r4, [pc, #328]	@ (8001bbc <TIM6_DAC_LPTIM1+0x2f8>)
 8001a74:	str	r3, [r4, #0]
 8001a76:	movs	r3, #99	@ 0x63
 8001a78:	lsls	r3, r3, #2
_ZN4core4sync6atomic12atomic_store17he04b3ca27f9e4834E():
C:\Users\kaido\.rustup\toolchains\stable-x86_64-pc-windows-msvc\lib/rustlib/src/rust\library/core/src/sync/atomic.rs:3889
 8001a7a:	strb	r0, [r2, r3]
 8001a7c:	ldr	r3, [pc, #320]	@ (8001bc0 <TIM6_DAC_LPTIM1+0x2fc>)
_ZN4core3ptr14write_volatile17h0b391daee4f1be9aE():
C:\Users\kaido\.rustup\toolchains\stable-x86_64-pc-windows-msvc\lib/rustlib/src/rust\library/core/src/ptr/mod.rs:2182
 8001a7e:	str	r1, [r3, #0]
 8001a80:	str	r1, [r3, #12]
 8001a82:	str	r1, [r3, #16]
_ZN4core4sync6atomic12atomic_store17hd14f94ee4cef24d3E():
C:\Users\kaido\.rustup\toolchains\stable-x86_64-pc-windows-msvc\lib/rustlib/src/rust\library/core/src/sync/atomic.rs:3889
 8001a84:	str	r1, [r2, #4]
 8001a86:	lsls	r2, r0, #21
_ZN8cortex_m10peripheral4nvic44_$LT$impl$u20$cortex_m..peripheral..NVIC$GT$6unpend17h472ea8642aaa7c0eE():
C:\Users\kaido\.rustup\toolchains\stable-x86_64-pc-windows-msvc\lib/rustlib/src/rust\library/core/src/ptr/mod.rs:2182
 8001a88:	str	r2, [r4, #0]
 8001a8a:	lsls	r2, r0, #15
 8001a8c:	ldr	r3, [pc, #308]	@ (8001bc4 <TIM6_DAC_LPTIM1+0x300>)
_ZN4core3ptr13read_volatile17h519f18b3757fde83E():
C:\Users\kaido\.rustup\toolchains\stable-x86_64-pc-windows-msvc\lib/rustlib/src/rust\library/core/src/ptr/mod.rs:2095
        intrinsics::volatile_load(src)
 8001a8e:	ldr	r4, [r3, #16]
_RNvXslz_NtNtCshtjvQpOZWNm_4core3ops3bitmNtB6_12BitAndAssign13bitand_assign():
C:\Users\kaido\.rustup\toolchains\stable-x86_64-pc-windows-msvc\lib/rustlib/src/rust\library/core/src/ops/bit.rs:748
 8001a90:	bics	r4, r2
_ZN4core3ptr14write_volatile17h08dc9f3eb05ae389E():
C:\Users\kaido\.rustup\toolchains\stable-x86_64-pc-windows-msvc\lib/rustlib/src/rust\library/core/src/ptr/mod.rs:2182
        intrinsics::volatile_store(dst, src);
 8001a92:	str	r4, [r3, #16]
 8001a94:	str	r1, [r3, #8]
 8001a96:	str	r1, [r3, #4]
 8001a98:	str	r1, [r3, #0]
 8001a9a:	lsls	r0, r0, #17
 8001a9c:	ldr	r1, [pc, #296]	@ (8001bc8 <TIM6_DAC_LPTIM1+0x304>)
 8001a9e:	str	r0, [r1, #0]
TIM6_DAC_LPTIM1():
E:\m\robot\esc\rm32-sagcheck\binz\firmware50/bin/board.rs:64
 8001aa0:	add	sp, #36	@ 0x24
 8001aa2:	pop	{r4, r5, r6, r7, pc}
 8001aa4:	str	r3, [sp, #28]
 8001aa6:	mov	r6, r4
_ZN10firmware508tracking19EventWatch$LT$_$GT$6events17h47a8f9845f8e8475E():
E:\m\robot\esc\rm32-sagcheck\binz\firmware50/src/tracking.rs:139
        if k >= 12 {
 8001aa8:	cmp	r4, #11
 8001aaa:	bls.n	8001aae <TIM6_DAC_LPTIM1+0x1ea>
 8001aac:	subs	r6, #12
E:\m\robot\esc\rm32-sagcheck\binz\firmware50/src/tracking.rs:142
        if k >= 6 {
 8001aae:	cmp	r6, #5
 8001ab0:	bls.n	8001ab4 <TIM6_DAC_LPTIM1+0x1f0>
 8001ab2:	subs	r6, r6, #6
 8001ab4:	movs	r3, #65	@ 0x41
 8001ab6:	str	r3, [sp, #12]
E:\m\robot\esc\rm32-sagcheck\binz\firmware50/src/tracking.rs:145
        let in_order = match self.sector {
 8001ab8:	ldrb	r3, [r0, r3]
 8001aba:	cmp	r6, #5
 8001abc:	str	r3, [sp, #8]
 8001abe:	bhi.n	8001aee <TIM6_DAC_LPTIM1+0x22a>
 8001ac0:	cmp	r3, #0
 8001ac2:	beq.n	8001aee <TIM6_DAC_LPTIM1+0x22a>
 8001ac4:	movs	r3, #66	@ 0x42
E:\m\robot\esc\rm32-sagcheck\binz\firmware50/src/tracking.rs:148
            Some(prev) => {
 8001ac6:	ldrb	r3, [r0, r3]
E:\m\robot\esc\rm32-sagcheck\binz\firmware50/src/tracking.rs:149
                let s = u32::from(prev) + k;
 8001ac8:	adds	r6, r6, r3
E:\m\robot\esc\rm32-sagcheck\binz\firmware50/src/tracking.rs:150
                u32::from(sector) == if s > 6 { s - 6 } else { s }
 8001aca:	subs	r3, r6, #6
 8001acc:	bhi.n	8001ad0 <TIM6_DAC_LPTIM1+0x20c>
 8001ace:	mov	r3, r6
 8001ad0:	str	r3, [sp, #4]
_ZN4core3ops5range11RangeBounds8contains17h1156bd9e5b7151dfE():
C:\Users\kaido\.rustup\toolchains\stable-x86_64-pc-windows-msvc\lib/rustlib/src/rust\library/core/src/ops/range.rs:873
    fn contains<U>(&self, item: &U) -> bool
    where
        T: [const] PartialOrd<U>,
        U: ?Sized + [const] PartialOrd<T>,
    {
        (match self.start_bound() {
 8001ad2:	ldr	r3, [sp, #20]
 8001ad4:	subs	r3, r3, #1
 8001ad6:	uxtb	r3, r3
 8001ad8:	movs	r6, #2
_ZN10firmware508tracking19EventWatch$LT$_$GT$6events17h47a8f9845f8e8475E():
E:\m\robot\esc\rm32-sagcheck\binz\firmware50/src/tracking.rs:153
        if !(1..=6).contains(&sector) || !in_order {
 8001ada:	cmp	r3, #5
 8001adc:	bhi.n	8001a3c <TIM6_DAC_LPTIM1+0x178>
 8001ade:	ldr	r3, [sp, #20]
 8001ae0:	uxtb	r3, r3
 8001ae2:	str	r4, [sp, #0]
 8001ae4:	ldr	r4, [sp, #4]
 8001ae6:	cmp	r4, r3
 8001ae8:	ldr	r4, [sp, #0]
 8001aea:	bne.n	8001a3c <TIM6_DAC_LPTIM1+0x178>
 8001aec:	b.n	8001af8 <TIM6_DAC_LPTIM1+0x234>
_ZN4core3ops5range11RangeBounds8contains17h1156bd9e5b7151dfE():
C:\Users\kaido\.rustup\toolchains\stable-x86_64-pc-windows-msvc\lib/rustlib/src/rust\library/core/src/ops/range.rs:873
 8001aee:	ldr	r3, [sp, #20]
 8001af0:	subs	r3, r3, #1
 8001af2:	uxtb	r3, r3
_ZN10firmware508tracking19EventWatch$LT$_$GT$6events17h47a8f9845f8e8475E():
E:\m\robot\esc\rm32-sagcheck\binz\firmware50/src/tracking.rs:153
 8001af4:	cmp	r3, #6
 8001af6:	bcs.n	8001b32 <TIM6_DAC_LPTIM1+0x26e>
E:\m\robot\esc\rm32-sagcheck\binz\firmware50/src/tracking.rs:162
            let span = if n >= 64 {
 8001af8:	cmp	r4, #63	@ 0x3f
 8001afa:	ldr	r3, [sp, #16]
 8001afc:	bhi.n	8001b02 <TIM6_DAC_LPTIM1+0x23e>
 8001afe:	ldr	r3, [sp, #32]
 8001b00:	muls	r3, r4
E:\m\robot\esc\rm32-sagcheck\binz\firmware50/src/tracking.rs:167
            if self.sector.is_some() && gap < span {
 8001b02:	ldr	r6, [sp, #28]
 8001b04:	cmp	r6, r3
 8001b06:	ldr	r6, [sp, #24]
 8001b08:	bcs.n	8001b1c <TIM6_DAC_LPTIM1+0x258>
 8001b0a:	ldr	r3, [sp, #8]
 8001b0c:	cmp	r3, #0
 8001b0e:	beq.n	8001b1c <TIM6_DAC_LPTIM1+0x258>
E:\m\robot\esc\rm32-sagcheck\binz\firmware50/src/tracking.rs:169
                    self.fast_count = self.fast_count.saturating_add(n);
 8001b10:	ldr	r3, [r0, #56]	@ 0x38
_RNvMs6_NtCshtjvQpOZWNm_4core3numm14saturating_add():
C:\Users\kaido\.rustup\toolchains\stable-x86_64-pc-windows-msvc\lib/rustlib/src/rust\library/core/src/num/uint_macros.rs:2355
            intrinsics::saturating_add(self, rhs)
 8001b12:	adds	r4, r3, r4
 8001b14:	bcc.n	8001b1a <TIM6_DAC_LPTIM1+0x256>
_ZN10firmware508tracking19EventWatch$LT$_$GT$6events17h47a8f9845f8e8475E():
 8001b16:	movs	r3, #0
 8001b18:	mvns	r4, r3
E:\m\robot\esc\rm32-sagcheck\binz\firmware50/src/tracking.rs:169
 8001b1a:	str	r4, [r0, #56]	@ 0x38
 8001b1c:	movs	r3, #66	@ 0x42
E:\m\robot\esc\rm32-sagcheck\binz\firmware50/src/tracking.rs:176
            self.sector = Some(sector);
 8001b1e:	ldr	r4, [sp, #20]
 8001b20:	strb	r4, [r0, r3]
 8001b22:	movs	r3, #1
 8001b24:	ldr	r4, [sp, #12]
 8001b26:	b.n	8001b86 <TIM6_DAC_LPTIM1+0x2c2>
_ZN4core3ops5range11RangeBounds8contains17h1156bd9e5b7151dfE():
C:\Users\kaido\.rustup\toolchains\stable-x86_64-pc-windows-msvc\lib/rustlib/src/rust\library/core/src/ops/range.rs:873
 8001b28:	ldr	r3, [sp, #20]
 8001b2a:	subs	r3, r3, #1
 8001b2c:	uxtb	r3, r3
_ZN10firmware508tracking19EventWatch$LT$_$GT$5event17hb0bde0862273e2bdE():
E:\m\robot\esc\rm32-sagcheck\binz\firmware50/src/tracking.rs:191
        };
        if !(1..=6).contains(&sector) || !in_order {
 8001b2e:	cmp	r3, #6
 8001b30:	bcc.n	8001b7c <TIM6_DAC_LPTIM1+0x2b8>
 8001b32:	movs	r6, #2
 8001b34:	b.n	8001a3c <TIM6_DAC_LPTIM1+0x178>
 8001b36:	movs	r3, #1
 8001b38:	str	r3, [sp, #16]
 8001b3a:	ldr	r3, [sp, #20]
_ZN4core3ops5range11RangeBounds8contains17h1156bd9e5b7151dfE():
C:\Users\kaido\.rustup\toolchains\stable-x86_64-pc-windows-msvc\lib/rustlib/src/rust\library/core/src/ops/range.rs:873
 8001b3c:	subs	r3, r3, #1
 8001b3e:	uxtb	r3, r3
 8001b40:	movs	r6, #2
_ZN10firmware508tracking19EventWatch$LT$_$GT$5event17hb0bde0862273e2bdE():
E:\m\robot\esc\rm32-sagcheck\binz\firmware50/src/tracking.rs:191
 8001b42:	cmp	r3, #5
 8001b44:	bls.n	8001b48 <TIM6_DAC_LPTIM1+0x284>
 8001b46:	b.n	8001a3c <TIM6_DAC_LPTIM1+0x178>
 8001b48:	str	r4, [sp, #8]
 8001b4a:	ldr	r3, [sp, #20]
 8001b4c:	uxtb	r3, r3
 8001b4e:	str	r3, [sp, #12]
 8001b50:	ldr	r3, [sp, #16]
 8001b52:	uxtb	r3, r3
 8001b54:	ldr	r4, [sp, #12]
 8001b56:	cmp	r3, r4
 8001b58:	beq.n	8001b5c <TIM6_DAC_LPTIM1+0x298>
 8001b5a:	b.n	8001a3c <TIM6_DAC_LPTIM1+0x178>
E:\m\robot\esc\rm32-sagcheck\binz\firmware50/src/tracking.rs:195
            self.fault = Some(Fault::SectorOrder);
        } else {
            let gap = now.wrapping_sub(self.last);
            if self.sector.is_some() && gap < self.min_interval {
 8001b5c:	ldr	r3, [sp, #32]
 8001b5e:	ldr	r4, [sp, #8]
 8001b60:	cmp	r4, r3
 8001b62:	ldr	r6, [sp, #24]
 8001b64:	bcs.n	8001b7c <TIM6_DAC_LPTIM1+0x2b8>
E:\m\robot\esc\rm32-sagcheck\binz\firmware50/src/tracking.rs:197
                if REPORT_FAST {
                    self.fast_count = self.fast_count.saturating_add(1);
 8001b66:	ldr	r3, [r0, #56]	@ 0x38
_RNvMs6_NtCshtjvQpOZWNm_4core3numm14saturating_add():
C:\Users\kaido\.rustup\toolchains\stable-x86_64-pc-windows-msvc\lib/rustlib/src/rust\library/core/src/num/uint_macros.rs:2355
 8001b68:	adds	r6, r3, #1
 8001b6a:	bcc.n	8001b70 <TIM6_DAC_LPTIM1+0x2ac>
_ZN10firmware508tracking19EventWatch$LT$_$GT$5event17hb0bde0862273e2bdE():
 8001b6c:	movs	r3, #0
 8001b6e:	mvns	r6, r3
E:\m\robot\esc\rm32-sagcheck\binz\firmware50/src/tracking.rs:197
 8001b70:	str	r6, [r0, #56]	@ 0x38
E:\m\robot\esc\rm32-sagcheck\binz\firmware50/src/tracking.rs:198
                    if gap < self.fast_min {
 8001b72:	ldr	r3, [r0, #60]	@ 0x3c
 8001b74:	cmp	r4, r3
 8001b76:	ldr	r6, [sp, #24]
 8001b78:	bcs.n	8001b7c <TIM6_DAC_LPTIM1+0x2b8>
E:\m\robot\esc\rm32-sagcheck\binz\firmware50/src/tracking.rs:199
                        self.fast_min = gap;
 8001b7a:	str	r4, [r0, #60]	@ 0x3c
 8001b7c:	movs	r3, #66	@ 0x42
E:\m\robot\esc\rm32-sagcheck\binz\firmware50/src/tracking.rs:207
                    self.fault = Some(Fault::TooFast);
                    return self.fault;
                }
            }
            self.last = now;
            self.sector = Some(sector);
 8001b7e:	ldr	r4, [sp, #20]
 8001b80:	strb	r4, [r0, r3]
 8001b82:	movs	r3, #1
 8001b84:	ldr	r4, [sp, #28]
_ZN10firmware508tracking19EventWatch$LT$_$GT$6events17h47a8f9845f8e8475E():
 8001b86:	strb	r3, [r0, r4]
 8001b88:	str	r6, [r0, #44]	@ 0x2c
_ZN10firmware508tracking19EventWatch$LT$_$GT$5event17hb0bde0862273e2bdE():
E:\m\robot\esc\rm32-sagcheck\binz\firmware50/src/tracking.rs:191
        if !(1..=6).contains(&sector) || !in_order {
 8001b8a:	b.n	80019ce <TIM6_DAC_LPTIM1+0x10a>
TIM6_DAC_LPTIM1():
 8001b8c:	.word	0x40001010
 8001b90:	.word	0x40014824
 8001b94:	.word	0x200002b8
 8001b98:	.word	0x50000410
 8001b9c:	.word	0x20000330
 8001ba0:	.word	0x04e33880
 8001ba4:	.word	0x20000194
 8001ba8:	.word	0x0000029a
 8001bac:	.word	0x20000000
 8001bb0:	.word	0x2000026c
 8001bb4:	.word	0xe000e180
 8001bb8:	.word	0x4002180c
 8001bbc:	.word	0xe000e280
 8001bc0:	.word	0x40014400
 8001bc4:	.word	0x40012c34
 8001bc8:	.word	0x50000c18
