; AM32 G071 reference ISR: TIM16 -- commutation (B4w)
; ELF CE132584.b4w-prod.elf  sha256 ce132584e5bdb7fcdfde17a0c58e67eacd959b61bc701a2cdff3fa6316b466c6
; objdump -d -S -l, call tree walked to depth 6
;
; call tree (function: instructions, size bytes -> callees)
;   TIM16: 254 insns, 548 B
;

; ===================== TIM16 =====================
<TIM16>:
TIM16():
E:\m\robot\esc\rm32-sagcheck\binz\firmware50/bin/shell-pwm.rs:115
use stm32g0xx_hal::stm32;
use stm32g0xx_hal::stm32::interrupt;

/// TIM16 one-shot commutation: `firmware50::roots::com_root`, recording
/// nothing (`NoChain`).
#[interrupt]
 8001714:	push	{r4, r5, r6, r7, lr}
 8001716:	add	r7, sp, #12
 8001718:	sub	sp, #24
 800171a:	ldr	r1, [pc, #476]	@ (80018f8 <TIM16+0x1e4>)
 800171c:	movs	r3, #0
_ZN4core3ptr14write_volatile17h08dc9f3eb05ae389E():
C:\Users\kaido\.rustup\toolchains\stable-x86_64-pc-windows-msvc\lib/rustlib/src/rust\library/core/src/ptr/mod.rs:2182
            (
                addr: *mut () = dst as *mut (),
                align: usize = align_of::<T>(),
            ) => ub_checks::maybe_is_aligned(addr, align)
        );
        intrinsics::volatile_store(dst, src);
 800171e:	str	r3, [r1, #4]
_ZN4core4sync6atomic11atomic_load17hd85f812e6365abb7E():
C:\Users\kaido\.rustup\toolchains\stable-x86_64-pc-windows-msvc\lib/rustlib/src/rust\library/core/src/sync/atomic.rs:3904
#[cfg_attr(miri, track_caller)] // even without panics, this helps for Miri backtraces
unsafe fn atomic_load<T: Copy>(dst: *const T, order: Ordering) -> T {
    // SAFETY: the caller must uphold the safety contract for `atomic_load`.
    unsafe {
        match order {
            Relaxed => intrinsics::atomic_load::<T, { AO::Relaxed }>(dst),
 8001720:	ldr	r0, [pc, #472]	@ (80018fc <TIM16+0x1e8>)
 8001722:	ldrb	r2, [r0, #0]
_ZN10firmware505roots8com_root17h6746bdd7268c243bE():
E:\m\robot\esc\rm32-sagcheck\binz\firmware50/src/roots.rs:1034
#[inline(always)]
pub unsafe fn com_root<C: ChainLog>() {
    // SAFETY: the caller is the TIM16 handler (this fn's contract).
    let mut at = unsafe { Root::<Motor>::enter() };
    hw::com_timer::ack();
    if !S.com().active.load(Ordering::Relaxed) {
 8001724:	cmp	r2, #0
 8001726:	bne.n	800172a <TIM16+0x16>
 8001728:	b.n	80018cc <TIM16+0x1b8>
 800172a:	ldr	r1, [pc, #468]	@ (8001900 <TIM16+0x1ec>)
_ZN4core3ptr13read_volatile17h519f18b3757fde83E():
C:\Users\kaido\.rustup\toolchains\stable-x86_64-pc-windows-msvc\lib/rustlib/src/rust\library/core/src/ptr/mod.rs:2095
        intrinsics::volatile_load(src)
 800172c:	ldr	r1, [r1, #0]
_ZN4core4sync6atomic11atomic_load17hd5c03da187aa4dd8E():
C:\Users\kaido\.rustup\toolchains\stable-x86_64-pc-windows-msvc\lib/rustlib/src/rust\library/core/src/sync/atomic.rs:3904
 800172e:	ldr	r1, [r0, #16]
 8001730:	ldr	r1, [r0, #4]
_ZN10firmware505roots8com_root17h6746bdd7268c243bE():
E:\m\robot\esc\rm32-sagcheck\binz\firmware50/src/roots.rs:1047
        S.com().late_max.store(late, Ordering::Relaxed);
    }
    // The chain's service row (E154), pushed at the end; see `crate::chain`.
    let phase = S.com().phase.load(Ordering::Relaxed);
    let mut bridge = 0u16;
    if phase == 1 {
 8001732:	cmp	r1, #1
 8001734:	beq.n	8001738 <TIM16+0x24>
 8001736:	b.n	80018f4 <TIM16+0x1e0>
 8001738:	str	r3, [sp, #16]
_ZN4core4sync6atomic11atomic_load17hd5c03da187aa4dd8E():
C:\Users\kaido\.rustup\toolchains\stable-x86_64-pc-windows-msvc\lib/rustlib/src/rust\library/core/src/sync/atomic.rs:3904
 800173a:	ldr	r1, [r0, #8]
_ZN10firmware505roots8com_root17h6746bdd7268c243bE():
E:\m\robot\esc\rm32-sagcheck\binz\firmware50/src/roots.rs:1048
        let step = Step::new_clamped(S.com().step.load(Ordering::Relaxed) as u8).next();
 800173c:	uxtb	r4, r1
_ZN10firmware5011commutation4Step11new_clamped17ha573fda958b5fe26E():
E:\m\robot\esc\rm32-sagcheck\binz\firmware50/src/commutation.rs:52
    }

    /// Build a sector, saturating into range. Infallible, panic-free.
    #[inline]
    pub const fn new_clamped(raw: u8) -> Step {
        if raw < 1 {
 800173e:	cmp	r4, #6
 8001740:	mov	r2, r4
 8001742:	bcc.n	8001746 <TIM16+0x32>
 8001744:	movs	r2, #6
 8001746:	movs	r1, #1
 8001748:	cmp	r4, #0
 800174a:	mov	r4, r1
 800174c:	beq.n	8001750 <TIM16+0x3c>
_ZN10firmware505roots8com_root17h6746bdd7268c243bE():
 800174e:	mov	r4, r2
_ZN10firmware5011commutation4Step4next17h5d136cc88a951b2bE():
E:\m\robot\esc\rm32-sagcheck\binz\firmware50/src/commutation.rs:69
    }

    /// Next sector, wrapping 6 -> 1.
    #[inline]
    pub const fn next(self) -> Step {
        if self.0 >= 6 { Step(1) } else { Step(self.0 + 1) }
 8001750:	cmp	r4, #5
 8001752:	bhi.n	8001756 <TIM16+0x42>
_ZN10firmware505roots8com_root17h6746bdd7268c243bE():
 8001754:	adds	r1, r4, #1
_ZN4core4sync6atomic12atomic_store17h448b5d3b2dd8e993E():
C:\Users\kaido\.rustup\toolchains\stable-x86_64-pc-windows-msvc\lib/rustlib/src/rust\library/core/src/sync/atomic.rs:3889
            Relaxed => intrinsics::atomic_store::<T, { AO::Relaxed }>(dst, val),
 8001756:	str	r1, [r0, #8]
 8001758:	ldr	r2, [pc, #424]	@ (8001904 <TIM16+0x1f0>)
 800175a:	str	r1, [r2, #8]
_ZN10firmware505roots8com_root28_$u7b$$u7b$closure$u7d$$u7d$17h17aedbb5d501d539E():
E:\m\robot\esc\rm32-sagcheck\binz\firmware50/src/roots.rs:1051
        S.com().step.store(step.get() as u32, Ordering::Relaxed);
        S.det().step.store(step.get() as u32, Ordering::Relaxed);
        let plan = S.com().plans.root(&mut at, |t| t[((step.get() - 1) & 7) as usize]);
 800175c:	subs	r2, r1, #1
 800175e:	movs	r5, #7
 8001760:	str	r2, [sp, #20]
 8001762:	ands	r5, r2
 8001764:	movs	r2, #40	@ 0x28
 8001766:	muls	r2, r5
 8001768:	adds	r4, r0, r2
 800176a:	ldr	r2, [r4, #68]	@ 0x44
_ZN10firmware505roots8com_root17h6746bdd7268c243bE():
E:\m\robot\esc\rm32-sagcheck\binz\firmware50/src/roots.rs:1052
        if let Some(pl) = plan {
 800176c:	cmp	r2, #1
 800176e:	bne.n	800179c <TIM16+0x88>
 8001770:	adds	r4, #68	@ 0x44
_ZN10firmware505roots8com_root28_$u7b$$u7b$closure$u7d$$u7d$17h17aedbb5d501d539E():
E:\m\robot\esc\rm32-sagcheck\binz\firmware50/src/roots.rs:1051
        let plan = S.com().plans.root(&mut at, |t| t[((step.get() - 1) & 7) as usize]);
 8001772:	ldr	r2, [r4, #16]
 8001774:	str	r2, [sp, #4]
 8001776:	ldr	r2, [r4, #20]
 8001778:	str	r2, [sp, #0]
 800177a:	ldr	r2, [r4, #24]
 800177c:	str	r2, [sp, #12]
 800177e:	ldrh	r2, [r4, #36]	@ 0x24
 8001780:	str	r2, [sp, #8]
 8001782:	ldrh	r2, [r4, #32]
 8001784:	ldrh	r4, [r4, #28]
 8001786:	ldr	r3, [pc, #384]	@ (8001908 <TIM16+0x1f4>)
_ZN4core3ptr14write_volatile17h08dc9f3eb05ae389E():
C:\Users\kaido\.rustup\toolchains\stable-x86_64-pc-windows-msvc\lib/rustlib/src/rust\library/core/src/ptr/mod.rs:2182
        intrinsics::volatile_store(dst, src);
 8001788:	ldr	r6, [sp, #4]
 800178a:	str	r6, [r3, #0]
 800178c:	ldr	r6, [sp, #0]
 800178e:	str	r6, [r3, #4]
 8001790:	str	r4, [r3, #28]
 8001792:	str	r2, [r3, #32]
 8001794:	ldr	r2, [sp, #8]
 8001796:	str	r2, [r3, #36]	@ 0x24
 8001798:	ldr	r2, [sp, #12]
 800179a:	str	r2, [r3, #8]
_ZN10firmware505roots8com_root17h6746bdd7268c243bE():
 800179c:	ldr	r4, [pc, #364]	@ (800190c <TIM16+0x1f8>)
_ZN4core3ptr13read_volatile17h519f18b3757fde83E():
C:\Users\kaido\.rustup\toolchains\stable-x86_64-pc-windows-msvc\lib/rustlib/src/rust\library/core/src/ptr/mod.rs:2095
        intrinsics::volatile_load(src)
 800179e:	ldr	r2, [r4, #0]
 80017a0:	movs	r3, #240	@ 0xf0
_RNvXslz_NtNtCshtjvQpOZWNm_4core3ops3bitmNtB6_12BitAndAssign13bitand_assign():
C:\Users\kaido\.rustup\toolchains\stable-x86_64-pc-windows-msvc\lib/rustlib/src/rust\library/core/src/ops/bit.rs:748
    ($($t:ty)+) => ($(
        #[stable(feature = "op_assign_traits", since = "1.8.0")]
        #[rustc_const_unstable(feature = "const_ops", issue = "143802")]
        impl const BitAndAssign for $t {
            #[inline]
            fn bitand_assign(&mut self, other: $t) { *self &= other }
 80017a2:	bics	r2, r3
 80017a4:	movs	r3, #3
_ZN10firmware5011commutation6sector17hcea36934c05820c6E():
E:\m\robot\esc\rm32-sagcheck\binz\firmware50/src/commutation.rs:152

/// Look up a sector. Total function — no panic path: the masked index is
/// provably inside the 8-entry table.
#[inline]
pub const fn sector(step: Step) -> Sector {
    SECTORS[step.idx() & 7]
 80017a6:	muls	r3, r5
 80017a8:	ldr	r5, [pc, #356]	@ (8001910 <TIM16+0x1fc>)
 80017aa:	adds	r3, r5, r3
 80017ac:	ldrb	r3, [r3, #2]
_ZN87_$LT$firmware50..commutation..Reverse$u20$as$u20$firmware50..commutation..Direction$GT$5phase17h6731b88f61233cf1E():
E:\m\robot\esc\rm32-sagcheck\binz\firmware50/src/commutation.rs:189
pub struct Reverse;

impl Direction for Reverse {
    #[inline]
    fn phase(logical: Phase) -> Phase {
        match logical {
 80017ae:	lsls	r3, r3, #2
 80017b0:	ldr	r5, [pc, #352]	@ (8001914 <TIM16+0x200>)
 80017b2:	ldr	r3, [r5, r3]
_RNvXslZ_NtNtCshtjvQpOZWNm_4core3ops3bitmNtB6_11BitOrAssign12bitor_assign():
C:\Users\kaido\.rustup\toolchains\stable-x86_64-pc-windows-msvc\lib/rustlib/src/rust\library/core/src/ops/bit.rs:823
    ($($t:ty)+) => ($(
        #[stable(feature = "op_assign_traits", since = "1.8.0")]
        #[rustc_const_unstable(feature = "const_ops", issue = "143802")]
        impl const BitOrAssign for $t {
            #[inline]
            fn bitor_assign(&mut self, other: $t) { *self |= other }
 80017b4:	orrs	r3, r2
_ZN4core3ptr14write_volatile17h08dc9f3eb05ae389E():
C:\Users\kaido\.rustup\toolchains\stable-x86_64-pc-windows-msvc\lib/rustlib/src/rust\library/core/src/ptr/mod.rs:2182
        intrinsics::volatile_store(dst, src);
 80017b6:	str	r3, [r4, #0]
_ZN15portable_atomic3imp9interrupt4arch7disable17h3ec6a546f52c6294E():
E:\m\robot\esc\rm32-sagcheck\binz\firmware50\ref\vendor\portable-atomic/src\imp\interrupt\armv6m.rs:34
pub(crate) fn disable() -> State {
    let primask: State;
    // SAFETY: reading the priority mask register and disabling interrupts are safe.
    // (see module-level comments of interrupt/mod.rs on the safety of using privileged instructions)
    unsafe {
        asm!(
 80017b8:	mrs	r2, PRIMASK
 80017bc:	cpsid	i
_ZN4core3ptr4read17h4d89d6f220cd86d3E():
C:\Users\kaido\.rustup\toolchains\stable-x86_64-pc-windows-msvc\lib/rustlib/src/rust\library/core/src/ptr/mod.rs:1721
        crate::intrinsics::read_via_copy(src)
 80017be:	ldr	r3, [r0, #12]
_RNvMs6_NtCshtjvQpOZWNm_4core3numm12wrapping_add():
C:\Users\kaido\.rustup\toolchains\stable-x86_64-pc-windows-msvc\lib/rustlib/src/rust\library/core/src/num/uint_macros.rs:2511
        #[rustc_const_stable(feature = "const_wrapping_math", since = "1.32.0")]
        #[must_use = "this returns the result of the operation, \
                      without modifying the original"]
        #[inline(always)]
        pub const fn wrapping_add(self, rhs: Self) -> Self {
            intrinsics::wrapping_add(self, rhs)
 80017c0:	adds	r3, r3, #1
_ZN4core3ptr5write17h803c99a5be2fbc4eE():
C:\Users\kaido\.rustup\toolchains\stable-x86_64-pc-windows-msvc\lib/rustlib/src/rust\library/core/src/ptr/mod.rs:1921
        intrinsics::write_via_move(dst, src)
 80017c2:	str	r3, [r0, #12]
_ZN15portable_atomic3imp9interrupt4arch7restore17hb2cf2f388bec0c55E():
E:\m\robot\esc\rm32-sagcheck\binz\firmware50\ref\vendor\portable-atomic/src\imp\interrupt\armv6m.rs:57
    // SAFETY: the caller must guarantee that the state was retrieved by the previous `disable`,
    // and we've checked that interrupts were enabled before disabling interrupts.
    //
    // This clobbers the entire PRIMASK register. See msp430.rs for safety on this.
    unsafe {
        asm!(
 80017c4:	msr	PRIMASK, r2
 80017c8:	ldr	r5, [pc, #312]	@ (8001904 <TIM16+0x1f0>)
_ZN4core4sync6atomic11atomic_load17hd5c03da187aa4dd8E():
C:\Users\kaido\.rustup\toolchains\stable-x86_64-pc-windows-msvc\lib/rustlib/src/rust\library/core/src/sync/atomic.rs:3904
            Relaxed => intrinsics::atomic_load::<T, { AO::Relaxed }>(dst),
 80017ca:	ldr	r2, [r5, #16]
 80017cc:	ldr	r4, [r5, #24]
 80017ce:	movs	r3, #25
 80017d0:	lsls	r6, r3, #4
 80017d2:	ldr	r3, [r0, r6]
_ZN10firmware505roots8com_root17h6746bdd7268c243bE():
E:\m\robot\esc\rm32-sagcheck\binz\firmware50/src/roots.rs:1069
        // AM32's `commutate()` stores the *current* `commutation_interval` into the
        // six-slot ring before `PeriodElapsedCallback` blends the new crossing in
        // (`main.c:914,927`): read it before the commit below.
        let pushed = S.det().accept_avg.load(Ordering::Relaxed);
        let seq = S.det().accept_seq.load(Ordering::Relaxed);
        if seq != S.com().committed_seq.load(Ordering::Relaxed) {
 80017d4:	cmp	r4, r3
 80017d6:	beq.n	800184e <TIM16+0x13a>
_ZN4core4sync6atomic12atomic_store17h448b5d3b2dd8e993E():
C:\Users\kaido\.rustup\toolchains\stable-x86_64-pc-windows-msvc\lib/rustlib/src/rust\library/core/src/sync/atomic.rs:3889
            Relaxed => intrinsics::atomic_store::<T, { AO::Relaxed }>(dst, val),
 80017d8:	str	r4, [r0, r6]
 80017da:	movs	r3, #200	@ 0xc8
_ZN4core4sync6atomic11atomic_load17hd5c03da187aa4dd8E():
C:\Users\kaido\.rustup\toolchains\stable-x86_64-pc-windows-msvc\lib/rustlib/src/rust\library/core/src/sync/atomic.rs:3904
            Relaxed => intrinsics::atomic_load::<T, { AO::Relaxed }>(dst),
 80017dc:	ldr	r4, [r5, r3]
 80017de:	ldr	r3, [r5, #12]
_ZN4core6option15Option$LT$T$GT$6as_mut17h56dcf105619639e9E():
C:\Users\kaido\.rustup\toolchains\stable-x86_64-pc-windows-msvc\lib/rustlib/src/rust\library/core/src/option.rs:767
    /// ```
    #[inline]
    #[stable(feature = "rust1", since = "1.0.0")]
    #[rustc_const_stable(feature = "const_option", since = "1.83.0")]
    pub const fn as_mut(&mut self) -> Option<&mut T> {
        match *self {
 80017e0:	str	r3, [sp, #12]
 80017e2:	ldr	r3, [r5, #72]	@ 0x48
_ZN10firmware505roots8com_root28_$u7b$$u7b$closure$u7d$$u7d$17h72c8c7d16ffaaf15E():
E:\m\robot\esc\rm32-sagcheck\binz\firmware50/src/roots.rs:1074
            S.com().committed_seq.store(seq, Ordering::Relaxed);
            let count = S.det().accept_count.load(Ordering::Relaxed);
            let level = S.det().advance.load(Ordering::Relaxed);
            let commit = |zc: &mut Option<crate::bemf::ZeroCross>| {
                if let Some(zc) = zc.as_mut() {
 80017e4:	cmp	r3, #1
 80017e6:	bne.n	800184e <TIM16+0x13a>
_ZN10firmware504bemf22ZeroCrossWith$LT$_$GT$6commit17h06125d6bab9d199fE():
E:\m\robot\esc\rm32-sagcheck\binz\firmware50/src/bemf.rs:592
    /// **The commutation root's half** (ENV-45, AM32's `PeriodElapsedCallback`):
    /// fold an accepted crossing's interval into the estimate, then compute the
    /// wait the *next* arm will use. Blend, clamp, advance, wait: the arithmetic
    /// AM32 keeps out of its comparator ISR.
    pub fn commit(&mut self, count: u32, advance_level: u32) -> Outcome {
        self.prev_zc = self.last_zc;
 80017e8:	ldr	r3, [r5, #80]	@ 0x50
E:\m\robot\esc\rm32-sagcheck\binz\firmware50/src/bemf.rs:593
        self.last_zc = count;
 80017ea:	str	r4, [r5, #80]	@ 0x50
E:\m\robot\esc\rm32-sagcheck\binz\firmware50/src/bemf.rs:592
        self.prev_zc = self.last_zc;
 80017ec:	str	r3, [r5, #84]	@ 0x54
E:\m\robot\esc\rm32-sagcheck\binz\firmware50/src/bemf.rs:608
            }
        }
        self.average_interval = self.clamp_interval(blend_interval(self.average_interval, self.prev_zc, self.last_zc));
        let advance = advance_of(self.average_interval, advance_level);
        let wait = wait_time(self.average_interval, advance_level);
        self.accepted = self.accepted.wrapping_add(1);
 80017ee:	ldr	r5, [r5, #96]	@ 0x60
_RNvMs6_NtCshtjvQpOZWNm_4core3numm12wrapping_add():
C:\Users\kaido\.rustup\toolchains\stable-x86_64-pc-windows-msvc\lib/rustlib/src/rust\library/core/src/num/uint_macros.rs:2511
 80017f0:	adds	r5, r5, #1
_ZN10firmware504bemf22ZeroCrossWith$LT$_$GT$6commit17h06125d6bab9d199fE():
E:\m\robot\esc\rm32-sagcheck\binz\firmware50/src/bemf.rs:608
 80017f2:	ldr	r6, [pc, #272]	@ (8001904 <TIM16+0x1f0>)
 80017f4:	str	r5, [r6, #96]	@ 0x60
 80017f6:	ldr	r5, [pc, #268]	@ (8001904 <TIM16+0x1f0>)
_RNvMs6_NtCshtjvQpOZWNm_4core3numm14saturating_add():
C:\Users\kaido\.rustup\toolchains\stable-x86_64-pc-windows-msvc\lib/rustlib/src/rust\library/core/src/num/uint_macros.rs:2355
            intrinsics::saturating_add(self, rhs)
 80017f8:	adds	r6, r3, r4
 80017fa:	ldr	r4, [sp, #16]
 80017fc:	mvns	r4, r4
 80017fe:	cmp	r6, r3
 8001800:	bcs.n	8001804 <TIM16+0xf0>
_ZN10firmware5011commutation14blend_interval17h32eb82be60be4e87E():
 8001802:	mov	r6, r4
E:\m\robot\esc\rm32-sagcheck\binz\firmware50/src/commutation.rs:275
/// the COM clamp and the tracking watchdog both catch. The saturation point is
/// far outside any physically reachable interval — at 10% the interval is
/// ~20000 half-microseconds — so this changes no real behavior.
#[inline]
pub const fn blend_interval(ci: u32, last_zc: u32, this_zc: u32) -> u32 {
    let pair = last_zc.saturating_add(this_zc) >> 1;
 8001804:	lsrs	r3, r6, #1
_ZN10firmware504bemf22ZeroCrossWith$LT$_$GT$6commit17h06125d6bab9d199fE():
E:\m\robot\esc\rm32-sagcheck\binz\firmware50/src/bemf.rs:605
        self.average_interval = self.clamp_interval(blend_interval(self.average_interval, self.prev_zc, self.last_zc));
 8001806:	ldr	r5, [r5, #76]	@ 0x4c
_RNvMs6_NtCshtjvQpOZWNm_4core3numm14saturating_add():
C:\Users\kaido\.rustup\toolchains\stable-x86_64-pc-windows-msvc\lib/rustlib/src/rust\library/core/src/num/uint_macros.rs:2355
 8001808:	adds	r6, r5, r3
 800180a:	bcc.n	800180e <TIM16+0xfa>
_ZN10firmware5011commutation14blend_interval17h32eb82be60be4e87E():
 800180c:	mov	r6, r4
E:\m\robot\esc\rm32-sagcheck\binz\firmware50/src/commutation.rs:276
    (ci.saturating_add(pair)) >> 1
 800180e:	lsrs	r4, r6, #1
 8001810:	ldr	r5, [pc, #240]	@ (8001904 <TIM16+0x1f0>)
_ZN10firmware504bemf22ZeroCrossWith$LT$_$GT$14clamp_interval17h4a5031d434a3effdE():
E:\m\robot\esc\rm32-sagcheck\binz\firmware50/src/bemf.rs:487
        if v < self.min_interval {
 8001812:	ldr	r6, [r5, #104]	@ 0x68
 8001814:	cmp	r6, r4
 8001816:	str	r4, [sp, #8]
 8001818:	ldr	r3, [sp, #12]
 800181a:	bhi.n	800181e <TIM16+0x10a>
 800181c:	str	r6, [sp, #8]
 800181e:	ldr	r6, [r5, #100]	@ 0x64
 8001820:	cmp	r6, r4
 8001822:	bhi.n	8001826 <TIM16+0x112>
_ZN10firmware504bemf22ZeroCrossWith$LT$_$GT$6commit17h06125d6bab9d199fE():
 8001824:	ldr	r6, [sp, #8]
E:\m\robot\esc\rm32-sagcheck\binz\firmware50/src/bemf.rs:605
        self.average_interval = self.clamp_interval(blend_interval(self.average_interval, self.prev_zc, self.last_zc));
 8001826:	str	r6, [r5, #76]	@ 0x4c
_ZN10firmware5011commutation10advance_of17he0020cc994854d6cE():
E:\m\robot\esc\rm32-sagcheck\binz\firmware50/src/commutation.rs:255
    (ci >> 6) * level + (((ci & 63) * level) >> 6)
 8001828:	lsrs	r4, r6, #6
E:\m\robot\esc\rm32-sagcheck\binz\firmware50/src/commutation.rs:254
    let level = if level > 64 { 64 } else { level };
 800182a:	cmp	r3, #64	@ 0x40
 800182c:	bcc.n	8001830 <TIM16+0x11c>
 800182e:	movs	r3, #64	@ 0x40
E:\m\robot\esc\rm32-sagcheck\binz\firmware50/src/commutation.rs:255
    (ci >> 6) * level + (((ci & 63) * level) >> 6)
 8001830:	muls	r4, r3
 8001832:	mov	r5, r3
 8001834:	movs	r3, #63	@ 0x3f
 8001836:	ands	r3, r6
 8001838:	muls	r3, r5
 800183a:	lsrs	r3, r3, #6
 800183c:	adds	r3, r3, r4
_ZN10firmware5011commutation9wait_time17h78261c48ebea7a2bE():
E:\m\robot\esc\rm32-sagcheck\binz\firmware50/src/commutation.rs:261
    (ci >> 1).saturating_sub(advance_of(ci, level))
 800183e:	lsrs	r4, r6, #1
_RNvMs6_NtCshtjvQpOZWNm_4core3numm14saturating_sub():
C:\Users\kaido\.rustup\toolchains\stable-x86_64-pc-windows-msvc\lib/rustlib/src/rust\library/core/src/num/uint_macros.rs:2399
            intrinsics::saturating_sub(self, rhs)
 8001840:	subs	r4, r4, r3
 8001842:	bcs.n	8001846 <TIM16+0x132>
_ZN10firmware505roots8com_root28_$u7b$$u7b$closure$u7d$$u7d$17h72c8c7d16ffaaf15E():
 8001844:	ldr	r4, [sp, #16]
 8001846:	movs	r3, #196	@ 0xc4
 8001848:	ldr	r5, [pc, #184]	@ (8001904 <TIM16+0x1f0>)
_ZN4core4sync6atomic12atomic_store17h448b5d3b2dd8e993E():
C:\Users\kaido\.rustup\toolchains\stable-x86_64-pc-windows-msvc\lib/rustlib/src/rust\library/core/src/sync/atomic.rs:3889
            Relaxed => intrinsics::atomic_store::<T, { AO::Relaxed }>(dst, val),
 800184a:	str	r4, [r5, r3]
_ZN15portable_atomic9AtomicU325store17h75720a8a8e9a82edE():
C:\Users\kaido\.rustup\toolchains\stable-x86_64-pc-windows-msvc\lib/rustlib/src/rust\library/core/src/sync/atomic.rs:3889
 800184c:	str	r6, [r5, #16]
_ZN10firmware5011commutation7SixSlot4push17h8204f06a458bbd45E():
E:\m\robot\esc\rm32-sagcheck\binz\firmware50/src/commutation.rs:347
            interval_us
        };
        // No `%`: this runs in the COM ISR root, where a modulo would be a
        // soft division on the M0. Out-of-range steps use slot 0.
        let k = match step {
            1..=6 => (step - 1) as usize,
 800184e:	uxtb	r4, r1
 8001850:	movs	r3, #0
 8001852:	cmp	r4, #7
 8001854:	ldr	r4, [sp, #20]
 8001856:	bcc.n	800185a <TIM16+0x146>
 8001858:	mov	r4, r3
 800185a:	uxtb	r4, r4
E:\m\robot\esc\rm32-sagcheck\binz\firmware50/src/commutation.rs:350
            _ => 0,
        };
        self.sum = self.sum - self.slots[k] + i;
 800185c:	lsls	r4, r4, #2
 800185e:	adds	r4, r0, r4
 8001860:	ldr	r6, [r4, #36]	@ 0x24
 8001862:	ldr	r5, [pc, #180]	@ (8001918 <TIM16+0x204>)
E:\m\robot\esc\rm32-sagcheck\binz\firmware50/src/commutation.rs:339
        let i = if interval_us > 1_000_000 {
 8001864:	cmp	r2, r5
 8001866:	bcc.n	800186a <TIM16+0x156>
 8001868:	mov	r2, r5
E:\m\robot\esc\rm32-sagcheck\binz\firmware50/src/commutation.rs:350
        self.sum = self.sum - self.slots[k] + i;
 800186a:	ldr	r5, [r0, #60]	@ 0x3c
 800186c:	adds	r5, r5, r2
 800186e:	subs	r5, r5, r6
 8001870:	str	r5, [r0, #60]	@ 0x3c
E:\m\robot\esc\rm32-sagcheck\binz\firmware50/src/commutation.rs:351
        self.slots[k] = i;
 8001872:	str	r2, [r4, #36]	@ 0x24
_ZN10firmware5011commutation7SixSlot3sum17hbc7b8da9cd2b8c86E():
E:\m\robot\esc\rm32-sagcheck\binz\firmware50/src/commutation.rs:356
    }

    #[must_use]
    pub const fn sum(&self) -> u32 {
        self.sum
 8001874:	ldr	r2, [r0, #60]	@ 0x3c
 8001876:	movs	r4, #212	@ 0xd4
 8001878:	ldr	r6, [pc, #136]	@ (8001904 <TIM16+0x1f0>)
_ZN4core4sync6atomic12atomic_store17h448b5d3b2dd8e993E():
C:\Users\kaido\.rustup\toolchains\stable-x86_64-pc-windows-msvc\lib/rustlib/src/rust\library/core/src/sync/atomic.rs:3889
 800187a:	str	r2, [r6, r4]
 800187c:	str	r3, [r0, #4]
 800187e:	ldr	r3, [pc, #156]	@ (800191c <TIM16+0x208>)
_ZN4core3ptr13read_volatile17h519f18b3757fde83E():
C:\Users\kaido\.rustup\toolchains\stable-x86_64-pc-windows-msvc\lib/rustlib/src/rust\library/core/src/ptr/mod.rs:2095
        intrinsics::volatile_load(src)
 8001880:	ldr	r2, [r3, #0]
 8001882:	ldr	r4, [pc, #156]	@ (8001920 <TIM16+0x20c>)
_RNvXslz_NtNtCshtjvQpOZWNm_4core3ops3bitmNtB6_12BitAndAssign13bitand_assign():
C:\Users\kaido\.rustup\toolchains\stable-x86_64-pc-windows-msvc\lib/rustlib/src/rust\library/core/src/ops/bit.rs:748
            fn bitand_assign(&mut self, other: $t) { *self &= other }
 8001884:	ands	r2, r4
_ZN10firmware5011commutation7SixSlot4push17h8204f06a458bbd45E():
E:\m\robot\esc\rm32-sagcheck\binz\firmware50/src/commutation.rs:347
            1..=6 => (step - 1) as usize,
 8001886:	mvns	r5, r1
_RNvXs4t_NtNtCshtjvQpOZWNm_4core3ops3bitmINtB6_3ShlhE3shl():
C:\Users\kaido\.rustup\toolchains\stable-x86_64-pc-windows-msvc\lib/rustlib/src/rust\library/core/src/ops/bit.rs:490
                self << other
 8001888:	lsls	r5, r5, #31
 800188a:	lsrs	r5, r5, #13
_RNvXslZ_NtNtCshtjvQpOZWNm_4core3ops3bitmNtB6_11BitOrAssign12bitor_assign():
C:\Users\kaido\.rustup\toolchains\stable-x86_64-pc-windows-msvc\lib/rustlib/src/rust\library/core/src/ops/bit.rs:823
            fn bitor_assign(&mut self, other: $t) { *self |= other }
 800188c:	adds	r2, r2, r5
_ZN4core3ptr14write_volatile17h08dc9f3eb05ae389E():
C:\Users\kaido\.rustup\toolchains\stable-x86_64-pc-windows-msvc\lib/rustlib/src/rust\library/core/src/ptr/mod.rs:2182
        intrinsics::volatile_store(dst, src);
 800188e:	str	r2, [r3, #0]
_ZN4core3ptr13read_volatile17h519f18b3757fde83E():
C:\Users\kaido\.rustup\toolchains\stable-x86_64-pc-windows-msvc\lib/rustlib/src/rust\library/core/src/ptr/mod.rs:2095
        intrinsics::volatile_load(src)
 8001890:	ldr	r2, [r3, #4]
_RNvXslz_NtNtCshtjvQpOZWNm_4core3ops3bitmNtB6_12BitAndAssign13bitand_assign():
C:\Users\kaido\.rustup\toolchains\stable-x86_64-pc-windows-msvc\lib/rustlib/src/rust\library/core/src/ops/bit.rs:748
            fn bitand_assign(&mut self, other: $t) { *self &= other }
 8001892:	ands	r2, r4
_RNvXs4t_NtNtCshtjvQpOZWNm_4core3ops3bitmINtB6_3ShlhE3shl():
C:\Users\kaido\.rustup\toolchains\stable-x86_64-pc-windows-msvc\lib/rustlib/src/rust\library/core/src/ops/bit.rs:490
                self << other
 8001894:	lsls	r1, r1, #31
 8001896:	lsrs	r1, r1, #13
_RNvXslZ_NtNtCshtjvQpOZWNm_4core3ops3bitmNtB6_11BitOrAssign12bitor_assign():
C:\Users\kaido\.rustup\toolchains\stable-x86_64-pc-windows-msvc\lib/rustlib/src/rust\library/core/src/ops/bit.rs:823
            fn bitor_assign(&mut self, other: $t) { *self |= other }
 8001898:	adds	r1, r2, r1
_ZN4core3ptr14write_volatile17h08dc9f3eb05ae389E():
C:\Users\kaido\.rustup\toolchains\stable-x86_64-pc-windows-msvc\lib/rustlib/src/rust\library/core/src/ptr/mod.rs:2182
        intrinsics::volatile_store(dst, src);
 800189a:	str	r1, [r3, #4]
_ZN8cortex_m8register7primask8read_raw17h333d3f63d1702481E():
E:\m\robot\esc\rm32-sagcheck\binz\firmware50\ref\vendor\cortex-m/src\register\primask.rs:48
/// Note that bits `[31:1]` are reserved and UNK (Unknown)
#[inline]
#[asm_cfg(cortex_m)]
pub fn read_raw() -> u32 {
    let r: u32;
    unsafe { asm!("mrs {}, PRIMASK", out(reg) r, options(nomem, nostack, preserves_flags)) };
 800189c:	mrs	r1, PRIMASK
_ZN8cortex_m9interrupt7disable17ha7fb2cbc4636a9e4E():
E:\m\robot\esc\rm32-sagcheck\binz\firmware50\ref\vendor\cortex-m/src\interrupt.rs:44

/// Disables all interrupts
#[inline]
#[asm_cfg(cortex_m)]
pub fn disable() {
    unsafe { asm!("cpsid i", options(nomem, nostack, preserves_flags)) };
 80018a0:	cpsid	i
_ZN4core4sync6atomic11atomic_load17hd5c03da187aa4dd8E():
C:\Users\kaido\.rustup\toolchains\stable-x86_64-pc-windows-msvc\lib/rustlib/src/rust\library/core/src/sync/atomic.rs:3904
            Relaxed => intrinsics::atomic_load::<T, { AO::Relaxed }>(dst),
 80018a2:	ldr	r2, [pc, #128]	@ (8001924 <TIM16+0x210>)
 80018a4:	ldr	r3, [r2, #4]
_ZN4core4sync6atomic11atomic_load17hd85f812e6365abb7E():
C:\Users\kaido\.rustup\toolchains\stable-x86_64-pc-windows-msvc\lib/rustlib/src/rust\library/core/src/sync/atomic.rs:3904
 80018a6:	ldrb	r5, [r6, #0]
 80018a8:	ldr	r2, [pc, #124]	@ (8001928 <TIM16+0x214>)
 80018aa:	ldrb	r2, [r2, #0]
 80018ac:	movs	r4, #99	@ 0x63
 80018ae:	lsls	r4, r4, #2
 80018b0:	ldrb	r4, [r0, r4]
 80018b2:	ldrb	r6, [r0, #0]
_ZN4core4sync6atomic11atomic_load17hd5c03da187aa4dd8E():
C:\Users\kaido\.rustup\toolchains\stable-x86_64-pc-windows-msvc\lib/rustlib/src/rust\library/core/src/sync/atomic.rs:3904
 80018b4:	ldr	r0, [r0, #4]
_ZN10firmware507oneshot25comparator_resume_allowed17h5083ebf4a4248d38E():
E:\m\robot\esc\rm32-sagcheck\binz\firmware50/src/oneshot.rs:88
    driven: bool,
    stopped: bool,
    active: bool,
    phase: u32,
) -> bool {
    guard == 0
 80018b6:	cmp	r3, #0
 80018b8:	bne.n	80018d2 <TIM16+0x1be>
 80018ba:	cmp	r5, #0
 80018bc:	beq.n	80018d2 <TIM16+0x1be>
_ZN10firmware505roots19comp_resume_powered28_$u7b$$u7b$closure$u7d$$u7d$17hf100f2a47fce041bE():
E:\m\robot\esc\rm32-sagcheck\binz\firmware50/src/roots.rs:1271

/// Resume only the powered owner; stop and blanking checks share the write mask.
#[inline(always)]
pub fn comp_resume_powered() -> bool {
    cortex_m::interrupt::free(|_| {
        if crate::oneshot::comparator_resume_allowed(
 80018be:	cmp	r6, #0
 80018c0:	beq.n	80018f0 <TIM16+0x1dc>
 80018c2:	cmp	r4, #0
 80018c4:	bne.n	80018f0 <TIM16+0x1dc>
 80018c6:	cmp	r0, #0
 80018c8:	beq.n	80018da <TIM16+0x1c6>
 80018ca:	b.n	80018f0 <TIM16+0x1dc>
_ZN10firmware505roots8com_root17h6746bdd7268c243bE():
 80018cc:	movs	r0, #0
_ZN4core3ptr14write_volatile17h08dc9f3eb05ae389E():
C:\Users\kaido\.rustup\toolchains\stable-x86_64-pc-windows-msvc\lib/rustlib/src/rust\library/core/src/ptr/mod.rs:2182
 80018ce:	str	r0, [r1, #0]
_ZN10firmware505roots8com_root17h6746bdd7268c243bE():
E:\m\robot\esc\rm32-sagcheck\binz\firmware50/src/roots.rs:1120
}
 80018d0:	b.n	80018f4 <TIM16+0x1e0>
_ZN10firmware505roots19comp_resume_powered28_$u7b$$u7b$closure$u7d$$u7d$17hf100f2a47fce041bE():
E:\m\robot\esc\rm32-sagcheck\binz\firmware50/src/roots.rs:1271
        if crate::oneshot::comparator_resume_allowed(
 80018d2:	cmp	r3, #0
 80018d4:	bne.n	80018f0 <TIM16+0x1dc>
 80018d6:	cmp	r2, #0
 80018d8:	beq.n	80018f0 <TIM16+0x1dc>
 80018da:	movs	r0, #1
 80018dc:	lsls	r2, r0, #18
 80018de:	ldr	r3, [pc, #76]	@ (800192c <TIM16+0x218>)
_ZN4core3ptr13read_volatile17h519f18b3757fde83E():
C:\Users\kaido\.rustup\toolchains\stable-x86_64-pc-windows-msvc\lib/rustlib/src/rust\library/core/src/ptr/mod.rs:2095
        intrinsics::volatile_load(src)
 80018e0:	ldr	r4, [r3, #0]
_RNvXslZ_NtNtCshtjvQpOZWNm_4core3ops3bitmNtB6_11BitOrAssign12bitor_assign():
C:\Users\kaido\.rustup\toolchains\stable-x86_64-pc-windows-msvc\lib/rustlib/src/rust\library/core/src/ops/bit.rs:823
 80018e2:	orrs	r4, r2
_ZN4core3ptr14write_volatile17h08dc9f3eb05ae389E():
C:\Users\kaido\.rustup\toolchains\stable-x86_64-pc-windows-msvc\lib/rustlib/src/rust\library/core/src/ptr/mod.rs:2182
        intrinsics::volatile_store(dst, src);
 80018e4:	str	r4, [r3, #0]
 80018e6:	lsls	r0, r0, #12
 80018e8:	ldr	r2, [pc, #68]	@ (8001930 <TIM16+0x21c>)
 80018ea:	str	r0, [r2, #0]
 80018ec:	ldr	r2, [pc, #68]	@ (8001934 <TIM16+0x220>)
 80018ee:	str	r0, [r2, #0]
_ZN8cortex_m8register7primask9write_raw17h2d20d7724a20944bE():
E:\m\robot\esc\rm32-sagcheck\binz\firmware50\ref\vendor\cortex-m/src\register\primask.rs:67
#[inline]
#[asm_cfg(cortex_m)]
pub unsafe fn write_raw(r: u32) {
    // Ensure no preceeding memory accesses are reordered to after interrupts are possibly enabled.
    compiler_fence(Ordering::SeqCst);
    unsafe { asm!("msr PRIMASK, {}", in(reg) r, options(nomem, nostack, preserves_flags)) };
 80018f0:	msr	PRIMASK, r1
TIM16():
E:\m\robot\esc\rm32-sagcheck\binz\firmware50/bin/shell-pwm.rs:115
 80018f4:	add	sp, #24
 80018f6:	pop	{r4, r5, r6, r7, pc}
 80018f8:	.word	0x4001440c
 80018fc:	.word	0x20000000
 8001900:	.word	0x40014824
 8001904:	.word	0x20000194
 8001908:	.word	0x40012c18
 800190c:	.word	0x40010204
 8001910:	.word	0x08009bf4
 8001914:	.word	0x0800a9f4
 8001918:	.word	0x000f4240
 800191c:	.word	0x40021800
 8001920:	.word	0xfffbffff
 8001924:	.word	0x200002c0
 8001928:	.word	0x20000274
 800192c:	.word	0x40021880
 8001930:	.word	0xe000e280
 8001934:	.word	0xe000e100
