; AM32 G071 reference ISR: TIM6_DAC_LPTIM1 -- guard tick (B4w)
; ELF CE132584.b4w-prod.elf  sha256 ce132584e5bdb7fcdfde17a0c58e67eacd959b61bc701a2cdff3fa6316b466c6
; objdump -d -S -l, call tree walked to depth 6
;
; call tree (function: instructions, size bytes -> callees)
;   TIM6_DAC_LPTIM1: 370 insns, 776 B
;

; ===================== TIM6_DAC_LPTIM1 =====================
<TIM6_DAC_LPTIM1>:
TIM6_DAC_LPTIM1():
E:\m\robot\esc\rm32-sagcheck\binz\firmware50/bin/board.rs:64
// The TIM16 shim lives in each binary, as `ADC_COMP`'s already did: both roots
// are now generic over the chain recorder (`firmware50::chain`), and the
// diagnostic image is the only one that installs it (E154).

/// The guard tick: `firmware50::roots::guard_root`.
#[interrupt]
 8001938:	push	{r4, r5, r6, r7, lr}
 800193a:	add	r7, sp, #12
 800193c:	sub	sp, #36	@ 0x24
 800193e:	ldr	r0, [pc, #704]	@ (8001c00 <TIM6_DAC_LPTIM1+0x2c8>)
 8001940:	movs	r1, #0
_ZN4core3ptr14write_volatile17h08dc9f3eb05ae389E():
C:\Users\kaido\.rustup\toolchains\stable-x86_64-pc-windows-msvc\lib/rustlib/src/rust\library/core/src/ptr/mod.rs:2182
            (
                addr: *mut () = dst as *mut (),
                align: usize = align_of::<T>(),
            ) => ub_checks::maybe_is_aligned(addr, align)
        );
        intrinsics::volatile_store(dst, src);
 8001942:	str	r1, [r0, #0]
 8001944:	ldr	r0, [pc, #700]	@ (8001c04 <TIM6_DAC_LPTIM1+0x2cc>)
_ZN15stm32g0_staging7generic14Reg$LT$REG$GT$4read17h39582afdfbc627feE():
C:\Users\kaido\.rustup\toolchains\stable-x86_64-pc-windows-msvc\lib/rustlib/src/rust\library/core/src/ptr/mod.rs:2095
        intrinsics::volatile_load(src)
 8001946:	ldr	r3, [r0, #0]
_ZN4core4sync6atomic11atomic_load17hd5c03da187aa4dd8E():
C:\Users\kaido\.rustup\toolchains\stable-x86_64-pc-windows-msvc\lib/rustlib/src/rust\library/core/src/sync/atomic.rs:3904
#[cfg_attr(miri, track_caller)] // even without panics, this helps for Miri backtraces
unsafe fn atomic_load<T: Copy>(dst: *const T, order: Ordering) -> T {
    // SAFETY: the caller must uphold the safety contract for `atomic_load`.
    unsafe {
        match order {
            Relaxed => intrinsics::atomic_load::<T, { AO::Relaxed }>(dst),
 8001948:	ldr	r0, [pc, #700]	@ (8001c08 <TIM6_DAC_LPTIM1+0x2d0>)
 800194a:	ldr	r2, [r0, #12]
_RNvMs5_NtCshtjvQpOZWNm_4core3numt12wrapping_sub():
C:\Users\kaido\.rustup\toolchains\stable-x86_64-pc-windows-msvc\lib/rustlib/src/rust\library/core/src/num/uint_macros.rs:2548
        #[rustc_const_stable(feature = "const_wrapping_math", since = "1.32.0")]
        #[must_use = "this returns the result of the operation, \
                      without modifying the original"]
        #[inline(always)]
        pub const fn wrapping_sub(self, rhs: Self) -> Self {
            intrinsics::wrapping_sub(self, rhs)
 800194c:	subs	r2, r3, r2
_ZN10firmware505roots10guard_root17h7ea11d411f07a7c7E():
E:\m\robot\esc\rm32-sagcheck\binz\firmware50/src/roots.rs:776
    let base = S.guard().raw.load(Ordering::Relaxed) as u16;
    let now = S
        .guard()
        .ext
        .load(Ordering::Relaxed)
        .wrapping_add(raw.wrapping_sub(base) as u32);
 800194e:	uxth	r2, r2
_ZN4core4sync6atomic11atomic_load17hd5c03da187aa4dd8E():
C:\Users\kaido\.rustup\toolchains\stable-x86_64-pc-windows-msvc\lib/rustlib/src/rust\library/core/src/sync/atomic.rs:3904
 8001950:	ldr	r4, [r0, #8]
_RNvMs6_NtCshtjvQpOZWNm_4core3numm12wrapping_add():
C:\Users\kaido\.rustup\toolchains\stable-x86_64-pc-windows-msvc\lib/rustlib/src/rust\library/core/src/num/uint_macros.rs:2511
            intrinsics::wrapping_add(self, rhs)
 8001952:	adds	r2, r2, r4
_ZN4core4sync6atomic12atomic_store17h448b5d3b2dd8e993E():
C:\Users\kaido\.rustup\toolchains\stable-x86_64-pc-windows-msvc\lib/rustlib/src/rust\library/core/src/sync/atomic.rs:3889
            Relaxed => intrinsics::atomic_store::<T, { AO::Relaxed }>(dst, val),
 8001954:	str	r2, [r0, #8]
_ZN10firmware505roots10guard_root17h7ea11d411f07a7c7E():
E:\m\robot\esc\rm32-sagcheck\binz\firmware50/src/roots.rs:778
    S.guard().ext.store(now, Ordering::Relaxed);
    S.guard().raw.store(raw as u32, Ordering::Relaxed);
 8001956:	uxth	r4, r3
_ZN4core4sync6atomic12atomic_store17h448b5d3b2dd8e993E():
C:\Users\kaido\.rustup\toolchains\stable-x86_64-pc-windows-msvc\lib/rustlib/src/rust\library/core/src/sync/atomic.rs:3889
 8001958:	str	r4, [r0, #12]
_ZN4core4sync6atomic11atomic_load17hd85f812e6365abb7E():
C:\Users\kaido\.rustup\toolchains\stable-x86_64-pc-windows-msvc\lib/rustlib/src/rust\library/core/src/sync/atomic.rs:3904
            Relaxed => intrinsics::atomic_load::<T, { AO::Relaxed }>(dst),
 800195a:	ldrb	r4, [r0, #0]
_ZN10firmware505roots10guard_root17h7ea11d411f07a7c7E():
E:\m\robot\esc\rm32-sagcheck\binz\firmware50/src/roots.rs:779
    if !S.guard().active.load(Ordering::Relaxed) {
 800195c:	cmp	r4, #0
 800195e:	bne.n	8001962 <TIM6_DAC_LPTIM1+0x2a>
 8001960:	b.n	8001b14 <TIM6_DAC_LPTIM1+0x1dc>
_ZN15portable_atomic3imp9interrupt4arch7disable17h3ec6a546f52c6294E():
E:\m\robot\esc\rm32-sagcheck\binz\firmware50\ref\vendor\portable-atomic/src\imp\interrupt\armv6m.rs:34
pub(crate) fn disable() -> State {
    let primask: State;
    // SAFETY: reading the priority mask register and disabling interrupts are safe.
    // (see module-level comments of interrupt/mod.rs on the safety of using privileged instructions)
    unsafe {
        asm!(
 8001962:	mrs	r4, PRIMASK
 8001966:	cpsid	i
_ZN4core3ptr4read17h4d89d6f220cd86d3E():
C:\Users\kaido\.rustup\toolchains\stable-x86_64-pc-windows-msvc\lib/rustlib/src/rust\library/core/src/ptr/mod.rs:1721
        crate::intrinsics::read_via_copy(src)
 8001968:	ldr	r5, [r0, #24]
_RNvMs6_NtCshtjvQpOZWNm_4core3numm12wrapping_add():
C:\Users\kaido\.rustup\toolchains\stable-x86_64-pc-windows-msvc\lib/rustlib/src/rust\library/core/src/num/uint_macros.rs:2511
 800196a:	adds	r5, r5, #1
_ZN4core3ptr5write17h803c99a5be2fbc4eE():
C:\Users\kaido\.rustup\toolchains\stable-x86_64-pc-windows-msvc\lib/rustlib/src/rust\library/core/src/ptr/mod.rs:1921
        intrinsics::write_via_move(dst, src)
 800196c:	str	r5, [r0, #24]
_ZN15portable_atomic3imp9interrupt4arch7restore17hb2cf2f388bec0c55E():
E:\m\robot\esc\rm32-sagcheck\binz\firmware50\ref\vendor\portable-atomic/src\imp\interrupt\armv6m.rs:57
    // SAFETY: the caller must guarantee that the state was retrieved by the previous `disable`,
    // and we've checked that interrupts were enabled before disabling interrupts.
    //
    // This clobbers the entire PRIMASK register. See msp430.rs for safety on this.
    unsafe {
        asm!(
 800196e:	msr	PRIMASK, r4
_ZN4core4sync6atomic11atomic_load17hd5c03da187aa4dd8E():
C:\Users\kaido\.rustup\toolchains\stable-x86_64-pc-windows-msvc\lib/rustlib/src/rust\library/core/src/sync/atomic.rs:3904
 8001972:	ldr	r4, [r0, #16]
_ZN4core4sync6atomic12atomic_store17h448b5d3b2dd8e993E():
C:\Users\kaido\.rustup\toolchains\stable-x86_64-pc-windows-msvc\lib/rustlib/src/rust\library/core/src/sync/atomic.rs:3889
            Relaxed => intrinsics::atomic_store::<T, { AO::Relaxed }>(dst, val),
 8001974:	str	r2, [r0, #16]
_RNvMs6_NtCshtjvQpOZWNm_4core3numm12wrapping_sub():
C:\Users\kaido\.rustup\toolchains\stable-x86_64-pc-windows-msvc\lib/rustlib/src/rust\library/core/src/num/uint_macros.rs:2548
            intrinsics::wrapping_sub(self, rhs)
 8001976:	subs	r4, r2, r4
_ZN4core4sync6atomic11atomic_load17hd5c03da187aa4dd8E():
C:\Users\kaido\.rustup\toolchains\stable-x86_64-pc-windows-msvc\lib/rustlib/src/rust\library/core/src/sync/atomic.rs:3904
            Relaxed => intrinsics::atomic_load::<T, { AO::Relaxed }>(dst),
 8001978:	ldr	r5, [r0, #28]
_ZN10firmware505roots10guard_root17h7ea11d411f07a7c7E():
E:\m\robot\esc\rm32-sagcheck\binz\firmware50/src/roots.rs:785
        return;
    }
    S.guard().ticks.fetch_add(1, Ordering::Relaxed);
    let gap = now.wrapping_sub(S.guard().last_tick.load(Ordering::Relaxed));
    S.guard().last_tick.store(now, Ordering::Relaxed);
    if gap > S.guard().gap_max.load(Ordering::Relaxed) {
 800197a:	cmp	r4, r5
 800197c:	bls.n	8001980 <TIM6_DAC_LPTIM1+0x48>
_ZN4core4sync6atomic12atomic_store17h448b5d3b2dd8e993E():
C:\Users\kaido\.rustup\toolchains\stable-x86_64-pc-windows-msvc\lib/rustlib/src/rust\library/core/src/sync/atomic.rs:3889
            Relaxed => intrinsics::atomic_store::<T, { AO::Relaxed }>(dst, val),
 800197e:	str	r4, [r0, #28]
_ZN10firmware505roots10guard_root17h7ea11d411f07a7c7E():
 8001980:	ldr	r5, [pc, #648]	@ (8001c0c <TIM6_DAC_LPTIM1+0x2d4>)
_ZN4core3ptr13read_volatile17h519f18b3757fde83E():
C:\Users\kaido\.rustup\toolchains\stable-x86_64-pc-windows-msvc\lib/rustlib/src/rust\library/core/src/ptr/mod.rs:2095
        intrinsics::volatile_load(src)
 8001982:	ldr	r5, [r5, #0]
_ZN10firmware505roots10guard_root17h7ea11d411f07a7c7E():
E:\m\robot\esc\rm32-sagcheck\binz\firmware50/src/roots.rs:788
        S.guard().gap_max.store(gap, Ordering::Relaxed);
    }
    if !nfault_high() {
 8001984:	lsls	r5, r5, #17
 8001986:	bmi.n	8001994 <TIM6_DAC_LPTIM1+0x5c>
_ZN4core4sync6atomic11atomic_load17hd5c03da187aa4dd8E():
C:\Users\kaido\.rustup\toolchains\stable-x86_64-pc-windows-msvc\lib/rustlib/src/rust\library/core/src/sync/atomic.rs:3904
            Relaxed => intrinsics::atomic_load::<T, { AO::Relaxed }>(dst),
 8001988:	ldr	r1, [r0, #4]
_ZN10firmware505roots10guard_trip17h68d8dd14161c200dE():
E:\m\robot\esc\rm32-sagcheck\binz\firmware50/src/roots.rs:676
    if S.guard().reason.load(Ordering::Relaxed) == 0 {
 800198a:	cmp	r1, #0
 800198c:	beq.n	8001990 <TIM6_DAC_LPTIM1+0x58>
 800198e:	b.n	8001abe <TIM6_DAC_LPTIM1+0x186>
_ZN10firmware505roots10guard_root17h7ea11d411f07a7c7E():
 8001990:	movs	r1, #7
 8001992:	b.n	8001abc <TIM6_DAC_LPTIM1+0x184>
_ZN4core4sync6atomic11atomic_load17hd5c03da187aa4dd8E():
C:\Users\kaido\.rustup\toolchains\stable-x86_64-pc-windows-msvc\lib/rustlib/src/rust\library/core/src/sync/atomic.rs:3904
 8001994:	ldr	r5, [r0, #24]
_ZN10firmware505roots10guard_root17h7ea11d411f07a7c7E():
E:\m\robot\esc\rm32-sagcheck\binz\firmware50/src/roots.rs:792
        guard_trip(Reason::Driver);
        return;
    }
    if S.guard().ticks.load(Ordering::Relaxed) > 1 && gap > crate::protection::TICK_GAP_MAX_US {
 8001996:	cmp	r4, #201	@ 0xc9
 8001998:	bcc.n	80019aa <TIM6_DAC_LPTIM1+0x72>
 800199a:	cmp	r5, #1
 800199c:	bls.n	80019aa <TIM6_DAC_LPTIM1+0x72>
_ZN4core4sync6atomic11atomic_load17hd5c03da187aa4dd8E():
C:\Users\kaido\.rustup\toolchains\stable-x86_64-pc-windows-msvc\lib/rustlib/src/rust\library/core/src/sync/atomic.rs:3904
 800199e:	ldr	r1, [r0, #4]
_ZN10firmware505roots10guard_trip17h68d8dd14161c200dE():
E:\m\robot\esc\rm32-sagcheck\binz\firmware50/src/roots.rs:676
    if S.guard().reason.load(Ordering::Relaxed) == 0 {
 80019a0:	cmp	r1, #0
 80019a2:	beq.n	80019a6 <TIM6_DAC_LPTIM1+0x6e>
 80019a4:	b.n	8001abe <TIM6_DAC_LPTIM1+0x186>
 80019a6:	movs	r1, #3
 80019a8:	b.n	8001abc <TIM6_DAC_LPTIM1+0x184>
_ZN4core4sync6atomic11atomic_load17hd5c03da187aa4dd8E():
C:\Users\kaido\.rustup\toolchains\stable-x86_64-pc-windows-msvc\lib/rustlib/src/rust\library/core/src/sync/atomic.rs:3904
 80019aa:	ldr	r4, [pc, #612]	@ (8001c10 <TIM6_DAC_LPTIM1+0x2d8>)
 80019ac:	ldr	r4, [r4, #0]
 80019ae:	ldr	r5, [r0, #32]
_ZN10firmware505roots10guard_root17h7ea11d411f07a7c7E():
E:\m\robot\esc\rm32-sagcheck\binz\firmware50/src/roots.rs:797
        guard_trip(Reason::TickGap);
        return;
    }
    let seq = S.scan().sequence(Ordering::Relaxed);
    if seq != S.guard().adc_seen.load(Ordering::Relaxed) {
 80019b0:	cmp	r4, r5
 80019b2:	bne.n	80019ca <TIM6_DAC_LPTIM1+0x92>
_ZN4core4sync6atomic11atomic_load17hd5c03da187aa4dd8E():
C:\Users\kaido\.rustup\toolchains\stable-x86_64-pc-windows-msvc\lib/rustlib/src/rust\library/core/src/sync/atomic.rs:3904
 80019b4:	ldr	r4, [r0, #36]	@ 0x24
_RNvMs6_NtCshtjvQpOZWNm_4core3numm12wrapping_sub():
C:\Users\kaido\.rustup\toolchains\stable-x86_64-pc-windows-msvc\lib/rustlib/src/rust\library/core/src/num/uint_macros.rs:2548
 80019b6:	subs	r4, r2, r4
 80019b8:	movs	r5, #125	@ 0x7d
 80019ba:	lsls	r5, r5, #3
_ZN10firmware505roots10guard_root17h7ea11d411f07a7c7E():
E:\m\robot\esc\rm32-sagcheck\binz\firmware50/src/roots.rs:800
        S.guard().adc_seen.store(seq, Ordering::Relaxed);
        S.guard().adc_at.store(now, Ordering::Relaxed);
    } else if now.wrapping_sub(S.guard().adc_at.load(Ordering::Relaxed)) > crate::protection::FEEDBACK_MAX_AGE_US {
 80019bc:	cmp	r4, r5
 80019be:	bls.n	80019ce <TIM6_DAC_LPTIM1+0x96>
_ZN4core4sync6atomic11atomic_load17hd5c03da187aa4dd8E():
C:\Users\kaido\.rustup\toolchains\stable-x86_64-pc-windows-msvc\lib/rustlib/src/rust\library/core/src/sync/atomic.rs:3904
 80019c0:	ldr	r1, [r0, #4]
_ZN10firmware505roots10guard_trip17h68d8dd14161c200dE():
E:\m\robot\esc\rm32-sagcheck\binz\firmware50/src/roots.rs:676
    if S.guard().reason.load(Ordering::Relaxed) == 0 {
 80019c2:	cmp	r1, #0
 80019c4:	bne.n	8001abe <TIM6_DAC_LPTIM1+0x186>
 80019c6:	movs	r1, #4
 80019c8:	b.n	8001abc <TIM6_DAC_LPTIM1+0x184>
_ZN4core4sync6atomic12atomic_store17h448b5d3b2dd8e993E():
C:\Users\kaido\.rustup\toolchains\stable-x86_64-pc-windows-msvc\lib/rustlib/src/rust\library/core/src/sync/atomic.rs:3889
            Relaxed => intrinsics::atomic_store::<T, { AO::Relaxed }>(dst, val),
 80019ca:	str	r4, [r0, #32]
 80019cc:	str	r2, [r0, #36]	@ 0x24
_ZN4core4sync6atomic11atomic_load17hd5c03da187aa4dd8E():
C:\Users\kaido\.rustup\toolchains\stable-x86_64-pc-windows-msvc\lib/rustlib/src/rust\library/core/src/sync/atomic.rs:3904
            Relaxed => intrinsics::atomic_load::<T, { AO::Relaxed }>(dst),
 80019ce:	ldr	r4, [r0, #20]
_RNvMs6_NtCshtjvQpOZWNm_4core3numm12wrapping_sub():
C:\Users\kaido\.rustup\toolchains\stable-x86_64-pc-windows-msvc\lib/rustlib/src/rust\library/core/src/num/uint_macros.rs:2548
 80019d0:	subs	r4, r2, r4
 80019d2:	ldr	r5, [pc, #576]	@ (8001c14 <TIM6_DAC_LPTIM1+0x2dc>)
_ZN10firmware505roots10guard_root17h7ea11d411f07a7c7E():
E:\m\robot\esc\rm32-sagcheck\binz\firmware50/src/roots.rs:804
        guard_trip(Reason::FeedbackStale);
        return;
    }
    if now.wrapping_sub(S.guard().start.load(Ordering::Relaxed)) > GUARD_CAMPAIGN_US {
 80019d4:	cmp	r4, r5
 80019d6:	bls.n	80019e2 <TIM6_DAC_LPTIM1+0xaa>
_ZN4core4sync6atomic11atomic_load17hd5c03da187aa4dd8E():
C:\Users\kaido\.rustup\toolchains\stable-x86_64-pc-windows-msvc\lib/rustlib/src/rust\library/core/src/sync/atomic.rs:3904
 80019d8:	ldr	r1, [r0, #4]
_ZN10firmware505roots10guard_trip17h68d8dd14161c200dE():
E:\m\robot\esc\rm32-sagcheck\binz\firmware50/src/roots.rs:676
    if S.guard().reason.load(Ordering::Relaxed) == 0 {
 80019da:	cmp	r1, #0
 80019dc:	bne.n	8001abe <TIM6_DAC_LPTIM1+0x186>
 80019de:	movs	r1, #1
 80019e0:	b.n	8001abc <TIM6_DAC_LPTIM1+0x184>
_ZN4core4sync6atomic11atomic_load17hd85f812e6365abb7E():
C:\Users\kaido\.rustup\toolchains\stable-x86_64-pc-windows-msvc\lib/rustlib/src/rust\library/core/src/sync/atomic.rs:3904
 80019e2:	ldrb	r4, [r0, #1]
_ZN10firmware505roots10guard_root17h7ea11d411f07a7c7E():
E:\m\robot\esc\rm32-sagcheck\binz\firmware50/src/roots.rs:808
        guard_trip(Reason::CampaignDeadline);
        return;
    }
    if S.guard().tracking.load(Ordering::Relaxed) {
 80019e4:	cmp	r4, #0
 80019e6:	bne.n	80019ea <TIM6_DAC_LPTIM1+0xb2>
 80019e8:	b.n	8001b14 <TIM6_DAC_LPTIM1+0x1dc>
_ZN4core4sync6atomic11atomic_load17hd5c03da187aa4dd8E():
C:\Users\kaido\.rustup\toolchains\stable-x86_64-pc-windows-msvc\lib/rustlib/src/rust\library/core/src/sync/atomic.rs:3904
 80019ea:	ldr	r4, [pc, #556]	@ (8001c18 <TIM6_DAC_LPTIM1+0x2e0>)
 80019ec:	ldr	r4, [r4, #24]
 80019ee:	ldr	r5, [r0, #68]	@ 0x44
_ZN10firmware505roots10guard_root17h7ea11d411f07a7c7E():
E:\m\robot\esc\rm32-sagcheck\binz\firmware50/src/roots.rs:819
        // the second read of `accept_seq` is kept as a cheap consistency check.
        let s1 = S.det().accept_seq.load(Ordering::Relaxed);
        let n = s1.wrapping_sub(S.guard().seq_seen.load(Ordering::Relaxed));
        let mut poll_at = now;
        let mut batch = None;
        if n != 0 {
 80019f0:	cmp	r4, r5
 80019f2:	beq.n	8001a36 <TIM6_DAC_LPTIM1+0xfe>
_ZN4core4sync6atomic11atomic_load17hd5c03da187aa4dd8E():
C:\Users\kaido\.rustup\toolchains\stable-x86_64-pc-windows-msvc\lib/rustlib/src/rust\library/core/src/sync/atomic.rs:3904
 80019f4:	ldr	r6, [pc, #544]	@ (8001c18 <TIM6_DAC_LPTIM1+0x2e0>)
 80019f6:	ldr	r6, [r6, #28]
 80019f8:	str	r6, [sp, #24]
 80019fa:	str	r4, [sp, #32]
 80019fc:	str	r5, [sp, #28]
 80019fe:	ldr	r6, [pc, #536]	@ (8001c18 <TIM6_DAC_LPTIM1+0x2e0>)
 8001a00:	ldr	r5, [r6, #32]
 8001a02:	str	r5, [sp, #20]
 8001a04:	ldr	r4, [sp, #32]
 8001a06:	ldr	r5, [r6, #16]
 8001a08:	ldr	r6, [r6, #24]
_ZN10firmware505roots10guard_root17h7ea11d411f07a7c7E():
E:\m\robot\esc\rm32-sagcheck\binz\firmware50/src/roots.rs:823
            let raw_a = S.det().accept_raw.load(Ordering::Relaxed) as u16;
            let sector = S.det().accept_step.load(Ordering::Relaxed) as u8;
            let average = S.det().accept_avg.load(Ordering::Relaxed);
            if S.det().accept_seq.load(Ordering::Relaxed) == s1 {
 8001a0a:	cmp	r6, r4
 8001a0c:	bne.n	8001a36 <TIM6_DAC_LPTIM1+0xfe>
_ZN4core4sync6atomic12atomic_store17h448b5d3b2dd8e993E():
C:\Users\kaido\.rustup\toolchains\stable-x86_64-pc-windows-msvc\lib/rustlib/src/rust\library/core/src/sync/atomic.rs:3889
            Relaxed => intrinsics::atomic_store::<T, { AO::Relaxed }>(dst, val),
 8001a0e:	str	r4, [r0, #68]	@ 0x44
_RNvMs5_NtCshtjvQpOZWNm_4core3numt12wrapping_sub():
C:\Users\kaido\.rustup\toolchains\stable-x86_64-pc-windows-msvc\lib/rustlib/src/rust\library/core/src/num/uint_macros.rs:2548
 8001a10:	ldr	r6, [sp, #24]
 8001a12:	subs	r3, r6, r3
_RNvXs1g_NtNtCshtjvQpOZWNm_4core7convert3numlINtB8_4FromsE4from():
C:\Users\kaido\.rustup\toolchains\stable-x86_64-pc-windows-msvc\lib/rustlib/src/rust\library/core/src/convert/num.rs:82
            #[doc = concat!("Converts from [`", stringify!($small), "`] to [`", stringify!($large), "`] losslessly.")]
            #[inline(always)]
            fn from(small: $small) -> Self {
                debug_assert!(<$large>::MIN as i128 <= <$small>::MIN as i128);
                debug_assert!(<$small>::MAX as u128 <= <$large>::MAX as u128);
                small as Self
 8001a14:	sxth	r3, r3
_RNvMs6_NtCshtjvQpOZWNm_4core3numm12wrapping_add():
C:\Users\kaido\.rustup\toolchains\stable-x86_64-pc-windows-msvc\lib/rustlib/src/rust\library/core/src/num/uint_macros.rs:2511
            intrinsics::wrapping_add(self, rhs)
 8001a16:	adds	r6, r3, r2
_ZN10firmware505roots10guard_root17h7ea11d411f07a7c7E():
E:\m\robot\esc\rm32-sagcheck\binz\firmware50/src/roots.rs:829
                S.guard().seq_seen.store(s1, Ordering::Relaxed);
                // Signed: the newest crossing may postdate this tick's clock
                // read, and then it must not age the watch backwards
                // (the cross-ISR timestamp race).
                let at_event = now.wrapping_add(i32::from(raw_a.wrapping_sub(raw) as i16) as u32);
                if at_event.wrapping_sub(now) < 0x8000_0000 {
 8001a18:	cmp	r3, #0
 8001a1a:	bmi.n	8001a1e <TIM6_DAC_LPTIM1+0xe6>
 8001a1c:	mov	r2, r6
 8001a1e:	str	r6, [sp, #24]
 8001a20:	mvns	r6, r1
_RNvNtCshtjvQpOZWNm_4core10intrinsics8unlikely():
C:\Users\kaido\.rustup\toolchains\stable-x86_64-pc-windows-msvc\lib/rustlib/src/rust\library/core/src/intrinsics/mod.rs:457
/// This intrinsic does not have a stable counterpart.
#[unstable(feature = "core_intrinsics", issue = "none")]
#[rustc_nounwind]
#[inline(always)]
pub const fn unlikely(b: bool) -> bool {
    if b {
 8001a22:	cmp	r5, #0
 8001a24:	str	r6, [sp, #16]
 8001a26:	blt.n	8001a2a <TIM6_DAC_LPTIM1+0xf2>
 8001a28:	lsls	r6, r5, #1
_ZN10firmware505roots10guard_root28_$u7b$$u7b$closure$u7d$$u7d$17h3006b9df9645c84eE():
 8001a2a:	ldr	r3, [pc, #496]	@ (8001c1c <TIM6_DAC_LPTIM1+0x2e4>)
_ZN10firmware508tracking20speed_event_limit_us17h4338b24cdd116cadE():
E:\m\robot\esc\rm32-sagcheck\binz\firmware50/src/tracking.rs:38
/// Three controller periods in µs, from a period in half-µs, floored at 200
/// and capped at 1000 (reference `speed_event_limit_us`, with its own
/// compile-time table). Split at 667 so the only multiply stays small.
#[must_use]
pub const fn speed_event_limit_us(reference_half_us: u32) -> u32 {
    if reference_half_us >= 667 {
 8001a2c:	cmp	r6, r3
 8001a2e:	bls.n	8001a4c <TIM6_DAC_LPTIM1+0x114>
 8001a30:	movs	r3, #125	@ 0x7d
 8001a32:	lsls	r6, r3, #3
 8001a34:	b.n	8001a5a <TIM6_DAC_LPTIM1+0x122>
_ZN10firmware505roots10guard_root28_$u7b$$u7b$closure$u7d$$u7d$17h3006b9df9645c84eE():
 8001a36:	movs	r3, #64	@ 0x40
_ZN4core6option15Option$LT$T$GT$7is_some17h6a4b46b38e64a171E():
C:\Users\kaido\.rustup\toolchains\stable-x86_64-pc-windows-msvc\lib/rustlib/src/rust\library/core/src/option.rs:636
    #[must_use = "if you intended to assert that this has a value, consider `.unwrap()` instead"]
    #[inline]
    #[stable(feature = "rust1", since = "1.0.0")]
    #[rustc_const_stable(feature = "const_option_basics", since = "1.48.0")]
    pub const fn is_some(&self) -> bool {
        matches!(*self, Some(_))
 8001a38:	ldrb	r3, [r0, r3]
_ZN10firmware508tracking19EventWatch$LT$_$GT$4poll17hd7f3edc7250c3a69E():
E:\m\robot\esc\rm32-sagcheck\binz\firmware50/src/tracking.rs:101
        (self.fast_count, if self.fast_count == 0 { 0 } else { self.fast_min })
    }

    /// Check for a stale event, with or without a new one.
    pub fn poll(&mut self, now: u32) -> Option<Fault> {
        if self.fault.is_none() && now.wrapping_sub(self.last) > self.max_interval {
 8001a3a:	cmp	r3, #3
 8001a3c:	bne.n	8001ab4 <TIM6_DAC_LPTIM1+0x17c>
 8001a3e:	ldr	r5, [r0, #52]	@ 0x34
 8001a40:	ldr	r6, [r0, #44]	@ 0x2c
_RNvMs6_NtCshtjvQpOZWNm_4core3numm12wrapping_sub():
C:\Users\kaido\.rustup\toolchains\stable-x86_64-pc-windows-msvc\lib/rustlib/src/rust\library/core/src/num/uint_macros.rs:2548
            intrinsics::wrapping_sub(self, rhs)
 8001a42:	subs	r2, r2, r6
_ZN10firmware508tracking19EventWatch$LT$_$GT$4poll17hd7f3edc7250c3a69E():
E:\m\robot\esc\rm32-sagcheck\binz\firmware50/src/tracking.rs:101
 8001a44:	cmp	r2, r5
 8001a46:	mov	r6, r1
 8001a48:	bhi.n	8001ab0 <TIM6_DAC_LPTIM1+0x178>
 8001a4a:	b.n	8001b14 <TIM6_DAC_LPTIM1+0x1dc>
_ZN10firmware505roots10guard_root28_$u7b$$u7b$closure$u7d$$u7d$17h3006b9df9645c84eE():
 8001a4c:	movs	r3, #3
_ZN10firmware508tracking20speed_event_limit_us17h4338b24cdd116cadE():
E:\m\robot\esc\rm32-sagcheck\binz\firmware50/src/tracking.rs:41
        let us = (reference_half_us * 3 + 1) >> 1;
 8001a4e:	muls	r3, r6
 8001a50:	adds	r3, r3, #1
 8001a52:	lsrs	r6, r3, #1
E:\m\robot\esc\rm32-sagcheck\binz\firmware50/src/tracking.rs:42
        if us < 200 { 200 } else { us }
 8001a54:	cmp	r6, #200	@ 0xc8
 8001a56:	bhi.n	8001a5a <TIM6_DAC_LPTIM1+0x122>
_ZN10firmware505roots10guard_root17h7ea11d411f07a7c7E():
 8001a58:	movs	r6, #200	@ 0xc8
 8001a5a:	ldr	r3, [sp, #28]
 8001a5c:	subs	r4, r4, r3
_ZN10firmware508tracking19EventWatch$LT$_$GT$20tighten_max_interval17h2d302fc2f392fdbdE():
E:\m\robot\esc\rm32-sagcheck\binz\firmware50/src/tracking.rs:110
    }

    /// Tighten the missing-event deadline; refuses to loosen it or to go
    /// below the minimum interval.
    pub fn tighten_max_interval(&mut self, max_interval: u32) -> bool {
        if max_interval < self.min_interval || max_interval >= 0x8000_0000 {
 8001a5e:	ldr	r3, [r0, #48]	@ 0x30
 8001a60:	ldr	r5, [r0, #52]	@ 0x34
 8001a62:	str	r3, [sp, #32]
 8001a64:	cmp	r6, r3
 8001a66:	bcc.n	8001a70 <TIM6_DAC_LPTIM1+0x138>
 8001a68:	cmp	r6, r5
 8001a6a:	bcs.n	8001a70 <TIM6_DAC_LPTIM1+0x138>
E:\m\robot\esc\rm32-sagcheck\binz\firmware50/src/tracking.rs:114
            return false;
        }
        if max_interval < self.max_interval {
            self.max_interval = max_interval;
 8001a6c:	str	r6, [r0, #52]	@ 0x34
 8001a6e:	mov	r5, r6
_ZN10firmware505roots10guard_root28_$u7b$$u7b$closure$u7d$$u7d$17h3006b9df9645c84eE():
 8001a70:	movs	r3, #64	@ 0x40
_ZN10firmware508tracking19EventWatch$LT$_$GT$6events17h47a8f9845f8e8475E():
 8001a72:	ldrb	r6, [r0, r3]
E:\m\robot\esc\rm32-sagcheck\binz\firmware50/src/tracking.rs:129
    /// `n == 1`. `n == 1` is exactly [`Self::event`]. No division: `n` is reduced
    /// modulo 6 by bounded subtraction, and a batch of 18 or more crossings
    /// between two ticks (impossible while the tick-gap stop holds)
    /// re-establishes phase instead of judging order.
    pub fn events(&mut self, now: u32, sector: u8, n: u32) -> Option<Fault> {
        if n == 0 {
 8001a74:	cmp	r4, #1
 8001a76:	bne.n	8001aa0 <TIM6_DAC_LPTIM1+0x168>
_ZN10firmware508tracking19EventWatch$LT$_$GT$4poll17hd7f3edc7250c3a69E():
E:\m\robot\esc\rm32-sagcheck\binz\firmware50/src/tracking.rs:101
        if self.fault.is_none() && now.wrapping_sub(self.last) > self.max_interval {
 8001a78:	cmp	r6, #3
 8001a7a:	bne.n	8001ab4 <TIM6_DAC_LPTIM1+0x17c>
 8001a7c:	ldr	r3, [r0, #44]	@ 0x2c
 8001a7e:	ldr	r6, [sp, #24]
_RNvMs6_NtCshtjvQpOZWNm_4core3numm12wrapping_sub():
C:\Users\kaido\.rustup\toolchains\stable-x86_64-pc-windows-msvc\lib/rustlib/src/rust\library/core/src/num/uint_macros.rs:2548
 8001a80:	subs	r4, r6, r3
_ZN10firmware508tracking19EventWatch$LT$_$GT$4poll17hd7f3edc7250c3a69E():
E:\m\robot\esc\rm32-sagcheck\binz\firmware50/src/tracking.rs:101
 8001a82:	cmp	r4, r5
 8001a84:	bhi.n	8001aae <TIM6_DAC_LPTIM1+0x176>
_ZN10firmware508tracking19EventWatch$LT$_$GT$5event17hb0bde0862273e2bdE():
 8001a86:	movs	r3, #65	@ 0x41
 8001a88:	str	r3, [sp, #28]
E:\m\robot\esc\rm32-sagcheck\binz\firmware50/src/tracking.rs:187
    /// establishes phase only.
    pub fn event(&mut self, now: u32, sector: u8) -> Option<Fault> {
        if self.poll(now).is_some() {
            return self.fault;
        }
        let in_order = match self.sector {
 8001a8a:	ldrb	r3, [r0, r3]
 8001a8c:	cmp	r3, #1
 8001a8e:	beq.n	8001a92 <TIM6_DAC_LPTIM1+0x15a>
 8001a90:	b.n	8001b9c <TIM6_DAC_LPTIM1+0x264>
 8001a92:	movs	r3, #66	@ 0x42
E:\m\robot\esc\rm32-sagcheck\binz\firmware50/src/tracking.rs:189
            None => true,
            Some(prev) => sector == if prev == 6 { 1 } else { prev + 1 },
 8001a94:	ldrb	r6, [r0, r3]
 8001a96:	cmp	r6, #6
 8001a98:	bne.n	8001a9c <TIM6_DAC_LPTIM1+0x164>
 8001a9a:	b.n	8001baa <TIM6_DAC_LPTIM1+0x272>
_ZN10firmware508tracking19EventWatch$LT$_$GT$6events17h47a8f9845f8e8475E():
 8001a9c:	adds	r3, r6, #1
 8001a9e:	b.n	8001bac <TIM6_DAC_LPTIM1+0x274>
_ZN10firmware508tracking19EventWatch$LT$_$GT$4poll17hd7f3edc7250c3a69E():
E:\m\robot\esc\rm32-sagcheck\binz\firmware50/src/tracking.rs:101
        if self.fault.is_none() && now.wrapping_sub(self.last) > self.max_interval {
 8001aa0:	cmp	r6, #3
 8001aa2:	bne.n	8001ab4 <TIM6_DAC_LPTIM1+0x17c>
 8001aa4:	ldr	r3, [r0, #44]	@ 0x2c
_RNvMs6_NtCshtjvQpOZWNm_4core3numm12wrapping_sub():
C:\Users\kaido\.rustup\toolchains\stable-x86_64-pc-windows-msvc\lib/rustlib/src/rust\library/core/src/num/uint_macros.rs:2548
 8001aa6:	ldr	r6, [sp, #24]
 8001aa8:	subs	r3, r6, r3
_ZN10firmware508tracking19EventWatch$LT$_$GT$4poll17hd7f3edc7250c3a69E():
E:\m\robot\esc\rm32-sagcheck\binz\firmware50/src/tracking.rs:101
 8001aaa:	cmp	r3, r5
 8001aac:	bls.n	8001b18 <TIM6_DAC_LPTIM1+0x1e0>
_ZN10firmware505roots10guard_root28_$u7b$$u7b$closure$u7d$$u7d$17h3006b9df9645c84eE():
 8001aae:	mov	r6, r1
 8001ab0:	movs	r1, #64	@ 0x40
 8001ab2:	strb	r6, [r0, r1]
_ZN4core4sync6atomic11atomic_load17hd5c03da187aa4dd8E():
C:\Users\kaido\.rustup\toolchains\stable-x86_64-pc-windows-msvc\lib/rustlib/src/rust\library/core/src/sync/atomic.rs:3904
            Relaxed => intrinsics::atomic_load::<T, { AO::Relaxed }>(dst),
 8001ab4:	ldr	r1, [r0, #4]
_ZN10firmware505roots10guard_trip17h68d8dd14161c200dE():
E:\m\robot\esc\rm32-sagcheck\binz\firmware50/src/roots.rs:676
    if S.guard().reason.load(Ordering::Relaxed) == 0 {
 8001ab6:	cmp	r1, #0
 8001ab8:	bne.n	8001abe <TIM6_DAC_LPTIM1+0x186>
_ZN10firmware505roots10guard_root17h7ea11d411f07a7c7E():
 8001aba:	movs	r1, #8
_ZN4core4sync6atomic12atomic_store17h448b5d3b2dd8e993E():
C:\Users\kaido\.rustup\toolchains\stable-x86_64-pc-windows-msvc\lib/rustlib/src/rust\library/core/src/sync/atomic.rs:3889
            Relaxed => intrinsics::atomic_store::<T, { AO::Relaxed }>(dst, val),
 8001abc:	str	r1, [r0, #4]
_ZN10firmware505roots10guard_trip17h68d8dd14161c200dE():
 8001abe:	movs	r1, #0
_ZN4core4sync6atomic12atomic_store17h040c4738dc0cdfd3E():
C:\Users\kaido\.rustup\toolchains\stable-x86_64-pc-windows-msvc\lib/rustlib/src/rust\library/core/src/sync/atomic.rs:3889
 8001ac0:	strb	r1, [r0, #0]
 8001ac2:	strb	r1, [r0, #1]
 8001ac4:	ldr	r2, [pc, #344]	@ (8001c20 <TIM6_DAC_LPTIM1+0x2e8>)
 8001ac6:	strb	r1, [r2, #0]
 8001ac8:	ldr	r0, [pc, #332]	@ (8001c18 <TIM6_DAC_LPTIM1+0x2e0>)
 8001aca:	strb	r1, [r0, #0]
 8001acc:	ldr	r0, [pc, #340]	@ (8001c24 <TIM6_DAC_LPTIM1+0x2ec>)
 8001ace:	strb	r1, [r0, #0]
 8001ad0:	movs	r0, #1
 8001ad2:	lsls	r3, r0, #12
 8001ad4:	ldr	r4, [pc, #336]	@ (8001c28 <TIM6_DAC_LPTIM1+0x2f0>)
_ZN4core3ptr14write_volatile17h0b391daee4f1be9aE():
C:\Users\kaido\.rustup\toolchains\stable-x86_64-pc-windows-msvc\lib/rustlib/src/rust\library/core/src/ptr/mod.rs:2182
        intrinsics::volatile_store(dst, src);
 8001ad6:	str	r3, [r4, #0]
 8001ad8:	lsls	r4, r0, #18
 8001ada:	ldr	r5, [pc, #336]	@ (8001c2c <TIM6_DAC_LPTIM1+0x2f4>)
_ZN4core3ptr13read_volatile17h69501578ed2e4567E():
C:\Users\kaido\.rustup\toolchains\stable-x86_64-pc-windows-msvc\lib/rustlib/src/rust\library/core/src/ptr/mod.rs:2095
        intrinsics::volatile_load(src)
 8001adc:	ldr	r6, [r5, #116]	@ 0x74
_RNvXslz_NtNtCshtjvQpOZWNm_4core3ops3bitmNtB6_12BitAndAssign13bitand_assign():
C:\Users\kaido\.rustup\toolchains\stable-x86_64-pc-windows-msvc\lib/rustlib/src/rust\library/core/src/ops/bit.rs:748
    ($($t:ty)+) => ($(
        #[stable(feature = "op_assign_traits", since = "1.8.0")]
        #[rustc_const_unstable(feature = "const_ops", issue = "143802")]
        impl const BitAndAssign for $t {
            #[inline]
            fn bitand_assign(&mut self, other: $t) { *self &= other }
 8001ade:	bics	r6, r4
_ZN4core3ptr14write_volatile17h0b391daee4f1be9aE():
C:\Users\kaido\.rustup\toolchains\stable-x86_64-pc-windows-msvc\lib/rustlib/src/rust\library/core/src/ptr/mod.rs:2182
        intrinsics::volatile_store(dst, src);
 8001ae0:	str	r6, [r5, #116]	@ 0x74
 8001ae2:	str	r4, [r5, #0]
 8001ae4:	str	r4, [r5, #4]
 8001ae6:	ldr	r4, [pc, #328]	@ (8001c30 <TIM6_DAC_LPTIM1+0x2f8>)
 8001ae8:	str	r3, [r4, #0]
 8001aea:	movs	r3, #99	@ 0x63
 8001aec:	lsls	r3, r3, #2
_ZN4core4sync6atomic12atomic_store17he04b3ca27f9e4834E():
C:\Users\kaido\.rustup\toolchains\stable-x86_64-pc-windows-msvc\lib/rustlib/src/rust\library/core/src/sync/atomic.rs:3889
 8001aee:	strb	r0, [r2, r3]
 8001af0:	ldr	r3, [pc, #320]	@ (8001c34 <TIM6_DAC_LPTIM1+0x2fc>)
_ZN4core3ptr14write_volatile17h0b391daee4f1be9aE():
C:\Users\kaido\.rustup\toolchains\stable-x86_64-pc-windows-msvc\lib/rustlib/src/rust\library/core/src/ptr/mod.rs:2182
 8001af2:	str	r1, [r3, #0]
 8001af4:	str	r1, [r3, #12]
 8001af6:	str	r1, [r3, #16]
_ZN4core4sync6atomic12atomic_store17hd14f94ee4cef24d3E():
C:\Users\kaido\.rustup\toolchains\stable-x86_64-pc-windows-msvc\lib/rustlib/src/rust\library/core/src/sync/atomic.rs:3889
 8001af8:	str	r1, [r2, #4]
 8001afa:	lsls	r2, r0, #21
_ZN4core3ptr14write_volatile17h0b391daee4f1be9aE():
C:\Users\kaido\.rustup\toolchains\stable-x86_64-pc-windows-msvc\lib/rustlib/src/rust\library/core/src/ptr/mod.rs:2182
 8001afc:	str	r2, [r4, #0]
 8001afe:	lsls	r2, r0, #15
 8001b00:	ldr	r3, [pc, #308]	@ (8001c38 <TIM6_DAC_LPTIM1+0x300>)
_ZN4core3ptr13read_volatile17h519f18b3757fde83E():
C:\Users\kaido\.rustup\toolchains\stable-x86_64-pc-windows-msvc\lib/rustlib/src/rust\library/core/src/ptr/mod.rs:2095
        intrinsics::volatile_load(src)
 8001b02:	ldr	r4, [r3, #16]
_RNvXslz_NtNtCshtjvQpOZWNm_4core3ops3bitmNtB6_12BitAndAssign13bitand_assign():
C:\Users\kaido\.rustup\toolchains\stable-x86_64-pc-windows-msvc\lib/rustlib/src/rust\library/core/src/ops/bit.rs:748
 8001b04:	bics	r4, r2
_ZN4core3ptr14write_volatile17h08dc9f3eb05ae389E():
C:\Users\kaido\.rustup\toolchains\stable-x86_64-pc-windows-msvc\lib/rustlib/src/rust\library/core/src/ptr/mod.rs:2182
        intrinsics::volatile_store(dst, src);
 8001b06:	str	r4, [r3, #16]
 8001b08:	str	r1, [r3, #8]
 8001b0a:	str	r1, [r3, #4]
 8001b0c:	str	r1, [r3, #0]
 8001b0e:	lsls	r0, r0, #17
 8001b10:	ldr	r1, [pc, #296]	@ (8001c3c <TIM6_DAC_LPTIM1+0x304>)
 8001b12:	str	r0, [r1, #0]
TIM6_DAC_LPTIM1():
E:\m\robot\esc\rm32-sagcheck\binz\firmware50/bin/board.rs:64
 8001b14:	add	sp, #36	@ 0x24
 8001b16:	pop	{r4, r5, r6, r7, pc}
 8001b18:	str	r3, [sp, #28]
 8001b1a:	mov	r6, r4
_ZN10firmware508tracking19EventWatch$LT$_$GT$6events17h47a8f9845f8e8475E():
E:\m\robot\esc\rm32-sagcheck\binz\firmware50/src/tracking.rs:139
        if k >= 12 {
 8001b1c:	cmp	r4, #11
 8001b1e:	bls.n	8001b22 <TIM6_DAC_LPTIM1+0x1ea>
 8001b20:	subs	r6, #12
E:\m\robot\esc\rm32-sagcheck\binz\firmware50/src/tracking.rs:142
        if k >= 6 {
 8001b22:	cmp	r6, #5
 8001b24:	bls.n	8001b28 <TIM6_DAC_LPTIM1+0x1f0>
 8001b26:	subs	r6, r6, #6
 8001b28:	movs	r3, #65	@ 0x41
 8001b2a:	str	r3, [sp, #12]
E:\m\robot\esc\rm32-sagcheck\binz\firmware50/src/tracking.rs:145
        let in_order = match self.sector {
 8001b2c:	ldrb	r3, [r0, r3]
 8001b2e:	cmp	r6, #5
 8001b30:	str	r3, [sp, #8]
 8001b32:	bhi.n	8001b62 <TIM6_DAC_LPTIM1+0x22a>
 8001b34:	cmp	r3, #0
 8001b36:	beq.n	8001b62 <TIM6_DAC_LPTIM1+0x22a>
 8001b38:	movs	r3, #66	@ 0x42
E:\m\robot\esc\rm32-sagcheck\binz\firmware50/src/tracking.rs:148
            Some(prev) => {
 8001b3a:	ldrb	r3, [r0, r3]
E:\m\robot\esc\rm32-sagcheck\binz\firmware50/src/tracking.rs:149
                let s = u32::from(prev) + k;
 8001b3c:	adds	r6, r6, r3
E:\m\robot\esc\rm32-sagcheck\binz\firmware50/src/tracking.rs:150
                u32::from(sector) == if s > 6 { s - 6 } else { s }
 8001b3e:	subs	r3, r6, #6
 8001b40:	bhi.n	8001b44 <TIM6_DAC_LPTIM1+0x20c>
 8001b42:	mov	r3, r6
 8001b44:	str	r3, [sp, #4]
_ZN4core3ops5range11RangeBounds8contains17h1156bd9e5b7151dfE():
C:\Users\kaido\.rustup\toolchains\stable-x86_64-pc-windows-msvc\lib/rustlib/src/rust\library/core/src/ops/range.rs:873
    fn contains<U>(&self, item: &U) -> bool
    where
        T: [const] PartialOrd<U>,
        U: ?Sized + [const] PartialOrd<T>,
    {
        (match self.start_bound() {
 8001b46:	ldr	r3, [sp, #20]
 8001b48:	subs	r3, r3, #1
 8001b4a:	uxtb	r3, r3
 8001b4c:	movs	r6, #2
_ZN10firmware508tracking19EventWatch$LT$_$GT$6events17h47a8f9845f8e8475E():
E:\m\robot\esc\rm32-sagcheck\binz\firmware50/src/tracking.rs:153
        if !(1..=6).contains(&sector) || !in_order {
 8001b4e:	cmp	r3, #5
 8001b50:	bhi.n	8001ab0 <TIM6_DAC_LPTIM1+0x178>
 8001b52:	ldr	r3, [sp, #20]
 8001b54:	uxtb	r3, r3
 8001b56:	str	r4, [sp, #0]
 8001b58:	ldr	r4, [sp, #4]
 8001b5a:	cmp	r4, r3
 8001b5c:	ldr	r4, [sp, #0]
 8001b5e:	bne.n	8001ab0 <TIM6_DAC_LPTIM1+0x178>
 8001b60:	b.n	8001b6c <TIM6_DAC_LPTIM1+0x234>
_ZN4core3ops5range11RangeBounds8contains17h1156bd9e5b7151dfE():
C:\Users\kaido\.rustup\toolchains\stable-x86_64-pc-windows-msvc\lib/rustlib/src/rust\library/core/src/ops/range.rs:873
 8001b62:	ldr	r3, [sp, #20]
 8001b64:	subs	r3, r3, #1
 8001b66:	uxtb	r3, r3
_ZN10firmware508tracking19EventWatch$LT$_$GT$6events17h47a8f9845f8e8475E():
E:\m\robot\esc\rm32-sagcheck\binz\firmware50/src/tracking.rs:153
 8001b68:	cmp	r3, #6
 8001b6a:	bcs.n	8001ba6 <TIM6_DAC_LPTIM1+0x26e>
E:\m\robot\esc\rm32-sagcheck\binz\firmware50/src/tracking.rs:162
            let span = if n >= 64 {
 8001b6c:	cmp	r4, #63	@ 0x3f
 8001b6e:	ldr	r3, [sp, #16]
 8001b70:	bhi.n	8001b76 <TIM6_DAC_LPTIM1+0x23e>
 8001b72:	ldr	r3, [sp, #32]
 8001b74:	muls	r3, r4
E:\m\robot\esc\rm32-sagcheck\binz\firmware50/src/tracking.rs:167
            if self.sector.is_some() && gap < span {
 8001b76:	ldr	r6, [sp, #28]
 8001b78:	cmp	r6, r3
 8001b7a:	ldr	r6, [sp, #24]
 8001b7c:	bcs.n	8001b90 <TIM6_DAC_LPTIM1+0x258>
 8001b7e:	ldr	r3, [sp, #8]
 8001b80:	cmp	r3, #0
 8001b82:	beq.n	8001b90 <TIM6_DAC_LPTIM1+0x258>
E:\m\robot\esc\rm32-sagcheck\binz\firmware50/src/tracking.rs:169
                    self.fast_count = self.fast_count.saturating_add(n);
 8001b84:	ldr	r3, [r0, #56]	@ 0x38
_RNvMs6_NtCshtjvQpOZWNm_4core3numm14saturating_add():
C:\Users\kaido\.rustup\toolchains\stable-x86_64-pc-windows-msvc\lib/rustlib/src/rust\library/core/src/num/uint_macros.rs:2355
            intrinsics::saturating_add(self, rhs)
 8001b86:	adds	r4, r3, r4
 8001b88:	bcc.n	8001b8e <TIM6_DAC_LPTIM1+0x256>
_ZN10firmware508tracking19EventWatch$LT$_$GT$6events17h47a8f9845f8e8475E():
 8001b8a:	movs	r3, #0
 8001b8c:	mvns	r4, r3
E:\m\robot\esc\rm32-sagcheck\binz\firmware50/src/tracking.rs:169
 8001b8e:	str	r4, [r0, #56]	@ 0x38
 8001b90:	movs	r3, #66	@ 0x42
E:\m\robot\esc\rm32-sagcheck\binz\firmware50/src/tracking.rs:176
            self.sector = Some(sector);
 8001b92:	ldr	r4, [sp, #20]
 8001b94:	strb	r4, [r0, r3]
 8001b96:	movs	r3, #1
 8001b98:	ldr	r4, [sp, #12]
 8001b9a:	b.n	8001bfa <TIM6_DAC_LPTIM1+0x2c2>
_ZN4core3ops5range11RangeBounds8contains17h1156bd9e5b7151dfE():
C:\Users\kaido\.rustup\toolchains\stable-x86_64-pc-windows-msvc\lib/rustlib/src/rust\library/core/src/ops/range.rs:873
 8001b9c:	ldr	r3, [sp, #20]
 8001b9e:	subs	r3, r3, #1
 8001ba0:	uxtb	r3, r3
_ZN10firmware508tracking19EventWatch$LT$_$GT$5event17hb0bde0862273e2bdE():
E:\m\robot\esc\rm32-sagcheck\binz\firmware50/src/tracking.rs:191
        };
        if !(1..=6).contains(&sector) || !in_order {
 8001ba2:	cmp	r3, #6
 8001ba4:	bcc.n	8001bf0 <TIM6_DAC_LPTIM1+0x2b8>
 8001ba6:	movs	r6, #2
 8001ba8:	b.n	8001ab0 <TIM6_DAC_LPTIM1+0x178>
 8001baa:	movs	r3, #1
 8001bac:	str	r3, [sp, #16]
 8001bae:	ldr	r3, [sp, #20]
_ZN4core3ops5range11RangeBounds8contains17h1156bd9e5b7151dfE():
C:\Users\kaido\.rustup\toolchains\stable-x86_64-pc-windows-msvc\lib/rustlib/src/rust\library/core/src/ops/range.rs:873
 8001bb0:	subs	r3, r3, #1
 8001bb2:	uxtb	r3, r3
 8001bb4:	movs	r6, #2
_ZN10firmware508tracking19EventWatch$LT$_$GT$5event17hb0bde0862273e2bdE():
E:\m\robot\esc\rm32-sagcheck\binz\firmware50/src/tracking.rs:191
 8001bb6:	cmp	r3, #5
 8001bb8:	bls.n	8001bbc <TIM6_DAC_LPTIM1+0x284>
 8001bba:	b.n	8001ab0 <TIM6_DAC_LPTIM1+0x178>
 8001bbc:	str	r4, [sp, #8]
 8001bbe:	ldr	r3, [sp, #20]
 8001bc0:	uxtb	r3, r3
 8001bc2:	str	r3, [sp, #12]
 8001bc4:	ldr	r3, [sp, #16]
 8001bc6:	uxtb	r3, r3
 8001bc8:	ldr	r4, [sp, #12]
 8001bca:	cmp	r3, r4
 8001bcc:	beq.n	8001bd0 <TIM6_DAC_LPTIM1+0x298>
 8001bce:	b.n	8001ab0 <TIM6_DAC_LPTIM1+0x178>
E:\m\robot\esc\rm32-sagcheck\binz\firmware50/src/tracking.rs:195
            self.fault = Some(Fault::SectorOrder);
        } else {
            let gap = now.wrapping_sub(self.last);
            if self.sector.is_some() && gap < self.min_interval {
 8001bd0:	ldr	r3, [sp, #32]
 8001bd2:	ldr	r4, [sp, #8]
 8001bd4:	cmp	r4, r3
 8001bd6:	ldr	r6, [sp, #24]
 8001bd8:	bcs.n	8001bf0 <TIM6_DAC_LPTIM1+0x2b8>
E:\m\robot\esc\rm32-sagcheck\binz\firmware50/src/tracking.rs:197
                if REPORT_FAST {
                    self.fast_count = self.fast_count.saturating_add(1);
 8001bda:	ldr	r3, [r0, #56]	@ 0x38
_RNvMs6_NtCshtjvQpOZWNm_4core3numm14saturating_add():
C:\Users\kaido\.rustup\toolchains\stable-x86_64-pc-windows-msvc\lib/rustlib/src/rust\library/core/src/num/uint_macros.rs:2355
 8001bdc:	adds	r6, r3, #1
 8001bde:	bcc.n	8001be4 <TIM6_DAC_LPTIM1+0x2ac>
_ZN10firmware508tracking19EventWatch$LT$_$GT$5event17hb0bde0862273e2bdE():
 8001be0:	movs	r3, #0
 8001be2:	mvns	r6, r3
E:\m\robot\esc\rm32-sagcheck\binz\firmware50/src/tracking.rs:197
 8001be4:	str	r6, [r0, #56]	@ 0x38
E:\m\robot\esc\rm32-sagcheck\binz\firmware50/src/tracking.rs:198
                    if gap < self.fast_min {
 8001be6:	ldr	r3, [r0, #60]	@ 0x3c
 8001be8:	cmp	r4, r3
 8001bea:	ldr	r6, [sp, #24]
 8001bec:	bcs.n	8001bf0 <TIM6_DAC_LPTIM1+0x2b8>
E:\m\robot\esc\rm32-sagcheck\binz\firmware50/src/tracking.rs:199
                        self.fast_min = gap;
 8001bee:	str	r4, [r0, #60]	@ 0x3c
 8001bf0:	movs	r3, #66	@ 0x42
E:\m\robot\esc\rm32-sagcheck\binz\firmware50/src/tracking.rs:207
                    self.fault = Some(Fault::TooFast);
                    return self.fault;
                }
            }
            self.last = now;
            self.sector = Some(sector);
 8001bf2:	ldr	r4, [sp, #20]
 8001bf4:	strb	r4, [r0, r3]
 8001bf6:	movs	r3, #1
 8001bf8:	ldr	r4, [sp, #28]
_ZN10firmware508tracking19EventWatch$LT$_$GT$6events17h47a8f9845f8e8475E():
 8001bfa:	strb	r3, [r0, r4]
 8001bfc:	str	r6, [r0, #44]	@ 0x2c
_ZN10firmware508tracking19EventWatch$LT$_$GT$5event17hb0bde0862273e2bdE():
E:\m\robot\esc\rm32-sagcheck\binz\firmware50/src/tracking.rs:191
        if !(1..=6).contains(&sector) || !in_order {
 8001bfe:	b.n	8001a42 <TIM6_DAC_LPTIM1+0x10a>
TIM6_DAC_LPTIM1():
 8001c00:	.word	0x40001010
 8001c04:	.word	0x40014824
 8001c08:	.word	0x200002c0
 8001c0c:	.word	0x50000410
 8001c10:	.word	0x20000338
 8001c14:	.word	0x04e33880
 8001c18:	.word	0x20000194
 8001c1c:	.word	0x0000029a
 8001c20:	.word	0x20000000
 8001c24:	.word	0x20000274
 8001c28:	.word	0xe000e180
 8001c2c:	.word	0x4002180c
 8001c30:	.word	0xe000e280
 8001c34:	.word	0x40014400
 8001c38:	.word	0x40012c34
 8001c3c:	.word	0x50000c18
