; AM32 G071 reference ISR: TIM6_DAC_LPTIM1 -- guard tick (C2)
; ELF 882839DC.c2-prod.elf  sha256 882839dcf59d35cd48fa9754e04ed4d3b9525a93b281a0ae57ce71bb1fff7ce7
; objdump -d -S -l, call tree walked to depth 6
;
; call tree (function: instructions, size bytes -> callees)
;   TIM6_DAC_LPTIM1: 370 insns, 776 B
;

; ===================== TIM6_DAC_LPTIM1 =====================
<TIM6_DAC_LPTIM1>:
TIM6_DAC_LPTIM1():
E:\m\robot\esc\rm32-sagcheck\binz\firmware50/bin/board.rs:64
// The TIM16 shim lives in each binary, as `ADC_COMP`'s already did: both roots
// are now generic over the chain recorder (`firmware50::chain`), and the
// diagnostic image is the only one that installs it (E154).

/// The guard tick: `firmware50::roots::guard_root`.
#[interrupt]
 800197c:	push	{r4, r5, r6, r7, lr}
 800197e:	add	r7, sp, #12
 8001980:	sub	sp, #36	@ 0x24
 8001982:	ldr	r0, [pc, #704]	@ (8001c44 <TIM6_DAC_LPTIM1+0x2c8>)
 8001984:	movs	r1, #0
_ZN4core3ptr14write_volatile17ha98cf97793440445E():
C:\Users\kaido\.rustup\toolchains\stable-x86_64-pc-windows-msvc\lib/rustlib/src/rust\library/core/src/ptr/mod.rs:2182
            (
                addr: *mut () = dst as *mut (),
                align: usize = align_of::<T>(),
            ) => ub_checks::maybe_is_aligned(addr, align)
        );
        intrinsics::volatile_store(dst, src);
 8001986:	str	r1, [r0, #0]
 8001988:	ldr	r0, [pc, #700]	@ (8001c48 <TIM6_DAC_LPTIM1+0x2cc>)
_ZN4core3ptr13read_volatile17h27d2c6fbe1a9c73aE():
C:\Users\kaido\.rustup\toolchains\stable-x86_64-pc-windows-msvc\lib/rustlib/src/rust\library/core/src/ptr/mod.rs:2095
        intrinsics::volatile_load(src)
 800198a:	ldr	r3, [r0, #0]
_ZN4core4sync6atomic11atomic_load17ha0a8f3d71d6d75acE():
C:\Users\kaido\.rustup\toolchains\stable-x86_64-pc-windows-msvc\lib/rustlib/src/rust\library/core/src/sync/atomic.rs:3904
#[cfg_attr(miri, track_caller)] // even without panics, this helps for Miri backtraces
unsafe fn atomic_load<T: Copy>(dst: *const T, order: Ordering) -> T {
    // SAFETY: the caller must uphold the safety contract for `atomic_load`.
    unsafe {
        match order {
            Relaxed => intrinsics::atomic_load::<T, { AO::Relaxed }>(dst),
 800198c:	ldr	r0, [pc, #700]	@ (8001c4c <TIM6_DAC_LPTIM1+0x2d0>)
 800198e:	ldr	r2, [r0, #12]
_RNvMs5_NtCshtjvQpOZWNm_4core3numt12wrapping_sub():
C:\Users\kaido\.rustup\toolchains\stable-x86_64-pc-windows-msvc\lib/rustlib/src/rust\library/core/src/num/uint_macros.rs:2548
        #[rustc_const_stable(feature = "const_wrapping_math", since = "1.32.0")]
        #[must_use = "this returns the result of the operation, \
                      without modifying the original"]
        #[inline(always)]
        pub const fn wrapping_sub(self, rhs: Self) -> Self {
            intrinsics::wrapping_sub(self, rhs)
 8001990:	subs	r2, r3, r2
_ZN10firmware505roots10guard_root17h0aa63d229255234fE():
E:\m\robot\esc\rm32-sagcheck\binz\firmware50/src/roots.rs:776
    let base = S.guard().raw.load(Ordering::Relaxed) as u16;
    let now = S
        .guard()
        .ext
        .load(Ordering::Relaxed)
        .wrapping_add(raw.wrapping_sub(base) as u32);
 8001992:	uxth	r2, r2
_ZN4core4sync6atomic11atomic_load17ha0a8f3d71d6d75acE():
C:\Users\kaido\.rustup\toolchains\stable-x86_64-pc-windows-msvc\lib/rustlib/src/rust\library/core/src/sync/atomic.rs:3904
 8001994:	ldr	r4, [r0, #8]
_RNvMs6_NtCshtjvQpOZWNm_4core3numm12wrapping_add():
C:\Users\kaido\.rustup\toolchains\stable-x86_64-pc-windows-msvc\lib/rustlib/src/rust\library/core/src/num/uint_macros.rs:2511
            intrinsics::wrapping_add(self, rhs)
 8001996:	adds	r2, r2, r4
_ZN4core4sync6atomic12atomic_store17h012e5fe46ba359ddE():
C:\Users\kaido\.rustup\toolchains\stable-x86_64-pc-windows-msvc\lib/rustlib/src/rust\library/core/src/sync/atomic.rs:3889
            Relaxed => intrinsics::atomic_store::<T, { AO::Relaxed }>(dst, val),
 8001998:	str	r2, [r0, #8]
_ZN10firmware505roots10guard_root17h0aa63d229255234fE():
E:\m\robot\esc\rm32-sagcheck\binz\firmware50/src/roots.rs:778
    S.guard().ext.store(now, Ordering::Relaxed);
    S.guard().raw.store(raw as u32, Ordering::Relaxed);
 800199a:	uxth	r4, r3
_ZN15portable_atomic9AtomicU325store17h75720a8a8e9a82edE():
C:\Users\kaido\.rustup\toolchains\stable-x86_64-pc-windows-msvc\lib/rustlib/src/rust\library/core/src/sync/atomic.rs:3889
 800199c:	str	r4, [r0, #12]
_ZN4core4sync6atomic11atomic_load17h6513f2a049411145E():
C:\Users\kaido\.rustup\toolchains\stable-x86_64-pc-windows-msvc\lib/rustlib/src/rust\library/core/src/sync/atomic.rs:3904
            Relaxed => intrinsics::atomic_load::<T, { AO::Relaxed }>(dst),
 800199e:	ldrb	r4, [r0, #0]
_ZN10firmware505roots10guard_root17h0aa63d229255234fE():
E:\m\robot\esc\rm32-sagcheck\binz\firmware50/src/roots.rs:779
    if !S.guard().active.load(Ordering::Relaxed) {
 80019a0:	cmp	r4, #0
 80019a2:	bne.n	80019a6 <TIM6_DAC_LPTIM1+0x2a>
 80019a4:	b.n	8001b58 <TIM6_DAC_LPTIM1+0x1dc>
_ZN15portable_atomic3imp9interrupt4arch7disable17h3ec6a546f52c6294E():
E:\m\robot\esc\rm32-sagcheck\binz\firmware50\ref\vendor\portable-atomic/src\imp\interrupt\armv6m.rs:34
pub(crate) fn disable() -> State {
    let primask: State;
    // SAFETY: reading the priority mask register and disabling interrupts are safe.
    // (see module-level comments of interrupt/mod.rs on the safety of using privileged instructions)
    unsafe {
        asm!(
 80019a6:	mrs	r4, PRIMASK
 80019aa:	cpsid	i
_ZN4core3ptr4read17h9eae20e0f83f226aE():
C:\Users\kaido\.rustup\toolchains\stable-x86_64-pc-windows-msvc\lib/rustlib/src/rust\library/core/src/ptr/mod.rs:1721
        crate::intrinsics::read_via_copy(src)
 80019ac:	ldr	r5, [r0, #24]
_RNvMs6_NtCshtjvQpOZWNm_4core3numm12wrapping_add():
C:\Users\kaido\.rustup\toolchains\stable-x86_64-pc-windows-msvc\lib/rustlib/src/rust\library/core/src/num/uint_macros.rs:2511
 80019ae:	adds	r5, r5, #1
_ZN4core3ptr5write17ha71b483c12f6c998E():
C:\Users\kaido\.rustup\toolchains\stable-x86_64-pc-windows-msvc\lib/rustlib/src/rust\library/core/src/ptr/mod.rs:1921
        intrinsics::write_via_move(dst, src)
 80019b0:	str	r5, [r0, #24]
_ZN15portable_atomic3imp9interrupt4arch7restore17hb2cf2f388bec0c55E():
E:\m\robot\esc\rm32-sagcheck\binz\firmware50\ref\vendor\portable-atomic/src\imp\interrupt\armv6m.rs:57
    // SAFETY: the caller must guarantee that the state was retrieved by the previous `disable`,
    // and we've checked that interrupts were enabled before disabling interrupts.
    //
    // This clobbers the entire PRIMASK register. See msp430.rs for safety on this.
    unsafe {
        asm!(
 80019b2:	msr	PRIMASK, r4
_ZN4core4sync6atomic11atomic_load17ha0a8f3d71d6d75acE():
C:\Users\kaido\.rustup\toolchains\stable-x86_64-pc-windows-msvc\lib/rustlib/src/rust\library/core/src/sync/atomic.rs:3904
 80019b6:	ldr	r4, [r0, #16]
_ZN4core4sync6atomic12atomic_store17h012e5fe46ba359ddE():
C:\Users\kaido\.rustup\toolchains\stable-x86_64-pc-windows-msvc\lib/rustlib/src/rust\library/core/src/sync/atomic.rs:3889
            Relaxed => intrinsics::atomic_store::<T, { AO::Relaxed }>(dst, val),
 80019b8:	str	r2, [r0, #16]
_RNvMs6_NtCshtjvQpOZWNm_4core3numm12wrapping_sub():
C:\Users\kaido\.rustup\toolchains\stable-x86_64-pc-windows-msvc\lib/rustlib/src/rust\library/core/src/num/uint_macros.rs:2548
            intrinsics::wrapping_sub(self, rhs)
 80019ba:	subs	r4, r2, r4
_ZN4core4sync6atomic11atomic_load17ha0a8f3d71d6d75acE():
C:\Users\kaido\.rustup\toolchains\stable-x86_64-pc-windows-msvc\lib/rustlib/src/rust\library/core/src/sync/atomic.rs:3904
            Relaxed => intrinsics::atomic_load::<T, { AO::Relaxed }>(dst),
 80019bc:	ldr	r5, [r0, #28]
_ZN10firmware505roots10guard_root17h0aa63d229255234fE():
E:\m\robot\esc\rm32-sagcheck\binz\firmware50/src/roots.rs:785
        return;
    }
    S.guard().ticks.fetch_add(1, Ordering::Relaxed);
    let gap = now.wrapping_sub(S.guard().last_tick.load(Ordering::Relaxed));
    S.guard().last_tick.store(now, Ordering::Relaxed);
    if gap > S.guard().gap_max.load(Ordering::Relaxed) {
 80019be:	cmp	r4, r5
 80019c0:	bls.n	80019c4 <TIM6_DAC_LPTIM1+0x48>
_ZN4core4sync6atomic12atomic_store17h012e5fe46ba359ddE():
C:\Users\kaido\.rustup\toolchains\stable-x86_64-pc-windows-msvc\lib/rustlib/src/rust\library/core/src/sync/atomic.rs:3889
            Relaxed => intrinsics::atomic_store::<T, { AO::Relaxed }>(dst, val),
 80019c2:	str	r4, [r0, #28]
_ZN10firmware505roots10guard_root17h0aa63d229255234fE():
 80019c4:	ldr	r5, [pc, #648]	@ (8001c50 <TIM6_DAC_LPTIM1+0x2d4>)
_ZN4core3ptr13read_volatile17h27d2c6fbe1a9c73aE():
C:\Users\kaido\.rustup\toolchains\stable-x86_64-pc-windows-msvc\lib/rustlib/src/rust\library/core/src/ptr/mod.rs:2095
        intrinsics::volatile_load(src)
 80019c6:	ldr	r5, [r5, #0]
_ZN10firmware505roots10guard_root17h0aa63d229255234fE():
E:\m\robot\esc\rm32-sagcheck\binz\firmware50/src/roots.rs:788
        S.guard().gap_max.store(gap, Ordering::Relaxed);
    }
    if !nfault_high() {
 80019c8:	lsls	r5, r5, #17
 80019ca:	bmi.n	80019d8 <TIM6_DAC_LPTIM1+0x5c>
_ZN4core4sync6atomic11atomic_load17ha0a8f3d71d6d75acE():
C:\Users\kaido\.rustup\toolchains\stable-x86_64-pc-windows-msvc\lib/rustlib/src/rust\library/core/src/sync/atomic.rs:3904
            Relaxed => intrinsics::atomic_load::<T, { AO::Relaxed }>(dst),
 80019cc:	ldr	r1, [r0, #4]
_ZN10firmware505roots10guard_trip17h1d6f483761c56bd9E():
E:\m\robot\esc\rm32-sagcheck\binz\firmware50/src/roots.rs:676
    if S.guard().reason.load(Ordering::Relaxed) == 0 {
 80019ce:	cmp	r1, #0
 80019d0:	beq.n	80019d4 <TIM6_DAC_LPTIM1+0x58>
 80019d2:	b.n	8001b02 <TIM6_DAC_LPTIM1+0x186>
_ZN10firmware505roots10guard_root17h0aa63d229255234fE():
 80019d4:	movs	r1, #7
 80019d6:	b.n	8001b00 <TIM6_DAC_LPTIM1+0x184>
_ZN4core4sync6atomic11atomic_load17ha0a8f3d71d6d75acE():
C:\Users\kaido\.rustup\toolchains\stable-x86_64-pc-windows-msvc\lib/rustlib/src/rust\library/core/src/sync/atomic.rs:3904
 80019d8:	ldr	r5, [r0, #24]
_ZN10firmware505roots10guard_root17h0aa63d229255234fE():
E:\m\robot\esc\rm32-sagcheck\binz\firmware50/src/roots.rs:792
        guard_trip(Reason::Driver);
        return;
    }
    if S.guard().ticks.load(Ordering::Relaxed) > 1 && gap > crate::protection::TICK_GAP_MAX_US {
 80019da:	cmp	r4, #201	@ 0xc9
 80019dc:	bcc.n	80019ee <TIM6_DAC_LPTIM1+0x72>
 80019de:	cmp	r5, #1
 80019e0:	bls.n	80019ee <TIM6_DAC_LPTIM1+0x72>
_ZN4core4sync6atomic11atomic_load17ha0a8f3d71d6d75acE():
C:\Users\kaido\.rustup\toolchains\stable-x86_64-pc-windows-msvc\lib/rustlib/src/rust\library/core/src/sync/atomic.rs:3904
 80019e2:	ldr	r1, [r0, #4]
_ZN10firmware505roots10guard_trip17h1d6f483761c56bd9E():
E:\m\robot\esc\rm32-sagcheck\binz\firmware50/src/roots.rs:676
    if S.guard().reason.load(Ordering::Relaxed) == 0 {
 80019e4:	cmp	r1, #0
 80019e6:	beq.n	80019ea <TIM6_DAC_LPTIM1+0x6e>
 80019e8:	b.n	8001b02 <TIM6_DAC_LPTIM1+0x186>
 80019ea:	movs	r1, #3
 80019ec:	b.n	8001b00 <TIM6_DAC_LPTIM1+0x184>
_ZN4core4sync6atomic11atomic_load17ha0a8f3d71d6d75acE():
C:\Users\kaido\.rustup\toolchains\stable-x86_64-pc-windows-msvc\lib/rustlib/src/rust\library/core/src/sync/atomic.rs:3904
 80019ee:	ldr	r4, [pc, #612]	@ (8001c54 <TIM6_DAC_LPTIM1+0x2d8>)
 80019f0:	ldr	r4, [r4, #0]
 80019f2:	ldr	r5, [r0, #32]
_ZN10firmware505roots10guard_root17h0aa63d229255234fE():
E:\m\robot\esc\rm32-sagcheck\binz\firmware50/src/roots.rs:797
        guard_trip(Reason::TickGap);
        return;
    }
    let seq = S.scan().sequence(Ordering::Relaxed);
    if seq != S.guard().adc_seen.load(Ordering::Relaxed) {
 80019f4:	cmp	r4, r5
 80019f6:	bne.n	8001a0e <TIM6_DAC_LPTIM1+0x92>
_ZN4core4sync6atomic11atomic_load17ha0a8f3d71d6d75acE():
C:\Users\kaido\.rustup\toolchains\stable-x86_64-pc-windows-msvc\lib/rustlib/src/rust\library/core/src/sync/atomic.rs:3904
 80019f8:	ldr	r4, [r0, #36]	@ 0x24
_RNvMs6_NtCshtjvQpOZWNm_4core3numm12wrapping_sub():
C:\Users\kaido\.rustup\toolchains\stable-x86_64-pc-windows-msvc\lib/rustlib/src/rust\library/core/src/num/uint_macros.rs:2548
 80019fa:	subs	r4, r2, r4
 80019fc:	movs	r5, #125	@ 0x7d
 80019fe:	lsls	r5, r5, #3
_ZN10firmware505roots10guard_root17h0aa63d229255234fE():
E:\m\robot\esc\rm32-sagcheck\binz\firmware50/src/roots.rs:800
        S.guard().adc_seen.store(seq, Ordering::Relaxed);
        S.guard().adc_at.store(now, Ordering::Relaxed);
    } else if now.wrapping_sub(S.guard().adc_at.load(Ordering::Relaxed)) > crate::protection::FEEDBACK_MAX_AGE_US {
 8001a00:	cmp	r4, r5
 8001a02:	bls.n	8001a12 <TIM6_DAC_LPTIM1+0x96>
_ZN4core4sync6atomic11atomic_load17ha0a8f3d71d6d75acE():
C:\Users\kaido\.rustup\toolchains\stable-x86_64-pc-windows-msvc\lib/rustlib/src/rust\library/core/src/sync/atomic.rs:3904
 8001a04:	ldr	r1, [r0, #4]
_ZN10firmware505roots10guard_trip17h1d6f483761c56bd9E():
E:\m\robot\esc\rm32-sagcheck\binz\firmware50/src/roots.rs:676
    if S.guard().reason.load(Ordering::Relaxed) == 0 {
 8001a06:	cmp	r1, #0
 8001a08:	bne.n	8001b02 <TIM6_DAC_LPTIM1+0x186>
 8001a0a:	movs	r1, #4
 8001a0c:	b.n	8001b00 <TIM6_DAC_LPTIM1+0x184>
_ZN4core4sync6atomic12atomic_store17h012e5fe46ba359ddE():
C:\Users\kaido\.rustup\toolchains\stable-x86_64-pc-windows-msvc\lib/rustlib/src/rust\library/core/src/sync/atomic.rs:3889
            Relaxed => intrinsics::atomic_store::<T, { AO::Relaxed }>(dst, val),
 8001a0e:	str	r4, [r0, #32]
 8001a10:	str	r2, [r0, #36]	@ 0x24
_ZN4core4sync6atomic11atomic_load17ha0a8f3d71d6d75acE():
C:\Users\kaido\.rustup\toolchains\stable-x86_64-pc-windows-msvc\lib/rustlib/src/rust\library/core/src/sync/atomic.rs:3904
            Relaxed => intrinsics::atomic_load::<T, { AO::Relaxed }>(dst),
 8001a12:	ldr	r4, [r0, #20]
_RNvMs6_NtCshtjvQpOZWNm_4core3numm12wrapping_sub():
C:\Users\kaido\.rustup\toolchains\stable-x86_64-pc-windows-msvc\lib/rustlib/src/rust\library/core/src/num/uint_macros.rs:2548
 8001a14:	subs	r4, r2, r4
 8001a16:	ldr	r5, [pc, #576]	@ (8001c58 <TIM6_DAC_LPTIM1+0x2dc>)
_ZN10firmware505roots10guard_root17h0aa63d229255234fE():
E:\m\robot\esc\rm32-sagcheck\binz\firmware50/src/roots.rs:804
        guard_trip(Reason::FeedbackStale);
        return;
    }
    if now.wrapping_sub(S.guard().start.load(Ordering::Relaxed)) > GUARD_CAMPAIGN_US {
 8001a18:	cmp	r4, r5
 8001a1a:	bls.n	8001a26 <TIM6_DAC_LPTIM1+0xaa>
_ZN4core4sync6atomic11atomic_load17ha0a8f3d71d6d75acE():
C:\Users\kaido\.rustup\toolchains\stable-x86_64-pc-windows-msvc\lib/rustlib/src/rust\library/core/src/sync/atomic.rs:3904
 8001a1c:	ldr	r1, [r0, #4]
_ZN10firmware505roots10guard_trip17h1d6f483761c56bd9E():
E:\m\robot\esc\rm32-sagcheck\binz\firmware50/src/roots.rs:676
    if S.guard().reason.load(Ordering::Relaxed) == 0 {
 8001a1e:	cmp	r1, #0
 8001a20:	bne.n	8001b02 <TIM6_DAC_LPTIM1+0x186>
 8001a22:	movs	r1, #1
 8001a24:	b.n	8001b00 <TIM6_DAC_LPTIM1+0x184>
_ZN4core4sync6atomic11atomic_load17h6513f2a049411145E():
C:\Users\kaido\.rustup\toolchains\stable-x86_64-pc-windows-msvc\lib/rustlib/src/rust\library/core/src/sync/atomic.rs:3904
 8001a26:	ldrb	r4, [r0, #1]
_ZN10firmware505roots10guard_root17h0aa63d229255234fE():
E:\m\robot\esc\rm32-sagcheck\binz\firmware50/src/roots.rs:808
        guard_trip(Reason::CampaignDeadline);
        return;
    }
    if S.guard().tracking.load(Ordering::Relaxed) {
 8001a28:	cmp	r4, #0
 8001a2a:	bne.n	8001a2e <TIM6_DAC_LPTIM1+0xb2>
 8001a2c:	b.n	8001b58 <TIM6_DAC_LPTIM1+0x1dc>
_ZN4core4sync6atomic11atomic_load17ha0a8f3d71d6d75acE():
C:\Users\kaido\.rustup\toolchains\stable-x86_64-pc-windows-msvc\lib/rustlib/src/rust\library/core/src/sync/atomic.rs:3904
 8001a2e:	ldr	r4, [pc, #556]	@ (8001c5c <TIM6_DAC_LPTIM1+0x2e0>)
 8001a30:	ldr	r4, [r4, #24]
 8001a32:	ldr	r5, [r0, #68]	@ 0x44
_ZN10firmware505roots10guard_root17h0aa63d229255234fE():
E:\m\robot\esc\rm32-sagcheck\binz\firmware50/src/roots.rs:819
        // the second read of `accept_seq` is kept as a cheap consistency check.
        let s1 = S.det().accept_seq.load(Ordering::Relaxed);
        let n = s1.wrapping_sub(S.guard().seq_seen.load(Ordering::Relaxed));
        let mut poll_at = now;
        let mut batch = None;
        if n != 0 {
 8001a34:	cmp	r4, r5
 8001a36:	beq.n	8001a7a <TIM6_DAC_LPTIM1+0xfe>
_ZN4core4sync6atomic11atomic_load17ha0a8f3d71d6d75acE():
C:\Users\kaido\.rustup\toolchains\stable-x86_64-pc-windows-msvc\lib/rustlib/src/rust\library/core/src/sync/atomic.rs:3904
 8001a38:	ldr	r6, [pc, #544]	@ (8001c5c <TIM6_DAC_LPTIM1+0x2e0>)
 8001a3a:	ldr	r6, [r6, #28]
 8001a3c:	str	r6, [sp, #24]
 8001a3e:	str	r4, [sp, #32]
 8001a40:	str	r5, [sp, #28]
 8001a42:	ldr	r6, [pc, #536]	@ (8001c5c <TIM6_DAC_LPTIM1+0x2e0>)
 8001a44:	ldr	r5, [r6, #32]
 8001a46:	str	r5, [sp, #20]
 8001a48:	ldr	r4, [sp, #32]
 8001a4a:	ldr	r5, [r6, #16]
 8001a4c:	ldr	r6, [r6, #24]
_ZN10firmware505roots10guard_root17h0aa63d229255234fE():
E:\m\robot\esc\rm32-sagcheck\binz\firmware50/src/roots.rs:823
            let raw_a = S.det().accept_raw.load(Ordering::Relaxed) as u16;
            let sector = S.det().accept_step.load(Ordering::Relaxed) as u8;
            let average = S.det().accept_avg.load(Ordering::Relaxed);
            if S.det().accept_seq.load(Ordering::Relaxed) == s1 {
 8001a4e:	cmp	r6, r4
 8001a50:	bne.n	8001a7a <TIM6_DAC_LPTIM1+0xfe>
_ZN4core4sync6atomic12atomic_store17h012e5fe46ba359ddE():
C:\Users\kaido\.rustup\toolchains\stable-x86_64-pc-windows-msvc\lib/rustlib/src/rust\library/core/src/sync/atomic.rs:3889
            Relaxed => intrinsics::atomic_store::<T, { AO::Relaxed }>(dst, val),
 8001a52:	str	r4, [r0, #68]	@ 0x44
_RNvMs5_NtCshtjvQpOZWNm_4core3numt12wrapping_sub():
C:\Users\kaido\.rustup\toolchains\stable-x86_64-pc-windows-msvc\lib/rustlib/src/rust\library/core/src/num/uint_macros.rs:2548
 8001a54:	ldr	r6, [sp, #24]
 8001a56:	subs	r3, r6, r3
_RNvXs1g_NtNtCshtjvQpOZWNm_4core7convert3numlINtB8_4FromsE4from():
C:\Users\kaido\.rustup\toolchains\stable-x86_64-pc-windows-msvc\lib/rustlib/src/rust\library/core/src/convert/num.rs:82
            #[doc = concat!("Converts from [`", stringify!($small), "`] to [`", stringify!($large), "`] losslessly.")]
            #[inline(always)]
            fn from(small: $small) -> Self {
                debug_assert!(<$large>::MIN as i128 <= <$small>::MIN as i128);
                debug_assert!(<$small>::MAX as u128 <= <$large>::MAX as u128);
                small as Self
 8001a58:	sxth	r3, r3
_RNvMs6_NtCshtjvQpOZWNm_4core3numm12wrapping_add():
C:\Users\kaido\.rustup\toolchains\stable-x86_64-pc-windows-msvc\lib/rustlib/src/rust\library/core/src/num/uint_macros.rs:2511
            intrinsics::wrapping_add(self, rhs)
 8001a5a:	adds	r6, r3, r2
_ZN10firmware505roots10guard_root17h0aa63d229255234fE():
E:\m\robot\esc\rm32-sagcheck\binz\firmware50/src/roots.rs:829
                S.guard().seq_seen.store(s1, Ordering::Relaxed);
                // Signed: the newest crossing may postdate this tick's clock
                // read, and then it must not age the watch backwards
                // (the cross-ISR timestamp race).
                let at_event = now.wrapping_add(i32::from(raw_a.wrapping_sub(raw) as i16) as u32);
                if at_event.wrapping_sub(now) < 0x8000_0000 {
 8001a5c:	cmp	r3, #0
 8001a5e:	bmi.n	8001a62 <TIM6_DAC_LPTIM1+0xe6>
 8001a60:	mov	r2, r6
 8001a62:	str	r6, [sp, #24]
 8001a64:	mvns	r6, r1
_RNvNtCshtjvQpOZWNm_4core10intrinsics8unlikely():
C:\Users\kaido\.rustup\toolchains\stable-x86_64-pc-windows-msvc\lib/rustlib/src/rust\library/core/src/intrinsics/mod.rs:457
/// This intrinsic does not have a stable counterpart.
#[unstable(feature = "core_intrinsics", issue = "none")]
#[rustc_nounwind]
#[inline(always)]
pub const fn unlikely(b: bool) -> bool {
    if b {
 8001a66:	cmp	r5, #0
 8001a68:	str	r6, [sp, #16]
 8001a6a:	blt.n	8001a6e <TIM6_DAC_LPTIM1+0xf2>
 8001a6c:	lsls	r6, r5, #1
_ZN10firmware505roots10guard_root28_$u7b$$u7b$closure$u7d$$u7d$17h5fe6d68ef76b2e97E():
 8001a6e:	ldr	r3, [pc, #496]	@ (8001c60 <TIM6_DAC_LPTIM1+0x2e4>)
_ZN10firmware508tracking20speed_event_limit_us17h60b2d0573c1f9364E():
E:\m\robot\esc\rm32-sagcheck\binz\firmware50/src/tracking.rs:38
/// Three controller periods in µs, from a period in half-µs, floored at 200
/// and capped at 1000 (reference `speed_event_limit_us`, with its own
/// compile-time table). Split at 667 so the only multiply stays small.
#[must_use]
pub const fn speed_event_limit_us(reference_half_us: u32) -> u32 {
    if reference_half_us >= 667 {
 8001a70:	cmp	r6, r3
 8001a72:	bls.n	8001a90 <TIM6_DAC_LPTIM1+0x114>
 8001a74:	movs	r3, #125	@ 0x7d
 8001a76:	lsls	r6, r3, #3
 8001a78:	b.n	8001a9e <TIM6_DAC_LPTIM1+0x122>
_ZN10firmware505roots10guard_root28_$u7b$$u7b$closure$u7d$$u7d$17h5fe6d68ef76b2e97E():
 8001a7a:	movs	r3, #64	@ 0x40
_ZN4core6option15Option$LT$T$GT$7is_some17hf029f0fc653c97b1E():
C:\Users\kaido\.rustup\toolchains\stable-x86_64-pc-windows-msvc\lib/rustlib/src/rust\library/core/src/option.rs:636
    #[must_use = "if you intended to assert that this has a value, consider `.unwrap()` instead"]
    #[inline]
    #[stable(feature = "rust1", since = "1.0.0")]
    #[rustc_const_stable(feature = "const_option_basics", since = "1.48.0")]
    pub const fn is_some(&self) -> bool {
        matches!(*self, Some(_))
 8001a7c:	ldrb	r3, [r0, r3]
_ZN10firmware508tracking19EventWatch$LT$_$GT$4poll17hd848691dc0692d1bE():
E:\m\robot\esc\rm32-sagcheck\binz\firmware50/src/tracking.rs:101
        (self.fast_count, if self.fast_count == 0 { 0 } else { self.fast_min })
    }

    /// Check for a stale event, with or without a new one.
    pub fn poll(&mut self, now: u32) -> Option<Fault> {
        if self.fault.is_none() && now.wrapping_sub(self.last) > self.max_interval {
 8001a7e:	cmp	r3, #3
 8001a80:	bne.n	8001af8 <TIM6_DAC_LPTIM1+0x17c>
 8001a82:	ldr	r5, [r0, #52]	@ 0x34
 8001a84:	ldr	r6, [r0, #44]	@ 0x2c
_RNvMs6_NtCshtjvQpOZWNm_4core3numm12wrapping_sub():
C:\Users\kaido\.rustup\toolchains\stable-x86_64-pc-windows-msvc\lib/rustlib/src/rust\library/core/src/num/uint_macros.rs:2548
            intrinsics::wrapping_sub(self, rhs)
 8001a86:	subs	r2, r2, r6
_ZN10firmware508tracking19EventWatch$LT$_$GT$4poll17hd848691dc0692d1bE():
E:\m\robot\esc\rm32-sagcheck\binz\firmware50/src/tracking.rs:101
 8001a88:	cmp	r2, r5
 8001a8a:	mov	r6, r1
 8001a8c:	bhi.n	8001af4 <TIM6_DAC_LPTIM1+0x178>
 8001a8e:	b.n	8001b58 <TIM6_DAC_LPTIM1+0x1dc>
_ZN10firmware505roots10guard_root28_$u7b$$u7b$closure$u7d$$u7d$17h5fe6d68ef76b2e97E():
 8001a90:	movs	r3, #3
_ZN10firmware508tracking20speed_event_limit_us17h60b2d0573c1f9364E():
E:\m\robot\esc\rm32-sagcheck\binz\firmware50/src/tracking.rs:41
        let us = (reference_half_us * 3 + 1) >> 1;
 8001a92:	muls	r3, r6
 8001a94:	adds	r3, r3, #1
 8001a96:	lsrs	r6, r3, #1
E:\m\robot\esc\rm32-sagcheck\binz\firmware50/src/tracking.rs:42
        if us < 200 { 200 } else { us }
 8001a98:	cmp	r6, #200	@ 0xc8
 8001a9a:	bhi.n	8001a9e <TIM6_DAC_LPTIM1+0x122>
_ZN10firmware505roots10guard_root17h0aa63d229255234fE():
 8001a9c:	movs	r6, #200	@ 0xc8
 8001a9e:	ldr	r3, [sp, #28]
 8001aa0:	subs	r4, r4, r3
_ZN10firmware508tracking19EventWatch$LT$_$GT$20tighten_max_interval17h127dc509257243eaE():
E:\m\robot\esc\rm32-sagcheck\binz\firmware50/src/tracking.rs:110
    }

    /// Tighten the missing-event deadline; refuses to loosen it or to go
    /// below the minimum interval.
    pub fn tighten_max_interval(&mut self, max_interval: u32) -> bool {
        if max_interval < self.min_interval || max_interval >= 0x8000_0000 {
 8001aa2:	ldr	r3, [r0, #48]	@ 0x30
 8001aa4:	ldr	r5, [r0, #52]	@ 0x34
 8001aa6:	str	r3, [sp, #32]
 8001aa8:	cmp	r6, r3
 8001aaa:	bcc.n	8001ab4 <TIM6_DAC_LPTIM1+0x138>
 8001aac:	cmp	r6, r5
 8001aae:	bcs.n	8001ab4 <TIM6_DAC_LPTIM1+0x138>
E:\m\robot\esc\rm32-sagcheck\binz\firmware50/src/tracking.rs:114
            return false;
        }
        if max_interval < self.max_interval {
            self.max_interval = max_interval;
 8001ab0:	str	r6, [r0, #52]	@ 0x34
 8001ab2:	mov	r5, r6
_ZN10firmware505roots10guard_root28_$u7b$$u7b$closure$u7d$$u7d$17h5fe6d68ef76b2e97E():
 8001ab4:	movs	r3, #64	@ 0x40
_ZN10firmware508tracking19EventWatch$LT$_$GT$6events17h567fc2093abb9286E():
 8001ab6:	ldrb	r6, [r0, r3]
E:\m\robot\esc\rm32-sagcheck\binz\firmware50/src/tracking.rs:129
    /// `n == 1`. `n == 1` is exactly [`Self::event`]. No division: `n` is reduced
    /// modulo 6 by bounded subtraction, and a batch of 18 or more crossings
    /// between two ticks (impossible while the tick-gap stop holds)
    /// re-establishes phase instead of judging order.
    pub fn events(&mut self, now: u32, sector: u8, n: u32) -> Option<Fault> {
        if n == 0 {
 8001ab8:	cmp	r4, #1
 8001aba:	bne.n	8001ae4 <TIM6_DAC_LPTIM1+0x168>
_ZN10firmware508tracking19EventWatch$LT$_$GT$4poll17hd848691dc0692d1bE():
E:\m\robot\esc\rm32-sagcheck\binz\firmware50/src/tracking.rs:101
        if self.fault.is_none() && now.wrapping_sub(self.last) > self.max_interval {
 8001abc:	cmp	r6, #3
 8001abe:	bne.n	8001af8 <TIM6_DAC_LPTIM1+0x17c>
 8001ac0:	ldr	r3, [r0, #44]	@ 0x2c
 8001ac2:	ldr	r6, [sp, #24]
_RNvMs6_NtCshtjvQpOZWNm_4core3numm12wrapping_sub():
C:\Users\kaido\.rustup\toolchains\stable-x86_64-pc-windows-msvc\lib/rustlib/src/rust\library/core/src/num/uint_macros.rs:2548
 8001ac4:	subs	r4, r6, r3
_ZN10firmware508tracking19EventWatch$LT$_$GT$4poll17hd848691dc0692d1bE():
E:\m\robot\esc\rm32-sagcheck\binz\firmware50/src/tracking.rs:101
 8001ac6:	cmp	r4, r5
 8001ac8:	bhi.n	8001af2 <TIM6_DAC_LPTIM1+0x176>
_ZN10firmware508tracking19EventWatch$LT$_$GT$5event17h34729a4c9d3e384dE():
 8001aca:	movs	r3, #65	@ 0x41
 8001acc:	str	r3, [sp, #28]
E:\m\robot\esc\rm32-sagcheck\binz\firmware50/src/tracking.rs:187
    /// establishes phase only.
    pub fn event(&mut self, now: u32, sector: u8) -> Option<Fault> {
        if self.poll(now).is_some() {
            return self.fault;
        }
        let in_order = match self.sector {
 8001ace:	ldrb	r3, [r0, r3]
 8001ad0:	cmp	r3, #1
 8001ad2:	beq.n	8001ad6 <TIM6_DAC_LPTIM1+0x15a>
 8001ad4:	b.n	8001be0 <TIM6_DAC_LPTIM1+0x264>
 8001ad6:	movs	r3, #66	@ 0x42
E:\m\robot\esc\rm32-sagcheck\binz\firmware50/src/tracking.rs:189
            None => true,
            Some(prev) => sector == if prev == 6 { 1 } else { prev + 1 },
 8001ad8:	ldrb	r6, [r0, r3]
 8001ada:	cmp	r6, #6
 8001adc:	bne.n	8001ae0 <TIM6_DAC_LPTIM1+0x164>
 8001ade:	b.n	8001bee <TIM6_DAC_LPTIM1+0x272>
_ZN10firmware508tracking19EventWatch$LT$_$GT$6events17h567fc2093abb9286E():
 8001ae0:	adds	r3, r6, #1
 8001ae2:	b.n	8001bf0 <TIM6_DAC_LPTIM1+0x274>
_ZN10firmware508tracking19EventWatch$LT$_$GT$4poll17hd848691dc0692d1bE():
E:\m\robot\esc\rm32-sagcheck\binz\firmware50/src/tracking.rs:101
        if self.fault.is_none() && now.wrapping_sub(self.last) > self.max_interval {
 8001ae4:	cmp	r6, #3
 8001ae6:	bne.n	8001af8 <TIM6_DAC_LPTIM1+0x17c>
 8001ae8:	ldr	r3, [r0, #44]	@ 0x2c
_RNvMs6_NtCshtjvQpOZWNm_4core3numm12wrapping_sub():
C:\Users\kaido\.rustup\toolchains\stable-x86_64-pc-windows-msvc\lib/rustlib/src/rust\library/core/src/num/uint_macros.rs:2548
 8001aea:	ldr	r6, [sp, #24]
 8001aec:	subs	r3, r6, r3
_ZN10firmware508tracking19EventWatch$LT$_$GT$4poll17hd848691dc0692d1bE():
E:\m\robot\esc\rm32-sagcheck\binz\firmware50/src/tracking.rs:101
 8001aee:	cmp	r3, r5
 8001af0:	bls.n	8001b5c <TIM6_DAC_LPTIM1+0x1e0>
_ZN10firmware505roots10guard_root28_$u7b$$u7b$closure$u7d$$u7d$17h5fe6d68ef76b2e97E():
 8001af2:	mov	r6, r1
 8001af4:	movs	r1, #64	@ 0x40
 8001af6:	strb	r6, [r0, r1]
_ZN4core4sync6atomic11atomic_load17ha0a8f3d71d6d75acE():
C:\Users\kaido\.rustup\toolchains\stable-x86_64-pc-windows-msvc\lib/rustlib/src/rust\library/core/src/sync/atomic.rs:3904
            Relaxed => intrinsics::atomic_load::<T, { AO::Relaxed }>(dst),
 8001af8:	ldr	r1, [r0, #4]
_ZN10firmware505roots10guard_trip17h1d6f483761c56bd9E():
E:\m\robot\esc\rm32-sagcheck\binz\firmware50/src/roots.rs:676
    if S.guard().reason.load(Ordering::Relaxed) == 0 {
 8001afa:	cmp	r1, #0
 8001afc:	bne.n	8001b02 <TIM6_DAC_LPTIM1+0x186>
_ZN10firmware505roots10guard_root17h0aa63d229255234fE():
 8001afe:	movs	r1, #8
_ZN4core4sync6atomic12atomic_store17h012e5fe46ba359ddE():
C:\Users\kaido\.rustup\toolchains\stable-x86_64-pc-windows-msvc\lib/rustlib/src/rust\library/core/src/sync/atomic.rs:3889
            Relaxed => intrinsics::atomic_store::<T, { AO::Relaxed }>(dst, val),
 8001b00:	str	r1, [r0, #4]
_ZN10firmware505roots10guard_trip17h1d6f483761c56bd9E():
 8001b02:	movs	r1, #0
_ZN4core4sync6atomic12atomic_store17h96d2381b173a32f1E():
C:\Users\kaido\.rustup\toolchains\stable-x86_64-pc-windows-msvc\lib/rustlib/src/rust\library/core/src/sync/atomic.rs:3889
 8001b04:	strb	r1, [r0, #0]
 8001b06:	strb	r1, [r0, #1]
 8001b08:	ldr	r2, [pc, #344]	@ (8001c64 <TIM6_DAC_LPTIM1+0x2e8>)
 8001b0a:	strb	r1, [r2, #0]
 8001b0c:	ldr	r0, [pc, #332]	@ (8001c5c <TIM6_DAC_LPTIM1+0x2e0>)
 8001b0e:	strb	r1, [r0, #0]
 8001b10:	ldr	r0, [pc, #340]	@ (8001c68 <TIM6_DAC_LPTIM1+0x2ec>)
 8001b12:	strb	r1, [r0, #0]
 8001b14:	movs	r0, #1
 8001b16:	lsls	r3, r0, #12
 8001b18:	ldr	r4, [pc, #336]	@ (8001c6c <TIM6_DAC_LPTIM1+0x2f0>)
_ZN4core3ptr14write_volatile17h661cdd817c18b4a9E():
C:\Users\kaido\.rustup\toolchains\stable-x86_64-pc-windows-msvc\lib/rustlib/src/rust\library/core/src/ptr/mod.rs:2182
        intrinsics::volatile_store(dst, src);
 8001b1a:	str	r3, [r4, #0]
 8001b1c:	lsls	r4, r0, #18
 8001b1e:	ldr	r5, [pc, #336]	@ (8001c70 <TIM6_DAC_LPTIM1+0x2f4>)
_ZN4core3ptr13read_volatile17haa28b09ed7ed58c3E():
C:\Users\kaido\.rustup\toolchains\stable-x86_64-pc-windows-msvc\lib/rustlib/src/rust\library/core/src/ptr/mod.rs:2095
        intrinsics::volatile_load(src)
 8001b20:	ldr	r6, [r5, #116]	@ 0x74
_RNvXslz_NtNtCshtjvQpOZWNm_4core3ops3bitmNtB6_12BitAndAssign13bitand_assign():
C:\Users\kaido\.rustup\toolchains\stable-x86_64-pc-windows-msvc\lib/rustlib/src/rust\library/core/src/ops/bit.rs:748
    ($($t:ty)+) => ($(
        #[stable(feature = "op_assign_traits", since = "1.8.0")]
        #[rustc_const_unstable(feature = "const_ops", issue = "143802")]
        impl const BitAndAssign for $t {
            #[inline]
            fn bitand_assign(&mut self, other: $t) { *self &= other }
 8001b22:	bics	r6, r4
_ZN4core3ptr14write_volatile17h661cdd817c18b4a9E():
C:\Users\kaido\.rustup\toolchains\stable-x86_64-pc-windows-msvc\lib/rustlib/src/rust\library/core/src/ptr/mod.rs:2182
        intrinsics::volatile_store(dst, src);
 8001b24:	str	r6, [r5, #116]	@ 0x74
 8001b26:	str	r4, [r5, #0]
 8001b28:	str	r4, [r5, #4]
 8001b2a:	ldr	r4, [pc, #328]	@ (8001c74 <TIM6_DAC_LPTIM1+0x2f8>)
 8001b2c:	str	r3, [r4, #0]
 8001b2e:	movs	r3, #99	@ 0x63
 8001b30:	lsls	r3, r3, #2
_RNvMsM_NtNtCshtjvQpOZWNm_4core4sync6atomicINtB5_6AtomichE5store():
C:\Users\kaido\.rustup\toolchains\stable-x86_64-pc-windows-msvc\lib/rustlib/src/rust\library/core/src/sync/atomic.rs:3889
 8001b32:	strb	r0, [r2, r3]
 8001b34:	ldr	r3, [pc, #320]	@ (8001c78 <TIM6_DAC_LPTIM1+0x2fc>)
_ZN4core3ptr14write_volatile17h661cdd817c18b4a9E():
C:\Users\kaido\.rustup\toolchains\stable-x86_64-pc-windows-msvc\lib/rustlib/src/rust\library/core/src/ptr/mod.rs:2182
 8001b36:	str	r1, [r3, #0]
 8001b38:	str	r1, [r3, #12]
 8001b3a:	str	r1, [r3, #16]
_ZN4core4sync6atomic12atomic_store17hd34b92fded90eef1E():
C:\Users\kaido\.rustup\toolchains\stable-x86_64-pc-windows-msvc\lib/rustlib/src/rust\library/core/src/sync/atomic.rs:3889
 8001b3c:	str	r1, [r2, #4]
 8001b3e:	lsls	r2, r0, #21
_ZN4core3ptr14write_volatile17h661cdd817c18b4a9E():
C:\Users\kaido\.rustup\toolchains\stable-x86_64-pc-windows-msvc\lib/rustlib/src/rust\library/core/src/ptr/mod.rs:2182
 8001b40:	str	r2, [r4, #0]
 8001b42:	lsls	r2, r0, #15
 8001b44:	ldr	r3, [pc, #308]	@ (8001c7c <TIM6_DAC_LPTIM1+0x300>)
_ZN4core3ptr13read_volatile17h27d2c6fbe1a9c73aE():
C:\Users\kaido\.rustup\toolchains\stable-x86_64-pc-windows-msvc\lib/rustlib/src/rust\library/core/src/ptr/mod.rs:2095
        intrinsics::volatile_load(src)
 8001b46:	ldr	r4, [r3, #16]
_RNvXslz_NtNtCshtjvQpOZWNm_4core3ops3bitmNtB6_12BitAndAssign13bitand_assign():
C:\Users\kaido\.rustup\toolchains\stable-x86_64-pc-windows-msvc\lib/rustlib/src/rust\library/core/src/ops/bit.rs:748
 8001b48:	bics	r4, r2
_ZN4core3ptr14write_volatile17ha98cf97793440445E():
C:\Users\kaido\.rustup\toolchains\stable-x86_64-pc-windows-msvc\lib/rustlib/src/rust\library/core/src/ptr/mod.rs:2182
        intrinsics::volatile_store(dst, src);
 8001b4a:	str	r4, [r3, #16]
 8001b4c:	str	r1, [r3, #8]
 8001b4e:	str	r1, [r3, #4]
 8001b50:	str	r1, [r3, #0]
 8001b52:	lsls	r0, r0, #17
 8001b54:	ldr	r1, [pc, #296]	@ (8001c80 <TIM6_DAC_LPTIM1+0x304>)
 8001b56:	str	r0, [r1, #0]
TIM6_DAC_LPTIM1():
E:\m\robot\esc\rm32-sagcheck\binz\firmware50/bin/board.rs:64
 8001b58:	add	sp, #36	@ 0x24
 8001b5a:	pop	{r4, r5, r6, r7, pc}
 8001b5c:	str	r3, [sp, #28]
 8001b5e:	mov	r6, r4
_ZN10firmware508tracking19EventWatch$LT$_$GT$6events17h567fc2093abb9286E():
E:\m\robot\esc\rm32-sagcheck\binz\firmware50/src/tracking.rs:139
        if k >= 12 {
 8001b60:	cmp	r4, #11
 8001b62:	bls.n	8001b66 <TIM6_DAC_LPTIM1+0x1ea>
 8001b64:	subs	r6, #12
E:\m\robot\esc\rm32-sagcheck\binz\firmware50/src/tracking.rs:142
        if k >= 6 {
 8001b66:	cmp	r6, #5
 8001b68:	bls.n	8001b6c <TIM6_DAC_LPTIM1+0x1f0>
 8001b6a:	subs	r6, r6, #6
 8001b6c:	movs	r3, #65	@ 0x41
 8001b6e:	str	r3, [sp, #12]
E:\m\robot\esc\rm32-sagcheck\binz\firmware50/src/tracking.rs:145
        let in_order = match self.sector {
 8001b70:	ldrb	r3, [r0, r3]
 8001b72:	cmp	r6, #5
 8001b74:	str	r3, [sp, #8]
 8001b76:	bhi.n	8001ba6 <TIM6_DAC_LPTIM1+0x22a>
 8001b78:	cmp	r3, #0
 8001b7a:	beq.n	8001ba6 <TIM6_DAC_LPTIM1+0x22a>
 8001b7c:	movs	r3, #66	@ 0x42
E:\m\robot\esc\rm32-sagcheck\binz\firmware50/src/tracking.rs:148
            Some(prev) => {
 8001b7e:	ldrb	r3, [r0, r3]
E:\m\robot\esc\rm32-sagcheck\binz\firmware50/src/tracking.rs:149
                let s = u32::from(prev) + k;
 8001b80:	adds	r6, r6, r3
E:\m\robot\esc\rm32-sagcheck\binz\firmware50/src/tracking.rs:150
                u32::from(sector) == if s > 6 { s - 6 } else { s }
 8001b82:	subs	r3, r6, #6
 8001b84:	bhi.n	8001b88 <TIM6_DAC_LPTIM1+0x20c>
 8001b86:	mov	r3, r6
 8001b88:	str	r3, [sp, #4]
_ZN4core3ops5range11RangeBounds8contains17h99c2b6dab4ee1982E():
C:\Users\kaido\.rustup\toolchains\stable-x86_64-pc-windows-msvc\lib/rustlib/src/rust\library/core/src/ops/range.rs:873
    fn contains<U>(&self, item: &U) -> bool
    where
        T: [const] PartialOrd<U>,
        U: ?Sized + [const] PartialOrd<T>,
    {
        (match self.start_bound() {
 8001b8a:	ldr	r3, [sp, #20]
 8001b8c:	subs	r3, r3, #1
 8001b8e:	uxtb	r3, r3
 8001b90:	movs	r6, #2
_ZN10firmware508tracking19EventWatch$LT$_$GT$6events17h567fc2093abb9286E():
E:\m\robot\esc\rm32-sagcheck\binz\firmware50/src/tracking.rs:153
        if !(1..=6).contains(&sector) || !in_order {
 8001b92:	cmp	r3, #5
 8001b94:	bhi.n	8001af4 <TIM6_DAC_LPTIM1+0x178>
 8001b96:	ldr	r3, [sp, #20]
 8001b98:	uxtb	r3, r3
 8001b9a:	str	r4, [sp, #0]
 8001b9c:	ldr	r4, [sp, #4]
 8001b9e:	cmp	r4, r3
 8001ba0:	ldr	r4, [sp, #0]
 8001ba2:	bne.n	8001af4 <TIM6_DAC_LPTIM1+0x178>
 8001ba4:	b.n	8001bb0 <TIM6_DAC_LPTIM1+0x234>
_ZN4core3ops5range11RangeBounds8contains17h99c2b6dab4ee1982E():
C:\Users\kaido\.rustup\toolchains\stable-x86_64-pc-windows-msvc\lib/rustlib/src/rust\library/core/src/ops/range.rs:873
 8001ba6:	ldr	r3, [sp, #20]
 8001ba8:	subs	r3, r3, #1
 8001baa:	uxtb	r3, r3
_ZN10firmware508tracking19EventWatch$LT$_$GT$6events17h567fc2093abb9286E():
E:\m\robot\esc\rm32-sagcheck\binz\firmware50/src/tracking.rs:153
 8001bac:	cmp	r3, #6
 8001bae:	bcs.n	8001bea <TIM6_DAC_LPTIM1+0x26e>
E:\m\robot\esc\rm32-sagcheck\binz\firmware50/src/tracking.rs:162
            let span = if n >= 64 {
 8001bb0:	cmp	r4, #63	@ 0x3f
 8001bb2:	ldr	r3, [sp, #16]
 8001bb4:	bhi.n	8001bba <TIM6_DAC_LPTIM1+0x23e>
 8001bb6:	ldr	r3, [sp, #32]
 8001bb8:	muls	r3, r4
E:\m\robot\esc\rm32-sagcheck\binz\firmware50/src/tracking.rs:167
            if self.sector.is_some() && gap < span {
 8001bba:	ldr	r6, [sp, #28]
 8001bbc:	cmp	r6, r3
 8001bbe:	ldr	r6, [sp, #24]
 8001bc0:	bcs.n	8001bd4 <TIM6_DAC_LPTIM1+0x258>
 8001bc2:	ldr	r3, [sp, #8]
 8001bc4:	cmp	r3, #0
 8001bc6:	beq.n	8001bd4 <TIM6_DAC_LPTIM1+0x258>
E:\m\robot\esc\rm32-sagcheck\binz\firmware50/src/tracking.rs:169
                    self.fast_count = self.fast_count.saturating_add(n);
 8001bc8:	ldr	r3, [r0, #56]	@ 0x38
_RNvMs6_NtCshtjvQpOZWNm_4core3numm14saturating_add():
C:\Users\kaido\.rustup\toolchains\stable-x86_64-pc-windows-msvc\lib/rustlib/src/rust\library/core/src/num/uint_macros.rs:2355
            intrinsics::saturating_add(self, rhs)
 8001bca:	adds	r4, r3, r4
 8001bcc:	bcc.n	8001bd2 <TIM6_DAC_LPTIM1+0x256>
_ZN10firmware508tracking19EventWatch$LT$_$GT$6events17h567fc2093abb9286E():
 8001bce:	movs	r3, #0
 8001bd0:	mvns	r4, r3
E:\m\robot\esc\rm32-sagcheck\binz\firmware50/src/tracking.rs:169
 8001bd2:	str	r4, [r0, #56]	@ 0x38
 8001bd4:	movs	r3, #66	@ 0x42
E:\m\robot\esc\rm32-sagcheck\binz\firmware50/src/tracking.rs:176
            self.sector = Some(sector);
 8001bd6:	ldr	r4, [sp, #20]
 8001bd8:	strb	r4, [r0, r3]
 8001bda:	movs	r3, #1
 8001bdc:	ldr	r4, [sp, #12]
 8001bde:	b.n	8001c3e <TIM6_DAC_LPTIM1+0x2c2>
_ZN4core3ops5range11RangeBounds8contains17h99c2b6dab4ee1982E():
C:\Users\kaido\.rustup\toolchains\stable-x86_64-pc-windows-msvc\lib/rustlib/src/rust\library/core/src/ops/range.rs:873
 8001be0:	ldr	r3, [sp, #20]
 8001be2:	subs	r3, r3, #1
 8001be4:	uxtb	r3, r3
_ZN10firmware508tracking19EventWatch$LT$_$GT$5event17h34729a4c9d3e384dE():
E:\m\robot\esc\rm32-sagcheck\binz\firmware50/src/tracking.rs:191
        };
        if !(1..=6).contains(&sector) || !in_order {
 8001be6:	cmp	r3, #6
 8001be8:	bcc.n	8001c34 <TIM6_DAC_LPTIM1+0x2b8>
 8001bea:	movs	r6, #2
 8001bec:	b.n	8001af4 <TIM6_DAC_LPTIM1+0x178>
 8001bee:	movs	r3, #1
 8001bf0:	str	r3, [sp, #16]
 8001bf2:	ldr	r3, [sp, #20]
_ZN4core3ops5range25RangeInclusive$LT$Idx$GT$8contains17h553dacd950af8b01E():
C:\Users\kaido\.rustup\toolchains\stable-x86_64-pc-windows-msvc\lib/rustlib/src/rust\library/core/src/ops/range.rs:873
 8001bf4:	subs	r3, r3, #1
 8001bf6:	uxtb	r3, r3
 8001bf8:	movs	r6, #2
_ZN10firmware508tracking19EventWatch$LT$_$GT$5event17h34729a4c9d3e384dE():
E:\m\robot\esc\rm32-sagcheck\binz\firmware50/src/tracking.rs:191
 8001bfa:	cmp	r3, #5
 8001bfc:	bls.n	8001c00 <TIM6_DAC_LPTIM1+0x284>
 8001bfe:	b.n	8001af4 <TIM6_DAC_LPTIM1+0x178>
 8001c00:	str	r4, [sp, #8]
 8001c02:	ldr	r3, [sp, #20]
 8001c04:	uxtb	r3, r3
 8001c06:	str	r3, [sp, #12]
 8001c08:	ldr	r3, [sp, #16]
 8001c0a:	uxtb	r3, r3
 8001c0c:	ldr	r4, [sp, #12]
 8001c0e:	cmp	r3, r4
 8001c10:	beq.n	8001c14 <TIM6_DAC_LPTIM1+0x298>
 8001c12:	b.n	8001af4 <TIM6_DAC_LPTIM1+0x178>
E:\m\robot\esc\rm32-sagcheck\binz\firmware50/src/tracking.rs:195
            self.fault = Some(Fault::SectorOrder);
        } else {
            let gap = now.wrapping_sub(self.last);
            if self.sector.is_some() && gap < self.min_interval {
 8001c14:	ldr	r3, [sp, #32]
 8001c16:	ldr	r4, [sp, #8]
 8001c18:	cmp	r4, r3
 8001c1a:	ldr	r6, [sp, #24]
 8001c1c:	bcs.n	8001c34 <TIM6_DAC_LPTIM1+0x2b8>
E:\m\robot\esc\rm32-sagcheck\binz\firmware50/src/tracking.rs:197
                if REPORT_FAST {
                    self.fast_count = self.fast_count.saturating_add(1);
 8001c1e:	ldr	r3, [r0, #56]	@ 0x38
_RNvMs6_NtCshtjvQpOZWNm_4core3numm14saturating_add():
C:\Users\kaido\.rustup\toolchains\stable-x86_64-pc-windows-msvc\lib/rustlib/src/rust\library/core/src/num/uint_macros.rs:2355
 8001c20:	adds	r6, r3, #1
 8001c22:	bcc.n	8001c28 <TIM6_DAC_LPTIM1+0x2ac>
_ZN10firmware508tracking19EventWatch$LT$_$GT$5event17h34729a4c9d3e384dE():
 8001c24:	movs	r3, #0
 8001c26:	mvns	r6, r3
E:\m\robot\esc\rm32-sagcheck\binz\firmware50/src/tracking.rs:197
 8001c28:	str	r6, [r0, #56]	@ 0x38
E:\m\robot\esc\rm32-sagcheck\binz\firmware50/src/tracking.rs:198
                    if gap < self.fast_min {
 8001c2a:	ldr	r3, [r0, #60]	@ 0x3c
 8001c2c:	cmp	r4, r3
 8001c2e:	ldr	r6, [sp, #24]
 8001c30:	bcs.n	8001c34 <TIM6_DAC_LPTIM1+0x2b8>
E:\m\robot\esc\rm32-sagcheck\binz\firmware50/src/tracking.rs:199
                        self.fast_min = gap;
 8001c32:	str	r4, [r0, #60]	@ 0x3c
 8001c34:	movs	r3, #66	@ 0x42
E:\m\robot\esc\rm32-sagcheck\binz\firmware50/src/tracking.rs:207
                    self.fault = Some(Fault::TooFast);
                    return self.fault;
                }
            }
            self.last = now;
            self.sector = Some(sector);
 8001c36:	ldr	r4, [sp, #20]
 8001c38:	strb	r4, [r0, r3]
 8001c3a:	movs	r3, #1
 8001c3c:	ldr	r4, [sp, #28]
_ZN10firmware508tracking19EventWatch$LT$_$GT$6events17h567fc2093abb9286E():
 8001c3e:	strb	r3, [r0, r4]
 8001c40:	str	r6, [r0, #44]	@ 0x2c
_ZN10firmware508tracking19EventWatch$LT$_$GT$5event17h34729a4c9d3e384dE():
E:\m\robot\esc\rm32-sagcheck\binz\firmware50/src/tracking.rs:191
        if !(1..=6).contains(&sector) || !in_order {
 8001c42:	b.n	8001a86 <TIM6_DAC_LPTIM1+0x10a>
TIM6_DAC_LPTIM1():
 8001c44:	.word	0x40001010
 8001c48:	.word	0x40014824
 8001c4c:	.word	0x200002c0
 8001c50:	.word	0x50000410
 8001c54:	.word	0x20000344
 8001c58:	.word	0x04e33880
 8001c5c:	.word	0x20000194
 8001c60:	.word	0x0000029a
 8001c64:	.word	0x20000000
 8001c68:	.word	0x20000274
 8001c6c:	.word	0xe000e180
 8001c70:	.word	0x4002180c
 8001c74:	.word	0xe000e280
 8001c78:	.word	0x40014400
 8001c7c:	.word	0x40012c34
 8001c80:	.word	0x50000c18
