; AM32 G071 reference ISR: TIM16 -- commutation (B4)
; ELF B48733CA.b4-am32det-shell-pwm.elf  sha256 b48733ca7dfe324bf6eb684ef7d2c6c8e65f12dcfa3e6854eade8e6830d266cd
; objdump -d -S -l, call tree walked to depth 6
;
; call tree (function: instructions, size bytes -> callees)
;   TIM16: 260 insns, 564 B
;

; ===================== TIM16 =====================
<TIM16>:
TIM16():
E:\m\robot\esc\rm32-sagcheck\binz\firmware50/bin/shell-pwm.rs:115
use stm32g0xx_hal::stm32;
use stm32g0xx_hal::stm32::interrupt;

/// TIM16 one-shot commutation: `firmware50::roots::com_root`, recording
/// nothing (`NoChain`).
#[interrupt]
 800168c:	push	{r4, r5, r6, r7, lr}
 800168e:	add	r7, sp, #12
 8001690:	sub	sp, #24
 8001692:	ldr	r1, [pc, #484]	@ (8001878 <TIM16+0x1ec>)
 8001694:	movs	r3, #0
_ZN4core3ptr14write_volatile17h08dc9f3eb05ae389E():
C:\Users\kaido\.rustup\toolchains\stable-x86_64-pc-windows-msvc\lib/rustlib/src/rust\library/core/src/ptr/mod.rs:2182
            (
                addr: *mut () = dst as *mut (),
                align: usize = align_of::<T>(),
            ) => ub_checks::maybe_is_aligned(addr, align)
        );
        intrinsics::volatile_store(dst, src);
 8001696:	str	r3, [r1, #4]
_ZN4core4sync6atomic11atomic_load17hd85f812e6365abb7E():
C:\Users\kaido\.rustup\toolchains\stable-x86_64-pc-windows-msvc\lib/rustlib/src/rust\library/core/src/sync/atomic.rs:3904
#[cfg_attr(miri, track_caller)] // even without panics, this helps for Miri backtraces
unsafe fn atomic_load<T: Copy>(dst: *const T, order: Ordering) -> T {
    // SAFETY: the caller must uphold the safety contract for `atomic_load`.
    unsafe {
        match order {
            Relaxed => intrinsics::atomic_load::<T, { AO::Relaxed }>(dst),
 8001698:	ldr	r0, [pc, #480]	@ (800187c <TIM16+0x1f0>)
 800169a:	ldrb	r2, [r0, #0]
_ZN10firmware505roots8com_root17h6746bdd7268c243bE():
E:\m\robot\esc\rm32-sagcheck\binz\firmware50/src/roots.rs:1033
#[inline(always)]
pub unsafe fn com_root<C: ChainLog>() {
    // SAFETY: the caller is the TIM16 handler (this fn's contract).
    let mut at = unsafe { Root::<Motor>::enter() };
    hw::com_timer::ack();
    if !S.com().active.load(Ordering::Relaxed) {
 800169c:	cmp	r2, #0
 800169e:	bne.n	80016a2 <TIM16+0x16>
 80016a0:	b.n	800184a <TIM16+0x1be>
 80016a2:	ldr	r1, [pc, #476]	@ (8001880 <TIM16+0x1f4>)
_ZN4core3ptr13read_volatile17h519f18b3757fde83E():
C:\Users\kaido\.rustup\toolchains\stable-x86_64-pc-windows-msvc\lib/rustlib/src/rust\library/core/src/ptr/mod.rs:2095
        intrinsics::volatile_load(src)
 80016a4:	ldr	r1, [r1, #0]
_ZN4core4sync6atomic11atomic_load17hd5c03da187aa4dd8E():
C:\Users\kaido\.rustup\toolchains\stable-x86_64-pc-windows-msvc\lib/rustlib/src/rust\library/core/src/sync/atomic.rs:3904
 80016a6:	ldr	r1, [r0, #16]
 80016a8:	ldr	r1, [r0, #4]
_ZN10firmware505roots8com_root17h6746bdd7268c243bE():
E:\m\robot\esc\rm32-sagcheck\binz\firmware50/src/roots.rs:1046
        S.com().late_max.store(late, Ordering::Relaxed);
    }
    // The chain's service row (E154), pushed at the end; see `crate::chain`.
    let phase = S.com().phase.load(Ordering::Relaxed);
    let mut bridge = 0u16;
    if phase == 1 {
 80016aa:	cmp	r1, #1
 80016ac:	beq.n	80016b0 <TIM16+0x24>
 80016ae:	b.n	8001872 <TIM16+0x1e6>
_ZN4core4sync6atomic11atomic_load17hd5c03da187aa4dd8E():
C:\Users\kaido\.rustup\toolchains\stable-x86_64-pc-windows-msvc\lib/rustlib/src/rust\library/core/src/sync/atomic.rs:3904
 80016b0:	ldr	r1, [r0, #8]
_ZN10firmware505roots8com_root17h6746bdd7268c243bE():
E:\m\robot\esc\rm32-sagcheck\binz\firmware50/src/roots.rs:1047
        let step = Step::new_clamped(S.com().step.load(Ordering::Relaxed) as u8).next();
 80016b2:	uxtb	r4, r1
_ZN10firmware5011commutation4Step11new_clamped17ha573fda958b5fe26E():
E:\m\robot\esc\rm32-sagcheck\binz\firmware50/src/commutation.rs:56
    }

    /// Build a sector, saturating into range. Infallible, panic-free.
    #[inline]
    pub const fn new_clamped(raw: u8) -> Step {
        if raw < 1 {
 80016b4:	cmp	r4, #6
 80016b6:	mov	r2, r4
 80016b8:	bcc.n	80016bc <TIM16+0x30>
 80016ba:	movs	r2, #6
 80016bc:	movs	r1, #1
 80016be:	cmp	r4, #0
 80016c0:	mov	r4, r1
 80016c2:	beq.n	80016c6 <TIM16+0x3a>
_ZN10firmware505roots8com_root17h6746bdd7268c243bE():
 80016c4:	mov	r4, r2
 80016c6:	str	r3, [sp, #16]
_ZN10firmware5011commutation4Step4next17h5d136cc88a951b2bE():
E:\m\robot\esc\rm32-sagcheck\binz\firmware50/src/commutation.rs:73
    }

    /// Next sector, wrapping 6 -> 1.
    #[inline]
    pub const fn next(self) -> Step {
        if self.0 >= 6 {
 80016c8:	cmp	r4, #5
 80016ca:	bhi.n	80016ce <TIM16+0x42>
_ZN10firmware505roots8com_root17h6746bdd7268c243bE():
 80016cc:	adds	r1, r4, #1
_ZN4core4sync6atomic12atomic_store17h448b5d3b2dd8e993E():
C:\Users\kaido\.rustup\toolchains\stable-x86_64-pc-windows-msvc\lib/rustlib/src/rust\library/core/src/sync/atomic.rs:3889
            Relaxed => intrinsics::atomic_store::<T, { AO::Relaxed }>(dst, val),
 80016ce:	str	r1, [r0, #8]
 80016d0:	ldr	r2, [pc, #432]	@ (8001884 <TIM16+0x1f8>)
 80016d2:	str	r1, [r2, #8]
_ZN10firmware505roots8com_root28_$u7b$$u7b$closure$u7d$$u7d$17h17aedbb5d501d539E():
E:\m\robot\esc\rm32-sagcheck\binz\firmware50/src/roots.rs:1050
        S.com().step.store(step.get() as u32, Ordering::Relaxed);
        S.det().step.store(step.get() as u32, Ordering::Relaxed);
        let plan = S.com().plans.root(&mut at, |t| t[((step.get() - 1) & 7) as usize]);
 80016d4:	subs	r2, r1, #1
 80016d6:	movs	r5, #7
 80016d8:	str	r2, [sp, #20]
 80016da:	ands	r5, r2
 80016dc:	movs	r2, #40	@ 0x28
 80016de:	muls	r2, r5
 80016e0:	adds	r6, r0, r2
 80016e2:	ldr	r2, [r6, #68]	@ 0x44
_ZN10firmware505roots8com_root17h6746bdd7268c243bE():
E:\m\robot\esc\rm32-sagcheck\binz\firmware50/src/roots.rs:1051
        if let Some(pl) = plan {
 80016e4:	cmp	r2, #1
 80016e6:	bne.n	8001714 <TIM16+0x88>
 80016e8:	adds	r6, #68	@ 0x44
_ZN10firmware505roots8com_root28_$u7b$$u7b$closure$u7d$$u7d$17h17aedbb5d501d539E():
E:\m\robot\esc\rm32-sagcheck\binz\firmware50/src/roots.rs:1050
        let plan = S.com().plans.root(&mut at, |t| t[((step.get() - 1) & 7) as usize]);
 80016ea:	ldr	r2, [r6, #16]
 80016ec:	str	r2, [sp, #4]
 80016ee:	ldr	r2, [r6, #20]
 80016f0:	str	r2, [sp, #0]
 80016f2:	ldr	r2, [r6, #24]
 80016f4:	str	r2, [sp, #12]
 80016f6:	ldrh	r2, [r6, #36]	@ 0x24
 80016f8:	str	r2, [sp, #8]
 80016fa:	ldrh	r2, [r6, #32]
 80016fc:	ldrh	r6, [r6, #28]
 80016fe:	ldr	r3, [pc, #392]	@ (8001888 <TIM16+0x1fc>)
_ZN4core3ptr14write_volatile17h08dc9f3eb05ae389E():
C:\Users\kaido\.rustup\toolchains\stable-x86_64-pc-windows-msvc\lib/rustlib/src/rust\library/core/src/ptr/mod.rs:2182
        intrinsics::volatile_store(dst, src);
 8001700:	ldr	r4, [sp, #4]
 8001702:	str	r4, [r3, #0]
_ZN15stm32g0_staging7generic14Reg$LT$REG$GT$5write17h79deb966c4b528f3E():
C:\Users\kaido\.rustup\toolchains\stable-x86_64-pc-windows-msvc\lib/rustlib/src/rust\library/core/src/ptr/mod.rs:2182
 8001704:	ldr	r4, [sp, #0]
 8001706:	str	r4, [r3, #4]
_ZN4core3ptr14write_volatile17h08dc9f3eb05ae389E():
C:\Users\kaido\.rustup\toolchains\stable-x86_64-pc-windows-msvc\lib/rustlib/src/rust\library/core/src/ptr/mod.rs:2182
 8001708:	str	r6, [r3, #28]
 800170a:	str	r2, [r3, #32]
 800170c:	ldr	r2, [sp, #8]
 800170e:	str	r2, [r3, #36]	@ 0x24
 8001710:	ldr	r2, [sp, #12]
 8001712:	str	r2, [r3, #8]
_ZN10firmware505roots8com_root17h6746bdd7268c243bE():
 8001714:	ldr	r6, [pc, #372]	@ (800188c <TIM16+0x200>)
_ZN4core3ptr13read_volatile17h519f18b3757fde83E():
C:\Users\kaido\.rustup\toolchains\stable-x86_64-pc-windows-msvc\lib/rustlib/src/rust\library/core/src/ptr/mod.rs:2095
        intrinsics::volatile_load(src)
 8001716:	ldr	r2, [r6, #0]
 8001718:	movs	r3, #240	@ 0xf0
_RNvXslz_NtNtCshtjvQpOZWNm_4core3ops3bitmNtB6_12BitAndAssign13bitand_assign():
C:\Users\kaido\.rustup\toolchains\stable-x86_64-pc-windows-msvc\lib/rustlib/src/rust\library/core/src/ops/bit.rs:748
    ($($t:ty)+) => ($(
        #[stable(feature = "op_assign_traits", since = "1.8.0")]
        #[rustc_const_unstable(feature = "const_ops", issue = "143802")]
        impl const BitAndAssign for $t {
            #[inline]
            fn bitand_assign(&mut self, other: $t) { *self &= other }
 800171a:	bics	r2, r3
 800171c:	movs	r3, #3
_ZN10firmware5011commutation6sector17hcea36934c05820c6E():
E:\m\robot\esc\rm32-sagcheck\binz\firmware50/src/commutation.rs:160

/// Look up a sector. Total function — no panic path: the masked index is
/// provably inside the 8-entry table.
#[inline]
pub const fn sector(step: Step) -> Sector {
    SECTORS[step.idx() & 7]
 800171e:	muls	r3, r5
 8001720:	ldr	r4, [pc, #364]	@ (8001890 <TIM16+0x204>)
 8001722:	adds	r3, r4, r3
 8001724:	ldrb	r3, [r3, #2]
_ZN87_$LT$firmware50..commutation..Reverse$u20$as$u20$firmware50..commutation..Direction$GT$5phase17h6731b88f61233cf1E():
E:\m\robot\esc\rm32-sagcheck\binz\firmware50/src/commutation.rs:197
pub struct Reverse;

impl Direction for Reverse {
    #[inline]
    fn phase(logical: Phase) -> Phase {
        match logical {
 8001726:	lsls	r3, r3, #2
 8001728:	ldr	r4, [pc, #360]	@ (8001894 <TIM16+0x208>)
 800172a:	ldr	r3, [r4, r3]
_RNvXslZ_NtNtCshtjvQpOZWNm_4core3ops3bitmNtB6_11BitOrAssign12bitor_assign():
C:\Users\kaido\.rustup\toolchains\stable-x86_64-pc-windows-msvc\lib/rustlib/src/rust\library/core/src/ops/bit.rs:823
    ($($t:ty)+) => ($(
        #[stable(feature = "op_assign_traits", since = "1.8.0")]
        #[rustc_const_unstable(feature = "const_ops", issue = "143802")]
        impl const BitOrAssign for $t {
            #[inline]
            fn bitor_assign(&mut self, other: $t) { *self |= other }
 800172c:	orrs	r3, r2
_ZN4core3ptr14write_volatile17h08dc9f3eb05ae389E():
C:\Users\kaido\.rustup\toolchains\stable-x86_64-pc-windows-msvc\lib/rustlib/src/rust\library/core/src/ptr/mod.rs:2182
        intrinsics::volatile_store(dst, src);
 800172e:	str	r3, [r6, #0]
_ZN15portable_atomic3imp9interrupt4arch7disable17h3ec6a546f52c6294E():
E:\m\robot\esc\rm32-sagcheck\binz\firmware50\ref\vendor\portable-atomic/src\imp\interrupt\armv6m.rs:34
pub(crate) fn disable() -> State {
    let primask: State;
    // SAFETY: reading the priority mask register and disabling interrupts are safe.
    // (see module-level comments of interrupt/mod.rs on the safety of using privileged instructions)
    unsafe {
        asm!(
 8001730:	mrs	r2, PRIMASK
 8001734:	cpsid	i
_ZN4core3ptr4read17h4d89d6f220cd86d3E():
C:\Users\kaido\.rustup\toolchains\stable-x86_64-pc-windows-msvc\lib/rustlib/src/rust\library/core/src/ptr/mod.rs:1721
        crate::intrinsics::read_via_copy(src)
 8001736:	ldr	r3, [r0, #12]
_RNvMs6_NtCshtjvQpOZWNm_4core3numm12wrapping_add():
C:\Users\kaido\.rustup\toolchains\stable-x86_64-pc-windows-msvc\lib/rustlib/src/rust\library/core/src/num/uint_macros.rs:2511
        #[rustc_const_stable(feature = "const_wrapping_math", since = "1.32.0")]
        #[must_use = "this returns the result of the operation, \
                      without modifying the original"]
        #[inline(always)]
        pub const fn wrapping_add(self, rhs: Self) -> Self {
            intrinsics::wrapping_add(self, rhs)
 8001738:	adds	r3, r3, #1
_ZN4core3ptr5write17h803c99a5be2fbc4eE():
C:\Users\kaido\.rustup\toolchains\stable-x86_64-pc-windows-msvc\lib/rustlib/src/rust\library/core/src/ptr/mod.rs:1921
        intrinsics::write_via_move(dst, src)
 800173a:	str	r3, [r0, #12]
_ZN15portable_atomic3imp9interrupt4arch7restore17hb2cf2f388bec0c55E():
E:\m\robot\esc\rm32-sagcheck\binz\firmware50\ref\vendor\portable-atomic/src\imp\interrupt\armv6m.rs:57
    // SAFETY: the caller must guarantee that the state was retrieved by the previous `disable`,
    // and we've checked that interrupts were enabled before disabling interrupts.
    //
    // This clobbers the entire PRIMASK register. See msp430.rs for safety on this.
    unsafe {
        asm!(
 800173c:	msr	PRIMASK, r2
 8001740:	ldr	r4, [pc, #320]	@ (8001884 <TIM16+0x1f8>)
_ZN4core4sync6atomic11atomic_load17hd5c03da187aa4dd8E():
C:\Users\kaido\.rustup\toolchains\stable-x86_64-pc-windows-msvc\lib/rustlib/src/rust\library/core/src/sync/atomic.rs:3904
            Relaxed => intrinsics::atomic_load::<T, { AO::Relaxed }>(dst),
 8001742:	ldr	r5, [r4, #24]
 8001744:	movs	r2, #25
 8001746:	lsls	r6, r2, #4
 8001748:	ldr	r2, [r0, r6]
_ZN10firmware505roots8com_root17h6746bdd7268c243bE():
E:\m\robot\esc\rm32-sagcheck\binz\firmware50/src/roots.rs:1064
        // **ENV-61 (A6), AM32's `PeriodElapsedCallback`:** having commutated, fold
        // the crossing that scheduled this commutation into the estimate, compute
        // the next wait, and publish what this root and the next arm read. Only
        // for a new acceptance (handover and rescue commutations do not blend).
        let seq = S.det().accept_seq.load(Ordering::Relaxed);
        if seq != S.com().committed_seq.load(Ordering::Relaxed) {
 800174a:	cmp	r5, r2
 800174c:	beq.n	80017ba <TIM16+0x12e>
_ZN4core4sync6atomic12atomic_store17h448b5d3b2dd8e993E():
C:\Users\kaido\.rustup\toolchains\stable-x86_64-pc-windows-msvc\lib/rustlib/src/rust\library/core/src/sync/atomic.rs:3889
            Relaxed => intrinsics::atomic_store::<T, { AO::Relaxed }>(dst, val),
 800174e:	str	r5, [r0, r6]
 8001750:	movs	r2, #200	@ 0xc8
_ZN4core4sync6atomic11atomic_load17hd5c03da187aa4dd8E():
C:\Users\kaido\.rustup\toolchains\stable-x86_64-pc-windows-msvc\lib/rustlib/src/rust\library/core/src/sync/atomic.rs:3904
            Relaxed => intrinsics::atomic_load::<T, { AO::Relaxed }>(dst),
 8001752:	ldr	r5, [r4, r2]
 8001754:	ldr	r3, [r4, #12]
_ZN4core6option15Option$LT$T$GT$6as_mut17h56dcf105619639e9E():
C:\Users\kaido\.rustup\toolchains\stable-x86_64-pc-windows-msvc\lib/rustlib/src/rust\library/core/src/option.rs:767
    /// ```
    #[inline]
    #[stable(feature = "rust1", since = "1.0.0")]
    #[rustc_const_stable(feature = "const_option", since = "1.83.0")]
    pub const fn as_mut(&mut self) -> Option<&mut T> {
        match *self {
 8001756:	ldr	r2, [r4, #72]	@ 0x48
_ZN10firmware505roots8com_root28_$u7b$$u7b$closure$u7d$$u7d$17h72c8c7d16ffaaf15E():
E:\m\robot\esc\rm32-sagcheck\binz\firmware50/src/roots.rs:1069
            S.com().committed_seq.store(seq, Ordering::Relaxed);
            let count = S.det().accept_count.load(Ordering::Relaxed);
            let level = S.det().advance.load(Ordering::Relaxed);
            let commit = |zc: &mut Option<crate::bemf::ZeroCross>| {
                if let Some(zc) = zc.as_mut() {
 8001758:	cmp	r2, #1
 800175a:	bne.n	80017ba <TIM16+0x12e>
 800175c:	str	r3, [sp, #12]
_ZN10firmware504bemf22ZeroCrossWith$LT$_$GT$6commit17h06125d6bab9d199fE():
E:\m\robot\esc\rm32-sagcheck\binz\firmware50/src/bemf.rs:563
    /// **The commutation root's half** (ENV-45, AM32's `PeriodElapsedCallback`):
    /// fold an accepted crossing's interval into the estimate, then compute the
    /// wait the *next* arm will use. Blend, clamp, advance, wait: the arithmetic
    /// AM32 keeps out of its comparator ISR.
    pub fn commit(&mut self, count: u32, advance_level: u32) -> Outcome {
        self.prev_zc = self.last_zc;
 800175e:	ldr	r2, [r4, #80]	@ 0x50
E:\m\robot\esc\rm32-sagcheck\binz\firmware50/src/bemf.rs:564
        self.last_zc = count;
 8001760:	str	r5, [r4, #80]	@ 0x50
E:\m\robot\esc\rm32-sagcheck\binz\firmware50/src/bemf.rs:563
        self.prev_zc = self.last_zc;
 8001762:	str	r2, [r4, #84]	@ 0x54
E:\m\robot\esc\rm32-sagcheck\binz\firmware50/src/bemf.rs:579
            }
        }
        self.average_interval = self.clamp_interval(blend_interval(self.average_interval, self.prev_zc, self.last_zc));
        let advance = advance_of(self.average_interval, advance_level);
        let wait = wait_time(self.average_interval, advance_level);
        self.accepted = self.accepted.wrapping_add(1);
 8001764:	ldr	r3, [r4, #96]	@ 0x60
_RNvMs6_NtCshtjvQpOZWNm_4core3numm12wrapping_add():
C:\Users\kaido\.rustup\toolchains\stable-x86_64-pc-windows-msvc\lib/rustlib/src/rust\library/core/src/num/uint_macros.rs:2511
 8001766:	adds	r3, r3, #1
_ZN10firmware504bemf22ZeroCrossWith$LT$_$GT$6commit17h06125d6bab9d199fE():
E:\m\robot\esc\rm32-sagcheck\binz\firmware50/src/bemf.rs:579
 8001768:	str	r3, [r4, #96]	@ 0x60
_RNvMs6_NtCshtjvQpOZWNm_4core3numm14saturating_add():
C:\Users\kaido\.rustup\toolchains\stable-x86_64-pc-windows-msvc\lib/rustlib/src/rust\library/core/src/num/uint_macros.rs:2355
            intrinsics::saturating_add(self, rhs)
 800176a:	adds	r6, r2, r5
 800176c:	ldr	r3, [sp, #16]
 800176e:	mvns	r5, r3
 8001770:	cmp	r6, r2
 8001772:	bcs.n	8001776 <TIM16+0xea>
_ZN10firmware5011commutation14blend_interval17h32eb82be60be4e87E():
 8001774:	mov	r6, r5
E:\m\robot\esc\rm32-sagcheck\binz\firmware50/src/commutation.rs:283
/// the COM clamp and the tracking watchdog both catch. The saturation point is
/// far outside any physically reachable interval — at 10% the interval is
/// ~20000 half-microseconds — so this changes no real behavior.
#[inline]
pub const fn blend_interval(ci: u32, last_zc: u32, this_zc: u32) -> u32 {
    let pair = last_zc.saturating_add(this_zc) >> 1;
 8001776:	lsrs	r2, r6, #1
_ZN10firmware504bemf22ZeroCrossWith$LT$_$GT$6commit17h06125d6bab9d199fE():
E:\m\robot\esc\rm32-sagcheck\binz\firmware50/src/bemf.rs:576
        self.average_interval = self.clamp_interval(blend_interval(self.average_interval, self.prev_zc, self.last_zc));
 8001778:	ldr	r3, [r4, #76]	@ 0x4c
_RNvMs6_NtCshtjvQpOZWNm_4core3numm14saturating_add():
C:\Users\kaido\.rustup\toolchains\stable-x86_64-pc-windows-msvc\lib/rustlib/src/rust\library/core/src/num/uint_macros.rs:2355
 800177a:	adds	r6, r3, r2
 800177c:	bcc.n	8001780 <TIM16+0xf4>
_ZN10firmware5011commutation14blend_interval17h32eb82be60be4e87E():
 800177e:	mov	r6, r5
E:\m\robot\esc\rm32-sagcheck\binz\firmware50/src/commutation.rs:284
    (ci.saturating_add(pair)) >> 1
 8001780:	lsrs	r5, r6, #1
_ZN10firmware504bemf22ZeroCrossWith$LT$_$GT$14clamp_interval17h4a5031d434a3effdE():
E:\m\robot\esc\rm32-sagcheck\binz\firmware50/src/bemf.rs:458
        if v < self.min_interval {
 8001782:	ldr	r6, [r4, #104]	@ 0x68
 8001784:	cmp	r6, r5
 8001786:	mov	r2, r5
 8001788:	ldr	r3, [sp, #12]
 800178a:	bhi.n	800178e <TIM16+0x102>
 800178c:	mov	r2, r6
 800178e:	ldr	r6, [r4, #100]	@ 0x64
 8001790:	cmp	r6, r5
 8001792:	bhi.n	8001796 <TIM16+0x10a>
_ZN10firmware504bemf22ZeroCrossWith$LT$_$GT$6commit17h06125d6bab9d199fE():
 8001794:	mov	r6, r2
E:\m\robot\esc\rm32-sagcheck\binz\firmware50/src/bemf.rs:576
        self.average_interval = self.clamp_interval(blend_interval(self.average_interval, self.prev_zc, self.last_zc));
 8001796:	str	r6, [r4, #76]	@ 0x4c
_ZN10firmware5011commutation10advance_of17he0020cc994854d6cE():
E:\m\robot\esc\rm32-sagcheck\binz\firmware50/src/commutation.rs:263
    (ci >> 6) * level + (((ci & 63) * level) >> 6)
 8001798:	lsrs	r5, r6, #6
E:\m\robot\esc\rm32-sagcheck\binz\firmware50/src/commutation.rs:262
    let level = if level > 64 { 64 } else { level };
 800179a:	cmp	r3, #64	@ 0x40
 800179c:	bcc.n	80017a0 <TIM16+0x114>
 800179e:	movs	r3, #64	@ 0x40
E:\m\robot\esc\rm32-sagcheck\binz\firmware50/src/commutation.rs:263
    (ci >> 6) * level + (((ci & 63) * level) >> 6)
 80017a0:	muls	r5, r3
 80017a2:	movs	r2, #63	@ 0x3f
 80017a4:	ands	r2, r6
 80017a6:	muls	r2, r3
 80017a8:	lsrs	r2, r2, #6
 80017aa:	adds	r2, r2, r5
_ZN10firmware5011commutation9wait_time17h78261c48ebea7a2bE():
E:\m\robot\esc\rm32-sagcheck\binz\firmware50/src/commutation.rs:269
    (ci >> 1).saturating_sub(advance_of(ci, level))
 80017ac:	lsrs	r3, r6, #1
_RNvMs6_NtCshtjvQpOZWNm_4core3numm14saturating_sub():
C:\Users\kaido\.rustup\toolchains\stable-x86_64-pc-windows-msvc\lib/rustlib/src/rust\library/core/src/num/uint_macros.rs:2399
            intrinsics::saturating_sub(self, rhs)
 80017ae:	subs	r5, r3, r2
 80017b0:	bcs.n	80017b4 <TIM16+0x128>
_ZN10firmware505roots8com_root28_$u7b$$u7b$closure$u7d$$u7d$17h72c8c7d16ffaaf15E():
 80017b2:	ldr	r5, [sp, #16]
 80017b4:	movs	r2, #196	@ 0xc4
_ZN4core4sync6atomic12atomic_store17h448b5d3b2dd8e993E():
C:\Users\kaido\.rustup\toolchains\stable-x86_64-pc-windows-msvc\lib/rustlib/src/rust\library/core/src/sync/atomic.rs:3889
            Relaxed => intrinsics::atomic_store::<T, { AO::Relaxed }>(dst, val),
 80017b6:	str	r5, [r4, r2]
 80017b8:	str	r6, [r4, #16]
_ZN10firmware5011commutation7SixSlot4push17h8204f06a458bbd45E():
E:\m\robot\esc\rm32-sagcheck\binz\firmware50/src/commutation.rs:355
            interval_us
        };
        // No `%`: this runs in the COM ISR root, where a modulo would be a
        // soft division on the M0. Out-of-range steps use slot 0.
        let k = match step {
            1..=6 => (step - 1) as usize,
 80017ba:	uxtb	r2, r1
 80017bc:	movs	r3, #0
 80017be:	cmp	r2, #7
 80017c0:	ldr	r2, [sp, #20]
 80017c2:	bcc.n	80017c6 <TIM16+0x13a>
 80017c4:	mov	r2, r3
 80017c6:	uxtb	r2, r2
E:\m\robot\esc\rm32-sagcheck\binz\firmware50/src/commutation.rs:358
            _ => 0,
        };
        self.sum = self.sum - self.slots[k] + i;
 80017c8:	lsls	r2, r2, #2
 80017ca:	adds	r4, r0, r2
_ZN4core4sync6atomic11atomic_load17hd5c03da187aa4dd8E():
C:\Users\kaido\.rustup\toolchains\stable-x86_64-pc-windows-msvc\lib/rustlib/src/rust\library/core/src/sync/atomic.rs:3904
            Relaxed => intrinsics::atomic_load::<T, { AO::Relaxed }>(dst),
 80017cc:	ldr	r2, [pc, #180]	@ (8001884 <TIM16+0x1f8>)
 80017ce:	ldr	r5, [r2, #16]
_ZN10firmware5011commutation7SixSlot4push17h8204f06a458bbd45E():
E:\m\robot\esc\rm32-sagcheck\binz\firmware50/src/commutation.rs:358
 80017d0:	ldr	r6, [r4, #36]	@ 0x24
 80017d2:	ldr	r2, [pc, #196]	@ (8001898 <TIM16+0x20c>)
E:\m\robot\esc\rm32-sagcheck\binz\firmware50/src/commutation.rs:347
        let i = if interval_us > 1_000_000 {
 80017d4:	cmp	r5, r2
 80017d6:	bcc.n	80017da <TIM16+0x14e>
 80017d8:	mov	r5, r2
E:\m\robot\esc\rm32-sagcheck\binz\firmware50/src/commutation.rs:358
        self.sum = self.sum - self.slots[k] + i;
 80017da:	ldr	r2, [r0, #60]	@ 0x3c
 80017dc:	adds	r2, r2, r5
 80017de:	subs	r2, r2, r6
 80017e0:	str	r2, [r0, #60]	@ 0x3c
E:\m\robot\esc\rm32-sagcheck\binz\firmware50/src/commutation.rs:359
        self.slots[k] = i;
 80017e2:	str	r5, [r4, #36]	@ 0x24
_ZN10firmware5011commutation7SixSlot3sum17hbc7b8da9cd2b8c86E():
E:\m\robot\esc\rm32-sagcheck\binz\firmware50/src/commutation.rs:364
    }

    #[must_use]
    pub const fn sum(&self) -> u32 {
        self.sum
 80017e4:	ldr	r2, [r0, #60]	@ 0x3c
 80017e6:	ldr	r4, [pc, #180]	@ (800189c <TIM16+0x210>)
_ZN10firmware505roots8com_root17h6746bdd7268c243bE():
E:\m\robot\esc\rm32-sagcheck\binz\firmware50/src/roots.rs:1108
        // **Goal B step 4: AM32's gate, published** -- `average_interval >> 1` of
        // the six-slot ring in half-µs (`stm32g0xx_it.c:244`; `e_com_time = (sum_h
        // + 4) >> 1`, `average_interval = e_com_time / 3`, `main.c:2328,2452`),
        // which in µs is `(sum_us + 2) / 12`, here without a division:
        // 5462 / 65536 = 1 / 11.9985.
        S.det().gate_us.store(((sum + 2) * 5462) >> 16, Ordering::Relaxed);
 80017e8:	muls	r4, r2
 80017ea:	ldr	r5, [pc, #180]	@ (80018a0 <TIM16+0x214>)
 80017ec:	adds	r4, r4, r5
 80017ee:	lsrs	r4, r4, #16
 80017f0:	movs	r5, #204	@ 0xcc
 80017f2:	ldr	r6, [pc, #144]	@ (8001884 <TIM16+0x1f8>)
_ZN4core4sync6atomic12atomic_store17h448b5d3b2dd8e993E():
C:\Users\kaido\.rustup\toolchains\stable-x86_64-pc-windows-msvc\lib/rustlib/src/rust\library/core/src/sync/atomic.rs:3889
            Relaxed => intrinsics::atomic_store::<T, { AO::Relaxed }>(dst, val),
 80017f4:	str	r4, [r6, r5]
 80017f6:	movs	r4, #212	@ 0xd4
 80017f8:	str	r2, [r6, r4]
 80017fa:	str	r3, [r0, #4]
 80017fc:	ldr	r3, [pc, #164]	@ (80018a4 <TIM16+0x218>)
_ZN4core3ptr13read_volatile17h519f18b3757fde83E():
C:\Users\kaido\.rustup\toolchains\stable-x86_64-pc-windows-msvc\lib/rustlib/src/rust\library/core/src/ptr/mod.rs:2095
        intrinsics::volatile_load(src)
 80017fe:	ldr	r2, [r3, #0]
 8001800:	ldr	r4, [pc, #164]	@ (80018a8 <TIM16+0x21c>)
_RNvXslz_NtNtCshtjvQpOZWNm_4core3ops3bitmNtB6_12BitAndAssign13bitand_assign():
C:\Users\kaido\.rustup\toolchains\stable-x86_64-pc-windows-msvc\lib/rustlib/src/rust\library/core/src/ops/bit.rs:748
            fn bitand_assign(&mut self, other: $t) { *self &= other }
 8001802:	ands	r2, r4
_ZN10firmware5011commutation7SixSlot4push17h8204f06a458bbd45E():
E:\m\robot\esc\rm32-sagcheck\binz\firmware50/src/commutation.rs:355
            1..=6 => (step - 1) as usize,
 8001804:	mvns	r5, r1
_RNvXs4t_NtNtCshtjvQpOZWNm_4core3ops3bitmINtB6_3ShlhE3shl():
C:\Users\kaido\.rustup\toolchains\stable-x86_64-pc-windows-msvc\lib/rustlib/src/rust\library/core/src/ops/bit.rs:490
                self << other
 8001806:	lsls	r5, r5, #31
 8001808:	lsrs	r5, r5, #13
_RNvXslZ_NtNtCshtjvQpOZWNm_4core3ops3bitmNtB6_11BitOrAssign12bitor_assign():
C:\Users\kaido\.rustup\toolchains\stable-x86_64-pc-windows-msvc\lib/rustlib/src/rust\library/core/src/ops/bit.rs:823
            fn bitor_assign(&mut self, other: $t) { *self |= other }
 800180a:	adds	r2, r2, r5
_ZN4core3ptr14write_volatile17h08dc9f3eb05ae389E():
C:\Users\kaido\.rustup\toolchains\stable-x86_64-pc-windows-msvc\lib/rustlib/src/rust\library/core/src/ptr/mod.rs:2182
        intrinsics::volatile_store(dst, src);
 800180c:	str	r2, [r3, #0]
_ZN4core3ptr13read_volatile17h519f18b3757fde83E():
C:\Users\kaido\.rustup\toolchains\stable-x86_64-pc-windows-msvc\lib/rustlib/src/rust\library/core/src/ptr/mod.rs:2095
        intrinsics::volatile_load(src)
 800180e:	ldr	r2, [r3, #4]
_RNvXslz_NtNtCshtjvQpOZWNm_4core3ops3bitmNtB6_12BitAndAssign13bitand_assign():
C:\Users\kaido\.rustup\toolchains\stable-x86_64-pc-windows-msvc\lib/rustlib/src/rust\library/core/src/ops/bit.rs:748
            fn bitand_assign(&mut self, other: $t) { *self &= other }
 8001810:	ands	r2, r4
_RNvXs4t_NtNtCshtjvQpOZWNm_4core3ops3bitmINtB6_3ShlhE3shl():
C:\Users\kaido\.rustup\toolchains\stable-x86_64-pc-windows-msvc\lib/rustlib/src/rust\library/core/src/ops/bit.rs:490
                self << other
 8001812:	lsls	r1, r1, #31
 8001814:	lsrs	r1, r1, #13
_RNvXslZ_NtNtCshtjvQpOZWNm_4core3ops3bitmNtB6_11BitOrAssign12bitor_assign():
C:\Users\kaido\.rustup\toolchains\stable-x86_64-pc-windows-msvc\lib/rustlib/src/rust\library/core/src/ops/bit.rs:823
            fn bitor_assign(&mut self, other: $t) { *self |= other }
 8001816:	adds	r1, r2, r1
_ZN4core3ptr14write_volatile17h08dc9f3eb05ae389E():
C:\Users\kaido\.rustup\toolchains\stable-x86_64-pc-windows-msvc\lib/rustlib/src/rust\library/core/src/ptr/mod.rs:2182
        intrinsics::volatile_store(dst, src);
 8001818:	str	r1, [r3, #4]
_ZN8cortex_m8register7primask8read_raw17h333d3f63d1702481E():
E:\m\robot\esc\rm32-sagcheck\binz\firmware50\ref\vendor\cortex-m/src\register\primask.rs:48
/// Note that bits `[31:1]` are reserved and UNK (Unknown)
#[inline]
#[asm_cfg(cortex_m)]
pub fn read_raw() -> u32 {
    let r: u32;
    unsafe { asm!("mrs {}, PRIMASK", out(reg) r, options(nomem, nostack, preserves_flags)) };
 800181a:	mrs	r1, PRIMASK
_ZN8cortex_m9interrupt7disable17ha7fb2cbc4636a9e4E():
E:\m\robot\esc\rm32-sagcheck\binz\firmware50\ref\vendor\cortex-m/src\interrupt.rs:44

/// Disables all interrupts
#[inline]
#[asm_cfg(cortex_m)]
pub fn disable() {
    unsafe { asm!("cpsid i", options(nomem, nostack, preserves_flags)) };
 800181e:	cpsid	i
_ZN15portable_atomic9AtomicU324load17hc3d344053e80bf18E():
C:\Users\kaido\.rustup\toolchains\stable-x86_64-pc-windows-msvc\lib/rustlib/src/rust\library/core/src/sync/atomic.rs:3904
            Relaxed => intrinsics::atomic_load::<T, { AO::Relaxed }>(dst),
 8001820:	ldr	r2, [pc, #136]	@ (80018ac <TIM16+0x220>)
 8001822:	ldr	r3, [r2, #4]
_ZN4core4sync6atomic11atomic_load17hd85f812e6365abb7E():
C:\Users\kaido\.rustup\toolchains\stable-x86_64-pc-windows-msvc\lib/rustlib/src/rust\library/core/src/sync/atomic.rs:3904
 8001824:	ldrb	r5, [r6, #0]
 8001826:	ldr	r2, [pc, #136]	@ (80018b0 <TIM16+0x224>)
 8001828:	ldrb	r2, [r2, #0]
 800182a:	movs	r4, #99	@ 0x63
 800182c:	lsls	r4, r4, #2
 800182e:	ldrb	r4, [r0, r4]
 8001830:	ldrb	r6, [r0, #0]
_ZN4core4sync6atomic11atomic_load17hd5c03da187aa4dd8E():
C:\Users\kaido\.rustup\toolchains\stable-x86_64-pc-windows-msvc\lib/rustlib/src/rust\library/core/src/sync/atomic.rs:3904
 8001832:	ldr	r0, [r0, #4]
_ZN10firmware507oneshot25comparator_resume_allowed17h5083ebf4a4248d38E():
E:\m\robot\esc\rm32-sagcheck\binz\firmware50/src/oneshot.rs:88
    driven: bool,
    stopped: bool,
    active: bool,
    phase: u32,
) -> bool {
    guard == 0
 8001834:	cmp	r3, #0
 8001836:	bne.n	8001850 <TIM16+0x1c4>
 8001838:	cmp	r5, #0
 800183a:	beq.n	8001850 <TIM16+0x1c4>
_ZN10firmware505roots19comp_resume_powered28_$u7b$$u7b$closure$u7d$$u7d$17hf100f2a47fce041bE():
E:\m\robot\esc\rm32-sagcheck\binz\firmware50/src/roots.rs:1270

/// Resume only the powered owner; stop and blanking checks share the write mask.
#[inline(always)]
pub fn comp_resume_powered() -> bool {
    cortex_m::interrupt::free(|_| {
        if crate::oneshot::comparator_resume_allowed(
 800183c:	cmp	r6, #0
 800183e:	beq.n	800186e <TIM16+0x1e2>
 8001840:	cmp	r4, #0
 8001842:	bne.n	800186e <TIM16+0x1e2>
 8001844:	cmp	r0, #0
 8001846:	beq.n	8001858 <TIM16+0x1cc>
 8001848:	b.n	800186e <TIM16+0x1e2>
_ZN10firmware505roots8com_root17h6746bdd7268c243bE():
 800184a:	movs	r0, #0
_ZN4core3ptr14write_volatile17h08dc9f3eb05ae389E():
C:\Users\kaido\.rustup\toolchains\stable-x86_64-pc-windows-msvc\lib/rustlib/src/rust\library/core/src/ptr/mod.rs:2182
 800184c:	str	r0, [r1, #0]
_ZN10firmware505roots8com_root17h6746bdd7268c243bE():
E:\m\robot\esc\rm32-sagcheck\binz\firmware50/src/roots.rs:1119
}
 800184e:	b.n	8001872 <TIM16+0x1e6>
_ZN10firmware505roots19comp_resume_powered28_$u7b$$u7b$closure$u7d$$u7d$17hf100f2a47fce041bE():
E:\m\robot\esc\rm32-sagcheck\binz\firmware50/src/roots.rs:1270
        if crate::oneshot::comparator_resume_allowed(
 8001850:	cmp	r3, #0
 8001852:	bne.n	800186e <TIM16+0x1e2>
 8001854:	cmp	r2, #0
 8001856:	beq.n	800186e <TIM16+0x1e2>
 8001858:	movs	r0, #1
 800185a:	lsls	r2, r0, #18
 800185c:	ldr	r3, [pc, #84]	@ (80018b4 <TIM16+0x228>)
_ZN4core3ptr13read_volatile17h519f18b3757fde83E():
C:\Users\kaido\.rustup\toolchains\stable-x86_64-pc-windows-msvc\lib/rustlib/src/rust\library/core/src/ptr/mod.rs:2095
        intrinsics::volatile_load(src)
 800185e:	ldr	r4, [r3, #0]
_RNvXslZ_NtNtCshtjvQpOZWNm_4core3ops3bitmNtB6_11BitOrAssign12bitor_assign():
C:\Users\kaido\.rustup\toolchains\stable-x86_64-pc-windows-msvc\lib/rustlib/src/rust\library/core/src/ops/bit.rs:823
 8001860:	orrs	r4, r2
_ZN4core3ptr14write_volatile17h08dc9f3eb05ae389E():
C:\Users\kaido\.rustup\toolchains\stable-x86_64-pc-windows-msvc\lib/rustlib/src/rust\library/core/src/ptr/mod.rs:2182
        intrinsics::volatile_store(dst, src);
 8001862:	str	r4, [r3, #0]
 8001864:	lsls	r0, r0, #12
 8001866:	ldr	r2, [pc, #80]	@ (80018b8 <TIM16+0x22c>)
 8001868:	str	r0, [r2, #0]
 800186a:	ldr	r2, [pc, #80]	@ (80018bc <TIM16+0x230>)
 800186c:	str	r0, [r2, #0]
_ZN8cortex_m8register7primask9write_raw17h2d20d7724a20944bE():
E:\m\robot\esc\rm32-sagcheck\binz\firmware50\ref\vendor\cortex-m/src\register\primask.rs:67
#[inline]
#[asm_cfg(cortex_m)]
pub unsafe fn write_raw(r: u32) {
    // Ensure no preceeding memory accesses are reordered to after interrupts are possibly enabled.
    compiler_fence(Ordering::SeqCst);
    unsafe { asm!("msr PRIMASK, {}", in(reg) r, options(nomem, nostack, preserves_flags)) };
 800186e:	msr	PRIMASK, r1
TIM16():
E:\m\robot\esc\rm32-sagcheck\binz\firmware50/bin/shell-pwm.rs:115
 8001872:	add	sp, #24
 8001874:	pop	{r4, r5, r6, r7, pc}
 8001876:	nop			@ (mov r8, r8)
 8001878:	.word	0x4001440c
 800187c:	.word	0x20000000
 8001880:	.word	0x40014824
 8001884:	.word	0x20000194
 8001888:	.word	0x40012c18
 800188c:	.word	0x40010204
 8001890:	.word	0x08009bb8
 8001894:	.word	0x0800a9b8
 8001898:	.word	0x000f4240
 800189c:	.word	0x00001556
 80018a0:	.word	0x00002aac
 80018a4:	.word	0x40021800
 80018a8:	.word	0xfffbffff
 80018ac:	.word	0x200002b8
 80018b0:	.word	0x2000026c
 80018b4:	.word	0x40021880
 80018b8:	.word	0xe000e280
 80018bc:	.word	0xe000e100
