; AM32 G071 reference ISR: TIM16 -- commutation (B1)
; ELF F6F97A08.b1-nostats-shell-pwm.elf  sha256 f6f97a08147d1fe236a3f13c51fc2cd93e8fa5bfc25699534be1bf7e970e3c69
; objdump -d -S -l, call tree walked to depth 6
;
; call tree (function: instructions, size bytes -> callees)
;   TIM16: 410 insns, 880 B -> _ZN10firmware505roots13comp_exti_arm17hd3eb08a40ffd3698E
;     _ZN10firmware505roots13comp_exti_arm17hd3eb08a40ffd3698E: 84 insns, 192 B
;

; ===================== TIM16 =====================
<TIM16>:
TIM16():
E:\m\robot\esc\rm32-sagcheck\binz\firmware50/bin/shell-pwm.rs:115
use stm32g0xx_hal::stm32;
use stm32g0xx_hal::stm32::interrupt;

/// TIM16 one-shot commutation: `firmware50::roots::com_root`, recording
/// nothing (`NoChain`).
#[interrupt]
 80018c0:	push	{r4, r5, r6, r7, lr}
 80018c2:	add	r7, sp, #12
 80018c4:	sub	sp, #28
 80018c6:	ldr	r2, [pc, #796]	@ (8001be4 <TIM16+0x324>)
 80018c8:	movs	r6, #0
_ZN4core3ptr14write_volatile17h8e3052fd7bb2629fE():
C:\Users\kaido\.rustup\toolchains\stable-x86_64-pc-windows-msvc\lib/rustlib/src/rust\library/core/src/ptr/mod.rs:2182
            (
                addr: *mut () = dst as *mut (),
                align: usize = align_of::<T>(),
            ) => ub_checks::maybe_is_aligned(addr, align)
        );
        intrinsics::volatile_store(dst, src);
 80018ca:	str	r6, [r2, #16]
_ZN4core4sync6atomic11atomic_load17h17ab246ece6b300dE():
C:\Users\kaido\.rustup\toolchains\stable-x86_64-pc-windows-msvc\lib/rustlib/src/rust\library/core/src/sync/atomic.rs:3904
#[cfg_attr(miri, track_caller)] // even without panics, this helps for Miri backtraces
unsafe fn atomic_load<T: Copy>(dst: *const T, order: Ordering) -> T {
    // SAFETY: the caller must uphold the safety contract for `atomic_load`.
    unsafe {
        match order {
            Relaxed => intrinsics::atomic_load::<T, { AO::Relaxed }>(dst),
 80018cc:	ldr	r1, [pc, #792]	@ (8001be8 <TIM16+0x328>)
 80018ce:	ldrb	r0, [r1, #0]
_ZN10firmware505roots8com_root17he50bbd61549ff9d4E():
E:\m\robot\esc\rm32-sagcheck\binz\firmware50/src/roots.rs:1213
#[inline(always)]
pub unsafe fn com_root<C: ChainLog>() {
    // SAFETY: the caller is the TIM16 handler (this fn's contract).
    let mut at = unsafe { Root::<Motor>::enter() };
    hw::com_timer::ack();
    if !S.com().active.load(Ordering::Relaxed) {
 80018d0:	cmp	r0, #0
 80018d2:	bne.n	80018d6 <TIM16+0x16>
 80018d4:	b.n	8001a9a <TIM16+0x1da>
 80018d6:	ldr	r0, [pc, #788]	@ (8001bec <TIM16+0x32c>)
_ZN4core3ptr13read_volatile17h8e268e68817c80b8E():
C:\Users\kaido\.rustup\toolchains\stable-x86_64-pc-windows-msvc\lib/rustlib/src/rust\library/core/src/ptr/mod.rs:2095
        intrinsics::volatile_load(src)
 80018d8:	ldr	r2, [r0, #0]
_ZN4core4sync6atomic11atomic_load17h94eed33ebba291bdE():
C:\Users\kaido\.rustup\toolchains\stable-x86_64-pc-windows-msvc\lib/rustlib/src/rust\library/core/src/sync/atomic.rs:3904
 80018da:	ldr	r0, [r1, #16]
 80018dc:	ldr	r0, [r1, #4]
_ZN10firmware505roots8com_root17he50bbd61549ff9d4E():
E:\m\robot\esc\rm32-sagcheck\binz\firmware50/src/roots.rs:1226
        S.com().late_max.store(late, Ordering::Relaxed);
    }
    // The chain's service row (E154), pushed at the end; see `crate::chain`.
    let phase = S.com().phase.load(Ordering::Relaxed);
    let mut bridge = 0u16;
    match phase {
 80018de:	cmp	r0, #3
 80018e0:	bne.n	80018e4 <TIM16+0x24>
 80018e2:	b.n	8001aba <TIM16+0x1fa>
 80018e4:	cmp	r0, #2
 80018e6:	bne.n	80018ea <TIM16+0x2a>
 80018e8:	b.n	8001aa0 <TIM16+0x1e0>
 80018ea:	cmp	r0, #1
 80018ec:	beq.n	80018f0 <TIM16+0x30>
 80018ee:	b.n	8001bde <TIM16+0x31e>
 80018f0:	str	r2, [sp, #16]
_ZN4core4sync6atomic11atomic_load17h94eed33ebba291bdE():
C:\Users\kaido\.rustup\toolchains\stable-x86_64-pc-windows-msvc\lib/rustlib/src/rust\library/core/src/sync/atomic.rs:3904
 80018f2:	ldr	r0, [r1, #8]
_ZN10firmware505roots8com_root17he50bbd61549ff9d4E():
E:\m\robot\esc\rm32-sagcheck\binz\firmware50/src/roots.rs:1228
        1 => {
            let step = Step::new_clamped(S.com().step.load(Ordering::Relaxed) as u8).next();
 80018f4:	uxtb	r3, r0
_ZN10firmware5011commutation4Step11new_clamped17h83820b9c07f2ee92E():
E:\m\robot\esc\rm32-sagcheck\binz\firmware50/src/commutation.rs:52
    }

    /// Build a sector, saturating into range. Infallible, panic-free.
    #[inline]
    pub const fn new_clamped(raw: u8) -> Step {
        if raw < 1 {
 80018f6:	cmp	r3, #6
 80018f8:	mov	r2, r3
 80018fa:	bcc.n	80018fe <TIM16+0x3e>
 80018fc:	movs	r2, #6
 80018fe:	movs	r5, #1
 8001900:	cmp	r3, #0
 8001902:	mov	r3, r5
 8001904:	beq.n	8001908 <TIM16+0x48>
_ZN10firmware505roots8com_root17he50bbd61549ff9d4E():
 8001906:	mov	r3, r2
_ZN10firmware5011commutation4Step4next17h5878f08e7542804fE():
E:\m\robot\esc\rm32-sagcheck\binz\firmware50/src/commutation.rs:69
    }

    /// Next sector, wrapping 6 -> 1.
    #[inline]
    pub const fn next(self) -> Step {
        if self.0 >= 6 { Step(1) } else { Step(self.0 + 1) }
 8001908:	cmp	r3, #5
 800190a:	bhi.n	800190e <TIM16+0x4e>
_ZN10firmware505roots8com_root17he50bbd61549ff9d4E():
 800190c:	adds	r5, r3, #1
_ZN4core4sync6atomic12atomic_store17hcc473a20273a503cE():
C:\Users\kaido\.rustup\toolchains\stable-x86_64-pc-windows-msvc\lib/rustlib/src/rust\library/core/src/sync/atomic.rs:3889
            Relaxed => intrinsics::atomic_store::<T, { AO::Relaxed }>(dst, val),
 800190e:	str	r5, [r1, #8]
 8001910:	ldr	r0, [pc, #740]	@ (8001bf8 <TIM16+0x338>)
 8001912:	str	r5, [r0, #8]
_ZN10firmware505roots8com_root28_$u7b$$u7b$closure$u7d$$u7d$17h40c79bd1250765acE():
E:\m\robot\esc\rm32-sagcheck\binz\firmware50/src/roots.rs:1231
            S.com().step.store(step.get() as u32, Ordering::Relaxed);
            S.det().step.store(step.get() as u32, Ordering::Relaxed);
            let plan = S.com().plans.root(&mut at, |t| t[((step.get() - 1) & 7) as usize]);
 8001914:	subs	r0, r5, #1
 8001916:	movs	r4, #7
 8001918:	str	r0, [sp, #20]
 800191a:	ands	r4, r0
 800191c:	movs	r2, #40	@ 0x28
 800191e:	muls	r2, r4
 8001920:	adds	r3, r1, r2
 8001922:	ldr	r2, [r3, #68]	@ 0x44
_ZN10firmware505roots8com_root17he50bbd61549ff9d4E():
E:\m\robot\esc\rm32-sagcheck\binz\firmware50/src/roots.rs:1232
            if let Some(pl) = plan {
 8001924:	lsls	r2, r2, #31
 8001926:	str	r5, [sp, #24]
 8001928:	beq.n	8001958 <TIM16+0x98>
 800192a:	adds	r3, #68	@ 0x44
_ZN10firmware505roots8com_root28_$u7b$$u7b$closure$u7d$$u7d$17h40c79bd1250765acE():
E:\m\robot\esc\rm32-sagcheck\binz\firmware50/src/roots.rs:1231
            let plan = S.com().plans.root(&mut at, |t| t[((step.get() - 1) & 7) as usize]);
 800192c:	ldr	r0, [r3, #16]
 800192e:	str	r0, [sp, #4]
 8001930:	ldr	r0, [r3, #20]
 8001932:	str	r0, [sp, #0]
 8001934:	ldr	r0, [r3, #24]
 8001936:	str	r0, [sp, #12]
 8001938:	ldrh	r0, [r3, #36]	@ 0x24
 800193a:	str	r0, [sp, #8]
 800193c:	ldrh	r2, [r3, #32]
 800193e:	ldrh	r3, [r3, #28]
 8001940:	ldr	r0, [pc, #712]	@ (8001c0c <TIM16+0x34c>)
_ZN4core3ptr14write_volatile17h8e3052fd7bb2629fE():
C:\Users\kaido\.rustup\toolchains\stable-x86_64-pc-windows-msvc\lib/rustlib/src/rust\library/core/src/ptr/mod.rs:2182
        intrinsics::volatile_store(dst, src);
 8001942:	ldr	r5, [sp, #4]
 8001944:	str	r5, [r0, #0]
 8001946:	ldr	r5, [sp, #0]
 8001948:	str	r5, [r0, #4]
 800194a:	ldr	r5, [sp, #24]
 800194c:	str	r3, [r0, #28]
 800194e:	str	r2, [r0, #32]
 8001950:	ldr	r2, [sp, #8]
 8001952:	str	r2, [r0, #36]	@ 0x24
 8001954:	ldr	r2, [sp, #12]
 8001956:	str	r2, [r0, #8]
_ZN10firmware505roots8com_root17he50bbd61549ff9d4E():
 8001958:	ldr	r3, [pc, #692]	@ (8001c10 <TIM16+0x350>)
_ZN4core3ptr13read_volatile17h8e268e68817c80b8E():
C:\Users\kaido\.rustup\toolchains\stable-x86_64-pc-windows-msvc\lib/rustlib/src/rust\library/core/src/ptr/mod.rs:2095
        intrinsics::volatile_load(src)
 800195a:	ldr	r0, [r3, #0]
 800195c:	movs	r2, #240	@ 0xf0
_RNvXslz_NtNtCshtjvQpOZWNm_4core3ops3bitmNtB6_12BitAndAssign13bitand_assign():
C:\Users\kaido\.rustup\toolchains\stable-x86_64-pc-windows-msvc\lib/rustlib/src/rust\library/core/src/ops/bit.rs:748
    ($($t:ty)+) => ($(
        #[stable(feature = "op_assign_traits", since = "1.8.0")]
        #[rustc_const_unstable(feature = "const_ops", issue = "143802")]
        impl const BitAndAssign for $t {
            #[inline]
            fn bitand_assign(&mut self, other: $t) { *self &= other }
 800195e:	bics	r0, r2
 8001960:	movs	r2, #3
 8001962:	str	r2, [sp, #12]
_ZN10firmware5011commutation6sector17h6dd8ebee27aaccf6E():
E:\m\robot\esc\rm32-sagcheck\binz\firmware50/src/commutation.rs:152

/// Look up a sector. Total function — no panic path: the masked index is
/// provably inside the 8-entry table.
#[inline]
pub const fn sector(step: Step) -> Sector {
    SECTORS[step.idx() & 7]
 8001964:	muls	r4, r2
 8001966:	ldr	r2, [pc, #684]	@ (8001c14 <TIM16+0x354>)
 8001968:	adds	r2, r2, r4
 800196a:	ldrb	r2, [r2, #2]
_ZN87_$LT$firmware50..commutation..Reverse$u20$as$u20$firmware50..commutation..Direction$GT$5phase17h74ae23d1f864f63bE():
E:\m\robot\esc\rm32-sagcheck\binz\firmware50/src/commutation.rs:189
pub struct Reverse;

impl Direction for Reverse {
    #[inline]
    fn phase(logical: Phase) -> Phase {
        match logical {
 800196c:	lsls	r2, r2, #2
 800196e:	ldr	r4, [pc, #680]	@ (8001c18 <TIM16+0x358>)
 8001970:	ldr	r2, [r4, r2]
_ZN15stm32g0_staging7generic89_$LT$impl$u20$stm32g0_staging..generic..raw..FieldWriter$LT$REG$C$_$C$FI$C$Safety$GT$$GT$4bits17h739622ef0b768ea7E():
C:\Users\kaido\.rustup\toolchains\stable-x86_64-pc-windows-msvc\lib/rustlib/src/rust\library/core/src/ops/bit.rs:823
    ($($t:ty)+) => ($(
        #[stable(feature = "op_assign_traits", since = "1.8.0")]
        #[rustc_const_unstable(feature = "const_ops", issue = "143802")]
        impl const BitOrAssign for $t {
            #[inline]
            fn bitor_assign(&mut self, other: $t) { *self |= other }
 8001972:	orrs	r2, r0
_ZN4core3ptr14write_volatile17h8e3052fd7bb2629fE():
C:\Users\kaido\.rustup\toolchains\stable-x86_64-pc-windows-msvc\lib/rustlib/src/rust\library/core/src/ptr/mod.rs:2182
        intrinsics::volatile_store(dst, src);
 8001974:	str	r2, [r3, #0]
_ZN15portable_atomic3imp9interrupt4arch7disable17h3ec6a546f52c6294E():
E:\m\robot\esc\rm32-sagcheck\binz\firmware50\ref\vendor\portable-atomic/src\imp\interrupt\armv6m.rs:34
pub(crate) fn disable() -> State {
    let primask: State;
    // SAFETY: reading the priority mask register and disabling interrupts are safe.
    // (see module-level comments of interrupt/mod.rs on the safety of using privileged instructions)
    unsafe {
        asm!(
 8001976:	mrs	r0, PRIMASK
 800197a:	cpsid	i
_ZN4core3ptr4read17hba5936ac89bd43e0E():
C:\Users\kaido\.rustup\toolchains\stable-x86_64-pc-windows-msvc\lib/rustlib/src/rust\library/core/src/ptr/mod.rs:1721
        crate::intrinsics::read_via_copy(src)
 800197c:	ldr	r2, [r1, #12]
_RNvMs6_NtCshtjvQpOZWNm_4core3numm12wrapping_add():
C:\Users\kaido\.rustup\toolchains\stable-x86_64-pc-windows-msvc\lib/rustlib/src/rust\library/core/src/num/uint_macros.rs:2511
        #[rustc_const_stable(feature = "const_wrapping_math", since = "1.32.0")]
        #[must_use = "this returns the result of the operation, \
                      without modifying the original"]
        #[inline(always)]
        pub const fn wrapping_add(self, rhs: Self) -> Self {
            intrinsics::wrapping_add(self, rhs)
 800197e:	adds	r2, r2, #1
_ZN4core3ptr5write17h56903f5125280645E():
C:\Users\kaido\.rustup\toolchains\stable-x86_64-pc-windows-msvc\lib/rustlib/src/rust\library/core/src/ptr/mod.rs:1921
        intrinsics::write_via_move(dst, src)
 8001980:	str	r2, [r1, #12]
_ZN15portable_atomic3imp9interrupt4arch7restore17hb2cf2f388bec0c55E():
E:\m\robot\esc\rm32-sagcheck\binz\firmware50\ref\vendor\portable-atomic/src\imp\interrupt\armv6m.rs:57
    // SAFETY: the caller must guarantee that the state was retrieved by the previous `disable`,
    // and we've checked that interrupts were enabled before disabling interrupts.
    //
    // This clobbers the entire PRIMASK register. See msp430.rs for safety on this.
    unsafe {
        asm!(
 8001982:	msr	PRIMASK, r0
 8001986:	ldr	r4, [pc, #624]	@ (8001bf8 <TIM16+0x338>)
_ZN4core4sync6atomic11atomic_load17h94eed33ebba291bdE():
C:\Users\kaido\.rustup\toolchains\stable-x86_64-pc-windows-msvc\lib/rustlib/src/rust\library/core/src/sync/atomic.rs:3904
            Relaxed => intrinsics::atomic_load::<T, { AO::Relaxed }>(dst),
 8001988:	ldr	r2, [r4, #24]
 800198a:	movs	r0, #25
 800198c:	lsls	r3, r0, #4
 800198e:	ldr	r0, [r1, r3]
_ZN10firmware505roots8com_root17he50bbd61549ff9d4E():
E:\m\robot\esc\rm32-sagcheck\binz\firmware50/src/roots.rs:1245
            // **ENV-61 (A6), AM32's `PeriodElapsedCallback`:** having commutated, fold
            // the crossing that scheduled this commutation into the estimate, compute
            // the next wait, and publish what this root and the next arm read. Only
            // for a new acceptance (handover and rescue commutations do not blend).
            let seq = S.det().accept_seq.load(Ordering::Relaxed);
            if seq != S.com().committed_seq.load(Ordering::Relaxed) {
 8001990:	cmp	r2, r0
 8001992:	beq.n	8001a04 <TIM16+0x144>
_ZN4core4sync6atomic12atomic_store17hcc473a20273a503cE():
C:\Users\kaido\.rustup\toolchains\stable-x86_64-pc-windows-msvc\lib/rustlib/src/rust\library/core/src/sync/atomic.rs:3889
            Relaxed => intrinsics::atomic_store::<T, { AO::Relaxed }>(dst, val),
 8001994:	str	r2, [r1, r3]
 8001996:	movs	r0, #200	@ 0xc8
_ZN4core4sync6atomic11atomic_load17h94eed33ebba291bdE():
C:\Users\kaido\.rustup\toolchains\stable-x86_64-pc-windows-msvc\lib/rustlib/src/rust\library/core/src/sync/atomic.rs:3904
            Relaxed => intrinsics::atomic_load::<T, { AO::Relaxed }>(dst),
 8001998:	ldr	r3, [r4, r0]
 800199a:	ldr	r2, [r4, #12]
_ZN4core6option15Option$LT$T$GT$6as_mut17h0666e60c95fe41e8E():
C:\Users\kaido\.rustup\toolchains\stable-x86_64-pc-windows-msvc\lib/rustlib/src/rust\library/core/src/option.rs:767
    /// ```
    #[inline]
    #[stable(feature = "rust1", since = "1.0.0")]
    #[rustc_const_stable(feature = "const_option", since = "1.83.0")]
    pub const fn as_mut(&mut self) -> Option<&mut T> {
        match *self {
 800199c:	ldr	r0, [r4, #72]	@ 0x48
_ZN10firmware505roots8com_root28_$u7b$$u7b$closure$u7d$$u7d$17h23f323248c24b634E():
E:\m\robot\esc\rm32-sagcheck\binz\firmware50/src/roots.rs:1250
                S.com().committed_seq.store(seq, Ordering::Relaxed);
                let count = S.det().accept_count.load(Ordering::Relaxed);
                let level = S.det().advance.load(Ordering::Relaxed);
                let commit = |zc: &mut Option<crate::bemf::ZeroCross>| {
                    if let Some(zc) = zc.as_mut() {
 800199e:	cmp	r0, #1
 80019a0:	bne.n	8001a04 <TIM16+0x144>
 80019a2:	str	r2, [sp, #8]
_ZN10firmware504bemf22ZeroCrossWith$LT$_$GT$6commit17he888a89fc553a172E():
E:\m\robot\esc\rm32-sagcheck\binz\firmware50/src/bemf.rs:523
    /// **The commutation root's half** (ENV-45, AM32's `PeriodElapsedCallback`):
    /// fold an accepted crossing's interval into the estimate, then compute the
    /// wait the *next* arm will use. Blend, clamp, advance, wait: the arithmetic
    /// AM32 keeps out of its comparator ISR.
    pub fn commit(&mut self, count: u32, advance_level: u32) -> Outcome {
        self.prev_zc = self.last_zc;
 80019a4:	ldr	r0, [r4, #80]	@ 0x50
E:\m\robot\esc\rm32-sagcheck\binz\firmware50/src/bemf.rs:524
        self.last_zc = count;
 80019a6:	str	r3, [r4, #80]	@ 0x50
E:\m\robot\esc\rm32-sagcheck\binz\firmware50/src/bemf.rs:523
        self.prev_zc = self.last_zc;
 80019a8:	str	r0, [r4, #84]	@ 0x54
E:\m\robot\esc\rm32-sagcheck\binz\firmware50/src/bemf.rs:539
            }
        }
        self.average_interval = self.clamp_interval(blend_interval(self.average_interval, self.prev_zc, self.last_zc));
        let advance = advance_of(self.average_interval, advance_level);
        let wait = wait_time(self.average_interval, advance_level);
        self.accepted = self.accepted.wrapping_add(1);
 80019aa:	ldr	r2, [r4, #96]	@ 0x60
_RNvMs6_NtCshtjvQpOZWNm_4core3numm12wrapping_add():
C:\Users\kaido\.rustup\toolchains\stable-x86_64-pc-windows-msvc\lib/rustlib/src/rust\library/core/src/num/uint_macros.rs:2511
 80019ac:	adds	r2, r2, #1
_ZN10firmware504bemf22ZeroCrossWith$LT$_$GT$6commit17he888a89fc553a172E():
E:\m\robot\esc\rm32-sagcheck\binz\firmware50/src/bemf.rs:539
 80019ae:	str	r2, [r4, #96]	@ 0x60
_RNvMs6_NtCshtjvQpOZWNm_4core3numm14saturating_add():
C:\Users\kaido\.rustup\toolchains\stable-x86_64-pc-windows-msvc\lib/rustlib/src/rust\library/core/src/num/uint_macros.rs:2355
            intrinsics::saturating_add(self, rhs)
 80019b0:	adds	r2, r0, r3
 80019b2:	mvns	r3, r6
 80019b4:	cmp	r2, r0
 80019b6:	bcs.n	80019ba <TIM16+0xfa>
_ZN10firmware5011commutation14blend_interval17hbd9fc6285a125774E():
 80019b8:	mov	r2, r3
E:\m\robot\esc\rm32-sagcheck\binz\firmware50/src/commutation.rs:298
/// the COM clamp and the tracking watchdog both catch. The saturation point is
/// far outside any physically reachable interval — at 10% the interval is
/// ~20000 half-microseconds — so this changes no real behavior.
#[inline]
pub const fn blend_interval(ci: u32, last_zc: u32, this_zc: u32) -> u32 {
    let pair = last_zc.saturating_add(this_zc) >> 1;
 80019ba:	lsrs	r0, r2, #1
_ZN10firmware504bemf22ZeroCrossWith$LT$_$GT$6commit17he888a89fc553a172E():
E:\m\robot\esc\rm32-sagcheck\binz\firmware50/src/bemf.rs:536
        self.average_interval = self.clamp_interval(blend_interval(self.average_interval, self.prev_zc, self.last_zc));
 80019bc:	ldr	r2, [r4, #76]	@ 0x4c
_RNvMs6_NtCshtjvQpOZWNm_4core3numm14saturating_add():
C:\Users\kaido\.rustup\toolchains\stable-x86_64-pc-windows-msvc\lib/rustlib/src/rust\library/core/src/num/uint_macros.rs:2355
 80019be:	adds	r2, r2, r0
 80019c0:	bcc.n	80019c4 <TIM16+0x104>
_ZN10firmware5011commutation14blend_interval17hbd9fc6285a125774E():
 80019c2:	mov	r2, r3
E:\m\robot\esc\rm32-sagcheck\binz\firmware50/src/commutation.rs:299
    (ci.saturating_add(pair)) >> 1
 80019c4:	lsrs	r2, r2, #1
_ZN10firmware504bemf22ZeroCrossWith$LT$_$GT$14clamp_interval17h3fdb265db1fb214cE():
E:\m\robot\esc\rm32-sagcheck\binz\firmware50/src/bemf.rs:418
        if v < self.min_interval {
 80019c6:	ldr	r4, [r4, #104]	@ 0x68
 80019c8:	cmp	r4, r2
 80019ca:	mov	r3, r2
 80019cc:	bhi.n	80019d0 <TIM16+0x110>
 80019ce:	mov	r3, r4
 80019d0:	ldr	r0, [pc, #548]	@ (8001bf8 <TIM16+0x338>)
 80019d2:	ldr	r4, [r0, #100]	@ 0x64
 80019d4:	cmp	r4, r2
 80019d6:	bhi.n	80019da <TIM16+0x11a>
_ZN10firmware504bemf22ZeroCrossWith$LT$_$GT$6commit17he888a89fc553a172E():
 80019d8:	mov	r4, r3
E:\m\robot\esc\rm32-sagcheck\binz\firmware50/src/bemf.rs:536
        self.average_interval = self.clamp_interval(blend_interval(self.average_interval, self.prev_zc, self.last_zc));
 80019da:	str	r4, [r0, #76]	@ 0x4c
_ZN10firmware5011commutation10advance_of17hc8dfc9c9fc58600bE():
E:\m\robot\esc\rm32-sagcheck\binz\firmware50/src/commutation.rs:255
    (ci >> 6) * level + (((ci & 63) * level) >> 6)
 80019dc:	lsrs	r3, r4, #6
 80019de:	ldr	r2, [sp, #8]
E:\m\robot\esc\rm32-sagcheck\binz\firmware50/src/commutation.rs:254
    let level = if level > 64 { 64 } else { level };
 80019e0:	cmp	r2, #64	@ 0x40
 80019e2:	bcc.n	80019e6 <TIM16+0x126>
 80019e4:	movs	r2, #64	@ 0x40
E:\m\robot\esc\rm32-sagcheck\binz\firmware50/src/commutation.rs:255
    (ci >> 6) * level + (((ci & 63) * level) >> 6)
 80019e6:	muls	r3, r2
 80019e8:	movs	r0, #63	@ 0x3f
 80019ea:	ands	r0, r4
 80019ec:	muls	r0, r2
 80019ee:	lsrs	r0, r0, #6
 80019f0:	adds	r0, r0, r3
_ZN10firmware5011commutation9wait_time17hdf73011830cdfa39E():
E:\m\robot\esc\rm32-sagcheck\binz\firmware50/src/commutation.rs:261
    (ci >> 1).saturating_sub(advance_of(ci, level))
 80019f2:	lsrs	r3, r4, #1
_RNvMs6_NtCshtjvQpOZWNm_4core3numm14saturating_sub():
C:\Users\kaido\.rustup\toolchains\stable-x86_64-pc-windows-msvc\lib/rustlib/src/rust\library/core/src/num/uint_macros.rs:2399
            intrinsics::saturating_sub(self, rhs)
 80019f4:	subs	r2, r3, r0
 80019f6:	bcs.n	80019fa <TIM16+0x13a>
_ZN10firmware505roots8com_root28_$u7b$$u7b$closure$u7d$$u7d$17h23f323248c24b634E():
 80019f8:	mov	r2, r6
 80019fa:	movs	r0, #196	@ 0xc4
 80019fc:	ldr	r6, [pc, #504]	@ (8001bf8 <TIM16+0x338>)
_ZN4core4sync6atomic12atomic_store17hcc473a20273a503cE():
C:\Users\kaido\.rustup\toolchains\stable-x86_64-pc-windows-msvc\lib/rustlib/src/rust\library/core/src/sync/atomic.rs:3889
            Relaxed => intrinsics::atomic_store::<T, { AO::Relaxed }>(dst, val),
 80019fe:	str	r2, [r6, r0]
 8001a00:	str	r4, [r6, #16]
 8001a02:	str	r3, [r6, #20]
_ZN10firmware5011commutation7SixSlot4push17h4c5ebbdba9431510E():
E:\m\robot\esc\rm32-sagcheck\binz\firmware50/src/commutation.rs:374
            interval_us
        };
        // No `%`: this runs in the COM ISR root, where a modulo would be a
        // soft division on the M0. Out-of-range steps use slot 0.
        let k = match step {
            1..=6 => (step - 1) as usize,
 8001a04:	uxtb	r0, r5
 8001a06:	cmp	r0, #7
 8001a08:	ldr	r0, [sp, #20]
 8001a0a:	bcc.n	8001a0e <TIM16+0x14e>
 8001a0c:	movs	r0, #0
 8001a0e:	uxtb	r0, r0
E:\m\robot\esc\rm32-sagcheck\binz\firmware50/src/commutation.rs:377
            _ => 0,
        };
        self.sum = self.sum - self.slots[k] + i;
 8001a10:	lsls	r0, r0, #2
 8001a12:	adds	r4, r1, r0
 8001a14:	ldr	r0, [pc, #480]	@ (8001bf8 <TIM16+0x338>)
_ZN4core4sync6atomic11atomic_load17h94eed33ebba291bdE():
C:\Users\kaido\.rustup\toolchains\stable-x86_64-pc-windows-msvc\lib/rustlib/src/rust\library/core/src/sync/atomic.rs:3904
            Relaxed => intrinsics::atomic_load::<T, { AO::Relaxed }>(dst),
 8001a16:	ldr	r6, [r0, #16]
 8001a18:	ldr	r3, [r0, #20]
_ZN10firmware5011commutation7SixSlot4push17h4c5ebbdba9431510E():
E:\m\robot\esc\rm32-sagcheck\binz\firmware50/src/commutation.rs:377
 8001a1a:	ldr	r2, [r4, #36]	@ 0x24
 8001a1c:	ldr	r5, [pc, #508]	@ (8001c1c <TIM16+0x35c>)
E:\m\robot\esc\rm32-sagcheck\binz\firmware50/src/commutation.rs:366
        let i = if interval_us > 1_000_000 {
 8001a1e:	cmp	r6, r5
 8001a20:	bcc.n	8001a24 <TIM16+0x164>
_ZN10firmware505roots8com_root28_$u7b$$u7b$closure$u7d$$u7d$17h9384cbd58e8884e0E():
 8001a22:	mov	r6, r5
_ZN10firmware5011commutation7SixSlot17reverse_blank_due17h3d720a5f2aa86c07E():
E:\m\robot\esc\rm32-sagcheck\binz\firmware50/src/commutation.rs:390

    /// Does the reference's blank condition hold on this ring?
    #[inline]
    #[must_use]
    pub const fn reverse_blank_due(&self) -> bool {
        self.sum >= REVERSE_BLANK_SUM_US
 8001a24:	ldr	r0, [r1, #60]	@ 0x3c
_ZN10firmware5011commutation7SixSlot4push17h4c5ebbdba9431510E():
E:\m\robot\esc\rm32-sagcheck\binz\firmware50/src/commutation.rs:377
        self.sum = self.sum - self.slots[k] + i;
 8001a26:	adds	r5, r0, r6
 8001a28:	subs	r2, r5, r2
 8001a2a:	str	r2, [r1, #60]	@ 0x3c
E:\m\robot\esc\rm32-sagcheck\binz\firmware50/src/commutation.rs:378
        self.slots[k] = i;
 8001a2c:	str	r6, [r4, #36]	@ 0x24
 8001a2e:	ldr	r2, [pc, #496]	@ (8001c20 <TIM16+0x360>)
_ZN10firmware505roots8com_root17he50bbd61549ff9d4E():
E:\m\robot\esc\rm32-sagcheck\binz\firmware50/src/roots.rs:1291
            });
            // The reverse blank, or else the blanking floor (E134): the line
            // stays masked for whatever is left of the half-cycle window, since
            // the gate refuses every edge inside it anyway. Phase 2 arms the
            // line when the one-shot fires.
            let hold = if blank {
 8001a30:	cmp	r0, r2
 8001a32:	bhi.n	8001a36 <TIM16+0x176>
 8001a34:	b.n	8001b30 <TIM16+0x270>
 8001a36:	movs	r0, #1
 8001a38:	lsls	r2, r0, #12
 8001a3a:	ldr	r3, [pc, #488]	@ (8001c24 <TIM16+0x364>)
_ZN4core3ptr14write_volatile17ha7224db381d562acE():
C:\Users\kaido\.rustup\toolchains\stable-x86_64-pc-windows-msvc\lib/rustlib/src/rust\library/core/src/ptr/mod.rs:2182
        intrinsics::volatile_store(dst, src);
 8001a3c:	str	r2, [r3, #0]
 8001a3e:	lsls	r3, r0, #18
 8001a40:	ldr	r4, [pc, #444]	@ (8001c00 <TIM16+0x340>)
_ZN4core3ptr13read_volatile17hd7f800fbfed10bfcE():
C:\Users\kaido\.rustup\toolchains\stable-x86_64-pc-windows-msvc\lib/rustlib/src/rust\library/core/src/ptr/mod.rs:2095
        intrinsics::volatile_load(src)
 8001a42:	ldr	r5, [r4, #0]
_RNvXslz_NtNtCshtjvQpOZWNm_4core3ops3bitmNtB6_12BitAndAssign13bitand_assign():
C:\Users\kaido\.rustup\toolchains\stable-x86_64-pc-windows-msvc\lib/rustlib/src/rust\library/core/src/ops/bit.rs:748
            fn bitand_assign(&mut self, other: $t) { *self &= other }
 8001a44:	bics	r5, r3
_ZN4core3ptr14write_volatile17ha7224db381d562acE():
C:\Users\kaido\.rustup\toolchains\stable-x86_64-pc-windows-msvc\lib/rustlib/src/rust\library/core/src/ptr/mod.rs:2182
        intrinsics::volatile_store(dst, src);
 8001a46:	str	r5, [r4, #0]
 8001a48:	ldr	r4, [pc, #420]	@ (8001bf0 <TIM16+0x330>)
 8001a4a:	str	r3, [r4, #12]
 8001a4c:	str	r3, [r4, #16]
 8001a4e:	ldr	r3, [pc, #436]	@ (8001c04 <TIM16+0x344>)
 8001a50:	str	r2, [r3, #0]
_ZN8cortex_m8register7primask8read_raw17h333d3f63d1702481E():
E:\m\robot\esc\rm32-sagcheck\binz\firmware50\ref\vendor\cortex-m/src\register\primask.rs:48
/// Note that bits `[31:1]` are reserved and UNK (Unknown)
#[inline]
#[asm_cfg(cortex_m)]
pub fn read_raw() -> u32 {
    let r: u32;
    unsafe { asm!("mrs {}, PRIMASK", out(reg) r, options(nomem, nostack, preserves_flags)) };
 8001a52:	mrs	r3, PRIMASK
_ZN8cortex_m9interrupt7disable17ha7fb2cbc4636a9e4E():
E:\m\robot\esc\rm32-sagcheck\binz\firmware50\ref\vendor\cortex-m/src\interrupt.rs:44

/// Disables all interrupts
#[inline]
#[asm_cfg(cortex_m)]
pub fn disable() {
    unsafe { asm!("cpsid i", options(nomem, nostack, preserves_flags)) };
 8001a56:	cpsid	i
 8001a58:	movs	r2, #99	@ 0x63
 8001a5a:	lsls	r2, r2, #2
_ZN4core4sync6atomic11atomic_load17h17ab246ece6b300dE():
C:\Users\kaido\.rustup\toolchains\stable-x86_64-pc-windows-msvc\lib/rustlib/src/rust\library/core/src/sync/atomic.rs:3904
 8001a5c:	ldrb	r2, [r1, r2]
 8001a5e:	ldrb	r4, [r1, #0]
_ZN10firmware505roots7com_arm28_$u7b$$u7b$closure$u7d$$u7d$17h5a0213b166f5f9a2E():
E:\m\robot\esc\rm32-sagcheck\binz\firmware50/src/roots.rs:1107
        if !crate::oneshot::arm_allowed(
 8001a60:	cmp	r4, #0
 8001a62:	beq.n	8001a94 <TIM16+0x1d4>
 8001a64:	cmp	r2, #0
 8001a66:	bne.n	8001a94 <TIM16+0x1d4>
 8001a68:	movs	r4, #0
 8001a6a:	ldr	r6, [pc, #376]	@ (8001be4 <TIM16+0x324>)
_ZN4core3ptr14write_volatile17h8e3052fd7bb2629fE():
C:\Users\kaido\.rustup\toolchains\stable-x86_64-pc-windows-msvc\lib/rustlib/src/rust\library/core/src/ptr/mod.rs:2182
 8001a6c:	str	r4, [r6, #12]
 8001a6e:	movs	r2, #255	@ 0xff
 8001a70:	adds	r2, #24
_ZN4core3ptr13read_volatile17h8e268e68817c80b8E():
C:\Users\kaido\.rustup\toolchains\stable-x86_64-pc-windows-msvc\lib/rustlib/src/rust\library/core/src/ptr/mod.rs:2095
        intrinsics::volatile_load(src)
 8001a72:	ldr	r5, [pc, #376]	@ (8001bec <TIM16+0x32c>)
 8001a74:	ldr	r5, [r5, #0]
_RNvMs6_NtCshtjvQpOZWNm_4core3numm12wrapping_add():
C:\Users\kaido\.rustup\toolchains\stable-x86_64-pc-windows-msvc\lib/rustlib/src/rust\library/core/src/num/uint_macros.rs:2511
            intrinsics::wrapping_add(self, rhs)
 8001a76:	adds	r5, r5, r2
 8001a78:	adds	r5, r5, #1
_ZN10firmware505roots7com_arm28_$u7b$$u7b$closure$u7d$$u7d$17h5a0213b166f5f9a2E():
E:\m\robot\esc\rm32-sagcheck\binz\firmware50/src/roots.rs:1117
            .store(now_raw.wrapping_add(us) & 0xFFFF, Ordering::Relaxed);
 8001a7a:	uxth	r5, r5
_ZN4core4sync6atomic12atomic_store17hcc473a20273a503cE():
C:\Users\kaido\.rustup\toolchains\stable-x86_64-pc-windows-msvc\lib/rustlib/src/rust\library/core/src/sync/atomic.rs:3889
            Relaxed => intrinsics::atomic_store::<T, { AO::Relaxed }>(dst, val),
 8001a7c:	str	r5, [r1, #16]
 8001a7e:	movs	r5, #2
 8001a80:	str	r5, [r1, #4]
 8001a82:	movs	r1, #12
_ZN15stm32g0_staging7generic14Reg$LT$REG$GT$5write17h4f757224ec06c86aE():
C:\Users\kaido\.rustup\toolchains\stable-x86_64-pc-windows-msvc\lib/rustlib/src/rust\library/core/src/ptr/mod.rs:2182
        intrinsics::volatile_store(dst, src);
 8001a84:	str	r1, [r6, #0]
_ZN4core3ptr14write_volatile17h8e3052fd7bb2629fE():
C:\Users\kaido\.rustup\toolchains\stable-x86_64-pc-windows-msvc\lib/rustlib/src/rust\library/core/src/ptr/mod.rs:2182
 8001a86:	str	r2, [r6, #44]	@ 0x2c
 8001a88:	str	r4, [r6, #36]	@ 0x24
 8001a8a:	str	r0, [r6, #20]
 8001a8c:	str	r4, [r6, #16]
 8001a8e:	str	r0, [r6, #12]
 8001a90:	movs	r0, #13
 8001a92:	str	r0, [r6, #0]
_ZN8cortex_m8register7primask9write_raw17h2d20d7724a20944bE():
E:\m\robot\esc\rm32-sagcheck\binz\firmware50\ref\vendor\cortex-m/src\register\primask.rs:67
#[inline]
#[asm_cfg(cortex_m)]
pub unsafe fn write_raw(r: u32) {
    // Ensure no preceeding memory accesses are reordered to after interrupts are possibly enabled.
    compiler_fence(Ordering::SeqCst);
    unsafe { asm!("msr PRIMASK, {}", in(reg) r, options(nomem, nostack, preserves_flags)) };
 8001a94:	msr	PRIMASK, r3
_RNvNtNtCshtjvQpOZWNm_4core4sync6atomic14compiler_fence():
C:\Users\kaido\.rustup\toolchains\stable-x86_64-pc-windows-msvc\lib/rustlib/src/rust\library/core/src/sync/atomic.rs:4468
    unsafe {
        match order {
            Acquire => intrinsics::atomic_singlethreadfence::<{ AO::Acquire }>(),
            Release => intrinsics::atomic_singlethreadfence::<{ AO::Release }>(),
            AcqRel => intrinsics::atomic_singlethreadfence::<{ AO::AcqRel }>(),
            SeqCst => intrinsics::atomic_singlethreadfence::<{ AO::SeqCst }>(),
 8001a98:	b.n	8001b2e <TIM16+0x26e>
_ZN10firmware505roots8com_root17he50bbd61549ff9d4E():
 8001a9a:	movs	r0, #0
_ZN4core3ptr14write_volatile17h8e3052fd7bb2629fE():
C:\Users\kaido\.rustup\toolchains\stable-x86_64-pc-windows-msvc\lib/rustlib/src/rust\library/core/src/ptr/mod.rs:2182
 8001a9c:	str	r0, [r2, #12]
_ZN10firmware505roots8com_root17he50bbd61549ff9d4E():
E:\m\robot\esc\rm32-sagcheck\binz\firmware50/src/roots.rs:1333
            comp_resume_powered();
        }
        _ => {}
    }
    log_service::<C>(&mut at, now_raw, bridge, late, phase, preempted);
}
 8001a9e:	b.n	8001bde <TIM16+0x31e>
 8001aa0:	movs	r0, #0
_ZN4core4sync6atomic12atomic_store17hcc473a20273a503cE():
C:\Users\kaido\.rustup\toolchains\stable-x86_64-pc-windows-msvc\lib/rustlib/src/rust\library/core/src/sync/atomic.rs:3889
            Relaxed => intrinsics::atomic_store::<T, { AO::Relaxed }>(dst, val),
 8001aa2:	str	r0, [r1, #4]
_ZN4core4sync6atomic11atomic_load17h94eed33ebba291bdE():
C:\Users\kaido\.rustup\toolchains\stable-x86_64-pc-windows-msvc\lib/rustlib/src/rust\library/core/src/sync/atomic.rs:3904
            Relaxed => intrinsics::atomic_load::<T, { AO::Relaxed }>(dst),
 8001aa4:	ldr	r0, [r1, #8]
_ZN10firmware505roots8com_root17he50bbd61549ff9d4E():
E:\m\robot\esc\rm32-sagcheck\binz\firmware50/src/roots.rs:1317
            comp_exti_arm(Step::new_clamped(S.com().step.load(Ordering::Relaxed) as u8));
 8001aa6:	uxtb	r1, r0
_ZN10firmware5011commutation4Step11new_clamped17h83820b9c07f2ee92E():
E:\m\robot\esc\rm32-sagcheck\binz\firmware50/src/commutation.rs:52
        if raw < 1 {
 8001aa8:	cmp	r1, #6
 8001aaa:	mov	r0, r1
 8001aac:	bcc.n	8001ab0 <TIM16+0x1f0>
 8001aae:	movs	r0, #6
 8001ab0:	cmp	r1, #0
 8001ab2:	beq.n	8001ab6 <TIM16+0x1f6>
 8001ab4:	b.n	8001bda <TIM16+0x31a>
_ZN10firmware505roots8com_root17he50bbd61549ff9d4E():
 8001ab6:	movs	r0, #1
 8001ab8:	b.n	8001bda <TIM16+0x31a>
 8001aba:	movs	r0, #0
_ZN4core4sync6atomic12atomic_store17hcc473a20273a503cE():
C:\Users\kaido\.rustup\toolchains\stable-x86_64-pc-windows-msvc\lib/rustlib/src/rust\library/core/src/sync/atomic.rs:3889
            Relaxed => intrinsics::atomic_store::<T, { AO::Relaxed }>(dst, val),
 8001abc:	str	r0, [r1, #4]
 8001abe:	ldr	r0, [pc, #304]	@ (8001bf0 <TIM16+0x330>)
_ZN4core3ptr13read_volatile17h8e268e68817c80b8E():
C:\Users\kaido\.rustup\toolchains\stable-x86_64-pc-windows-msvc\lib/rustlib/src/rust\library/core/src/ptr/mod.rs:2095
        intrinsics::volatile_load(src)
 8001ac0:	ldr	r2, [r0, #12]
 8001ac2:	ldr	r0, [r0, #16]
_ZN10firmware502hw4comp7pending17hcdf85c006a40f8b9E():
E:\m\robot\esc\rm32-sagcheck\binz\firmware50/src\hw/comp.rs:127
    // Both registers read every time, as the pre-E113 code did (E128): the
    // short-circuit `||` this replaced changed the level revisit's
    // critical-section timing.
    let rising = e.rpr1().read().rpif18().bit_is_set();
    let falling = e.fpr1().read().fpif18().bit_is_set();
    rising | falling
 8001ac4:	orrs	r0, r2
_ZN10firmware505roots8com_root17he50bbd61549ff9d4E():
E:\m\robot\esc\rm32-sagcheck\binz\firmware50/src/roots.rs:1325
            if hw::comp::pending() {
 8001ac6:	lsls	r0, r0, #13
 8001ac8:	bpl.n	8001ada <TIM16+0x21a>
_ZN15portable_atomic3imp9interrupt4arch7disable17h3ec6a546f52c6294E():
E:\m\robot\esc\rm32-sagcheck\binz\firmware50\ref\vendor\portable-atomic/src\imp\interrupt\armv6m.rs:34
        asm!(
 8001aca:	mrs	r0, PRIMASK
 8001ace:	cpsid	i
_ZN4core3ptr4read17hba5936ac89bd43e0E():
C:\Users\kaido\.rustup\toolchains\stable-x86_64-pc-windows-msvc\lib/rustlib/src/rust\library/core/src/ptr/mod.rs:1721
        crate::intrinsics::read_via_copy(src)
 8001ad0:	ldr	r2, [r1, #28]
_RNvMs6_NtCshtjvQpOZWNm_4core3numm12wrapping_add():
C:\Users\kaido\.rustup\toolchains\stable-x86_64-pc-windows-msvc\lib/rustlib/src/rust\library/core/src/num/uint_macros.rs:2511
 8001ad2:	adds	r2, r2, #1
_ZN4core3ptr5write17h56903f5125280645E():
C:\Users\kaido\.rustup\toolchains\stable-x86_64-pc-windows-msvc\lib/rustlib/src/rust\library/core/src/ptr/mod.rs:1921
        intrinsics::write_via_move(dst, src)
 8001ad4:	str	r2, [r1, #28]
_ZN15portable_atomic3imp9interrupt4arch7restore17hb2cf2f388bec0c55E():
E:\m\robot\esc\rm32-sagcheck\binz\firmware50\ref\vendor\portable-atomic/src\imp\interrupt\armv6m.rs:57
        asm!(
 8001ad6:	msr	PRIMASK, r0
_ZN8cortex_m8register7primask8read_raw17h333d3f63d1702481E():
E:\m\robot\esc\rm32-sagcheck\binz\firmware50\ref\vendor\cortex-m/src\register\primask.rs:48
    unsafe { asm!("mrs {}, PRIMASK", out(reg) r, options(nomem, nostack, preserves_flags)) };
 8001ada:	mrs	r0, PRIMASK
_ZN8cortex_m9interrupt7disable17ha7fb2cbc4636a9e4E():
E:\m\robot\esc\rm32-sagcheck\binz\firmware50\ref\vendor\cortex-m/src\interrupt.rs:44
 8001ade:	cpsid	i
_ZN4core4sync6atomic11atomic_load17h94eed33ebba291bdE():
C:\Users\kaido\.rustup\toolchains\stable-x86_64-pc-windows-msvc\lib/rustlib/src/rust\library/core/src/sync/atomic.rs:3904
            Relaxed => intrinsics::atomic_load::<T, { AO::Relaxed }>(dst),
 8001ae0:	ldr	r2, [pc, #272]	@ (8001bf4 <TIM16+0x334>)
 8001ae2:	ldr	r2, [r2, #4]
_ZN4core4sync6atomic11atomic_load17h17ab246ece6b300dE():
C:\Users\kaido\.rustup\toolchains\stable-x86_64-pc-windows-msvc\lib/rustlib/src/rust\library/core/src/sync/atomic.rs:3904
 8001ae4:	ldr	r3, [pc, #272]	@ (8001bf8 <TIM16+0x338>)
 8001ae6:	ldrb	r5, [r3, #0]
 8001ae8:	ldr	r3, [pc, #272]	@ (8001bfc <TIM16+0x33c>)
 8001aea:	ldrb	r3, [r3, #0]
 8001aec:	movs	r4, #99	@ 0x63
 8001aee:	lsls	r4, r4, #2
 8001af0:	ldrb	r4, [r1, r4]
 8001af2:	ldrb	r6, [r1, #0]
_ZN4core4sync6atomic11atomic_load17h94eed33ebba291bdE():
C:\Users\kaido\.rustup\toolchains\stable-x86_64-pc-windows-msvc\lib/rustlib/src/rust\library/core/src/sync/atomic.rs:3904
 8001af4:	ldr	r1, [r1, #4]
_ZN10firmware507oneshot25comparator_resume_allowed17hd171db000154b599E():
E:\m\robot\esc\rm32-sagcheck\binz\firmware50/src/oneshot.rs:83
/// Closed-loop blanking takes precedence over the driven acquisition owner.
#[inline(always)]
pub const fn comparator_resume_allowed(
    guard: u32, detector: bool, driven: bool, stopped: bool, active: bool, phase: u32,
) -> bool {
    guard == 0 && if detector { arm_allowed(stopped, active) && phase == 0 } else { driven }
 8001af6:	cmp	r2, #0
 8001af8:	bne.n	8001b0c <TIM16+0x24c>
 8001afa:	cmp	r5, #0
 8001afc:	beq.n	8001b0c <TIM16+0x24c>
_ZN10firmware505roots19comp_resume_powered28_$u7b$$u7b$closure$u7d$$u7d$17hfe375f2648176572E():
E:\m\robot\esc\rm32-sagcheck\binz\firmware50/src/roots.rs:1522

/// Resume only the powered owner; stop and blanking checks share the write mask.
#[inline(always)]
pub fn comp_resume_powered() -> bool {
    cortex_m::interrupt::free(|_| {
        if crate::oneshot::comparator_resume_allowed(
 8001afe:	cmp	r6, #0
 8001b00:	beq.n	8001b2a <TIM16+0x26a>
 8001b02:	cmp	r4, #0
 8001b04:	bne.n	8001b2a <TIM16+0x26a>
 8001b06:	cmp	r1, #0
 8001b08:	beq.n	8001b14 <TIM16+0x254>
 8001b0a:	b.n	8001b2a <TIM16+0x26a>
 8001b0c:	cmp	r2, #0
 8001b0e:	bne.n	8001b2a <TIM16+0x26a>
 8001b10:	cmp	r3, #0
 8001b12:	beq.n	8001b2a <TIM16+0x26a>
 8001b14:	movs	r1, #1
 8001b16:	lsls	r2, r1, #18
 8001b18:	ldr	r3, [pc, #228]	@ (8001c00 <TIM16+0x340>)
_ZN4core3ptr13read_volatile17h8e268e68817c80b8E():
C:\Users\kaido\.rustup\toolchains\stable-x86_64-pc-windows-msvc\lib/rustlib/src/rust\library/core/src/ptr/mod.rs:2095
        intrinsics::volatile_load(src)
 8001b1a:	ldr	r4, [r3, #0]
_RNvXslZ_NtNtCshtjvQpOZWNm_4core3ops3bitmNtB6_11BitOrAssign12bitor_assign():
C:\Users\kaido\.rustup\toolchains\stable-x86_64-pc-windows-msvc\lib/rustlib/src/rust\library/core/src/ops/bit.rs:823
            fn bitor_assign(&mut self, other: $t) { *self |= other }
 8001b1c:	orrs	r4, r2
_ZN4core3ptr14write_volatile17h8e3052fd7bb2629fE():
C:\Users\kaido\.rustup\toolchains\stable-x86_64-pc-windows-msvc\lib/rustlib/src/rust\library/core/src/ptr/mod.rs:2182
        intrinsics::volatile_store(dst, src);
 8001b1e:	str	r4, [r3, #0]
 8001b20:	lsls	r1, r1, #12
 8001b22:	ldr	r2, [pc, #224]	@ (8001c04 <TIM16+0x344>)
 8001b24:	str	r1, [r2, #0]
 8001b26:	ldr	r2, [pc, #224]	@ (8001c08 <TIM16+0x348>)
 8001b28:	str	r1, [r2, #0]
_ZN8cortex_m8register7primask9write_raw17h2d20d7724a20944bE():
E:\m\robot\esc\rm32-sagcheck\binz\firmware50\ref\vendor\cortex-m/src\register\primask.rs:67
    unsafe { asm!("msr PRIMASK, {}", in(reg) r, options(nomem, nostack, preserves_flags)) };
 8001b2a:	msr	PRIMASK, r0
_ZN10firmware505roots8com_root17he50bbd61549ff9d4E():
 8001b2e:	b.n	8001bde <TIM16+0x31e>
_ZN4core4sync6atomic11atomic_load17h94eed33ebba291bdE():
C:\Users\kaido\.rustup\toolchains\stable-x86_64-pc-windows-msvc\lib/rustlib/src/rust\library/core/src/sync/atomic.rs:3904
 8001b30:	ldr	r0, [pc, #196]	@ (8001bf8 <TIM16+0x338>)
 8001b32:	ldr	r0, [r0, #28]
_RNvMs5_NtCshtjvQpOZWNm_4core3numt12wrapping_sub():
C:\Users\kaido\.rustup\toolchains\stable-x86_64-pc-windows-msvc\lib/rustlib/src/rust\library/core/src/num/uint_macros.rs:2548
        #[rustc_const_stable(feature = "const_wrapping_math", since = "1.32.0")]
        #[must_use = "this returns the result of the operation, \
                      without modifying the original"]
        #[inline(always)]
        pub const fn wrapping_sub(self, rhs: Self) -> Self {
            intrinsics::wrapping_sub(self, rhs)
 8001b34:	ldr	r2, [sp, #16]
 8001b36:	subs	r0, r2, r0
_ZN10firmware505roots8com_root17he50bbd61549ff9d4E():
E:\m\robot\esc\rm32-sagcheck\binz\firmware50/src/roots.rs:1294
                let since = now_raw.wrapping_sub(S.det().accept_raw.load(Ordering::Relaxed) as u16) as u32;
 8001b38:	uxth	r0, r0
_RNvMs6_NtCshtjvQpOZWNm_4core3numm14saturating_sub():
C:\Users\kaido\.rustup\toolchains\stable-x86_64-pc-windows-msvc\lib/rustlib/src/rust\library/core/src/num/uint_macros.rs:2399
            intrinsics::saturating_sub(self, rhs)
 8001b3a:	subs	r5, r3, r0
 8001b3c:	bcs.n	8001b40 <TIM16+0x280>
_ZN10firmware505roots8com_root17he50bbd61549ff9d4E():
 8001b3e:	movs	r5, #0
E:\m\robot\esc\rm32-sagcheck\binz\firmware50/src/roots.rs:1303
            } else if hold >= crate::commutation::BLANK_ARM_MIN_US {
 8001b40:	cmp	r5, #15
 8001b42:	bls.n	8001bd4 <TIM16+0x314>
 8001b44:	movs	r4, #1
 8001b46:	lsls	r2, r4, #12
 8001b48:	str	r2, [sp, #20]
 8001b4a:	ldr	r0, [pc, #216]	@ (8001c24 <TIM16+0x364>)
_ZN4core3ptr14write_volatile17ha7224db381d562acE():
C:\Users\kaido\.rustup\toolchains\stable-x86_64-pc-windows-msvc\lib/rustlib/src/rust\library/core/src/ptr/mod.rs:2182
 8001b4c:	str	r2, [r0, #0]
 8001b4e:	ldr	r0, [pc, #176]	@ (8001c00 <TIM16+0x340>)
_ZN4core3ptr13read_volatile17hd7f800fbfed10bfcE():
C:\Users\kaido\.rustup\toolchains\stable-x86_64-pc-windows-msvc\lib/rustlib/src/rust\library/core/src/ptr/mod.rs:2095
        intrinsics::volatile_load(src)
 8001b50:	ldr	r2, [r0, #0]
 8001b52:	ldr	r3, [pc, #212]	@ (8001c28 <TIM16+0x368>)
_RNvXslz_NtNtCshtjvQpOZWNm_4core3ops3bitmNtB6_12BitAndAssign13bitand_assign():
C:\Users\kaido\.rustup\toolchains\stable-x86_64-pc-windows-msvc\lib/rustlib/src/rust\library/core/src/ops/bit.rs:748
            fn bitand_assign(&mut self, other: $t) { *self &= other }
 8001b54:	ands	r2, r3
_ZN4core3ptr14write_volatile17ha7224db381d562acE():
C:\Users\kaido\.rustup\toolchains\stable-x86_64-pc-windows-msvc\lib/rustlib/src/rust\library/core/src/ptr/mod.rs:2182
        intrinsics::volatile_store(dst, src);
 8001b56:	str	r2, [r0, #0]
 8001b58:	ldr	r6, [pc, #148]	@ (8001bf0 <TIM16+0x330>)
_ZN4core3ptr13read_volatile17hd7f800fbfed10bfcE():
C:\Users\kaido\.rustup\toolchains\stable-x86_64-pc-windows-msvc\lib/rustlib/src/rust\library/core/src/ptr/mod.rs:2095
        intrinsics::volatile_load(src)
 8001b5a:	ldr	r0, [r6, #0]
_RNvXslz_NtNtCshtjvQpOZWNm_4core3ops3bitmNtB6_12BitAndAssign13bitand_assign():
C:\Users\kaido\.rustup\toolchains\stable-x86_64-pc-windows-msvc\lib/rustlib/src/rust\library/core/src/ops/bit.rs:748
 8001b5c:	ands	r0, r3
 8001b5e:	ldr	r3, [sp, #24]
_ZN10firmware5011commutation4Step6rising17h63cd58873185a74dE():
E:\m\robot\esc\rm32-sagcheck\binz\firmware50/src/commutation.rs:82
        self.0 & 1 == 1
 8001b60:	mvns	r2, r3
_RNvXs4t_NtNtCshtjvQpOZWNm_4core3ops3bitmINtB6_3ShlhE3shl():
C:\Users\kaido\.rustup\toolchains\stable-x86_64-pc-windows-msvc\lib/rustlib/src/rust\library/core/src/ops/bit.rs:490
                self << other
 8001b62:	lsls	r2, r2, #31
 8001b64:	lsrs	r2, r2, #13
_RNvXslZ_NtNtCshtjvQpOZWNm_4core3ops3bitmNtB6_11BitOrAssign12bitor_assign():
C:\Users\kaido\.rustup\toolchains\stable-x86_64-pc-windows-msvc\lib/rustlib/src/rust\library/core/src/ops/bit.rs:823
            fn bitor_assign(&mut self, other: $t) { *self |= other }
 8001b66:	adds	r0, r0, r2
_ZN4core3ptr14write_volatile17ha7224db381d562acE():
C:\Users\kaido\.rustup\toolchains\stable-x86_64-pc-windows-msvc\lib/rustlib/src/rust\library/core/src/ptr/mod.rs:2182
        intrinsics::volatile_store(dst, src);
 8001b68:	str	r0, [r6, #0]
_ZN4core3ptr13read_volatile17hd7f800fbfed10bfcE():
C:\Users\kaido\.rustup\toolchains\stable-x86_64-pc-windows-msvc\lib/rustlib/src/rust\library/core/src/ptr/mod.rs:2095
        intrinsics::volatile_load(src)
 8001b6a:	ldr	r0, [r6, #4]
_RNvXslz_NtNtCshtjvQpOZWNm_4core3ops3bitmNtB6_12BitAndAssign13bitand_assign():
C:\Users\kaido\.rustup\toolchains\stable-x86_64-pc-windows-msvc\lib/rustlib/src/rust\library/core/src/ops/bit.rs:748
            fn bitand_assign(&mut self, other: $t) { *self &= other }
 8001b6c:	ldr	r2, [pc, #184]	@ (8001c28 <TIM16+0x368>)
 8001b6e:	ands	r0, r2
_RNvXs4t_NtNtCshtjvQpOZWNm_4core3ops3bitmINtB6_3ShlhE3shl():
C:\Users\kaido\.rustup\toolchains\stable-x86_64-pc-windows-msvc\lib/rustlib/src/rust\library/core/src/ops/bit.rs:490
                self << other
 8001b70:	lsls	r2, r3, #31
 8001b72:	lsrs	r2, r2, #13
_RNvXslZ_NtNtCshtjvQpOZWNm_4core3ops3bitmNtB6_11BitOrAssign12bitor_assign():
C:\Users\kaido\.rustup\toolchains\stable-x86_64-pc-windows-msvc\lib/rustlib/src/rust\library/core/src/ops/bit.rs:823
            fn bitor_assign(&mut self, other: $t) { *self |= other }
 8001b74:	adds	r0, r0, r2
_ZN4core3ptr14write_volatile17ha7224db381d562acE():
C:\Users\kaido\.rustup\toolchains\stable-x86_64-pc-windows-msvc\lib/rustlib/src/rust\library/core/src/ptr/mod.rs:2182
        intrinsics::volatile_store(dst, src);
 8001b76:	str	r0, [r6, #4]
 8001b78:	str	r4, [sp, #24]
 8001b7a:	lsls	r0, r4, #18
 8001b7c:	str	r0, [r6, #12]
 8001b7e:	str	r0, [r6, #16]
 8001b80:	ldr	r0, [pc, #128]	@ (8001c04 <TIM16+0x344>)
 8001b82:	ldr	r2, [sp, #20]
 8001b84:	str	r2, [r0, #0]
_ZN8cortex_m8register7primask8read_raw17h333d3f63d1702481E():
E:\m\robot\esc\rm32-sagcheck\binz\firmware50\ref\vendor\cortex-m/src\register\primask.rs:48
    unsafe { asm!("mrs {}, PRIMASK", out(reg) r, options(nomem, nostack, preserves_flags)) };
 8001b86:	mrs	r0, PRIMASK
_ZN8cortex_m9interrupt7disable17ha7fb2cbc4636a9e4E():
E:\m\robot\esc\rm32-sagcheck\binz\firmware50\ref\vendor\cortex-m/src\interrupt.rs:44
 8001b8a:	cpsid	i
 8001b8c:	movs	r2, #99	@ 0x63
 8001b8e:	lsls	r2, r2, #2
_ZN4core4sync6atomic11atomic_load17h17ab246ece6b300dE():
C:\Users\kaido\.rustup\toolchains\stable-x86_64-pc-windows-msvc\lib/rustlib/src/rust\library/core/src/sync/atomic.rs:3904
 8001b90:	ldrb	r2, [r1, r2]
 8001b92:	ldrb	r4, [r1, #0]
_ZN10firmware505roots7com_arm28_$u7b$$u7b$closure$u7d$$u7d$17h5a0213b166f5f9a2E():
E:\m\robot\esc\rm32-sagcheck\binz\firmware50/src/roots.rs:1107
        if !crate::oneshot::arm_allowed(
 8001b94:	cmp	r4, #0
 8001b96:	beq.n	8001bce <TIM16+0x30e>
 8001b98:	cmp	r2, #0
 8001b9a:	bne.n	8001bce <TIM16+0x30e>
 8001b9c:	movs	r3, #0
 8001b9e:	ldr	r4, [pc, #68]	@ (8001be4 <TIM16+0x324>)
_ZN4core3ptr14write_volatile17h8e3052fd7bb2629fE():
C:\Users\kaido\.rustup\toolchains\stable-x86_64-pc-windows-msvc\lib/rustlib/src/rust\library/core/src/ptr/mod.rs:2182
 8001ba0:	str	r3, [r4, #12]
_ZN4core3ptr13read_volatile17h8e268e68817c80b8E():
C:\Users\kaido\.rustup\toolchains\stable-x86_64-pc-windows-msvc\lib/rustlib/src/rust\library/core/src/ptr/mod.rs:2095
        intrinsics::volatile_load(src)
 8001ba2:	ldr	r2, [pc, #72]	@ (8001bec <TIM16+0x32c>)
 8001ba4:	ldr	r2, [r2, #0]
_RNvMs6_NtCshtjvQpOZWNm_4core3numm12wrapping_add():
C:\Users\kaido\.rustup\toolchains\stable-x86_64-pc-windows-msvc\lib/rustlib/src/rust\library/core/src/num/uint_macros.rs:2511
            intrinsics::wrapping_add(self, rhs)
 8001ba6:	adds	r2, r2, r5
_ZN10firmware505roots7com_arm28_$u7b$$u7b$closure$u7d$$u7d$17h5a0213b166f5f9a2E():
E:\m\robot\esc\rm32-sagcheck\binz\firmware50/src/roots.rs:1117
            .store(now_raw.wrapping_add(us) & 0xFFFF, Ordering::Relaxed);
 8001ba8:	uxth	r2, r2
_ZN4core4sync6atomic12atomic_store17hcc473a20273a503cE():
C:\Users\kaido\.rustup\toolchains\stable-x86_64-pc-windows-msvc\lib/rustlib/src/rust\library/core/src/sync/atomic.rs:3889
            Relaxed => intrinsics::atomic_store::<T, { AO::Relaxed }>(dst, val),
 8001baa:	str	r2, [r1, #16]
 8001bac:	ldr	r2, [sp, #12]
 8001bae:	str	r2, [r1, #4]
 8001bb0:	movs	r1, #12
_ZN4core3ptr14write_volatile17h8e3052fd7bb2629fE():
C:\Users\kaido\.rustup\toolchains\stable-x86_64-pc-windows-msvc\lib/rustlib/src/rust\library/core/src/ptr/mod.rs:2182
        intrinsics::volatile_store(dst, src);
 8001bb2:	str	r1, [r4, #0]
 8001bb4:	ldr	r1, [pc, #116]	@ (8001c2c <TIM16+0x36c>)
_ZN10firmware505roots7com_arm17h23d5033652b0582cE():
E:\m\robot\esc\rm32-sagcheck\binz\firmware50/src/roots.rs:1071
    } else if us > 0xFFFF {
 8001bb6:	cmp	r5, r1
 8001bb8:	bcc.n	8001bbc <TIM16+0x2fc>
 8001bba:	mov	r5, r1
 8001bbc:	subs	r1, r5, #1
_ZN4core3ptr14write_volatile17h8e3052fd7bb2629fE():
C:\Users\kaido\.rustup\toolchains\stable-x86_64-pc-windows-msvc\lib/rustlib/src/rust\library/core/src/ptr/mod.rs:2182
 8001bbe:	str	r1, [r4, #44]	@ 0x2c
 8001bc0:	str	r3, [r4, #36]	@ 0x24
 8001bc2:	ldr	r1, [sp, #24]
 8001bc4:	str	r1, [r4, #20]
 8001bc6:	str	r3, [r4, #16]
 8001bc8:	str	r1, [r4, #12]
 8001bca:	movs	r1, #13
 8001bcc:	str	r1, [r4, #0]
_ZN8cortex_m8register7primask9write_raw17h2d20d7724a20944bE():
E:\m\robot\esc\rm32-sagcheck\binz\firmware50\ref\vendor\cortex-m/src\register\primask.rs:67
    unsafe { asm!("msr PRIMASK, {}", in(reg) r, options(nomem, nostack, preserves_flags)) };
 8001bce:	msr	PRIMASK, r0
 8001bd2:	b.n	8001b2e <TIM16+0x26e>
_ZN10firmware505roots8com_root17he50bbd61549ff9d4E():
 8001bd4:	movs	r0, #0
_ZN4core4sync6atomic12atomic_store17hcc473a20273a503cE():
C:\Users\kaido\.rustup\toolchains\stable-x86_64-pc-windows-msvc\lib/rustlib/src/rust\library/core/src/sync/atomic.rs:3889
 8001bd6:	str	r0, [r1, #4]
_ZN10firmware505roots8com_root17he50bbd61549ff9d4E():
E:\m\robot\esc\rm32-sagcheck\binz\firmware50/src/roots.rs:1312
                comp_exti_arm(step);
 8001bd8:	ldr	r0, [sp, #24]
 8001bda:	bl	8000d34 <_ZN10firmware505roots13comp_exti_arm17hd3eb08a40ffd3698E>
TIM16():
E:\m\robot\esc\rm32-sagcheck\binz\firmware50/bin/shell-pwm.rs:115
 8001bde:	add	sp, #28
 8001be0:	pop	{r4, r5, r6, r7, pc}
 8001be2:	nop			@ (mov r8, r8)
 8001be4:	.word	0x40014400
 8001be8:	.word	0x20000000
 8001bec:	.word	0x40014824
 8001bf0:	.word	0x40021800
 8001bf4:	.word	0x200002ac
 8001bf8:	.word	0x20000194
 8001bfc:	.word	0x20000260
 8001c00:	.word	0x40021880
 8001c04:	.word	0xe000e280
 8001c08:	.word	0xe000e100
 8001c0c:	.word	0x40012c18
 8001c10:	.word	0x40010204
 8001c14:	.word	0x08009dfc
 8001c18:	.word	0x0800abfc
 8001c1c:	.word	0x000f4240
 8001c20:	.word	0x00001191
 8001c24:	.word	0xe000e180
 8001c28:	.word	0xfffbffff
 8001c2c:	.word	0x0000ffff

; ===================== _ZN10firmware505roots13comp_exti_arm17hd3eb08a40ffd3698E =====================
<_ZN10firmware505roots13comp_exti_arm17hd3eb08a40ffd3698E>:
_ZN10firmware505roots13comp_exti_arm17hd3eb08a40ffd3698E():
E:\m\robot\esc\rm32-sagcheck\binz\firmware50/src/roots.rs:1511
/// pending flags, then unmask. Clearing *after* selecting is what discards the
/// transition the mux change itself produced --
/// `binz/examples/support/comp_input.rs` calls `clear_pending()` right after
/// the mux write for exactly this reason, noting that a newly selected phase
/// already past its crossing would otherwise latch a stale event.
pub fn comp_exti_arm(step: Step) {
 8000d34:	push	{r4, r5, r6, r7, lr}
 8000d36:	add	r7, sp, #12
 8000d38:	sub	sp, #8
 8000d3a:	movs	r3, #1
 8000d3c:	lsls	r2, r3, #12
 8000d3e:	ldr	r1, [pc, #140]	@ (8000dcc <_ZN10firmware505roots13comp_exti_arm17hd3eb08a40ffd3698E+0x98>)
 8000d40:	str	r2, [sp, #0]
_ZN4core3ptr14write_volatile17ha7224db381d562acE():
C:\Users\kaido\.rustup\toolchains\stable-x86_64-pc-windows-msvc\lib/rustlib/src/rust\library/core/src/ptr/mod.rs:2182
            (
                addr: *mut () = dst as *mut (),
                align: usize = align_of::<T>(),
            ) => ub_checks::maybe_is_aligned(addr, align)
        );
        intrinsics::volatile_store(dst, src);
 8000d42:	str	r2, [r1, #0]
 8000d44:	ldr	r4, [pc, #136]	@ (8000dd0 <_ZN10firmware505roots13comp_exti_arm17hd3eb08a40ffd3698E+0x9c>)
_ZN4core3ptr13read_volatile17hd7f800fbfed10bfcE():
C:\Users\kaido\.rustup\toolchains\stable-x86_64-pc-windows-msvc\lib/rustlib/src/rust\library/core/src/ptr/mod.rs:2095
        intrinsics::volatile_load(src)
 8000d46:	ldr	r1, [r4, #0]
 8000d48:	ldr	r2, [pc, #136]	@ (8000dd4 <_ZN10firmware505roots13comp_exti_arm17hd3eb08a40ffd3698E+0xa0>)
_RNvXslz_NtNtCshtjvQpOZWNm_4core3ops3bitmNtB6_12BitAndAssign13bitand_assign():
C:\Users\kaido\.rustup\toolchains\stable-x86_64-pc-windows-msvc\lib/rustlib/src/rust\library/core/src/ops/bit.rs:748
    ($($t:ty)+) => ($(
        #[stable(feature = "op_assign_traits", since = "1.8.0")]
        #[rustc_const_unstable(feature = "const_ops", issue = "143802")]
        impl const BitAndAssign for $t {
            #[inline]
            fn bitand_assign(&mut self, other: $t) { *self &= other }
 8000d4a:	ands	r1, r2
_ZN4core3ptr14write_volatile17ha7224db381d562acE():
C:\Users\kaido\.rustup\toolchains\stable-x86_64-pc-windows-msvc\lib/rustlib/src/rust\library/core/src/ptr/mod.rs:2182
        intrinsics::volatile_store(dst, src);
 8000d4c:	str	r1, [r4, #0]
 8000d4e:	ldr	r4, [pc, #136]	@ (8000dd8 <_ZN10firmware505roots13comp_exti_arm17hd3eb08a40ffd3698E+0xa4>)
_ZN4core3ptr13read_volatile17hd7f800fbfed10bfcE():
C:\Users\kaido\.rustup\toolchains\stable-x86_64-pc-windows-msvc\lib/rustlib/src/rust\library/core/src/ptr/mod.rs:2095
        intrinsics::volatile_load(src)
 8000d50:	ldr	r1, [r4, #0]
_RNvXslz_NtNtCshtjvQpOZWNm_4core3ops3bitmNtB6_12BitAndAssign13bitand_assign():
C:\Users\kaido\.rustup\toolchains\stable-x86_64-pc-windows-msvc\lib/rustlib/src/rust\library/core/src/ops/bit.rs:748
 8000d52:	ands	r1, r2
 8000d54:	mvns	r5, r0
_RNvXs4t_NtNtCshtjvQpOZWNm_4core3ops3bitmINtB6_3ShlhE3shl():
C:\Users\kaido\.rustup\toolchains\stable-x86_64-pc-windows-msvc\lib/rustlib/src/rust\library/core/src/ops/bit.rs:490
                self << other
 8000d56:	lsls	r5, r5, #31
 8000d58:	lsrs	r5, r5, #13
_RNvXslZ_NtNtCshtjvQpOZWNm_4core3ops3bitmNtB6_11BitOrAssign12bitor_assign():
C:\Users\kaido\.rustup\toolchains\stable-x86_64-pc-windows-msvc\lib/rustlib/src/rust\library/core/src/ops/bit.rs:823
    ($($t:ty)+) => ($(
        #[stable(feature = "op_assign_traits", since = "1.8.0")]
        #[rustc_const_unstable(feature = "const_ops", issue = "143802")]
        impl const BitOrAssign for $t {
            #[inline]
            fn bitor_assign(&mut self, other: $t) { *self |= other }
 8000d5a:	adds	r1, r1, r5
_ZN4core3ptr14write_volatile17ha7224db381d562acE():
C:\Users\kaido\.rustup\toolchains\stable-x86_64-pc-windows-msvc\lib/rustlib/src/rust\library/core/src/ptr/mod.rs:2182
        intrinsics::volatile_store(dst, src);
 8000d5c:	str	r1, [r4, #0]
_ZN4core3ptr13read_volatile17hd7f800fbfed10bfcE():
C:\Users\kaido\.rustup\toolchains\stable-x86_64-pc-windows-msvc\lib/rustlib/src/rust\library/core/src/ptr/mod.rs:2095
        intrinsics::volatile_load(src)
 8000d5e:	ldr	r1, [r4, #4]
_RNvXslz_NtNtCshtjvQpOZWNm_4core3ops3bitmNtB6_12BitAndAssign13bitand_assign():
C:\Users\kaido\.rustup\toolchains\stable-x86_64-pc-windows-msvc\lib/rustlib/src/rust\library/core/src/ops/bit.rs:748
            fn bitand_assign(&mut self, other: $t) { *self &= other }
 8000d60:	ands	r1, r2
_RNvXs4t_NtNtCshtjvQpOZWNm_4core3ops3bitmINtB6_3ShlhE3shl():
C:\Users\kaido\.rustup\toolchains\stable-x86_64-pc-windows-msvc\lib/rustlib/src/rust\library/core/src/ops/bit.rs:490
                self << other
 8000d62:	lsls	r0, r0, #31
 8000d64:	lsrs	r0, r0, #13
_RNvXslZ_NtNtCshtjvQpOZWNm_4core3ops3bitmNtB6_11BitOrAssign12bitor_assign():
C:\Users\kaido\.rustup\toolchains\stable-x86_64-pc-windows-msvc\lib/rustlib/src/rust\library/core/src/ops/bit.rs:823
            fn bitor_assign(&mut self, other: $t) { *self |= other }
 8000d66:	adds	r0, r1, r0
_ZN4core3ptr14write_volatile17ha7224db381d562acE():
C:\Users\kaido\.rustup\toolchains\stable-x86_64-pc-windows-msvc\lib/rustlib/src/rust\library/core/src/ptr/mod.rs:2182
        intrinsics::volatile_store(dst, src);
 8000d68:	str	r0, [r4, #4]
 8000d6a:	lsls	r3, r3, #18
 8000d6c:	str	r3, [r4, #12]
 8000d6e:	str	r3, [r4, #16]
_ZN8cortex_m8register7primask8read_raw17h333d3f63d1702481E():
E:\m\robot\esc\rm32-sagcheck\binz\firmware50\ref\vendor\cortex-m/src\register\primask.rs:48
/// Note that bits `[31:1]` are reserved and UNK (Unknown)
#[inline]
#[asm_cfg(cortex_m)]
pub fn read_raw() -> u32 {
    let r: u32;
    unsafe { asm!("mrs {}, PRIMASK", out(reg) r, options(nomem, nostack, preserves_flags)) };
 8000d70:	mrs	r0, PRIMASK
_ZN8cortex_m9interrupt7disable17ha7fb2cbc4636a9e4E():
E:\m\robot\esc\rm32-sagcheck\binz\firmware50\ref\vendor\cortex-m/src\interrupt.rs:44

/// Disables all interrupts
#[inline]
#[asm_cfg(cortex_m)]
pub fn disable() {
    unsafe { asm!("cpsid i", options(nomem, nostack, preserves_flags)) };
 8000d74:	str	r0, [sp, #4]
 8000d76:	cpsid	i
_ZN4core4sync6atomic11atomic_load17he14eda82193241b5E():
C:\Users\kaido\.rustup\toolchains\stable-x86_64-pc-windows-msvc\lib/rustlib/src/rust\library/core/src/sync/atomic.rs:3904
#[cfg_attr(miri, track_caller)] // even without panics, this helps for Miri backtraces
unsafe fn atomic_load<T: Copy>(dst: *const T, order: Ordering) -> T {
    // SAFETY: the caller must uphold the safety contract for `atomic_load`.
    unsafe {
        match order {
            Relaxed => intrinsics::atomic_load::<T, { AO::Relaxed }>(dst),
 8000d78:	ldr	r0, [pc, #96]	@ (8000ddc <_ZN10firmware505roots13comp_exti_arm17hd3eb08a40ffd3698E+0xa8>)
 8000d7a:	ldr	r4, [r0, #4]
_ZN4core4sync6atomic11atomic_load17h3bc5d1ff390eadb3E():
C:\Users\kaido\.rustup\toolchains\stable-x86_64-pc-windows-msvc\lib/rustlib/src/rust\library/core/src/sync/atomic.rs:3904
 8000d7c:	ldr	r0, [pc, #96]	@ (8000de0 <_ZN10firmware505roots13comp_exti_arm17hd3eb08a40ffd3698E+0xac>)
 8000d7e:	ldrb	r0, [r0, #0]
 8000d80:	ldr	r1, [pc, #96]	@ (8000de4 <_ZN10firmware505roots13comp_exti_arm17hd3eb08a40ffd3698E+0xb0>)
 8000d82:	ldrb	r5, [r1, #0]
 8000d84:	movs	r1, #99	@ 0x63
 8000d86:	lsls	r1, r1, #2
 8000d88:	ldr	r6, [pc, #92]	@ (8000de8 <_ZN10firmware505roots13comp_exti_arm17hd3eb08a40ffd3698E+0xb4>)
 8000d8a:	ldrb	r2, [r6, r1]
 8000d8c:	ldrb	r1, [r6, #0]
_ZN4core4sync6atomic11atomic_load17he14eda82193241b5E():
C:\Users\kaido\.rustup\toolchains\stable-x86_64-pc-windows-msvc\lib/rustlib/src/rust\library/core/src/sync/atomic.rs:3904
 8000d8e:	ldr	r6, [r6, #4]
_ZN10firmware507oneshot25comparator_resume_allowed17hd171db000154b599E():
E:\m\robot\esc\rm32-sagcheck\binz\firmware50/src/oneshot.rs:83
/// Closed-loop blanking takes precedence over the driven acquisition owner.
#[inline(always)]
pub const fn comparator_resume_allowed(
    guard: u32, detector: bool, driven: bool, stopped: bool, active: bool, phase: u32,
) -> bool {
    guard == 0 && if detector { arm_allowed(stopped, active) && phase == 0 } else { driven }
 8000d90:	cmp	r4, #0
 8000d92:	bne.n	8000da6 <_ZN10firmware505roots13comp_exti_arm17hd3eb08a40ffd3698E+0x72>
 8000d94:	cmp	r0, #0
 8000d96:	beq.n	8000da6 <_ZN10firmware505roots13comp_exti_arm17hd3eb08a40ffd3698E+0x72>
_ZN10firmware505roots19comp_resume_powered28_$u7b$$u7b$closure$u7d$$u7d$17hc30488e8679da144E():
E:\m\robot\esc\rm32-sagcheck\binz\firmware50/src/roots.rs:1522

/// Resume only the powered owner; stop and blanking checks share the write mask.
#[inline(always)]
pub fn comp_resume_powered() -> bool {
    cortex_m::interrupt::free(|_| {
        if crate::oneshot::comparator_resume_allowed(
 8000d98:	cmp	r1, #0
 8000d9a:	beq.n	8000dc0 <_ZN10firmware505roots13comp_exti_arm17hd3eb08a40ffd3698E+0x8c>
 8000d9c:	cmp	r2, #0
 8000d9e:	bne.n	8000dc0 <_ZN10firmware505roots13comp_exti_arm17hd3eb08a40ffd3698E+0x8c>
 8000da0:	cmp	r6, #0
 8000da2:	beq.n	8000dae <_ZN10firmware505roots13comp_exti_arm17hd3eb08a40ffd3698E+0x7a>
 8000da4:	b.n	8000dc0 <_ZN10firmware505roots13comp_exti_arm17hd3eb08a40ffd3698E+0x8c>
 8000da6:	cmp	r4, #0
 8000da8:	bne.n	8000dc0 <_ZN10firmware505roots13comp_exti_arm17hd3eb08a40ffd3698E+0x8c>
 8000daa:	cmp	r5, #0
 8000dac:	beq.n	8000dc0 <_ZN10firmware505roots13comp_exti_arm17hd3eb08a40ffd3698E+0x8c>
 8000dae:	ldr	r1, [pc, #32]	@ (8000dd0 <_ZN10firmware505roots13comp_exti_arm17hd3eb08a40ffd3698E+0x9c>)
_ZN4core3ptr13read_volatile17hd7f800fbfed10bfcE():
C:\Users\kaido\.rustup\toolchains\stable-x86_64-pc-windows-msvc\lib/rustlib/src/rust\library/core/src/ptr/mod.rs:2095
        intrinsics::volatile_load(src)
 8000db0:	ldr	r0, [r1, #0]
_RNvXslZ_NtNtCshtjvQpOZWNm_4core3ops3bitmNtB6_11BitOrAssign12bitor_assign():
C:\Users\kaido\.rustup\toolchains\stable-x86_64-pc-windows-msvc\lib/rustlib/src/rust\library/core/src/ops/bit.rs:823
 8000db2:	orrs	r0, r3
_ZN4core3ptr14write_volatile17ha7224db381d562acE():
C:\Users\kaido\.rustup\toolchains\stable-x86_64-pc-windows-msvc\lib/rustlib/src/rust\library/core/src/ptr/mod.rs:2182
        intrinsics::volatile_store(dst, src);
 8000db4:	str	r0, [r1, #0]
 8000db6:	ldr	r0, [pc, #52]	@ (8000dec <_ZN10firmware505roots13comp_exti_arm17hd3eb08a40ffd3698E+0xb8>)
 8000db8:	ldr	r1, [sp, #0]
 8000dba:	str	r1, [r0, #0]
 8000dbc:	ldr	r0, [pc, #48]	@ (8000df0 <_ZN10firmware505roots13comp_exti_arm17hd3eb08a40ffd3698E+0xbc>)
 8000dbe:	str	r1, [r0, #0]
_ZN8cortex_m8register7primask9write_raw17h2d20d7724a20944bE():
E:\m\robot\esc\rm32-sagcheck\binz\firmware50\ref\vendor\cortex-m/src\register\primask.rs:67
#[inline]
#[asm_cfg(cortex_m)]
pub unsafe fn write_raw(r: u32) {
    // Ensure no preceeding memory accesses are reordered to after interrupts are possibly enabled.
    compiler_fence(Ordering::SeqCst);
    unsafe { asm!("msr PRIMASK, {}", in(reg) r, options(nomem, nostack, preserves_flags)) };
 8000dc0:	ldr	r0, [sp, #4]
 8000dc2:	msr	PRIMASK, r0
_ZN10firmware505roots13comp_exti_arm17hd3eb08a40ffd3698E():
E:\m\robot\esc\rm32-sagcheck\binz\firmware50/src/roots.rs:1516
}
 8000dc6:	add	sp, #8
 8000dc8:	pop	{r4, r5, r6, r7, pc}
 8000dca:	nop			@ (mov r8, r8)
 8000dcc:	.word	0xe000e180
 8000dd0:	.word	0x40021880
 8000dd4:	.word	0xfffbffff
 8000dd8:	.word	0x40021800
 8000ddc:	.word	0x200002ac
 8000de0:	.word	0x20000194
 8000de4:	.word	0x20000260
 8000de8:	.word	0x20000000
 8000dec:	.word	0xe000e280
 8000df0:	.word	0xe000e100
